=== RUN   TestEEPPresence0
=== PAUSE TestEEPPresence0
=== RUN   TestEEPPresence1
=== PAUSE TestEEPPresence1
=== RUN   TestEEPPresence2
=== PAUSE TestEEPPresence2
=== RUN   TestEEPPresence3
=== PAUSE TestEEPPresence3
=== RUN   TestEEPPresence4
=== PAUSE TestEEPPresence4
=== RUN   TestEEPPresence5
=== PAUSE TestEEPPresence5
=== RUN   TestEEPPresence6
=== PAUSE TestEEPPresence6
=== RUN   TestEEPPresenceSupported
=== PAUSE TestEEPPresenceSupported
=== CONT  TestEEPPresence0
=== CONT  TestEEPPresence4
=== CONT  TestEEPPresence6
=== CONT  TestEEPPresence3
=== CONT  TestEEPPresenceSupported
--- PASS: TestEEPPresence3 (0.13s)
=== CONT  TestEEPPresence2
--- PASS: TestEEPPresence6 (0.13s)
=== CONT  TestEEPPresence5
--- PASS: TestEEPPresence4 (0.14s)
=== CONT  TestEEPPresence1
--- PASS: TestEEPPresence0 (0.14s)
--- PASS: TestEEPPresenceSupported (0.21s)
--- PASS: TestEEPPresence2 (0.10s)
--- PASS: TestEEPPresence1 (0.09s)
--- PASS: TestEEPPresence5 (0.10s)
PASS
ok  	github.com/system-inc/adamic/internal/lower	0.250s
