1 TestAM 0 8.274
2 TestAT 0 5.306
3 TestAV 0 9.312
4 TestAb 0 6.236
5 TestAd 0 6.102
6 TestAgreementA 0 6.007
7 TestAgreementE 0 5.14
8 TestAgreementI 0 5.324
9 TestAgreementP 0 8.841
10 TestAgreementR 0 8.174
11 TestAgreementS 0 8.679
12 TestArgumentsLengthRea 0 9.717
13 TestArgumentsLengthRef 0 15.82
14 TestArrayPredicateC 0 17.708
15 TestArrayPredicateD 0 11.924
16 TestArrayPredicateP 0 17.554
17 TestAs 0 13.274
18 TestCa 0 9.774
19 TestCensusB 0 18.683
20 TestCensusM 0 24.305
21 TestCensusO 0 21.066
22 TestCensusPredicateI 0 15.352
23 TestCensusPredicateM 0 7.127
24 TestCensusR 0 6.095
25 TestCensusS 0 5.763
26 TestCh 0 7.374
27 TestClassA 0 6.916
28 TestClassFeaturesA 0 7.589
29 TestClassFeaturesN 0 6.929
30 TestClassFeaturesP 0 5.394
31 TestClassFeaturesR 0 5.495
32 TestClassFeaturesStaticD 0 4.137
33 TestClassFeaturesStaticI 0 3.234
34 TestClassFeaturesStaticP 0 4.478
35 TestClassFeaturesStaticS 0 5.209
36 TestClassS 0 5.692
37 TestClassW 0 6.544
38 TestClockGenericReturnsT01D 0 3.775
39 TestClockGenericReturnsT01R 0 3.871
40 TestClockGenericReturnsT01S 0 3.278
41 TestClos 0 4.138
42 TestCond 0 5.152
43 TestCons 0 7.966
44 TestDeb 0 6.915
45 TestDefa 0 8.876
46 TestDefi 0 9.046
47 TestDes 0 8.114
48 TestEEPPresence0 0 8.538
49 TestEEPPresence1 0 8.631
50 TestEEPPresence2 0 12.437
51 TestEEPPresence3 0 9.106
52 TestEEPPresence4 0 9.752
53 TestEEPPresence5 0 9.15
54 TestEEPPresence6 0 11.307
55 TestEEPPresenceS 0 7.971
56 TestEm 0 9.432
57 TestEnt 0 10.042
58 TestEnumF 0 15.564
59 TestEnumI 0 14.347
60 TestEnumL 0 13.57
61 TestEnumM 0 13.248
62 TestEnumN 0 9.4
63 TestEnumR 0 10.259
64 TestEnumS 0 5.982
65 TestEv 0 3.988
66 TestFSE 0 4.554
67 TestFSO 0 3.336
68 TestFSR 0 3.962
69 TestFSS 0 3.829
70 TestFlagEnumA 0 3.752
71 TestFlagEnumI 0 2.835
72 TestFlagEnumL 0 3.294
73 TestFlagEnumM 0 2.736
74 TestFlagEnums 0 7.503
75 TestFu 0 3.125
76 TestGeneratorD 0 3.536
77 TestGeneratorE 0 3.307
78 TestGeneratorN 0 4.326
79 TestGeneratorO 0 5.407
80 TestGeneratorP 0 5.824
81 TestGenericBodyRelationsC 0 2.775
82 TestGenericBodyRelationsI 0 5.548
83 TestGenericBodyRelationsR 0 6.165
84 TestGenericBodyRelationsT 0 3.48
85 TestGenericBodyRelationsW 0 3.205
86 TestGenericF 0 3.22
87 TestGenericI 0 3.18
88 TestGenericJ 0 3.519
89 TestGenericU 0 4.938
90 TestInd 0 4.634
91 TestInheritanceA 0 2.796
92 TestInheritanceC 0 3.042
93 TestInheritanceD 0 2.328
94 TestInheritanceGenericF 0 2.58
95 TestInheritanceGenericM 0 2.59
96 TestInheritanceGenericN 0 3.042
97 TestInheritanceGenericS 0 3.037
98 TestInheritanceGenericV 0 5.03
99 TestInheritanceH 0 5.302
100 TestInheritanceK 0 3.699
101 TestInheritanceN 0 3.48
102 TestInheritanceRefusesF 0 3.238
103 TestInheritanceRefusesG 0 2.993
104 TestInheritanceRefusesT 0 3.017
105 TestInheritanceRefusesU 0 2.947
106 TestInheritanceRej 0 2.85
107 TestInheritanceV 0 2.644
108 TestInherite 0 9.861
109 TestInp 0 4.542
110 TestIs 0 4.546
111 TestIteratorB 0 3.317
112 TestIteratorD 0 2.591
113 TestIteratorG 0 2.743
114 TestIteratorM 0 2.54
115 TestIteratorO 0 2.926
116 TestIteratorS 0 2.653
117 TestIteratorV 0 2.476
118 TestLibraryL 0 2.809
119 TestLibraryMa 0 3.085
120 TestLibraryMe 0 4.913
121 TestLibraryR 0 4.07
122 TestLibraryS 0 3.504
123 TestLit 0 2.845
124 TestMis 0 2.846
125 TestMixedUnionContractF 0 2.902
126 TestMixedUnionContractG 0 2.744
127 TestMixedUnionContractP 0 2.898
128 TestMixedUnionContractR 0 2.689
129 TestMixedUnionContractU 0 2.788
130 TestMo 0 2.853
131 TestNamespaceA 0 4.415
132 TestNamespaceCa 0 2.987
133 TestNamespaceCl 0 2.696
134 TestNamespaceE 0 2.697
135 TestNamespaceF 0 2.481
136 TestNamespaceI 0 2.427
137 TestNamespaceL 0 2.85
138 TestNamespaceR 0 2.483
139 TestNamespaceT 0 2.43
140 TestNat 0 2.694
141 TestNestedB 0 2.437
142 TestNestedC 0 2.534
143 TestNestedE 0 2.792
144 TestNestedF 0 2.58
145 TestNestedR 0 2.492
146 TestNodeB 0 5.698
147 TestNodeFSFileB 0 4.44
148 TestNodeFSFileD 0 2.778
149 TestNodeFSFileK 0 2.73
150 TestNodeFSFileN 0 3.038
151 TestNodeFSFileO 0 3.439
152 TestNodeFSFileQ 0 2.639
153 TestNodeFSFileR 0 4.208
154 TestNodeFSFileS 0 4.156
155 TestNodeLibraryD 0 3.8
156 TestNodeLibraryN 0 4.88
157 TestNodeLibraryQ 0 4.073
158 TestNon 0 2.484
159 TestNul 0 4.07
160 TestNum 0 4.528
161 TestOb 0 2.947
162 TestOptionalA 0 2.659
163 TestOptionalD 0 2.49
164 TestOptionalF 0 2.338
165 TestOptionalI 0 2.741
166 TestOptionalWideningA 0 2.387
167 TestOptionalWideningC 0 2.375
168 TestOptionalWideningR 0 2.903
169 TestOptionalWideningS 0 2.555
170 TestOr 0 2.177
171 TestOverl 0 2.384
172 TestOverr 0 2.38
173 TestParameterProperti 0 2.487
174 TestParameterProperty 0 2.984
175 TestParseI 0 2.742
176 TestParserFactoryB 0 2.529
177 TestParserFactoryCompletionA 0 2.587
178 TestParserFactoryCompletionB 0 2.736
179 TestParserFactoryCompletionC 0 2.586
180 TestParserFactoryCompletionE 0 2.594
181 TestParserFactoryCompletionL 0 2.695
182 TestParserFactoryCompletionO 0 2.642
183 TestParserFactoryCompletionS 0 2.58
184 TestParserFactoryCompletionW 0 2.535
185 TestParserFactoryR 0 2.388
186 TestParserN 0 2.534
187 TestPlaceholderTypedBoundaryAl 0 2.63
188 TestPlaceholderTypedBoundaryAr 0 3.086
189 TestPlaceholderTypedBoundaryAs 0 3.295
190 TestPlaceholderTypedBoundaryC 0 2.68
191 TestPlaceholderTypedBoundaryD 0 3.033
192 TestPlaceholderTypedBoundaryE 0 2.89
193 TestPlaceholderTypedBoundaryOp 0 2.837
194 TestPlaceholderTypedBoundaryOr 0 2.634
195 TestPlaceholderTypedBoundaryP 0 2.588
196 TestPlaceholderTypedBoundaryR 0 2.644
197 TestPlaceholderTypedBoundaryS 0 2.699
198 TestPlaceholderTypedBoundaryT 0 2.588
199 TestPlaceholderW 0 2.684
200 TestPredicateB 0 3.317
201 TestPredicateC 0 3.353
202 TestPredicateO 0 12.793
203 TestPredicateS 0 3.001
204 TestPredicateU 0 3.248
205 TestPri 0 2.746
206 TestProt 0 3.093
207 TestProv 0 3.35
208 TestRea 0 2.993
209 TestRegExpE 0 2.933
210 TestRegExpN 0 2.424
211 TestRegExpS 0 2.941
212 TestRegExpU 0 2.986
213 TestRep 0 2.482
214 TestStep18C 0 2.228
215 TestStep18D 0 2.625
216 TestStep18O 0 2.578
217 TestStep18U 0 2.389
218 TestStep2 0 2.835
219 TestStr 0 2.279
220 TestSu 0 2.941
221 TestSwitchC 0 2.895
222 TestSwitchE 0 2.682
223 TestTa 0 2.732
224 TestTr 0 2.554
225 TestTs 0 3.069
226 TestTypedArrayF 0 2.941
227 TestTypedArrayG 0 2.828
228 TestTypedArrayV 0 3.226
229 TestTypedArrays 0 4.002
230 TestUnc 0 3.797
231 TestUnd 0 6.887
232 TestUnk 0 3.46
233 TestUnp 0 3.455
234 TestUnr 0 3.492
235 TestUnt 0 2.436
236 TestV 0 2.529
237 TestW 0 3.386
