=== RUN   TestInputAgreesWithNode
=== PAUSE TestInputAgreesWithNode
=== CONT  TestInputAgreesWithNode
=== RUN   TestInputAgreesWithNode/internal/oracle/testdata/read_files.a
=== PAUSE TestInputAgreesWithNode/internal/oracle/testdata/read_files.a
=== RUN   TestInputAgreesWithNode/internal/oracle/testdata/utf8_sweep.a
=== PAUSE TestInputAgreesWithNode/internal/oracle/testdata/utf8_sweep.a
=== RUN   TestInputAgreesWithNode/internal/oracle/testdata/arguments.a
=== PAUSE TestInputAgreesWithNode/internal/oracle/testdata/arguments.a
=== RUN   TestInputAgreesWithNode/internal/oracle/testdata/read_arguments.a
=== PAUSE TestInputAgreesWithNode/internal/oracle/testdata/read_arguments.a
=== RUN   TestInputAgreesWithNode/internal/oracle/testdata/write_files.a
=== PAUSE TestInputAgreesWithNode/internal/oracle/testdata/write_files.a
=== RUN   TestInputAgreesWithNode/internal/oracle/testdata/walk.a
=== PAUSE TestInputAgreesWithNode/internal/oracle/testdata/walk.a
=== CONT  TestInputAgreesWithNode/internal/oracle/testdata/read_files.a
=== CONT  TestInputAgreesWithNode/internal/oracle/testdata/read_arguments.a
=== CONT  TestInputAgreesWithNode/internal/oracle/testdata/arguments.a
=== CONT  TestInputAgreesWithNode/internal/oracle/testdata/walk.a
=== CONT  TestInputAgreesWithNode/internal/oracle/testdata/utf8_sweep.a
=== CONT  TestInputAgreesWithNode/internal/oracle/testdata/write_files.a
--- PASS: TestInputAgreesWithNode (0.00s)
    --- PASS: TestInputAgreesWithNode/internal/oracle/testdata/arguments.a (46.69s)
    --- PASS: TestInputAgreesWithNode/internal/oracle/testdata/read_files.a (46.72s)
    --- PASS: TestInputAgreesWithNode/internal/oracle/testdata/read_arguments.a (46.75s)
    --- PASS: TestInputAgreesWithNode/internal/oracle/testdata/utf8_sweep.a (46.90s)
    --- PASS: TestInputAgreesWithNode/internal/oracle/testdata/walk.a (47.01s)
    --- PASS: TestInputAgreesWithNode/internal/oracle/testdata/write_files.a (1.46s)
PASS
gate cache: native hits=0 misses=0
gate cache: node hits=0 misses=0
gate cache: probe hits=0 misses=6
ok  	github.com/system-inc/adamic/internal/oracle	48.161s
