TestAgreementRejectsWrongLoweredOutput
TestAgreementRejectsEmptyAnswer
TestAgreementAcceptsComputedAnswer
TestAgreementAcceptsExpectedPanic
TestAgreementEnumConstantWitness
TestAgreementInheritedFieldWitness
TestAgreementParameterPropertyWitness
TestAgreementStaticInitializerWitness
TestAgreementParseIntRadixWitness
TestNativeAgreementRejectsWrongOutput
TestNativeAgreementRejectsWrongExit
TestArgumentsLengthRefusals
TestMixedTupleSpreadIsNotYet
TestArgumentsLengthReadNeighbors
TestArgumentsLengthRefusalFixtures
TestArgumentsLengthReadKeepsReaderFact
TestArrayPredicatePreservesDeclaredElementContract
TestArrayPredicateCannotInventAnElementContract
TestArrayPredicateDoesNotMisclassifyNativeTuples
TestUnknownArrayPredicateRefusesUnrepresentedObservations
TestArrayPredicateCoexistsWithUnknownReflection
TestCallableContractP18
TestCallableContractP20
TestCallableContractWideProducer
TestCallableContractReceiverBinding
TestCallableContractReceiverEvaluatedOnce
TestCallableContractChecksBeforeArguments
TestCallableContractSpreadRefused
TestCallableContractPlainSpread
TestCallableProducerLiteralReturn
TestCallableProducerFewerParametersRefused
TestCallableProducerMethodShorthandRefused
TestCallableProducerExtraOptionalRefused
TestCallableProducerFewerParametersAdapted
TestCallableProducerMethodShorthandAdapted
TestCallableProducerExtraOptionalAdapted
TestCallableProducerDiscardedObjectResultRefused
TestCallableProducerTaggedUnreadMethod
TestCallableProducerP21
TestCallableProducerP60
TestCallableProducerP61
TestCallableProducerRegistryFiltersDirectFunctions
TestCallableProducerCertificatesUseClosureThunks
TestCallableUnionResultAgreement
TestCallableUnionResultReferenceMutant
TestUncheckableCastsStayRefused
TestCheckedCastProofAndElision
TestCensusMarkerResultIsAssignable
TestCensusMarkerZeroCallIsNotAssumedSafe
TestOptionalFunctionValueRelation
TestOverloadedShorthandFunctionValueStaysNotYet
TestCensusOverloadBinderGuards
TestCensusOverloadReturnProof
TestCensusPredicateInteractionBoundary
TestCensusPredicateInteractionEscapes
TestCensusPredicateMarkerKeepsProofBoundaries
TestCensusPredicateMarkerCallStaysNotYet
TestCensusOverloadRelation
TestCensusSmallFiniteKeyRead
TestCensusRestMutableElements
TestCensusBooleanDeadBranch
TestCheckPragmasAreRefused
TestCheckPragmaNeighborsCompile
TestTsgoHonorsNoCheckInAdamicFiles
TestClassFeaturesReadonlyChecker
TestClassFeaturesPrivateChecker
TestClassFeaturesPrivateStorage
TestClassFeaturesAccessorRefusals
TestClassFeaturesStaticDeclarationsExecute
TestClassFeaturesStaticSoundness
TestClassFeaturesAccessorCaptureCycle
TestClassFeaturesNarrowedAccessor
TestClassFeaturesStaticParentCycle
TestClassFeaturesStaticInterfaceCycle
TestInheritanceRefusesUnsoundOverrides
TestInheritanceKeepsCheckerConstructorRules
TestInheritanceAllowsSoundOverrides
TestInheritanceHasClassIdentity
TestInheritanceCycleFinderIncludesInheritedFields
TestInheritanceRejectsUnsupportedConstructorShapes
TestInheritanceRefusesFalseNominalViews
TestInheritanceRefusesThisBeforeSuperReturns
TestInheritanceKeepsNominalTupleDestructuring
TestInheritanceGenericMonomorphizations
TestInheritanceRefusesGrowingGenericClasses
TestInheritanceGenericSoundness
TestInheritanceConditionalThisRules
TestInheritanceGenericViewsKeepNominalArguments
TestInheritanceGenericNominalConstraints
TestInheritanceGenericFactoryLayouts
TestInheritanceNativeSignatureNeighbors
TestInheritanceNativeSignatureLimits
TestClassArgumentsUseCheckerIdentity
TestClassStaticInitializerCallIsEmitted
TestClassStaticSideEffectMatchesNode
TestClassWrongOutputIteratorReceiver
TestClassWrongOutputKeysRepair
TestClassWrongOutputPrivateRepair
TestClockGenericReturnsT01Shapes
TestClockGenericReturnsT01DeclinesBrandedPrimitives
TestClockGenericReturnsT01RejectsNullBeforeBody
TestClockGenericReturnsT01RejectsIndexBeforeBody
TestConstructorCacheOneArgumentRemainsNotYet
TestDefiniteAssignmentUsesReadiness
TestDefiniteAssignmentSoundNeighbors
TestNestedEmptyArrayElementKinds
TestEmptyLiteralGenericReturnUsesSamePath
TestEntriesAllocationProof
TestEntriesRecordBoundaries
TestFlagEnumsOpen
TestFlagEnumsDomain
TestEnumNeverDefault
TestFlagEnumLiteralSpellings
TestFlagEnumMemberAliases
TestEnumNameEnumeration
TestFlagEnumInlineIteration
TestFlagEnumAliasBoundaries
TestEnumMemberValuesAndReverseNameMatchNode
TestEnumFlagProofsWithoutObservableLoweringEffect
TestEnumReverseMappingUsesSingleSlot
TestEnumInitializationReach
TestEnumInitializationGraphMemo
TestEnumNamespaceSharedCycle
TestNumericEnumsAreOpen
TestStringEnumsStayClosed
TestNumericEnumNeverProof
TestNumericEnumLiteralPromises
TestEnumSlotViews
TestEnumSwitchExhaustiveness
TestEnumLimitsStayLoud
TestConstEnumErasesRuntimeObject
TestEnumIdentityAcrossModules
TestReadonlyFieldsAreJudgedByTheirConstructorsWrites
TestParseIntMapUsesIndexRadix
TestFSOpenStringFlagsLower
TestFSRemoveDefaultRetryDelayLowers
TestFSExistsOperation
TestFSStatThrowsByDefault
TestFunctionValueUnionViewsStayNotYet
TestFX6P35
TestFX6P36
TestFX6P37
TestFX6P38
TestFX6P51
TestFX6P53
TestFX6P38Number
TestFX7P04
TestFX7P06
TestFX7P08
TestFX7P59
TestFX7P75
TestFX7P77
TestFX7CheckedCastFieldTypes
TestGenericFunctionPolymorphicRecursionIsRefused
TestGenericUnionFixtureHasSeparateInstances
TestGenericJSONUnionArrayIsNotYet
TestOriginalCycleLedger
TestUndecidedCycleReadsUseReadyChecks
TestInputSpreadArgumentsAreNotYet
TestInputSpreadCoverage
TestDefaultTaggedInterfaceAdmission
TestDefaultTaggedInterfaceNeedsNoFlag
TestIteratorGapsAreExplicit
TestIteratorViewsCannotHideReturn
TestIteratorViewsCannotEraseReceivers
TestIteratorDestructuringDoesNotLieAboutExhaustion
TestGeneratorsAreRefusedEvenWithoutYield
TestLiteralMethodCapturesCannotMakeCycles
TestLiteralMethodViewsDoNotLoseThis
TestLiteralMethodSignatureViewsDoNotLoseThis
TestIteratorDescriptorReasons
TestRepresentedMethodReplacementIsNotYet
TestDestructuredMethodsCannotLoadOwnSlots
TestGenericIteratorViewsPreserveNativeArguments
TestIteratorMapperIndexHasNumberRepresentation
TestIteratorSymbolKeysAreNotStringKeys
TestLibraryLanguageBoundaries
TestLibraryMapSetGapsStayRefused
TestLibraryMapSetIteratorCopyTypesRefused
TestLibraryMethodValues
TestLibraryMethodValueBoundaries
TestLibraryMethodValueSafety
TestNodeBufferRefusals
TestNodeFSFileOptionsBorrow
TestNodeFSFileDoesNotAuthorizeMutableWidening
TestNodeFSFileRefusesOptionEffects
TestNodeFSFileRefusesVoidValues
TestNodeFSFileRefusesPinnedUnsupportedOverloads
TestNodeFSFileNamespaceImport
TestNodeFSFileQualifiedErrorType
TestNodeFSFileKeepsDetachedMethodRefusal
TestNodeFSFileBufferBorrow
TestNodeFSFileScratchOptionsBorrow
TestNodeFSFileScratchOverloadsAreNamed
TestNodeLibraryNamesUnimplementedMembers
TestNodeLibraryDoesNotRefuseTypeOnlyOrUserNames
TestNodeLibraryDistinguishesReceiverOwners
TestNodeLibraryQualifiedTypeAssertion
TestObjectRefusalsExplainSoundness
TestObjectUnprovenShapesStayNotYet
TestLibraryRegexOffsetRequiresNoCaptures
TestLibraryStringRefusals
TestConsoleLowersToWriteLine
TestWhatStageZeroCannotLowerIsRefusedWithWhereAndWhat
TestWhatZeroOneRefusesIsRefusedWithAFix
TestAMutableLocationSeenWiderIsRefused
TestAViewThatCantWriteIsNotRefused
TestATupleSeenAsAnArrayIsNotYet
TestAMethodReadAsAValueIsRefused
TestModuleNamespaceLimitsStayLoud
TestModuleNamespaceInitializedReadProof
TestCallableNamespaceLimitsStayLoud
TestCallableNamespaceReceiverStaysLoud
TestNamespaceClassEarlyConstructionStaysLoud
TestNamespaceReceiverArrowInheritsScope
TestNamespaceAmbientHostInitialization
TestNamespaceAmbientContextsDoNotExecute
TestNamespaceCallGraphLinearWork
TestNamespaceCallGraphCycleUnion
TestNamespaceEnumInitializationIndependentOfModuleAnalysis
TestParserFactoryBindingHoisting
TestMissingBindingSymbolHasStructuredLocation
TestTscNamespaceDeclarationShapes
TestNamespaceLimitsStayLoud
TestNamespaceReceiverRefusal
TestNamespaceTypesErase
TestTracingNamespaceEscapeStaysNotYet
TestDebugNamespaceMergedCapabilities
TestNamespaceReturnedAssignmentLimits
TestNamespaceInitializationReachability
TestNamespaceClosedCallGraphEdges
TestEmptyNeverMapCannotGainWritableInhabitants
TestNestedFunctionGapsAreLoud
TestNestedFunctionCycleIsRefused
TestNestedEnvironmentHasOneAllocationSite
TestNestedEnvironmentCycleIncludesDisjointSlots
TestNestedCapturedParametersAreOwned
TestClosedFrameInputRejectsMutation
TestNestedRebindingNotYet
TestNestedCallbackCycleIsRefused
TestNestedBodylessDeclarationsAreLoud
TestNestedRestIsSupported
TestAdamicNullishAssertionsAreRefused
TestNonNullAssertionLowersToNullishPanic
TestNonNullAssertionOnPresentTypeIsErased
TestOptionalIndexingMapShapeRefused
TestOptionalIndexingKeepsIndexSignaturesRefused
TestOptionalIndexingKeepsUnsupportedStorageNotYet
TestOptionalWideningCensus
TestOptionalWideningRefused
TestOptionalWideningAllowed
TestOptionalWideningSpreadOverwrite
TestOverloadInferenceWitnesses
TestAbfe962OverrideDefaultAddedRefusesNativeSignature
TestOverrideOptionalNumberRefusesNativeSignature
TestOverrideOptionalRefusesNativeSignature
TestParameterPropertiesSoundness
TestParameterPropertyCheckerContracts
TestParameterPropertyCallbackReceiver
TestParameterPropertyValueMatchesNode
TestPredicateSummaryParameterIndex
TestPredicateOverloadRuntime
TestIndirectPredicateOverloadIsPending
TestPredicateBodyProof
TestConditionAssertionAdmission
TestPredicateCallbackContracts
TestEveryNeedsCallbackEffects
TestPredicateOverloadCallback
TestPredicateUseRegions
TestPredicateUsesBelongToEachCall
TestUnprovenPredicateReturnsAreRefused
TestPredicateBodiesAreProven
TestPrimitiveAdmittingSlotsUseBoxes
TestInheritedLibraryReadsNeverLoadOwnFields
TestPrototypeMethodsAreRefusedWithReasons
TestNullishPrototypeReadsAreRejectedByChecker
TestPrototypeHazardsBehindObjectViewsAreNotYet
TestUnrepresentedPrototypeCallsAreNotYet
TestIsPrototypeOfReadsExplainThePrototypeRefusal
TestProvenRelationsRefuse
TestProvenRelationsErase
TestReadinessElisionRequiresDominatingAssignment
TestRegExpNativeRefusals
TestRegExpSourceNode
TestRegExpUnicodeClassSourceAgreesWithNode
TestRegExpSlashClassSourceAgreesWithNode
TestRegExpEscapedSlashSourceAgreesWithNode
TestRepresentationClockSourceCheckedTypes
TestScalarUnionViewMaybeNumber
TestScalarUnionViewMaybeBoolean
TestScalarUnionViewMaybeString
TestScalarUnionViewMaybeNumberTransitions
TestScalarUnionViewMaybeBooleanTransitions
TestPrivateAndPublicStaticsAgreeWithNode
TestNamespaceFactoryBindingsAgreeWithNode
TestReadinessErrorIncludesReceiverExpression
TestSuppressionDirectivesAreRefused
TestSuppressionDirectiveSoundNeighbors
TestSwitchConditionalBreakFallsThrough
TestSwitchEmptyElseFallsThrough
TestSwitchEmptyCaseFallsThrough
TestSwitchEmptyBlockFallsThrough
TestTasteRepresentationLimitsStayExplicit
TestTrainPlusRefusalP26
TestTrainPlusRefusalP33
TestTrainPlusRefusalP34
TestTrainPlusRefusalP35
TestTupleRecognitionP68
TestTupleRecognitionP69
TestTupleRecognitionOrdinaryArray
TestTupleRecognitionRejectsArrayObjectView
TestTypedArraysLower
TestTypedArrayGaps
TestTypedArrayViewsCannotChangeRepresentation
TestTypedArrayFromArray
TestTypedArrayFromEmptyArray
TestUnknownReflectionRefusals
TestViewDiagnosticP17
TestViewDiagnosticP48
TestViewDiagnosticP64
TestViewStringElementReadControl
TestViewLiteralTypedElementReadControl
TestViewElementFixAgreesWithNode
TestViewElementP05CorrectControl
TestViewElementP06CorrectControl
TestViewElementP01CorrectControl
TestViewElementP07CorrectControl
TestViewElementDestructuredControl
TestViewElementDestructuredUnionControl
TestViewSpreadControl
TestViewSpreadMethodRefused
TestViewInControl
TestViewKeysControl
TestViewKeysAliasControl
TestViewValuesControl
TestViewEntriesControl
TestViewElementP19Control
TestViewElementP72Control
TestViewElementP19StringControl
TestViewElementP72NumberControl
TestViewInEmptyKeyControl
TestViewObjectContractsAreAvailableToEraser
TestViewObjectWritesNeedSourceCertificate
TestViewSnapshotMaybeBoolean
TestViewSnapshotMaybeNumber
TestTupleObjectViewRefused
TestTupleObjectViewCopiedLength
TestTupleObjectViewOrdinaryTuple
TestMixedUnionContractGraph
TestMixedUnionContractFailureDoesNotCertifyRetry
TestMixedUnionContractUnknownMemberFails
TestMixedUnionContractRecursiveMember
TestMixedUnionContractPhantomBrandUsesPrimitiveBase
TestMixedUnionContractPhantomVoidIsUndefined
TestUntaggedViewMemberTags
TestUntaggedViewStructuralFallback
TestUnsupportedViewMapMember
TestUnsupportedViewCallableMember
TestUnsupportedViewUnreadMember
TestSupportedViewMembersAgree
TestSupportedCallableViewMember
ok  	github.com/system-inc/adamic/internal/lower	0.008s
