=== RUN   TestTrainPlusRefusalP26
=== PAUSE TestTrainPlusRefusalP26
=== RUN   TestTrainPlusRefusalP33
=== PAUSE TestTrainPlusRefusalP33
=== RUN   TestTrainPlusRefusalP34
=== PAUSE TestTrainPlusRefusalP34
=== RUN   TestTrainPlusRefusalP35
=== PAUSE TestTrainPlusRefusalP35
=== RUN   TestViewDiagnosticP17
=== PAUSE TestViewDiagnosticP17
=== RUN   TestViewDiagnosticP48
=== PAUSE TestViewDiagnosticP48
=== RUN   TestViewDiagnosticP64
=== PAUSE TestViewDiagnosticP64
=== RUN   TestUnsupportedViewCallableMember
=== PAUSE TestUnsupportedViewCallableMember
=== RUN   TestSupportedCallableViewMember
=== PAUSE TestSupportedCallableViewMember
=== CONT  TestTrainPlusRefusalP26
=== CONT  TestViewDiagnosticP48
=== CONT  TestUnsupportedViewCallableMember
=== CONT  TestTrainPlusRefusalP34
=== CONT  TestTrainPlusRefusalP33
=== NAME  TestTrainPlusRefusalP34
    train_plus_refusals_test.go:58: .a: /workspace/adamic/internal/oracle/testdata/review/refused/fxspptb_oct9_native_p34_typed_array_in_union.a:5:16: view type has an unsupported member: value
--- PASS: TestViewDiagnosticP48 (0.11s)
=== CONT  TestTrainPlusRefusalP35
--- PASS: TestUnsupportedViewCallableMember (0.13s)
=== CONT  TestViewDiagnosticP17
=== NAME  TestTrainPlusRefusalP33
    train_plus_refusals_test.go:53: .a: /workspace/adamic/internal/oracle/testdata/review/refused/fxspptb_oct9_native_p33_map_in_union.a:7:16: view type has an unsupported member: value
=== NAME  TestTrainPlusRefusalP26
    train_plus_refusals_test.go:48: .a: /workspace/adamic/internal/oracle/testdata/review/refused/fxspptb_oct9_native_p26_callable_or_undefined.a:7:14: view type has an unsupported member: value
=== NAME  TestTrainPlusRefusalP35
    train_plus_refusals_test.go:63: .a: /workspace/adamic/internal/oracle/testdata/review/refused/fxspptb_oct9_native_p35_class_in_union.a:6:16: view type has an unsupported member: value
=== NAME  TestTrainPlusRefusalP34
    train_plus_refusals_test.go:58: .ts: /tmp/adamic-gate/TestTrainPlusRefusalP341157883110/001/fxspptb_oct9_native_p34_typed_array_in_union.ts:5:16: view type has an unsupported member: value
--- PASS: TestTrainPlusRefusalP34 (0.23s)
=== CONT  TestSupportedCallableViewMember
=== NAME  TestTrainPlusRefusalP33
    train_plus_refusals_test.go:53: .ts: /tmp/adamic-gate/TestTrainPlusRefusalP331564523615/001/fxspptb_oct9_native_p33_map_in_union.ts:7:16: view type has an unsupported member: value
--- PASS: TestTrainPlusRefusalP33 (0.23s)
=== CONT  TestViewDiagnosticP64
=== NAME  TestTrainPlusRefusalP26
    train_plus_refusals_test.go:48: .ts: /tmp/adamic-gate/TestTrainPlusRefusalP26760370467/001/fxspptb_oct9_native_p26_callable_or_undefined.ts:7:14: view type has an unsupported member: value
--- PASS: TestTrainPlusRefusalP26 (0.24s)
--- PASS: TestViewDiagnosticP17 (0.11s)
=== NAME  TestTrainPlusRefusalP35
    train_plus_refusals_test.go:63: .ts: /tmp/adamic-gate/TestTrainPlusRefusalP351005013651/001/fxspptb_oct9_native_p35_class_in_union.ts:6:16: view type has an unsupported member: value
--- PASS: TestTrainPlusRefusalP35 (0.17s)
--- PASS: TestViewDiagnosticP64 (0.06s)
--- PASS: TestSupportedCallableViewMember (0.56s)
PASS
ok  	github.com/system-inc/adamic/internal/lower	0.803s
