=== RUN   TestBatch2Helpers
    batch2_test.go:61: 208636 lines match real Go, Node source and sanitized native
--- PASS: TestBatch2Helpers (31.00s)
=== RUN   TestBatch2Mutants
=== RUN   TestBatch2Mutants/intrinsic_element_named.a
    batch2_test.go:101: compiled semantic mutant caught at line 24: got "true" Go "false"
=== RUN   TestBatch2Mutants/hole_edges.a
    batch2_test.go:101: compiled semantic mutant caught at line 179230: got "false,false" Go "true,false"
=== RUN   TestBatch2Mutants/read_class_values.a
    batch2_test.go:101: compiled semantic mutant caught at line 185959: got "Attribute::" Go "Callee::"
--- PASS: TestBatch2Mutants (77.93s)
    --- PASS: TestBatch2Mutants/intrinsic_element_named.a (24.38s)
    --- PASS: TestBatch2Mutants/hole_edges.a (23.69s)
    --- PASS: TestBatch2Mutants/read_class_values.a (26.95s)
=== RUN   TestBatch3Helpers
    batch3_test.go:63: 1117150 lines match real Go, Node source, emitted JavaScript and sanitized native
--- PASS: TestBatch3Helpers (9.80s)
=== RUN   TestBatch3Mutants
=== RUN   TestBatch3Mutants/hex_value.a
    batch3_test.go:99: compiled semantic mutant caught at line 43: got "-1" Go "15"
=== RUN   TestBatch3Mutants/unescape_string_literal_text.a
    batch3_test.go:99: compiled semantic mutant caught at line 1114212: got "0,99,111,112,121,10,:99,111,112,121," Go "0,169,10,:99,111,112,121,"
=== RUN   TestBatch3Mutants/parameter_nodes.a
    batch3_test.go:99: compiled semantic mutant caught at line 1115385: got "2,-1,3,2" Go "-1,-1,3,2"
=== RUN   TestBatch3Mutants/parameter_nodes.a#01
    batch3_test.go:99: compiled semantic mutant caught at line 1115375: got "0,1" Go ""
--- PASS: TestBatch3Mutants (14.66s)
    --- PASS: TestBatch3Mutants/hex_value.a (2.59s)
    --- PASS: TestBatch3Mutants/unescape_string_literal_text.a (3.33s)
    --- PASS: TestBatch3Mutants/parameter_nodes.a (2.50s)
    --- PASS: TestBatch3Mutants/parameter_nodes.a#01 (2.63s)
=== RUN   TestBatch4Helpers
    batch4_test.go:49: 77616 lines match real Go, Node source, emitted JavaScript and sanitized native
--- PASS: TestBatch4Helpers (3.31s)
=== RUN   TestBatch4Mutants
=== RUN   TestBatch4Mutants/escape_terminator.a
    batch4_test.go:85: compiled semantic mutant caught at line 13: got "false" Go "true"
=== RUN   TestBatch4Mutants/followed_by_whitespace.a
    batch4_test.go:85: compiled semantic mutant caught at line 3585: got "true:10" Go "false:10,11"
=== RUN   TestBatch4Mutants/ignored_theme_key.a
    batch4_test.go:85: compiled semantic mutant caught at line 75243: got "true" Go "false"
--- PASS: TestBatch4Mutants (7.11s)
    --- PASS: TestBatch4Mutants/escape_terminator.a (2.20s)
    --- PASS: TestBatch4Mutants/followed_by_whitespace.a (2.27s)
    --- PASS: TestBatch4Mutants/ignored_theme_key.a (2.27s)
=== RUN   TestBatch5Helpers
    batch5_test.go:49: 11571 lines match real Go, Node source, emitted JavaScript and sanitized native
--- PASS: TestBatch5Helpers (2.57s)
=== RUN   TestBatch5Mutants
=== RUN   TestBatch5Mutants/split_theme_key.a
    batch5_test.go:92: compiled semantic mutant caught at line 283: got "1:" Go "0:"
=== RUN   TestBatch5Mutants/split_theme_key.a#01
    batch5_test.go:92: compiled semantic mutant caught at line 286: got "0:" Go "1:"
=== RUN   TestBatch5Mutants/split_theme_key.a#02
    batch5_test.go:92: compiled semantic mutant caught at line 288: got "1:99,104,97,110,103,101,100," Go "1:"
=== RUN   TestBatch5Mutants/join_segments.a
    batch5_test.go:92: compiled semantic mutant caught at line 290: got "0," Go "0,45,"
=== RUN   TestBatch5Mutants/breakpoint_group_order.a
    batch5_test.go:92: compiled semantic mutant caught at line 9639: got "2:true" Go "0:false"
=== RUN   TestBatch5Mutants/breakpoint_group_order.a#01
    batch5_test.go:92: compiled semantic mutant caught at line 9641: got "23:true" Go "-17:true"
--- PASS: TestBatch5Mutants (11.06s)
    --- PASS: TestBatch5Mutants/split_theme_key.a (1.77s)
    --- PASS: TestBatch5Mutants/split_theme_key.a#01 (1.94s)
    --- PASS: TestBatch5Mutants/split_theme_key.a#02 (1.83s)
    --- PASS: TestBatch5Mutants/join_segments.a (1.51s)
    --- PASS: TestBatch5Mutants/breakpoint_group_order.a (1.92s)
    --- PASS: TestBatch5Mutants/breakpoint_group_order.a#01 (1.76s)
=== RUN   TestSlot03HelpersMatchCohere
    slot03_test.go:105: 1115085 helper output lines match Go, Node source and sanitized native
--- PASS: TestSlot03HelpersMatchCohere (6.45s)
=== RUN   TestSlot03HelperMutants
=== RUN   TestSlot03HelperMutants/component_base_name.a/value
    slot03_test.go:160: compiled semantic mutant caught at line 159: got "false" Go "true"
=== RUN   TestSlot03HelperMutants/tailwind_space.a/value
    slot03_test.go:160: compiled semantic mutant caught at line 847: got "false" Go "true"
=== RUN   TestSlot03HelperMutants/listener_kinds.a/value
    slot03_test.go:160: compiled semantic mutant caught at line 1114948: got "JsxAttribute,CallExpression,StringLiteral" Go "JsxAttribute,CallExpression,VariableDeclaration"
=== RUN   TestSlot03HelperMutants/listener_kinds.a/shared-list
    slot03_test.go:160: compiled semantic mutant caught at line 1114949: got "StringLiteral,CallExpression,VariableDeclaration" Go "JsxAttribute,CallExpression,VariableDeclaration"
--- PASS: TestSlot03HelperMutants (9.02s)
    --- PASS: TestSlot03HelperMutants/component_base_name.a/value (1.41s)
    --- PASS: TestSlot03HelperMutants/tailwind_space.a/value (1.49s)
    --- PASS: TestSlot03HelperMutants/listener_kinds.a/value (1.40s)
    --- PASS: TestSlot03HelperMutants/listener_kinds.a/shared-list (1.33s)
=== RUN   TestConsumerCoverageRejectsMutant
    slot03_test.go:277: missing-consumer mutant caught: consumer capture mismatch: missing [better-tailwindcss/no-unknown-classes] extra []
--- PASS: TestConsumerCoverageRejectsMutant (0.00s)
PASS
ok  	github.com/system-inc/adamic/stage1/cohere/lint/helpers/slot03	172.931s
