=== RUN   TestLibraryMapSetMutants
=== RUN   TestLibraryMapSetMutants/union
=== PAUSE TestLibraryMapSetMutants/union
=== RUN   TestLibraryMapSetMutants/intersection
=== PAUSE TestLibraryMapSetMutants/intersection
=== RUN   TestLibraryMapSetMutants/difference
=== PAUSE TestLibraryMapSetMutants/difference
=== RUN   TestLibraryMapSetMutants/symmetricDifference
=== PAUSE TestLibraryMapSetMutants/symmetricDifference
=== RUN   TestLibraryMapSetMutants/isSubsetOf
=== PAUSE TestLibraryMapSetMutants/isSubsetOf
=== RUN   TestLibraryMapSetMutants/isSupersetOf
=== PAUSE TestLibraryMapSetMutants/isSupersetOf
=== RUN   TestLibraryMapSetMutants/isDisjointFrom
=== PAUSE TestLibraryMapSetMutants/isDisjointFrom
=== RUN   TestLibraryMapSetMutants/keys
=== PAUSE TestLibraryMapSetMutants/keys
=== RUN   TestLibraryMapSetMutants/iterators
=== PAUSE TestLibraryMapSetMutants/iterators
=== RUN   TestLibraryMapSetMutants/constructors
=== PAUSE TestLibraryMapSetMutants/constructors
=== RUN   TestLibraryMapSetMutants/forEach
=== PAUSE TestLibraryMapSetMutants/forEach
=== RUN   TestLibraryMapSetMutants/size
=== PAUSE TestLibraryMapSetMutants/size
=== RUN   TestLibraryMapSetMutants/groupBy
=== PAUSE TestLibraryMapSetMutants/groupBy
=== CONT  TestLibraryMapSetMutants/union
=== CONT  TestLibraryMapSetMutants/iterators
=== CONT  TestLibraryMapSetMutants/groupBy
=== CONT  TestLibraryMapSetMutants/forEach
=== NAME  TestLibraryMapSetMutants/iterators
    library_map_set_test.go:113: iterators: clean exit 0, no sanitizer finding, Node stdout comparison caught it
=== CONT  TestLibraryMapSetMutants/constructors
=== NAME  TestLibraryMapSetMutants/groupBy
    library_map_set_test.go:113: groupBy: clean exit 0, no sanitizer finding, Node stdout comparison caught it
=== CONT  TestLibraryMapSetMutants/size
=== NAME  TestLibraryMapSetMutants/union
    library_map_set_test.go:113: union: clean exit 0, no sanitizer finding, Node stdout comparison caught it
=== CONT  TestLibraryMapSetMutants/isSubsetOf
=== NAME  TestLibraryMapSetMutants/forEach
    library_map_set_test.go:113: forEach: clean exit 0, no sanitizer finding, Node stdout comparison caught it
=== CONT  TestLibraryMapSetMutants/keys
=== NAME  TestLibraryMapSetMutants/constructors
    library_map_set_test.go:113: constructors: clean exit 0, no sanitizer finding, Node stdout comparison caught it
=== CONT  TestLibraryMapSetMutants/isDisjointFrom
=== NAME  TestLibraryMapSetMutants/size
    library_map_set_test.go:113: size: clean exit 0, no sanitizer finding, Node stdout comparison caught it
=== CONT  TestLibraryMapSetMutants/isSupersetOf
=== NAME  TestLibraryMapSetMutants/isSubsetOf
    library_map_set_test.go:113: isSubsetOf: clean exit 0, no sanitizer finding, Node stdout comparison caught it
=== CONT  TestLibraryMapSetMutants/difference
=== NAME  TestLibraryMapSetMutants/keys
    library_map_set_test.go:113: keys: clean exit 0, no sanitizer finding, Node stdout comparison caught it
=== CONT  TestLibraryMapSetMutants/symmetricDifference
=== NAME  TestLibraryMapSetMutants/isDisjointFrom
    library_map_set_test.go:113: isDisjointFrom: clean exit 0, no sanitizer finding, Node stdout comparison caught it
=== CONT  TestLibraryMapSetMutants/intersection
=== NAME  TestLibraryMapSetMutants/isSupersetOf
    library_map_set_test.go:113: isSupersetOf: clean exit 0, no sanitizer finding, Node stdout comparison caught it
=== NAME  TestLibraryMapSetMutants/difference
    library_map_set_test.go:113: difference: clean exit 0, no sanitizer finding, Node stdout comparison caught it
=== NAME  TestLibraryMapSetMutants/symmetricDifference
    library_map_set_test.go:113: symmetricDifference: clean exit 0, no sanitizer finding, Node stdout comparison caught it
=== NAME  TestLibraryMapSetMutants/intersection
    library_map_set_test.go:113: intersection: clean exit 0, no sanitizer finding, Node stdout comparison caught it
--- PASS: TestLibraryMapSetMutants (0.00s)
    --- PASS: TestLibraryMapSetMutants/iterators (17.34s)
    --- PASS: TestLibraryMapSetMutants/groupBy (18.23s)
    --- PASS: TestLibraryMapSetMutants/union (19.12s)
    --- PASS: TestLibraryMapSetMutants/forEach (20.52s)
    --- PASS: TestLibraryMapSetMutants/constructors (15.99s)
    --- PASS: TestLibraryMapSetMutants/size (16.16s)
    --- PASS: TestLibraryMapSetMutants/isSubsetOf (15.72s)
    --- PASS: TestLibraryMapSetMutants/keys (15.71s)
    --- PASS: TestLibraryMapSetMutants/isDisjointFrom (15.95s)
    --- PASS: TestLibraryMapSetMutants/isSupersetOf (16.99s)
    --- PASS: TestLibraryMapSetMutants/difference (17.58s)
    --- PASS: TestLibraryMapSetMutants/symmetricDifference (17.53s)
    --- PASS: TestLibraryMapSetMutants/intersection (11.69s)
PASS
ok  	github.com/system-inc/adamic/internal/oracle	60.993s
