=== RUN   TestNativeAgreesWithNode
=== PAUSE TestNativeAgreesWithNode
=== CONT  TestNativeAgreesWithNode
=== RUN   TestNativeAgreesWithNode/internal/oracle/testdata/optional_field_checked_view_string_undefined.a
=== PAUSE TestNativeAgreesWithNode/internal/oracle/testdata/optional_field_checked_view_string_undefined.a
=== CONT  TestNativeAgreesWithNode/internal/oracle/testdata/optional_field_checked_view_string_undefined.a
    oracle_test.go:771: gate cache node miss
    oracle_test.go:771: gate cache node miss
    oracle_test.go:608: gate cache native miss
    oracle_test.go:601: gate cache native miss
    oracle_test.go:792: exit codes differ
        node:   exit 0, stdout "undefined\ntrue\nkind,s\nagainagain\nundefined:true\n", stderr ""
        native: exit 70, stdout "", stderr "adamic: panic: field write failed: s expected string, found undefined\n"
    oracle_test.go:798: JavaScript backend: exit codes differ
        node:    exit 0, stdout "undefined\ntrue\nkind,s\nagainagain\nundefined:true\n", stderr ""
        backend: exit 70, stdout "", stderr "adamic: panic: field write failed: s expected string, found undefined\n"
    oracle_test.go:615: gate cache native hit
--- FAIL: TestNativeAgreesWithNode (0.18s)
    --- FAIL: TestNativeAgreesWithNode/internal/oracle/testdata/optional_field_checked_view_string_undefined.a (1.98s)
FAIL
gate cache: native hits=1 misses=2
gate cache: node hits=0 misses=2
gate cache: probe hits=0 misses=0
FAIL	github.com/system-inc/adamic/internal/oracle	2.215s
FAIL
