{"Time":"2026-10-09T18:20:38.844753612Z","Action":"start","Package":"github.com/system-inc/adamic/stage3/fixtures"}
{"Time":"2026-10-09T18:20:38.86173612Z","Action":"run","Package":"github.com/system-inc/adamic/stage3/fixtures","Test":"TestFixturesHost"}
{"Time":"2026-10-09T18:20:38.861934975Z","Action":"output","Package":"github.com/system-inc/adamic/stage3/fixtures","Test":"TestFixturesHost","Output":"=== RUN   TestFixturesHost\n","OutputType":"frame"}
{"Time":"2026-10-09T18:20:38.861997003Z","Action":"output","Package":"github.com/system-inc/adamic/stage3/fixtures","Test":"TestFixturesHost","Output":"=== PAUSE TestFixturesHost\n","OutputType":"frame"}
{"Time":"2026-10-09T18:20:38.862001975Z","Action":"pause","Package":"github.com/system-inc/adamic/stage3/fixtures","Test":"TestFixturesHost"}
{"Time":"2026-10-09T18:20:38.862006057Z","Action":"cont","Package":"github.com/system-inc/adamic/stage3/fixtures","Test":"TestFixturesHost"}
{"Time":"2026-10-09T18:20:38.86200879Z","Action":"output","Package":"github.com/system-inc/adamic/stage3/fixtures","Test":"TestFixturesHost","Output":"=== CONT  TestFixturesHost\n","OutputType":"frame"}
{"Time":"2026-10-09T18:20:41.547228628Z","Action":"output","Package":"github.com/system-inc/adamic/stage3/fixtures","Test":"TestFixturesHost","Output":"    fixtures_test.go:173: build stage3-fixture-oracle-hook 4b1cd36ac3e2 hit 0.14\n"}
{"Time":"2026-10-09T18:20:41.775434684Z","Action":"run","Package":"github.com/system-inc/adamic/stage3/fixtures","Test":"TestFixturesHost/host"}
{"Time":"2026-10-09T18:20:41.775537777Z","Action":"output","Package":"github.com/system-inc/adamic/stage3/fixtures","Test":"TestFixturesHost/host","Output":"=== RUN   TestFixturesHost/host\n","OutputType":"frame"}
{"Time":"2026-10-09T18:20:41.775564976Z","Action":"output","Package":"github.com/system-inc/adamic/stage3/fixtures","Test":"TestFixturesHost/host","Output":"=== PAUSE TestFixturesHost/host\n","OutputType":"frame"}
{"Time":"2026-10-09T18:20:41.775567853Z","Action":"pause","Package":"github.com/system-inc/adamic/stage3/fixtures","Test":"TestFixturesHost/host"}
{"Time":"2026-10-09T18:20:41.775600321Z","Action":"cont","Package":"github.com/system-inc/adamic/stage3/fixtures","Test":"TestFixturesHost/host"}
{"Time":"2026-10-09T18:20:41.775603399Z","Action":"output","Package":"github.com/system-inc/adamic/stage3/fixtures","Test":"TestFixturesHost/host","Output":"=== CONT  TestFixturesHost/host\n","OutputType":"frame"}
{"Time":"2026-10-09T18:20:41.775608321Z","Action":"run","Package":"github.com/system-inc/adamic/stage3/fixtures","Test":"TestFixturesHost/host/06_fileExists.a"}
{"Time":"2026-10-09T18:20:41.77561214Z","Action":"output","Package":"github.com/system-inc/adamic/stage3/fixtures","Test":"TestFixturesHost/host/06_fileExists.a","Output":"=== RUN   TestFixturesHost/host/06_fileExists.a\n","OutputType":"frame"}
{"Time":"2026-10-09T18:20:41.775616415Z","Action":"output","Package":"github.com/system-inc/adamic/stage3/fixtures","Test":"TestFixturesHost/host/06_fileExists.a","Output":"=== PAUSE TestFixturesHost/host/06_fileExists.a\n","OutputType":"frame"}
{"Time":"2026-10-09T18:20:41.775618305Z","Action":"pause","Package":"github.com/system-inc/adamic/stage3/fixtures","Test":"TestFixturesHost/host/06_fileExists.a"}
{"Time":"2026-10-09T18:20:41.775623732Z","Action":"run","Package":"github.com/system-inc/adamic/stage3/fixtures","Test":"TestFixturesHost/host/07_directoryExists.a"}
{"Time":"2026-10-09T18:20:41.77562601Z","Action":"output","Package":"github.com/system-inc/adamic/stage3/fixtures","Test":"TestFixturesHost/host/07_directoryExists.a","Output":"=== RUN   TestFixturesHost/host/07_directoryExists.a\n","OutputType":"frame"}
{"Time":"2026-10-09T18:20:41.77562867Z","Action":"output","Package":"github.com/system-inc/adamic/stage3/fixtures","Test":"TestFixturesHost/host/07_directoryExists.a","Output":"=== PAUSE TestFixturesHost/host/07_directoryExists.a\n","OutputType":"frame"}
{"Time":"2026-10-09T18:20:41.775630602Z","Action":"pause","Package":"github.com/system-inc/adamic/stage3/fixtures","Test":"TestFixturesHost/host/07_directoryExists.a"}
{"Time":"2026-10-09T18:20:41.775640874Z","Action":"run","Package":"github.com/system-inc/adamic/stage3/fixtures","Test":"TestFixturesHost/host/08_getDirectories.a"}
{"Time":"2026-10-09T18:20:41.775642947Z","Action":"output","Package":"github.com/system-inc/adamic/stage3/fixtures","Test":"TestFixturesHost/host/08_getDirectories.a","Output":"=== RUN   TestFixturesHost/host/08_getDirectories.a\n","OutputType":"frame"}
{"Time":"2026-10-09T18:20:41.775645413Z","Action":"output","Package":"github.com/system-inc/adamic/stage3/fixtures","Test":"TestFixturesHost/host/08_getDirectories.a","Output":"=== PAUSE TestFixturesHost/host/08_getDirectories.a\n","OutputType":"frame"}
{"Time":"2026-10-09T18:20:41.775647125Z","Action":"pause","Package":"github.com/system-inc/adamic/stage3/fixtures","Test":"TestFixturesHost/host/08_getDirectories.a"}
{"Time":"2026-10-09T18:20:41.777272139Z","Action":"run","Package":"github.com/system-inc/adamic/stage3/fixtures","Test":"TestFixturesHost/host/09_realpath.a"}
{"Time":"2026-10-09T18:20:41.777295675Z","Action":"output","Package":"github.com/system-inc/adamic/stage3/fixtures","Test":"TestFixturesHost/host/09_realpath.a","Output":"=== RUN   TestFixturesHost/host/09_realpath.a\n","OutputType":"frame"}
{"Time":"2026-10-09T18:20:41.777302309Z","Action":"output","Package":"github.com/system-inc/adamic/stage3/fixtures","Test":"TestFixturesHost/host/09_realpath.a","Output":"=== PAUSE TestFixturesHost/host/09_realpath.a\n","OutputType":"frame"}
{"Time":"2026-10-09T18:20:41.777304698Z","Action":"pause","Package":"github.com/system-inc/adamic/stage3/fixtures","Test":"TestFixturesHost/host/09_realpath.a"}
{"Time":"2026-10-09T18:20:41.777308305Z","Action":"run","Package":"github.com/system-inc/adamic/stage3/fixtures","Test":"TestFixturesHost/host/10_getModifiedTime.a"}
{"Time":"2026-10-09T18:20:41.777310982Z","Action":"output","Package":"github.com/system-inc/adamic/stage3/fixtures","Test":"TestFixturesHost/host/10_getModifiedTime.a","Output":"=== RUN   TestFixturesHost/host/10_getModifiedTime.a\n","OutputType":"frame"}
{"Time":"2026-10-09T18:20:41.777313674Z","Action":"output","Package":"github.com/system-inc/adamic/stage3/fixtures","Test":"TestFixturesHost/host/10_getModifiedTime.a","Output":"=== PAUSE TestFixturesHost/host/10_getModifiedTime.a\n","OutputType":"frame"}
{"Time":"2026-10-09T18:20:41.777315681Z","Action":"pause","Package":"github.com/system-inc/adamic/stage3/fixtures","Test":"TestFixturesHost/host/10_getModifiedTime.a"}
{"Time":"2026-10-09T18:20:41.77731807Z","Action":"cont","Package":"github.com/system-inc/adamic/stage3/fixtures","Test":"TestFixturesHost/host/06_fileExists.a"}
{"Time":"2026-10-09T18:20:41.777320134Z","Action":"output","Package":"github.com/system-inc/adamic/stage3/fixtures","Test":"TestFixturesHost/host/06_fileExists.a","Output":"=== CONT  TestFixturesHost/host/06_fileExists.a\n","OutputType":"frame"}
{"Time":"2026-10-09T18:20:41.777322432Z","Action":"cont","Package":"github.com/system-inc/adamic/stage3/fixtures","Test":"TestFixturesHost/host/09_realpath.a"}
{"Time":"2026-10-09T18:20:41.777324285Z","Action":"output","Package":"github.com/system-inc/adamic/stage3/fixtures","Test":"TestFixturesHost/host/09_realpath.a","Output":"=== CONT  TestFixturesHost/host/09_realpath.a\n","OutputType":"frame"}
{"Time":"2026-10-09T18:20:41.777326499Z","Action":"cont","Package":"github.com/system-inc/adamic/stage3/fixtures","Test":"TestFixturesHost/host/08_getDirectories.a"}
{"Time":"2026-10-09T18:20:41.777328399Z","Action":"output","Package":"github.com/system-inc/adamic/stage3/fixtures","Test":"TestFixturesHost/host/08_getDirectories.a","Output":"=== CONT  TestFixturesHost/host/08_getDirectories.a\n","OutputType":"frame"}
{"Time":"2026-10-09T18:20:41.777362015Z","Action":"cont","Package":"github.com/system-inc/adamic/stage3/fixtures","Test":"TestFixturesHost/host/07_directoryExists.a"}
{"Time":"2026-10-09T18:20:41.777364454Z","Action":"output","Package":"github.com/system-inc/adamic/stage3/fixtures","Test":"TestFixturesHost/host/07_directoryExists.a","Output":"=== CONT  TestFixturesHost/host/07_directoryExists.a\n","OutputType":"frame"}
{"Time":"2026-10-09T18:20:41.777373237Z","Action":"cont","Package":"github.com/system-inc/adamic/stage3/fixtures","Test":"TestFixturesHost/host/10_getModifiedTime.a"}
{"Time":"2026-10-09T18:20:41.777374965Z","Action":"output","Package":"github.com/system-inc/adamic/stage3/fixtures","Test":"TestFixturesHost/host/10_getModifiedTime.a","Output":"=== CONT  TestFixturesHost/host/10_getModifiedTime.a\n","OutputType":"frame"}
{"Time":"2026-10-09T18:20:42.181414172Z","Action":"run","Package":"github.com/system-inc/adamic/stage3/fixtures","Test":"TestFixturesHost/host/09_realpath.a/node"}
{"Time":"2026-10-09T18:20:42.181449375Z","Action":"output","Package":"github.com/system-inc/adamic/stage3/fixtures","Test":"TestFixturesHost/host/09_realpath.a/node","Output":"=== RUN   TestFixturesHost/host/09_realpath.a/node\n","OutputType":"frame"}
{"Time":"2026-10-09T18:20:42.181468766Z","Action":"output","Package":"github.com/system-inc/adamic/stage3/fixtures","Test":"TestFixturesHost/host/09_realpath.a/node","Output":"--- PASS: TestFixturesHost/host/09_realpath.a/node (0.00s)\n","OutputType":"frame"}
{"Time":"2026-10-09T18:20:42.181474525Z","Action":"pass","Package":"github.com/system-inc/adamic/stage3/fixtures","Test":"TestFixturesHost/host/09_realpath.a/node","Elapsed":0}
{"Time":"2026-10-09T18:20:42.181493939Z","Action":"run","Package":"github.com/system-inc/adamic/stage3/fixtures","Test":"TestFixturesHost/host/06_fileExists.a/node"}
{"Time":"2026-10-09T18:20:42.18149629Z","Action":"output","Package":"github.com/system-inc/adamic/stage3/fixtures","Test":"TestFixturesHost/host/06_fileExists.a/node","Output":"=== RUN   TestFixturesHost/host/06_fileExists.a/node\n","OutputType":"frame"}
{"Time":"2026-10-09T18:20:42.181499622Z","Action":"output","Package":"github.com/system-inc/adamic/stage3/fixtures","Test":"TestFixturesHost/host/06_fileExists.a/node","Output":"--- PASS: TestFixturesHost/host/06_fileExists.a/node (0.00s)\n","OutputType":"frame"}
{"Time":"2026-10-09T18:20:42.181502062Z","Action":"pass","Package":"github.com/system-inc/adamic/stage3/fixtures","Test":"TestFixturesHost/host/06_fileExists.a/node","Elapsed":0}
{"Time":"2026-10-09T18:20:42.234755306Z","Action":"run","Package":"github.com/system-inc/adamic/stage3/fixtures","Test":"TestFixturesHost/host/08_getDirectories.a/node"}
{"Time":"2026-10-09T18:20:42.234788061Z","Action":"output","Package":"github.com/system-inc/adamic/stage3/fixtures","Test":"TestFixturesHost/host/08_getDirectories.a/node","Output":"=== RUN   TestFixturesHost/host/08_getDirectories.a/node\n","OutputType":"frame"}
{"Time":"2026-10-09T18:20:42.23487547Z","Action":"output","Package":"github.com/system-inc/adamic/stage3/fixtures","Test":"TestFixturesHost/host/08_getDirectories.a/node","Output":"--- PASS: TestFixturesHost/host/08_getDirectories.a/node (0.00s)\n","OutputType":"frame"}
{"Time":"2026-10-09T18:20:42.234901813Z","Action":"pass","Package":"github.com/system-inc/adamic/stage3/fixtures","Test":"TestFixturesHost/host/08_getDirectories.a/node","Elapsed":0}
{"Time":"2026-10-09T18:20:42.386989023Z","Action":"run","Package":"github.com/system-inc/adamic/stage3/fixtures","Test":"TestFixturesHost/host/07_directoryExists.a/node"}
{"Time":"2026-10-09T18:20:42.387043849Z","Action":"output","Package":"github.com/system-inc/adamic/stage3/fixtures","Test":"TestFixturesHost/host/07_directoryExists.a/node","Output":"=== RUN   TestFixturesHost/host/07_directoryExists.a/node\n","OutputType":"frame"}
{"Time":"2026-10-09T18:20:42.387059816Z","Action":"output","Package":"github.com/system-inc/adamic/stage3/fixtures","Test":"TestFixturesHost/host/07_directoryExists.a/node","Output":"--- PASS: TestFixturesHost/host/07_directoryExists.a/node (0.00s)\n","OutputType":"frame"}
{"Time":"2026-10-09T18:20:42.387063289Z","Action":"pass","Package":"github.com/system-inc/adamic/stage3/fixtures","Test":"TestFixturesHost/host/07_directoryExists.a/node","Elapsed":0}
{"Time":"2026-10-09T18:20:42.467113706Z","Action":"run","Package":"github.com/system-inc/adamic/stage3/fixtures","Test":"TestFixturesHost/host/10_getModifiedTime.a/node"}
{"Time":"2026-10-09T18:20:42.467170088Z","Action":"output","Package":"github.com/system-inc/adamic/stage3/fixtures","Test":"TestFixturesHost/host/10_getModifiedTime.a/node","Output":"=== RUN   TestFixturesHost/host/10_getModifiedTime.a/node\n","OutputType":"frame"}
{"Time":"2026-10-09T18:20:42.467185506Z","Action":"output","Package":"github.com/system-inc/adamic/stage3/fixtures","Test":"TestFixturesHost/host/10_getModifiedTime.a/node","Output":"--- PASS: TestFixturesHost/host/10_getModifiedTime.a/node (0.00s)\n","OutputType":"frame"}
{"Time":"2026-10-09T18:20:42.467189593Z","Action":"pass","Package":"github.com/system-inc/adamic/stage3/fixtures","Test":"TestFixturesHost/host/10_getModifiedTime.a/node","Elapsed":0}
{"Time":"2026-10-09T18:20:44.567865201Z","Action":"run","Package":"github.com/system-inc/adamic/stage3/fixtures","Test":"TestFixturesHost/host/06_fileExists.a/stage0"}
{"Time":"2026-10-09T18:20:44.567921465Z","Action":"output","Package":"github.com/system-inc/adamic/stage3/fixtures","Test":"TestFixturesHost/host/06_fileExists.a/stage0","Output":"=== RUN   TestFixturesHost/host/06_fileExists.a/stage0\n","OutputType":"frame"}
{"Time":"2026-10-09T18:20:44.56796463Z","Action":"output","Package":"github.com/system-inc/adamic/stage3/fixtures","Test":"TestFixturesHost/host/06_fileExists.a/stage0","Output":"--- PASS: TestFixturesHost/host/06_fileExists.a/stage0 (0.00s)\n","OutputType":"frame"}
{"Time":"2026-10-09T18:20:44.567973057Z","Action":"pass","Package":"github.com/system-inc/adamic/stage3/fixtures","Test":"TestFixturesHost/host/06_fileExists.a/stage0","Elapsed":0}
{"Time":"2026-10-09T18:20:44.568020316Z","Action":"output","Package":"github.com/system-inc/adamic/stage3/fixtures","Test":"TestFixturesHost/host/06_fileExists.a","Output":"--- PASS: TestFixturesHost/host/06_fileExists.a (2.79s)\n","OutputType":"frame"}
{"Time":"2026-10-09T18:20:44.667180363Z","Action":"pass","Package":"github.com/system-inc/adamic/stage3/fixtures","Test":"TestFixturesHost/host/06_fileExists.a","Elapsed":2.79}
{"Time":"2026-10-09T18:20:44.667251668Z","Action":"run","Package":"github.com/system-inc/adamic/stage3/fixtures","Test":"TestFixturesHost/host/10_getModifiedTime.a/stage0"}
{"Time":"2026-10-09T18:20:44.667258706Z","Action":"output","Package":"github.com/system-inc/adamic/stage3/fixtures","Test":"TestFixturesHost/host/10_getModifiedTime.a/stage0","Output":"=== RUN   TestFixturesHost/host/10_getModifiedTime.a/stage0\n","OutputType":"frame"}
{"Time":"2026-10-09T18:20:44.66729278Z","Action":"output","Package":"github.com/system-inc/adamic/stage3/fixtures","Test":"TestFixturesHost/host/10_getModifiedTime.a/stage0","Output":"--- PASS: TestFixturesHost/host/10_getModifiedTime.a/stage0 (0.00s)\n","OutputType":"frame"}
{"Time":"2026-10-09T18:20:44.667299213Z","Action":"pass","Package":"github.com/system-inc/adamic/stage3/fixtures","Test":"TestFixturesHost/host/10_getModifiedTime.a/stage0","Elapsed":0}
{"Time":"2026-10-09T18:20:44.667305257Z","Action":"output","Package":"github.com/system-inc/adamic/stage3/fixtures","Test":"TestFixturesHost/host/10_getModifiedTime.a","Output":"--- PASS: TestFixturesHost/host/10_getModifiedTime.a (2.89s)\n","OutputType":"frame"}
{"Time":"2026-10-09T18:20:44.790099034Z","Action":"pass","Package":"github.com/system-inc/adamic/stage3/fixtures","Test":"TestFixturesHost/host/10_getModifiedTime.a","Elapsed":2.89}
{"Time":"2026-10-09T18:20:44.790138768Z","Action":"run","Package":"github.com/system-inc/adamic/stage3/fixtures","Test":"TestFixturesHost/host/08_getDirectories.a/stage0"}
{"Time":"2026-10-09T18:20:44.790143052Z","Action":"output","Package":"github.com/system-inc/adamic/stage3/fixtures","Test":"TestFixturesHost/host/08_getDirectories.a/stage0","Output":"=== RUN   TestFixturesHost/host/08_getDirectories.a/stage0\n","OutputType":"frame"}
{"Time":"2026-10-09T18:20:44.790247335Z","Action":"output","Package":"github.com/system-inc/adamic/stage3/fixtures","Test":"TestFixturesHost/host/08_getDirectories.a/stage0","Output":"--- PASS: TestFixturesHost/host/08_getDirectories.a/stage0 (0.00s)\n","OutputType":"frame"}
{"Time":"2026-10-09T18:20:44.790259402Z","Action":"pass","Package":"github.com/system-inc/adamic/stage3/fixtures","Test":"TestFixturesHost/host/08_getDirectories.a/stage0","Elapsed":0}
{"Time":"2026-10-09T18:20:44.790263765Z","Action":"output","Package":"github.com/system-inc/adamic/stage3/fixtures","Test":"TestFixturesHost/host/08_getDirectories.a","Output":"--- PASS: TestFixturesHost/host/08_getDirectories.a (3.02s)\n","OutputType":"frame"}
{"Time":"2026-10-09T18:20:44.993148191Z","Action":"pass","Package":"github.com/system-inc/adamic/stage3/fixtures","Test":"TestFixturesHost/host/08_getDirectories.a","Elapsed":3.02}
{"Time":"2026-10-09T18:20:44.993314015Z","Action":"run","Package":"github.com/system-inc/adamic/stage3/fixtures","Test":"TestFixturesHost/host/07_directoryExists.a/stage0"}
{"Time":"2026-10-09T18:20:44.993339603Z","Action":"output","Package":"github.com/system-inc/adamic/stage3/fixtures","Test":"TestFixturesHost/host/07_directoryExists.a/stage0","Output":"=== RUN   TestFixturesHost/host/07_directoryExists.a/stage0\n","OutputType":"frame"}
{"Time":"2026-10-09T18:20:44.993351653Z","Action":"output","Package":"github.com/system-inc/adamic/stage3/fixtures","Test":"TestFixturesHost/host/07_directoryExists.a/stage0","Output":"--- PASS: TestFixturesHost/host/07_directoryExists.a/stage0 (0.00s)\n","OutputType":"frame"}
{"Time":"2026-10-09T18:20:44.993355043Z","Action":"pass","Package":"github.com/system-inc/adamic/stage3/fixtures","Test":"TestFixturesHost/host/07_directoryExists.a/stage0","Elapsed":0}
{"Time":"2026-10-09T18:20:44.993378637Z","Action":"output","Package":"github.com/system-inc/adamic/stage3/fixtures","Test":"TestFixturesHost/host/07_directoryExists.a","Output":"--- PASS: TestFixturesHost/host/07_directoryExists.a (3.22s)\n","OutputType":"frame"}
{"Time":"2026-10-09T18:20:45.002589016Z","Action":"pass","Package":"github.com/system-inc/adamic/stage3/fixtures","Test":"TestFixturesHost/host/07_directoryExists.a","Elapsed":3.22}
{"Time":"2026-10-09T18:20:45.002626509Z","Action":"run","Package":"github.com/system-inc/adamic/stage3/fixtures","Test":"TestFixturesHost/host/09_realpath.a/stage0"}
{"Time":"2026-10-09T18:20:45.002631912Z","Action":"output","Package":"github.com/system-inc/adamic/stage3/fixtures","Test":"TestFixturesHost/host/09_realpath.a/stage0","Output":"=== RUN   TestFixturesHost/host/09_realpath.a/stage0\n","OutputType":"frame"}
{"Time":"2026-10-09T18:20:45.002643094Z","Action":"output","Package":"github.com/system-inc/adamic/stage3/fixtures","Test":"TestFixturesHost/host/09_realpath.a/stage0","Output":"--- PASS: TestFixturesHost/host/09_realpath.a/stage0 (0.00s)\n","OutputType":"frame"}
{"Time":"2026-10-09T18:20:45.002649052Z","Action":"pass","Package":"github.com/system-inc/adamic/stage3/fixtures","Test":"TestFixturesHost/host/09_realpath.a/stage0","Elapsed":0}
{"Time":"2026-10-09T18:20:45.002654095Z","Action":"output","Package":"github.com/system-inc/adamic/stage3/fixtures","Test":"TestFixturesHost/host/09_realpath.a","Output":"--- PASS: TestFixturesHost/host/09_realpath.a (3.23s)\n","OutputType":"frame"}
{"Time":"2026-10-09T18:20:45.002657805Z","Action":"pass","Package":"github.com/system-inc/adamic/stage3/fixtures","Test":"TestFixturesHost/host/09_realpath.a","Elapsed":3.23}
{"Time":"2026-10-09T18:20:45.002660801Z","Action":"output","Package":"github.com/system-inc/adamic/stage3/fixtures","Test":"TestFixturesHost/host","Output":"--- PASS: TestFixturesHost/host (0.00s)\n","OutputType":"frame"}
{"Time":"2026-10-09T18:20:45.002718443Z","Action":"pass","Package":"github.com/system-inc/adamic/stage3/fixtures","Test":"TestFixturesHost/host","Elapsed":0}
{"Time":"2026-10-09T18:20:45.002724125Z","Action":"output","Package":"github.com/system-inc/adamic/stage3/fixtures","Test":"TestFixturesHost","Output":"--- PASS: TestFixturesHost (2.91s)\n","OutputType":"frame"}
{"Time":"2026-10-09T18:20:45.002727141Z","Action":"pass","Package":"github.com/system-inc/adamic/stage3/fixtures","Test":"TestFixturesHost","Elapsed":2.91}
{"Time":"2026-10-09T18:20:45.002730166Z","Action":"output","Package":"github.com/system-inc/adamic/stage3/fixtures","Output":"PASS\n","OutputType":"frame"}
{"Time":"2026-10-09T18:20:45.047823387Z","Action":"output","Package":"github.com/system-inc/adamic/stage3/fixtures","Output":"ok  \tgithub.com/system-inc/adamic/stage3/fixtures\t6.202s\n"}
{"Time":"2026-10-09T18:20:45.048016567Z","Action":"pass","Package":"github.com/system-inc/adamic/stage3/fixtures","Elapsed":6.203}
