{"Time":"2026-10-09T18:21:23.947615616Z","Action":"start","Package":"github.com/system-inc/adamic/stage3/fixtures"}
{"Time":"2026-10-09T18:21:23.973894146Z","Action":"run","Package":"github.com/system-inc/adamic/stage3/fixtures","Test":"TestFixturesHost"}
{"Time":"2026-10-09T18:21:23.973980607Z","Action":"output","Package":"github.com/system-inc/adamic/stage3/fixtures","Test":"TestFixturesHost","Output":"=== RUN   TestFixturesHost\n","OutputType":"frame"}
{"Time":"2026-10-09T18:21:23.974009315Z","Action":"output","Package":"github.com/system-inc/adamic/stage3/fixtures","Test":"TestFixturesHost","Output":"=== PAUSE TestFixturesHost\n","OutputType":"frame"}
{"Time":"2026-10-09T18:21:23.974013061Z","Action":"pause","Package":"github.com/system-inc/adamic/stage3/fixtures","Test":"TestFixturesHost"}
{"Time":"2026-10-09T18:21:23.974016845Z","Action":"cont","Package":"github.com/system-inc/adamic/stage3/fixtures","Test":"TestFixturesHost"}
{"Time":"2026-10-09T18:21:23.97401952Z","Action":"output","Package":"github.com/system-inc/adamic/stage3/fixtures","Test":"TestFixturesHost","Output":"=== CONT  TestFixturesHost\n","OutputType":"frame"}
{"Time":"2026-10-09T18:21:27.579172543Z","Action":"output","Package":"github.com/system-inc/adamic/stage3/fixtures","Test":"TestFixturesHost","Output":"    fixtures_test.go:173: build stage3-fixture-oracle-hook 4b1cd36ac3e2 hit 0.31\n"}
{"Time":"2026-10-09T18:21:27.73831647Z","Action":"run","Package":"github.com/system-inc/adamic/stage3/fixtures","Test":"TestFixturesHost/host"}
{"Time":"2026-10-09T18:21:27.738364209Z","Action":"output","Package":"github.com/system-inc/adamic/stage3/fixtures","Test":"TestFixturesHost/host","Output":"=== RUN   TestFixturesHost/host\n","OutputType":"frame"}
{"Time":"2026-10-09T18:21:27.73839422Z","Action":"output","Package":"github.com/system-inc/adamic/stage3/fixtures","Test":"TestFixturesHost/host","Output":"=== PAUSE TestFixturesHost/host\n","OutputType":"frame"}
{"Time":"2026-10-09T18:21:27.738397838Z","Action":"pause","Package":"github.com/system-inc/adamic/stage3/fixtures","Test":"TestFixturesHost/host"}
{"Time":"2026-10-09T18:21:27.738405534Z","Action":"cont","Package":"github.com/system-inc/adamic/stage3/fixtures","Test":"TestFixturesHost/host"}
{"Time":"2026-10-09T18:21:27.738408334Z","Action":"output","Package":"github.com/system-inc/adamic/stage3/fixtures","Test":"TestFixturesHost/host","Output":"=== CONT  TestFixturesHost/host\n","OutputType":"frame"}
{"Time":"2026-10-09T18:21:27.755130254Z","Action":"run","Package":"github.com/system-inc/adamic/stage3/fixtures","Test":"TestFixturesHost/host/21_createHash.a"}
{"Time":"2026-10-09T18:21:27.755176001Z","Action":"output","Package":"github.com/system-inc/adamic/stage3/fixtures","Test":"TestFixturesHost/host/21_createHash.a","Output":"=== RUN   TestFixturesHost/host/21_createHash.a\n","OutputType":"frame"}
{"Time":"2026-10-09T18:21:27.755187291Z","Action":"output","Package":"github.com/system-inc/adamic/stage3/fixtures","Test":"TestFixturesHost/host/21_createHash.a","Output":"=== PAUSE TestFixturesHost/host/21_createHash.a\n","OutputType":"frame"}
{"Time":"2026-10-09T18:21:27.755190496Z","Action":"pause","Package":"github.com/system-inc/adamic/stage3/fixtures","Test":"TestFixturesHost/host/21_createHash.a"}
{"Time":"2026-10-09T18:21:27.755197769Z","Action":"run","Package":"github.com/system-inc/adamic/stage3/fixtures","Test":"TestFixturesHost/host/22_createHash_fallback.a"}
{"Time":"2026-10-09T18:21:27.75522598Z","Action":"output","Package":"github.com/system-inc/adamic/stage3/fixtures","Test":"TestFixturesHost/host/22_createHash_fallback.a","Output":"=== RUN   TestFixturesHost/host/22_createHash_fallback.a\n","OutputType":"frame"}
{"Time":"2026-10-09T18:21:27.755233332Z","Action":"output","Package":"github.com/system-inc/adamic/stage3/fixtures","Test":"TestFixturesHost/host/22_createHash_fallback.a","Output":"=== PAUSE TestFixturesHost/host/22_createHash_fallback.a\n","OutputType":"frame"}
{"Time":"2026-10-09T18:21:27.755237009Z","Action":"pause","Package":"github.com/system-inc/adamic/stage3/fixtures","Test":"TestFixturesHost/host/22_createHash_fallback.a"}
{"Time":"2026-10-09T18:21:27.755253373Z","Action":"run","Package":"github.com/system-inc/adamic/stage3/fixtures","Test":"TestFixturesHost/host/23_newLine.a"}
{"Time":"2026-10-09T18:21:27.755256657Z","Action":"output","Package":"github.com/system-inc/adamic/stage3/fixtures","Test":"TestFixturesHost/host/23_newLine.a","Output":"=== RUN   TestFixturesHost/host/23_newLine.a\n","OutputType":"frame"}
{"Time":"2026-10-09T18:21:27.755261428Z","Action":"output","Package":"github.com/system-inc/adamic/stage3/fixtures","Test":"TestFixturesHost/host/23_newLine.a","Output":"=== PAUSE TestFixturesHost/host/23_newLine.a\n","OutputType":"frame"}
{"Time":"2026-10-09T18:21:27.755263919Z","Action":"pause","Package":"github.com/system-inc/adamic/stage3/fixtures","Test":"TestFixturesHost/host/23_newLine.a"}
{"Time":"2026-10-09T18:21:27.755267152Z","Action":"run","Package":"github.com/system-inc/adamic/stage3/fixtures","Test":"TestFixturesHost/host/24_useCaseSensitiveFileNames.a"}
{"Time":"2026-10-09T18:21:27.755270093Z","Action":"output","Package":"github.com/system-inc/adamic/stage3/fixtures","Test":"TestFixturesHost/host/24_useCaseSensitiveFileNames.a","Output":"=== RUN   TestFixturesHost/host/24_useCaseSensitiveFileNames.a\n","OutputType":"frame"}
{"Time":"2026-10-09T18:21:27.75527416Z","Action":"output","Package":"github.com/system-inc/adamic/stage3/fixtures","Test":"TestFixturesHost/host/24_useCaseSensitiveFileNames.a","Output":"=== PAUSE TestFixturesHost/host/24_useCaseSensitiveFileNames.a\n","OutputType":"frame"}
{"Time":"2026-10-09T18:21:27.755277335Z","Action":"pause","Package":"github.com/system-inc/adamic/stage3/fixtures","Test":"TestFixturesHost/host/24_useCaseSensitiveFileNames.a"}
{"Time":"2026-10-09T18:21:27.75528121Z","Action":"run","Package":"github.com/system-inc/adamic/stage3/fixtures","Test":"TestFixturesHost/host/25_readDirectory.a"}
{"Time":"2026-10-09T18:21:27.755283953Z","Action":"output","Package":"github.com/system-inc/adamic/stage3/fixtures","Test":"TestFixturesHost/host/25_readDirectory.a","Output":"=== RUN   TestFixturesHost/host/25_readDirectory.a\n","OutputType":"frame"}
{"Time":"2026-10-09T18:21:27.755287474Z","Action":"output","Package":"github.com/system-inc/adamic/stage3/fixtures","Test":"TestFixturesHost/host/25_readDirectory.a","Output":"=== PAUSE TestFixturesHost/host/25_readDirectory.a\n","OutputType":"frame"}
{"Time":"2026-10-09T18:21:27.755289866Z","Action":"pause","Package":"github.com/system-inc/adamic/stage3/fixtures","Test":"TestFixturesHost/host/25_readDirectory.a"}
{"Time":"2026-10-09T18:21:27.755293002Z","Action":"cont","Package":"github.com/system-inc/adamic/stage3/fixtures","Test":"TestFixturesHost/host/21_createHash.a"}
{"Time":"2026-10-09T18:21:27.755295795Z","Action":"output","Package":"github.com/system-inc/adamic/stage3/fixtures","Test":"TestFixturesHost/host/21_createHash.a","Output":"=== CONT  TestFixturesHost/host/21_createHash.a\n","OutputType":"frame"}
{"Time":"2026-10-09T18:21:27.755298704Z","Action":"cont","Package":"github.com/system-inc/adamic/stage3/fixtures","Test":"TestFixturesHost/host/23_newLine.a"}
{"Time":"2026-10-09T18:21:27.755301311Z","Action":"output","Package":"github.com/system-inc/adamic/stage3/fixtures","Test":"TestFixturesHost/host/23_newLine.a","Output":"=== CONT  TestFixturesHost/host/23_newLine.a\n","OutputType":"frame"}
{"Time":"2026-10-09T18:21:27.755304186Z","Action":"cont","Package":"github.com/system-inc/adamic/stage3/fixtures","Test":"TestFixturesHost/host/22_createHash_fallback.a"}
{"Time":"2026-10-09T18:21:27.755306986Z","Action":"output","Package":"github.com/system-inc/adamic/stage3/fixtures","Test":"TestFixturesHost/host/22_createHash_fallback.a","Output":"=== CONT  TestFixturesHost/host/22_createHash_fallback.a\n","OutputType":"frame"}
{"Time":"2026-10-09T18:21:27.755310361Z","Action":"cont","Package":"github.com/system-inc/adamic/stage3/fixtures","Test":"TestFixturesHost/host/24_useCaseSensitiveFileNames.a"}
{"Time":"2026-10-09T18:21:27.755314869Z","Action":"output","Package":"github.com/system-inc/adamic/stage3/fixtures","Test":"TestFixturesHost/host/24_useCaseSensitiveFileNames.a","Output":"=== CONT  TestFixturesHost/host/24_useCaseSensitiveFileNames.a\n","OutputType":"frame"}
{"Time":"2026-10-09T18:21:27.755320868Z","Action":"cont","Package":"github.com/system-inc/adamic/stage3/fixtures","Test":"TestFixturesHost/host/25_readDirectory.a"}
{"Time":"2026-10-09T18:21:27.755323615Z","Action":"output","Package":"github.com/system-inc/adamic/stage3/fixtures","Test":"TestFixturesHost/host/25_readDirectory.a","Output":"=== CONT  TestFixturesHost/host/25_readDirectory.a\n","OutputType":"frame"}
{"Time":"2026-10-09T18:21:28.035636782Z","Action":"run","Package":"github.com/system-inc/adamic/stage3/fixtures","Test":"TestFixturesHost/host/24_useCaseSensitiveFileNames.a/node"}
{"Time":"2026-10-09T18:21:28.035686833Z","Action":"output","Package":"github.com/system-inc/adamic/stage3/fixtures","Test":"TestFixturesHost/host/24_useCaseSensitiveFileNames.a/node","Output":"=== RUN   TestFixturesHost/host/24_useCaseSensitiveFileNames.a/node\n","OutputType":"frame"}
{"Time":"2026-10-09T18:21:28.035709802Z","Action":"output","Package":"github.com/system-inc/adamic/stage3/fixtures","Test":"TestFixturesHost/host/24_useCaseSensitiveFileNames.a/node","Output":"--- PASS: TestFixturesHost/host/24_useCaseSensitiveFileNames.a/node (0.00s)\n","OutputType":"frame"}
{"Time":"2026-10-09T18:21:28.035715328Z","Action":"pass","Package":"github.com/system-inc/adamic/stage3/fixtures","Test":"TestFixturesHost/host/24_useCaseSensitiveFileNames.a/node","Elapsed":0}
{"Time":"2026-10-09T18:21:28.246297937Z","Action":"run","Package":"github.com/system-inc/adamic/stage3/fixtures","Test":"TestFixturesHost/host/21_createHash.a/node"}
{"Time":"2026-10-09T18:21:28.24634612Z","Action":"output","Package":"github.com/system-inc/adamic/stage3/fixtures","Test":"TestFixturesHost/host/21_createHash.a/node","Output":"=== RUN   TestFixturesHost/host/21_createHash.a/node\n","OutputType":"frame"}
{"Time":"2026-10-09T18:21:28.246378824Z","Action":"output","Package":"github.com/system-inc/adamic/stage3/fixtures","Test":"TestFixturesHost/host/21_createHash.a/node","Output":"--- PASS: TestFixturesHost/host/21_createHash.a/node (0.00s)\n","OutputType":"frame"}
{"Time":"2026-10-09T18:21:28.246385362Z","Action":"pass","Package":"github.com/system-inc/adamic/stage3/fixtures","Test":"TestFixturesHost/host/21_createHash.a/node","Elapsed":0}
{"Time":"2026-10-09T18:21:28.263135067Z","Action":"run","Package":"github.com/system-inc/adamic/stage3/fixtures","Test":"TestFixturesHost/host/23_newLine.a/node"}
{"Time":"2026-10-09T18:21:28.263172969Z","Action":"output","Package":"github.com/system-inc/adamic/stage3/fixtures","Test":"TestFixturesHost/host/23_newLine.a/node","Output":"=== RUN   TestFixturesHost/host/23_newLine.a/node\n","OutputType":"frame"}
{"Time":"2026-10-09T18:21:28.263187775Z","Action":"output","Package":"github.com/system-inc/adamic/stage3/fixtures","Test":"TestFixturesHost/host/23_newLine.a/node","Output":"--- PASS: TestFixturesHost/host/23_newLine.a/node (0.00s)\n","OutputType":"frame"}
{"Time":"2026-10-09T18:21:28.263192546Z","Action":"pass","Package":"github.com/system-inc/adamic/stage3/fixtures","Test":"TestFixturesHost/host/23_newLine.a/node","Elapsed":0}
{"Time":"2026-10-09T18:21:28.361758826Z","Action":"run","Package":"github.com/system-inc/adamic/stage3/fixtures","Test":"TestFixturesHost/host/22_createHash_fallback.a/node"}
{"Time":"2026-10-09T18:21:28.361803536Z","Action":"output","Package":"github.com/system-inc/adamic/stage3/fixtures","Test":"TestFixturesHost/host/22_createHash_fallback.a/node","Output":"=== RUN   TestFixturesHost/host/22_createHash_fallback.a/node\n","OutputType":"frame"}
{"Time":"2026-10-09T18:21:28.361819516Z","Action":"output","Package":"github.com/system-inc/adamic/stage3/fixtures","Test":"TestFixturesHost/host/22_createHash_fallback.a/node","Output":"--- PASS: TestFixturesHost/host/22_createHash_fallback.a/node (0.00s)\n","OutputType":"frame"}
{"Time":"2026-10-09T18:21:28.361823797Z","Action":"pass","Package":"github.com/system-inc/adamic/stage3/fixtures","Test":"TestFixturesHost/host/22_createHash_fallback.a/node","Elapsed":0}
{"Time":"2026-10-09T18:21:28.563233407Z","Action":"run","Package":"github.com/system-inc/adamic/stage3/fixtures","Test":"TestFixturesHost/host/25_readDirectory.a/node"}
{"Time":"2026-10-09T18:21:28.563274615Z","Action":"output","Package":"github.com/system-inc/adamic/stage3/fixtures","Test":"TestFixturesHost/host/25_readDirectory.a/node","Output":"=== RUN   TestFixturesHost/host/25_readDirectory.a/node\n","OutputType":"frame"}
{"Time":"2026-10-09T18:21:28.563288722Z","Action":"output","Package":"github.com/system-inc/adamic/stage3/fixtures","Test":"TestFixturesHost/host/25_readDirectory.a/node","Output":"--- PASS: TestFixturesHost/host/25_readDirectory.a/node (0.00s)\n","OutputType":"frame"}
{"Time":"2026-10-09T18:21:28.563293947Z","Action":"pass","Package":"github.com/system-inc/adamic/stage3/fixtures","Test":"TestFixturesHost/host/25_readDirectory.a/node","Elapsed":0}
{"Time":"2026-10-09T18:21:30.38712316Z","Action":"run","Package":"github.com/system-inc/adamic/stage3/fixtures","Test":"TestFixturesHost/host/24_useCaseSensitiveFileNames.a/native"}
{"Time":"2026-10-09T18:21:30.387164081Z","Action":"output","Package":"github.com/system-inc/adamic/stage3/fixtures","Test":"TestFixturesHost/host/24_useCaseSensitiveFileNames.a/native","Output":"=== RUN   TestFixturesHost/host/24_useCaseSensitiveFileNames.a/native\n","OutputType":"frame"}
{"Time":"2026-10-09T18:21:30.780414723Z","Action":"run","Package":"github.com/system-inc/adamic/stage3/fixtures","Test":"TestFixturesHost/host/21_createHash.a/stage0"}
{"Time":"2026-10-09T18:21:30.780457354Z","Action":"output","Package":"github.com/system-inc/adamic/stage3/fixtures","Test":"TestFixturesHost/host/21_createHash.a/stage0","Output":"=== RUN   TestFixturesHost/host/21_createHash.a/stage0\n","OutputType":"frame"}
{"Time":"2026-10-09T18:21:30.780472056Z","Action":"output","Package":"github.com/system-inc/adamic/stage3/fixtures","Test":"TestFixturesHost/host/21_createHash.a/stage0","Output":"--- PASS: TestFixturesHost/host/21_createHash.a/stage0 (0.00s)\n","OutputType":"frame"}
{"Time":"2026-10-09T18:21:30.780476902Z","Action":"pass","Package":"github.com/system-inc/adamic/stage3/fixtures","Test":"TestFixturesHost/host/21_createHash.a/stage0","Elapsed":0}
{"Time":"2026-10-09T18:21:30.780484844Z","Action":"output","Package":"github.com/system-inc/adamic/stage3/fixtures","Test":"TestFixturesHost/host/21_createHash.a","Output":"--- PASS: TestFixturesHost/host/21_createHash.a (3.03s)\n","OutputType":"frame"}
{"Time":"2026-10-09T18:21:30.809860485Z","Action":"pass","Package":"github.com/system-inc/adamic/stage3/fixtures","Test":"TestFixturesHost/host/21_createHash.a","Elapsed":3.03}
{"Time":"2026-10-09T18:21:30.809987242Z","Action":"run","Package":"github.com/system-inc/adamic/stage3/fixtures","Test":"TestFixturesHost/host/23_newLine.a/stage0"}
{"Time":"2026-10-09T18:21:30.809996819Z","Action":"output","Package":"github.com/system-inc/adamic/stage3/fixtures","Test":"TestFixturesHost/host/23_newLine.a/stage0","Output":"=== RUN   TestFixturesHost/host/23_newLine.a/stage0\n","OutputType":"frame"}
{"Time":"2026-10-09T18:21:30.839263928Z","Action":"output","Package":"github.com/system-inc/adamic/stage3/fixtures","Test":"TestFixturesHost/host/23_newLine.a/stage0","Output":"--- PASS: TestFixturesHost/host/23_newLine.a/stage0 (0.00s)\n","OutputType":"frame"}
{"Time":"2026-10-09T18:21:30.839446922Z","Action":"pass","Package":"github.com/system-inc/adamic/stage3/fixtures","Test":"TestFixturesHost/host/23_newLine.a/stage0","Elapsed":0}
{"Time":"2026-10-09T18:21:30.839463301Z","Action":"output","Package":"github.com/system-inc/adamic/stage3/fixtures","Test":"TestFixturesHost/host/23_newLine.a","Output":"--- PASS: TestFixturesHost/host/23_newLine.a (3.09s)\n","OutputType":"frame"}
{"Time":"2026-10-09T18:21:30.8550991Z","Action":"pass","Package":"github.com/system-inc/adamic/stage3/fixtures","Test":"TestFixturesHost/host/23_newLine.a","Elapsed":3.09}
{"Time":"2026-10-09T18:21:30.855136168Z","Action":"run","Package":"github.com/system-inc/adamic/stage3/fixtures","Test":"TestFixturesHost/host/22_createHash_fallback.a/stage0"}
{"Time":"2026-10-09T18:21:30.85515191Z","Action":"output","Package":"github.com/system-inc/adamic/stage3/fixtures","Test":"TestFixturesHost/host/22_createHash_fallback.a/stage0","Output":"=== RUN   TestFixturesHost/host/22_createHash_fallback.a/stage0\n","OutputType":"frame"}
{"Time":"2026-10-09T18:21:30.855164837Z","Action":"output","Package":"github.com/system-inc/adamic/stage3/fixtures","Test":"TestFixturesHost/host/22_createHash_fallback.a/stage0","Output":"--- PASS: TestFixturesHost/host/22_createHash_fallback.a/stage0 (0.00s)\n","OutputType":"frame"}
{"Time":"2026-10-09T18:21:30.855168918Z","Action":"pass","Package":"github.com/system-inc/adamic/stage3/fixtures","Test":"TestFixturesHost/host/22_createHash_fallback.a/stage0","Elapsed":0}
{"Time":"2026-10-09T18:21:30.855175683Z","Action":"output","Package":"github.com/system-inc/adamic/stage3/fixtures","Test":"TestFixturesHost/host/22_createHash_fallback.a","Output":"--- PASS: TestFixturesHost/host/22_createHash_fallback.a (3.11s)\n","OutputType":"frame"}
{"Time":"2026-10-09T18:21:31.439113623Z","Action":"pass","Package":"github.com/system-inc/adamic/stage3/fixtures","Test":"TestFixturesHost/host/22_createHash_fallback.a","Elapsed":3.11}
{"Time":"2026-10-09T18:21:31.439164497Z","Action":"run","Package":"github.com/system-inc/adamic/stage3/fixtures","Test":"TestFixturesHost/host/25_readDirectory.a/stage0"}
{"Time":"2026-10-09T18:21:31.439170288Z","Action":"output","Package":"github.com/system-inc/adamic/stage3/fixtures","Test":"TestFixturesHost/host/25_readDirectory.a/stage0","Output":"=== RUN   TestFixturesHost/host/25_readDirectory.a/stage0\n","OutputType":"frame"}
{"Time":"2026-10-09T18:21:31.439184849Z","Action":"output","Package":"github.com/system-inc/adamic/stage3/fixtures","Test":"TestFixturesHost/host/25_readDirectory.a/stage0","Output":"--- PASS: TestFixturesHost/host/25_readDirectory.a/stage0 (0.00s)\n","OutputType":"frame"}
{"Time":"2026-10-09T18:21:31.439189376Z","Action":"pass","Package":"github.com/system-inc/adamic/stage3/fixtures","Test":"TestFixturesHost/host/25_readDirectory.a/stage0","Elapsed":0}
{"Time":"2026-10-09T18:21:31.439193899Z","Action":"output","Package":"github.com/system-inc/adamic/stage3/fixtures","Test":"TestFixturesHost/host/25_readDirectory.a","Output":"--- PASS: TestFixturesHost/host/25_readDirectory.a (3.67s)\n","OutputType":"frame"}
{"Time":"2026-10-09T18:21:32.855564126Z","Action":"pass","Package":"github.com/system-inc/adamic/stage3/fixtures","Test":"TestFixturesHost/host/25_readDirectory.a","Elapsed":3.67}
{"Time":"2026-10-09T18:21:32.85561227Z","Action":"output","Package":"github.com/system-inc/adamic/stage3/fixtures","Test":"TestFixturesHost/host/24_useCaseSensitiveFileNames.a/native","Output":"--- PASS: TestFixturesHost/host/24_useCaseSensitiveFileNames.a/native (2.47s)\n","OutputType":"frame"}
{"Time":"2026-10-09T18:21:32.85562565Z","Action":"pass","Package":"github.com/system-inc/adamic/stage3/fixtures","Test":"TestFixturesHost/host/24_useCaseSensitiveFileNames.a/native","Elapsed":2.47}
{"Time":"2026-10-09T18:21:32.855633837Z","Action":"run","Package":"github.com/system-inc/adamic/stage3/fixtures","Test":"TestFixturesHost/host/24_useCaseSensitiveFileNames.a/stage0"}
{"Time":"2026-10-09T18:21:32.855637426Z","Action":"output","Package":"github.com/system-inc/adamic/stage3/fixtures","Test":"TestFixturesHost/host/24_useCaseSensitiveFileNames.a/stage0","Output":"=== RUN   TestFixturesHost/host/24_useCaseSensitiveFileNames.a/stage0\n","OutputType":"frame"}
{"Time":"2026-10-09T18:21:32.855642405Z","Action":"output","Package":"github.com/system-inc/adamic/stage3/fixtures","Test":"TestFixturesHost/host/24_useCaseSensitiveFileNames.a/stage0","Output":"--- PASS: TestFixturesHost/host/24_useCaseSensitiveFileNames.a/stage0 (0.00s)\n","OutputType":"frame"}
{"Time":"2026-10-09T18:21:32.855650988Z","Action":"pass","Package":"github.com/system-inc/adamic/stage3/fixtures","Test":"TestFixturesHost/host/24_useCaseSensitiveFileNames.a/stage0","Elapsed":0}
{"Time":"2026-10-09T18:21:32.855662624Z","Action":"output","Package":"github.com/system-inc/adamic/stage3/fixtures","Test":"TestFixturesHost/host/24_useCaseSensitiveFileNames.a","Output":"--- PASS: TestFixturesHost/host/24_useCaseSensitiveFileNames.a (5.11s)\n","OutputType":"frame"}
{"Time":"2026-10-09T18:21:32.855669446Z","Action":"pass","Package":"github.com/system-inc/adamic/stage3/fixtures","Test":"TestFixturesHost/host/24_useCaseSensitiveFileNames.a","Elapsed":5.11}
{"Time":"2026-10-09T18:21:32.855673112Z","Action":"output","Package":"github.com/system-inc/adamic/stage3/fixtures","Test":"TestFixturesHost/host","Output":"--- PASS: TestFixturesHost/host (0.01s)\n","OutputType":"frame"}
{"Time":"2026-10-09T18:21:32.855770713Z","Action":"pass","Package":"github.com/system-inc/adamic/stage3/fixtures","Test":"TestFixturesHost/host","Elapsed":0.01}
{"Time":"2026-10-09T18:21:32.855778518Z","Action":"output","Package":"github.com/system-inc/adamic/stage3/fixtures","Test":"TestFixturesHost","Output":"--- PASS: TestFixturesHost (3.76s)\n","OutputType":"frame"}
{"Time":"2026-10-09T18:21:32.855822134Z","Action":"pass","Package":"github.com/system-inc/adamic/stage3/fixtures","Test":"TestFixturesHost","Elapsed":3.76}
{"Time":"2026-10-09T18:21:32.855826814Z","Action":"output","Package":"github.com/system-inc/adamic/stage3/fixtures","Output":"PASS\n","OutputType":"frame"}
{"Time":"2026-10-09T18:21:32.939279113Z","Action":"output","Package":"github.com/system-inc/adamic/stage3/fixtures","Output":"ok  \tgithub.com/system-inc/adamic/stage3/fixtures\t8.991s\n"}
{"Time":"2026-10-09T18:21:32.939445395Z","Action":"pass","Package":"github.com/system-inc/adamic/stage3/fixtures","Elapsed":8.992}
