=== RUN   TestFixturesHost
=== PAUSE TestFixturesHost
=== CONT  TestFixturesHost
    fixtures_test.go:173: build stage3-fixture-oracle-hook 4b1cd36ac3e2 miss 19.20
=== RUN   TestFixturesHost/host
=== PAUSE TestFixturesHost/host
=== CONT  TestFixturesHost/host
=== RUN   TestFixturesHost/host/01_readFile_utf8.a
=== PAUSE TestFixturesHost/host/01_readFile_utf8.a
=== RUN   TestFixturesHost/host/02_readFile_utf16le.a
=== PAUSE TestFixturesHost/host/02_readFile_utf16le.a
=== RUN   TestFixturesHost/host/03_readFile_utf16be.a
=== PAUSE TestFixturesHost/host/03_readFile_utf16be.a
=== RUN   TestFixturesHost/host/04_readFile_missing.a
=== PAUSE TestFixturesHost/host/04_readFile_missing.a
=== RUN   TestFixturesHost/host/05_writeFile.a
=== PAUSE TestFixturesHost/host/05_writeFile.a
=== RUN   TestFixturesHost/host/06_fileExists.a
=== PAUSE TestFixturesHost/host/06_fileExists.a
=== RUN   TestFixturesHost/host/07_directoryExists.a
=== PAUSE TestFixturesHost/host/07_directoryExists.a
=== RUN   TestFixturesHost/host/08_getDirectories.a
=== PAUSE TestFixturesHost/host/08_getDirectories.a
=== RUN   TestFixturesHost/host/09_realpath.a
=== PAUSE TestFixturesHost/host/09_realpath.a
=== RUN   TestFixturesHost/host/10_getModifiedTime.a
=== PAUSE TestFixturesHost/host/10_getModifiedTime.a
=== RUN   TestFixturesHost/host/11_setModifiedTime.a
=== PAUSE TestFixturesHost/host/11_setModifiedTime.a
=== RUN   TestFixturesHost/host/12_deleteFile.a
=== PAUSE TestFixturesHost/host/12_deleteFile.a
=== RUN   TestFixturesHost/host/13_createDirectory.a
=== PAUSE TestFixturesHost/host/13_createDirectory.a
=== RUN   TestFixturesHost/host/14_getCurrentDirectory.a
=== PAUSE TestFixturesHost/host/14_getCurrentDirectory.a
=== RUN   TestFixturesHost/host/15_getExecutingFilePath.a
=== PAUSE TestFixturesHost/host/15_getExecutingFilePath.a
=== RUN   TestFixturesHost/host/16_getEnvironmentVariable.a
=== PAUSE TestFixturesHost/host/16_getEnvironmentVariable.a
=== RUN   TestFixturesHost/host/17_write.a
=== PAUSE TestFixturesHost/host/17_write.a
=== RUN   TestFixturesHost/host/18_exit_0.a
=== PAUSE TestFixturesHost/host/18_exit_0.a
=== RUN   TestFixturesHost/host/19_exit_1.a
=== PAUSE TestFixturesHost/host/19_exit_1.a
=== RUN   TestFixturesHost/host/20_exit_2.a
=== PAUSE TestFixturesHost/host/20_exit_2.a
=== RUN   TestFixturesHost/host/21_createHash.a
=== PAUSE TestFixturesHost/host/21_createHash.a
=== RUN   TestFixturesHost/host/22_createHash_fallback.a
=== PAUSE TestFixturesHost/host/22_createHash_fallback.a
=== RUN   TestFixturesHost/host/23_newLine.a
=== PAUSE TestFixturesHost/host/23_newLine.a
=== RUN   TestFixturesHost/host/24_useCaseSensitiveFileNames.a
=== PAUSE TestFixturesHost/host/24_useCaseSensitiveFileNames.a
=== RUN   TestFixturesHost/host/25_readDirectory.a
=== PAUSE TestFixturesHost/host/25_readDirectory.a
=== CONT  TestFixturesHost/host/01_readFile_utf8.a
=== CONT  TestFixturesHost/host/14_getCurrentDirectory.a
=== CONT  TestFixturesHost/host/08_getDirectories.a
=== CONT  TestFixturesHost/host/05_writeFile.a
=== CONT  TestFixturesHost/host/25_readDirectory.a
=== RUN   TestFixturesHost/host/14_getCurrentDirectory.a/node
=== RUN   TestFixturesHost/host/05_writeFile.a/node
=== RUN   TestFixturesHost/host/01_readFile_utf8.a/node
=== RUN   TestFixturesHost/host/08_getDirectories.a/node
=== RUN   TestFixturesHost/host/25_readDirectory.a/node
=== RUN   TestFixturesHost/host/14_getCurrentDirectory.a/stage0
=== CONT  TestFixturesHost/host/11_setModifiedTime.a
=== RUN   TestFixturesHost/host/01_readFile_utf8.a/stage0
=== CONT  TestFixturesHost/host/13_createDirectory.a
=== RUN   TestFixturesHost/host/11_setModifiedTime.a/node
=== RUN   TestFixturesHost/host/05_writeFile.a/native
=== RUN   TestFixturesHost/host/08_getDirectories.a/stage0
=== CONT  TestFixturesHost/host/12_deleteFile.a
=== RUN   TestFixturesHost/host/13_createDirectory.a/node
=== RUN   TestFixturesHost/host/25_readDirectory.a/stage0
=== CONT  TestFixturesHost/host/20_exit_2.a
=== RUN   TestFixturesHost/host/12_deleteFile.a/node
=== RUN   TestFixturesHost/host/20_exit_2.a/node
=== RUN   TestFixturesHost/host/13_createDirectory.a/native
=== RUN   TestFixturesHost/host/11_setModifiedTime.a/native
=== RUN   TestFixturesHost/host/12_deleteFile.a/stage0
=== CONT  TestFixturesHost/host/24_useCaseSensitiveFileNames.a
=== RUN   TestFixturesHost/host/20_exit_2.a/stage0
=== CONT  TestFixturesHost/host/23_newLine.a
=== RUN   TestFixturesHost/host/24_useCaseSensitiveFileNames.a/node
=== RUN   TestFixturesHost/host/23_newLine.a/node
=== RUN   TestFixturesHost/host/23_newLine.a/stage0
=== CONT  TestFixturesHost/host/22_createHash_fallback.a
=== RUN   TestFixturesHost/host/24_useCaseSensitiveFileNames.a/native
=== RUN   TestFixturesHost/host/22_createHash_fallback.a/node
=== RUN   TestFixturesHost/host/22_createHash_fallback.a/stage0
=== CONT  TestFixturesHost/host/21_createHash.a
=== RUN   TestFixturesHost/host/21_createHash.a/node
=== RUN   TestFixturesHost/host/21_createHash.a/stage0
=== CONT  TestFixturesHost/host/17_write.a
=== RUN   TestFixturesHost/host/17_write.a/node
