1 TestLiteralOptionalOracleCatchesMutant$ 0 22.295
2 TestOptionalFieldAliasCatchesStaticEnumeration$ 0 18.05
3 TestOptionalFieldCheckedViewCatchesAbsentReadAsZero$ 0 28.495
4 TestOptionalFieldCheckedViewCatchesBooleanRead$ 0 20.012
5 TestOptionalFieldCheckedViewCatchesDroppedStore$ 0 10.835
6 TestOptionalFieldCheckedViewCatchesMissingBoxing$ 0 19.824
7 TestOptionalFieldCheckedViewCatchesMissingPublication$ 0 26.634
8 TestOptionalFieldCheckedViewCatchesMissingWriteGuard$ 0 27.568
9 TestOptionalFieldCheckedViewEnumeration$ 0 13.226
10 TestOptionalFieldCheckedViewLiteral$ 0 17.465
11 TestOptionalFieldCheckedViewMisfit$ 0 12.43
12 TestOptionalFieldCheckedViewRequiredString$ 0 17.116
13 TestOptionalFieldCheckedViewRequiredStringMutant$ 0 21.257
14 TestOptionalFieldCheckedViewStringSelf$ 0 15.248
15 TestOptionalFieldCheckedViewStringUndefinedMutant$ 0 28.446
16 TestOptionalFieldCheckedViewWrites$ 0 11.906
17 TestOptionalFieldConstructionCatchesDroppedReservation$ 0 11.832
18 TestOptionalFieldCopyState$ 0 28.001
19 TestOptionalFieldPresenceCatchesMutants$ 0 12.445
20 TestOptionalFieldWriteCatchesDroppedSlot$ 0 7.077
21 TestNativeAgreesWithNode$/internal/oracle/testdata/optional_field 0 13.041
