--- FAIL: TestCountsAreRecorded (36.59s)
    --- FAIL: TestCountsAreRecorded/fixtures (0.01s)
        --- FAIL: TestCountsAreRecorded/fixtures/internal/oracle/testdata/require_node_perf_hooks.a (0.04s)
            counts_test.go:210: Load: load: node:* imports require @types/node 25.3.3 installed in stage3/api/node_modules/@types/node
        --- FAIL: TestCountsAreRecorded/fixtures/internal/oracle/testdata/process_bad_code.a (0.05s)
            counts_test.go:169: Lower: /workspace/adamic/internal/oracle/testdata/process_bad_code.a:2:44: stage 0 can't lower process.exit as a value (use its supported process operation directly) yet
        --- FAIL: TestCountsAreRecorded/fixtures/internal/oracle/testdata/process_exit_default.a (0.05s)
            counts_test.go:169: Lower: /workspace/adamic/internal/oracle/testdata/process_exit_default.a:3:26: stage 0 can't lower process.exit as a value (use its supported process operation directly) yet
        --- FAIL: TestCountsAreRecorded/fixtures/internal/oracle/testdata/process_exit.a (0.09s)
            counts_test.go:169: Lower: /workspace/adamic/internal/oracle/testdata/process_exit.a:2:44: stage 0 can't lower process.exit as a value (use its supported process operation directly) yet
        --- FAIL: TestCountsAreRecorded/fixtures/internal/oracle/testdata/census_overload_contracts.a (0.05s)
            counts_test.go:169: Lower: /workspace/adamic/internal/oracle/testdata/census_overload_contracts.a:13:16: stage 0 can't lower an overloaded call with more arguments than its implementation yet
        --- FAIL: TestCountsAreRecorded/fixtures/internal/oracle/testdata/census_small_boolean.a (0.07s)
            counts_test.go:169: Lower: /workspace/adamic/internal/oracle/testdata/census_small_boolean.a:19:16: stage 0 can't lower a template interpolating an object, an array, a map, a function or undefined yet
        --- FAIL: TestCountsAreRecorded/fixtures/internal/oracle/testdata/library_array_holes_callbacks.a (0.09s)
            counts_test.go:169: Lower: /workspace/adamic/internal/oracle/testdata/library_array_holes_callbacks.a:12:37: Adamic 0.1 refuses an unproven predicate argument for parameter predicate (argument "(value) => value !== undefined"); pass a named function or arrow whose body proves both predicate branches; return a boolean and narrow at the caller (adamic/no-type-predicate)
        --- FAIL: TestCountsAreRecorded/fixtures/internal/oracle/testdata/nbody_field_values.a (0.08s)
            counts_test.go:169: Lower: /workspace/adamic/internal/oracle/testdata/nbody_field_values.a:18:47: stage 0 can't lower a template interpolating an object, an array, a map, a function or undefined yet
        --- FAIL: TestCountsAreRecorded/fixtures/internal/oracle/testdata/maybe_number_slots.a (0.04s)
            counts_test.go:169: Lower: /workspace/adamic/internal/oracle/testdata/maybe_number_slots.a:29:33: Adamic 0.1 refuses an unproven predicate argument for parameter predicate (argument "(value) => value === undefined"); pass a named function or arrow whose body proves both predicate branches; return a boolean and narrow at the caller (adamic/no-type-predicate)
        --- FAIL: TestCountsAreRecorded/fixtures/internal/oracle/testdata/weak_narrowed.a (0.05s)
            counts_test.go:169: Lower: /workspace/adamic/internal/oracle/testdata/weak_narrowed.a:15:30: Adamic 0.1 refuses an unproven predicate argument for parameter predicate (argument "(x) => x !== undefined"); pass a named function or arrow whose body proves both predicate branches; return a boolean and narrow at the caller (adamic/no-type-predicate)
        --- FAIL: TestCountsAreRecorded/fixtures/internal/oracle/testdata/visits.a (0.05s)
            counts_test.go:169: Lower: /workspace/adamic/internal/oracle/testdata/visits.a:43:83: Adamic 0.1 refuses an unproven predicate argument for parameter predicate (argument "(word) => word === 'mug'"); pass a named function or arrow whose body proves both predicate branches; return a boolean and narrow at the caller (adamic/no-type-predicate)
        --- FAIL: TestCountsAreRecorded/fixtures/internal/oracle/testdata/require_perf_hooks.a (0.01s)
            counts_test.go:210: Load: load: node:* imports require @types/node 25.3.3 installed in stage3/api/node_modules/@types/node
        --- FAIL: TestCountsAreRecorded/fixtures/internal/oracle/testdata/require_node_path.a (0.02s)
            counts_test.go:210: Load: load: node:* imports require @types/node 25.3.3 installed in stage3/api/node_modules/@types/node
        --- FAIL: TestCountsAreRecorded/fixtures/internal/oracle/testdata/require_fs.a (0.01s)
            counts_test.go:210: Load: load: node:* imports require @types/node 25.3.3 installed in stage3/api/node_modules/@types/node
        --- FAIL: TestCountsAreRecorded/fixtures/internal/oracle/testdata/node_fs_file_rm.a (0.01s)
            counts_test.go:201: Load: load: node:* imports require @types/node 25.3.3 installed in stage3/api/node_modules/@types/node
        --- FAIL: TestCountsAreRecorded/fixtures/internal/oracle/testdata/require_path.a (0.02s)
            counts_test.go:210: Load: load: node:* imports require @types/node 25.3.3 installed in stage3/api/node_modules/@types/node
        --- FAIL: TestCountsAreRecorded/fixtures/internal/oracle/testdata/node_fs_file_mkdtemp.a (0.02s)
            counts_test.go:201: Load: load: node:* imports require @types/node 25.3.3 installed in stage3/api/node_modules/@types/node
        --- FAIL: TestCountsAreRecorded/fixtures/internal/oracle/testdata/node_fs_file_write_buffer.a (0.02s)
            counts_test.go:201: Load: load: node:* imports require @types/node 25.3.3 installed in stage3/api/node_modules/@types/node
        --- FAIL: TestCountsAreRecorded/fixtures/internal/oracle/testdata/node_fs_file_read_sync.a (0.02s)
            counts_test.go:201: Load: load: node:* imports require @types/node 25.3.3 installed in stage3/api/node_modules/@types/node
        --- FAIL: TestCountsAreRecorded/fixtures/internal/oracle/testdata/node_fs_file_buffer.a (0.02s)
            counts_test.go:201: Load: load: node:* imports require @types/node 25.3.3 installed in stage3/api/node_modules/@types/node
        --- FAIL: TestCountsAreRecorded/fixtures/internal/oracle/testdata/node_fs_file_utimes.a (0.01s)
            counts_test.go:201: Load: load: node:* imports require @types/node 25.3.3 installed in stage3/api/node_modules/@types/node
        --- FAIL: TestCountsAreRecorded/fixtures/internal/oracle/testdata/node_fs_file_system.a (0.02s)
            counts_test.go:201: Load: load: node:* imports require @types/node 25.3.3 installed in stage3/api/node_modules/@types/node
        --- FAIL: TestCountsAreRecorded/fixtures/internal/oracle/testdata/node_fs_file_mkdir.a (0.02s)
            counts_test.go:201: Load: load: node:* imports require @types/node 25.3.3 installed in stage3/api/node_modules/@types/node
        --- FAIL: TestCountsAreRecorded/fixtures/internal/oracle/testdata/node_fs_file_unlink.a (0.02s)
            counts_test.go:201: Load: load: node:* imports require @types/node 25.3.3 installed in stage3/api/node_modules/@types/node
        --- FAIL: TestCountsAreRecorded/fixtures/internal/oracle/testdata/node_fs_file_stat.a (0.01s)
            counts_test.go:201: Load: load: node:* imports require @types/node 25.3.3 installed in stage3/api/node_modules/@types/node
        --- FAIL: TestCountsAreRecorded/fixtures/internal/oracle/testdata/node_fs_file_exists.a (0.01s)
            counts_test.go:201: Load: load: node:* imports require @types/node 25.3.3 installed in stage3/api/node_modules/@types/node
        --- FAIL: TestCountsAreRecorded/fixtures/internal/oracle/testdata/node_fs_file_write_file.a (0.01s)
            counts_test.go:201: Load: load: node:* imports require @types/node 25.3.3 installed in stage3/api/node_modules/@types/node
        --- FAIL: TestCountsAreRecorded/fixtures/internal/oracle/testdata/node_fs_file_write.a (0.01s)
            counts_test.go:201: Load: load: node:* imports require @types/node 25.3.3 installed in stage3/api/node_modules/@types/node
        --- FAIL: TestCountsAreRecorded/fixtures/internal/oracle/testdata/node_fs_file_close.a (0.01s)
            counts_test.go:201: Load: load: node:* imports require @types/node 25.3.3 installed in stage3/api/node_modules/@types/node
        --- FAIL: TestCountsAreRecorded/fixtures/internal/oracle/testdata/node_fs_file_open.a (0.01s)
            counts_test.go:201: Load: load: node:* imports require @types/node 25.3.3 installed in stage3/api/node_modules/@types/node
        --- FAIL: TestCountsAreRecorded/fixtures/internal/oracle/testdata/node_fs_file_read.a (0.01s)
            counts_test.go:201: Load: load: node:* imports require @types/node 25.3.3 installed in stage3/api/node_modules/@types/node
        --- FAIL: TestCountsAreRecorded/fixtures/internal/oracle/testdata/node_fs_directory_realpath.a (0.01s)
            counts_test.go:191: Load: load: node:* imports require @types/node 25.3.3 installed in stage3/api/node_modules/@types/node
        --- FAIL: TestCountsAreRecorded/fixtures/internal/oracle/testdata/node_fs_directory_permissions.a (0.01s)
            counts_test.go:191: Load: load: node:* imports require @types/node 25.3.3 installed in stage3/api/node_modules/@types/node
        --- FAIL: TestCountsAreRecorded/fixtures/internal/oracle/testdata/node_fs_directory_entries.a (0.01s)
            counts_test.go:191: Load: load: node:* imports require @types/node 25.3.3 installed in stage3/api/node_modules/@types/node
        --- FAIL: TestCountsAreRecorded/fixtures/internal/oracle/testdata/node_fs_directory_system.a (0.02s)
            counts_test.go:191: Load: load: node:* imports require @types/node 25.3.3 installed in stage3/api/node_modules/@types/node
        --- FAIL: TestCountsAreRecorded/fixtures/internal/oracle/testdata/node_buffer_input.a (0.02s)
            counts_test.go:191: Load: load: node:* imports require @types/node 25.3.3 installed in stage3/api/node_modules/@types/node
        --- FAIL: TestCountsAreRecorded/fixtures/internal/oracle/testdata/node_path_posix.a (0.03s)
            counts_test.go:191: Load: load: node:* imports require @types/node 25.3.3 installed in stage3/api/node_modules/@types/node
        --- FAIL: TestCountsAreRecorded/fixtures/internal/oracle/testdata/node_process_system.a (0.02s)
            counts_test.go:191: Load: load: node:* imports require @types/node 25.3.3 installed in stage3/api/node_modules/@types/node
        --- FAIL: TestCountsAreRecorded/fixtures/internal/oracle/testdata/node_process_performance_core.a (0.03s)
            counts_test.go:191: Load: load: node:* imports require @types/node 25.3.3 installed in stage3/api/node_modules/@types/node
        --- FAIL: TestCountsAreRecorded/fixtures/internal/oracle/testdata/node_process_performance.a (0.01s)
            counts_test.go:191: Load: load: node:* imports require @types/node 25.3.3 installed in stage3/api/node_modules/@types/node
        --- FAIL: TestCountsAreRecorded/fixtures/internal/oracle/testdata/node_process_host.a (0.01s)
            counts_test.go:191: Load: load: node:* imports require @types/node 25.3.3 installed in stage3/api/node_modules/@types/node
        --- FAIL: TestCountsAreRecorded/fixtures/internal/oracle/testdata/fresh_refused/set_iterator.a (0.15s)
            counts_test.go:182: no counts at the end of stderr (exit -1): "adamic: graph region: live 7 bytes 614 reachable 7 bytes 614 unreachable 0 bytes 0 metadata 176\nfree(): invalid pointer\n"
        --- FAIL: TestCountsAreRecorded/fixtures/internal/oracle/testdata/fresh_refused/set_add.a (0.19s)
            counts_test.go:182: no counts at the end of stderr (exit -1): "adamic: graph region: live 2 bytes 340 reachable 2 bytes 340 unreachable 0 bytes 0 metadata 96\nfree(): invalid pointer\n"
        --- FAIL: TestCountsAreRecorded/fixtures/internal/oracle/testdata/fresh_refused/map_set.a (0.14s)
            counts_test.go:182: no counts at the end of stderr (exit -1): "adamic: graph region: live 2 bytes 340 reachable 2 bytes 340 unreachable 0 bytes 0 metadata 96\nfree(): invalid pointer\n"
        --- FAIL: TestCountsAreRecorded/fixtures/internal/oracle/testdata/fresh_refused/map_key.a (0.17s)
            counts_test.go:182: no counts at the end of stderr (exit -1): "adamic: graph region: live 2 bytes 340 reachable 2 bytes 340 unreachable 0 bytes 0 metadata 96\nfree(): invalid pointer\n"
        --- FAIL: TestCountsAreRecorded/fixtures/internal/oracle/testdata/fresh_refused/map_iterator.a (0.20s)
            counts_test.go:182: no counts at the end of stderr (exit -1): "adamic: graph region: live 6 bytes 556 reachable 6 bytes 556 unreachable 0 bytes 0 metadata 160\nfree(): invalid pointer\n"
        --- FAIL: TestCountsAreRecorded/fixtures/internal/oracle/testdata/fresh_refused/map_iterator_parenthesized.a (0.23s)
            counts_test.go:182: no counts at the end of stderr (exit -1): "adamic: graph region: live 6 bytes 556 reachable 6 bytes 556 unreachable 0 bytes 0 metadata 160\nfree(): invalid pointer\n"
        --- FAIL: TestCountsAreRecorded/fixtures/internal/oracle/testdata/fresh_refused/ctor_set.a (0.19s)
            counts_test.go:182: no counts at the end of stderr (exit -1): "adamic: graph region: live 4 bytes 680 reachable 4 bytes 680 unreachable 0 bytes 0 metadata 192\nfree(): invalid pointer\n"
        --- FAIL: TestCountsAreRecorded/fixtures/internal/oracle/testdata/enums_names.a (0.05s)
            counts_test.go:169: Lower: /workspace/adamic/internal/oracle/testdata/enums_names.a:6:43: Adamic 0.1 refuses an unproven predicate argument for parameter predicate (argument "name => name === \"Zero\" || name === \"One\" || name === \"Alias\" || name === \"High\""); pass a named function or arrow whose body proves both predicate branches; return a boolean and narrow at the caller (adamic/no-type-predicate)
        --- FAIL: TestCountsAreRecorded/fixtures/internal/oracle/testdata/graph_regions_regression_06.a (0.16s)
            counts_test.go:169: no counts at the end of stderr (exit -1): "adamic: graph region: live 2 bytes 330 reachable 2 bytes 330 unreachable 0 bytes 0 metadata 96\nfree(): invalid pointer\n"
        --- FAIL: TestCountsAreRecorded/fixtures/internal/oracle/testdata/graph_regions_literals.a (0.16s)
            counts_test.go:169: no counts at the end of stderr (exit -1): "adamic: graph region: live 3 bytes 428 reachable 2 bytes 350 unreachable 1 bytes 78 metadata 112\nfree(): invalid pointer\n"
        --- FAIL: TestCountsAreRecorded/fixtures/internal/oracle/testdata/graph_regions_cache.a (0.19s)
            counts_test.go:169: no counts at the end of stderr (exit -1): "adamic: graph region: live 2 bytes 340 reachable 1 bytes 68 unreachable 1 bytes 272 metadata 96\nfree(): invalid pointer\n"
        --- FAIL: TestCountsAreRecorded/fixtures/internal/oracle/testdata/graph_regions_regression_08.a (0.15s)
            counts_test.go:169: no counts at the end of stderr (exit -1): "adamic: graph region: live 2 bytes 340 reachable 2 bytes 340 unreachable 0 bytes 0 metadata 96\nfree(): invalid pointer\n"
        --- FAIL: TestCountsAreRecorded/fixtures/internal/oracle/testdata/graph_regions_regression_09.a (0.19s)
            counts_test.go:169: no counts at the end of stderr (exit -1): "adamic: graph region: live 3 bytes 612 reachable 2 bytes 544 unreachable 1 bytes 68 metadata 112\nfree(): invalid pointer\n"
        --- FAIL: TestCountsAreRecorded/fixtures/internal/oracle/testdata/graph_regions_regression_07.a (0.13s)
            counts_test.go:169: no counts at the end of stderr (exit -1): "adamic: graph region: live 2 bytes 340 reachable 2 bytes 340 unreachable 0 bytes 0 metadata 96\nfree(): invalid pointer\n"
        --- FAIL: TestCountsAreRecorded/fixtures/internal/lower/testdata/optional_widening/checked_writes/nominal-subclass-slot.a (0.03s)
            counts_test.go:169: Lower: /workspace/adamic/internal/lower/testdata/optional_widening/checked_writes/nominal-subclass-slot.a:1:179: stage 0 can't lower a checked write without a reifiable source-slot type certificate yet
        --- FAIL: TestCountsAreRecorded/fixtures/internal/oracle/testdata/graph_regions_entries.a (0.16s)
            counts_test.go:169: no counts at the end of stderr (exit -1): "adamic: graph region: live 5 bytes 544 reachable 3 bytes 208 unreachable 2 bytes 336 metadata 144\nfree(): invalid pointer\n"
        --- FAIL: TestCountsAreRecorded/fixtures/internal/oracle/testdata/node_buffer_finalized.a (0.00s)
            counts_test.go:169: Load: load: node:* imports require @types/node 25.3.3 installed in stage3/api/node_modules/@types/node
        --- FAIL: TestCountsAreRecorded/fixtures/internal/oracle/testdata/node_buffer_random.a (0.02s)
            counts_test.go:169: Load: load: node:* imports require @types/node 25.3.3 installed in stage3/api/node_modules/@types/node
        --- FAIL: TestCountsAreRecorded/fixtures/internal/oracle/testdata/node_buffer_crypto.a (0.02s)
            counts_test.go:169: Load: load: node:* imports require @types/node 25.3.3 installed in stage3/api/node_modules/@types/node
        --- FAIL: TestCountsAreRecorded/fixtures/internal/oracle/testdata/node_buffer_writes.a (0.02s)
            counts_test.go:169: Load: load: node:* imports require @types/node 25.3.3 installed in stage3/api/node_modules/@types/node
        --- FAIL: TestCountsAreRecorded/fixtures/internal/oracle/testdata/node_buffer_bom.a (0.01s)
            counts_test.go:169: Load: load: node:* imports require @types/node 25.3.3 installed in stage3/api/node_modules/@types/node
        --- FAIL: TestCountsAreRecorded/fixtures/internal/oracle/testdata/node_buffer_utf16.a (0.01s)
            counts_test.go:169: Load: load: node:* imports require @types/node 25.3.3 installed in stage3/api/node_modules/@types/node
        --- FAIL: TestCountsAreRecorded/fixtures/internal/oracle/testdata/node_buffer_utf8.a (0.01s)
            counts_test.go:169: Load: load: node:* imports require @types/node 25.3.3 installed in stage3/api/node_modules/@types/node
        --- FAIL: TestCountsAreRecorded/fixtures/internal/oracle/testdata/node_buffer_encodings.a (0.01s)
            counts_test.go:169: Load: load: node:* imports require @types/node 25.3.3 installed in stage3/api/node_modules/@types/node
FAIL
gate cache: native hits=0 misses=0
gate cache: node hits=0 misses=0
gate cache: probe hits=0 misses=0
FAIL	github.com/system-inc/adamic/internal/oracle	36.608s
FAIL
