=== RUN   TestAgreement
    agreement_test.go:117: nexus/correctness_no_process_exit_after_output_test.go: 48 reference source rows
    agreement_test.go:117: nexus/correctness_no_uncleared_race_timeout_test.go: 18 reference source rows
    agreement_test.go:117: nexus/correctness_require_blocking_standard_streams_test.go: 37 reference source rows
    agreement_test.go:133: controls: 82416 identical finding bytes; findings 132
    agreement_test.go:141: controls-asan: 82416 identical finding bytes; findings 132
    agreement_test.go:178: no_process_exit_after_output.a mutant exits 0, empty stderr, byte comparison catches byte 3917
    agreement_test.go:178: no_uncleared_race_timeout.a mutant exits 0, empty stderr, byte comparison catches byte 4574
    agreement_test.go:178: require_blocking_standard_streams.a mutant exits 0, empty stderr, byte comparison catches byte 715
    agreement_test.go:193: ancestry-declaration raw question mutant exits 0, empty stderr, byte comparison catches byte 65
    agreement_test.go:193: signature-body raw question mutant exits 0, empty stderr, byte comparison catches byte 3917
    agreement_test.go:193: import-target raw question mutant exits 0, empty stderr, byte comparison catches byte 13210
    agreement_test.go:212: all three new questions reject released handles with panic 70; registry retention mutant exits 0 and is caught
    agreement_test.go:225: compiler-native: exit status 70
        file	/workspace/wave-12/corpus/src/compiler/_namespaces/ts.moduleSpecifiers.ts
        file	/workspace/wave-12/corpus/src/compiler/_namespaces/ts.performance.ts
        file	/workspace/wave-12/corpus/src/compiler/_namespaces/ts.ts
        file	/workspace/wave-12/corpus/src/compiler/binder.ts
        file	/workspace/wave-12/corpus/src/compiler/builder.ts
        file	/workspace/wave-12/corpus/src/compiler/builderPublic.ts
        file	/workspace/wave-12/corpus/src/compiler/builderState.ts
        file	/workspace/wave-12/corpus/src/compiler/builderStatePublic.ts
        file	/workspace/wave-12/corpus/src/compiler/checker.ts
        file	/workspace/wave-12/corpus/src/compiler/commandLineParser.ts
        file	/workspace/wave-12/corpus/src/compiler/core.ts
        file	/workspace/wave-12/corpus/src/compiler/corePublic.ts
        file	/workspace/wave-12/corpus/src/compiler/debug.ts
        
        adamic: panic: Unhandled case in Node.Text: *ast.BindingPattern
--- FAIL: TestAgreement (126.65s)
FAIL
FAIL	github.com/system-inc/adamic/stage1/cohere/typeaware/wave12_next	126.660s
FAIL
