main 6eef5ae586af0354d3032d36535e54cefb2da43a added 96 top-level 2 one-directory 94
segment-count negative checks passed
internal/lower/testdata/census_marker_live_boundary.a
internal/lower/testdata/constructor_cache_one_argument.a
internal/lower/testdata/input-spread/fileStatus_alias.a
internal/lower/testdata/input-spread/fileStatus_array.a
internal/lower/testdata/input-spread/fileStatus_local.a
internal/lower/testdata/input-spread/fileStatus_nested.a
internal/lower/testdata/input-spread/fileStatus_parentheses.a
internal/lower/testdata/input-spread/fileStatus_tuple.a
internal/lower/testdata/input-spread/programArguments_alias.a
internal/lower/testdata/input-spread/programArguments_array.a
internal/lower/testdata/input-spread/programArguments_local.a
internal/lower/testdata/input-spread/programArguments_nested.a
internal/lower/testdata/input-spread/programArguments_parentheses.a
internal/lower/testdata/input-spread/programArguments_tuple.a
internal/lower/testdata/input-spread/readDirectory_alias.a
internal/lower/testdata/input-spread/readDirectory_array.a
internal/lower/testdata/input-spread/readDirectory_local.a
internal/lower/testdata/input-spread/readDirectory_nested.a
internal/lower/testdata/input-spread/readDirectory_parentheses.a
internal/lower/testdata/input-spread/readDirectory_tuple.a
internal/lower/testdata/input-spread/readTextFile_alias.a
internal/lower/testdata/input-spread/readTextFile_array.a
internal/lower/testdata/input-spread/readTextFile_local.a
internal/lower/testdata/input-spread/readTextFile_nested.a
internal/lower/testdata/input-spread/readTextFile_parentheses.a
internal/lower/testdata/input-spread/readTextFile_tuple.a
internal/lower/testdata/input-spread/utf8At_alias.a
internal/lower/testdata/input-spread/utf8At_array.a
internal/lower/testdata/input-spread/utf8At_later.a
internal/lower/testdata/input-spread/utf8At_local.a
internal/lower/testdata/input-spread/utf8At_multiple.a
internal/lower/testdata/input-spread/utf8At_nested.a
internal/lower/testdata/input-spread/utf8At_parentheses.a
internal/lower/testdata/input-spread/utf8At_tuple.a
internal/lower/testdata/input-spread/utf8Length_alias.a
internal/lower/testdata/input-spread/utf8Length_array.a
internal/lower/testdata/input-spread/utf8Length_empty.a
internal/lower/testdata/input-spread/utf8Length_local.a
internal/lower/testdata/input-spread/utf8Length_nested.a
internal/lower/testdata/input-spread/utf8Length_parentheses.a
internal/lower/testdata/input-spread/utf8Length_tuple.a
internal/lower/testdata/input-spread/writeTextFile_alias.a
internal/lower/testdata/input-spread/writeTextFile_array.a
internal/lower/testdata/input-spread/writeTextFile_later.a
internal/lower/testdata/input-spread/writeTextFile_local.a
internal/lower/testdata/input-spread/writeTextFile_multiple.a
internal/lower/testdata/input-spread/writeTextFile_nested.a
internal/lower/testdata/input-spread/writeTextFile_parentheses.a
internal/lower/testdata/input-spread/writeTextFile_tuple.a
internal/lower/testdata/namespaces_notyet/class_merge.a
internal/lower/testdata/namespaces_notyet/debug_class.a
internal/lower/testdata/namespaces_notyet/debug_log.a
internal/lower/testdata/namespaces_notyet/reaching_cycle.a
internal/lower/testdata/namespaces_notyet/reaching_direct.a
internal/lower/testdata/namespaces_notyet/reaching_helper.a
internal/lower/testdata/namespaces_notyet/tracing_escape.a
internal/lower/testdata/optional_widening/argument.a
internal/lower/testdata/optional_widening/array_element.a
internal/lower/testdata/optional_widening/arrow.a
internal/lower/testdata/optional_widening/assignment.a
internal/lower/testdata/optional_widening/cast.a
internal/lower/testdata/optional_widening/class_field.a
internal/lower/testdata/optional_widening/field.a
internal/lower/testdata/optional_widening/field_access_paths.a
internal/lower/testdata/optional_widening/generic.a
internal/lower/testdata/optional_widening/incompatible.a
internal/lower/testdata/optional_widening/initializer.a
internal/lower/testdata/optional_widening/nested.a
internal/lower/testdata/optional_widening/parameter_default.a
internal/lower/testdata/optional_widening/property_write.a
internal/lower/testdata/optional_widening/readonly.a
internal/lower/testdata/optional_widening/return.a
internal/lower/testdata/optional_widening/shorthand.a
internal/lower/testdata/optional_widening/spread.a
internal/lower/testdata/optional_widening/spread_other_missing.a
internal/lower/testdata/optional_widening/tuple_element.a
internal/lower/testdata/override_representation/abfe962_override_default_added.a
internal/lower/testdata/override_representation/override_optional.a
internal/lower/testdata/override_representation/override_optional_number.a
internal/lower/testdata/predicates/callback.a
internal/lower/testdata/predicates/kind_callback.a
internal/lower/testdata/predicates/overload_array_alias.a
internal/lower/testdata/predicates/overload_assertion.a
internal/lower/testdata/predicates/overload_callback.a
internal/lower/testdata/predicates/overload_checked.a
internal/lower/testdata/predicates/overload_erased.a
internal/lower/testdata/predicates/overload_false.a
internal/lower/testdata/predicates/overload_nominal.a
internal/lower/testdata/predicates/overload_once.a
internal/lower/testdata/predicates/overload_some.a
internal/lower/testdata/predicates/overload_some_empty.a
internal/lower/testdata/predicates/overload_some_false_read.a
internal/lower/testdata/predicates/overload_some_false_valid.a
internal/lower/testdata/predicates/overload_some_objects.a
internal/lower/testdata/predicates/overload_some_true_only.a
internal/lower/testdata/predicates/parser_some_result.a
