=== RUN   TestWASIRequestSelection
=== RUN   TestWASIRequestSelection/exported
=== RUN   TestWASIRequestSelection/alias
adamic: /tmp/adamic-gate/TestWASIRequestSelectionalias156494327/001/program.a:1:61: Adamic 0.1 refuses an ExportDeclaration; export where you declare: export function, export const (one name for one thing)
=== RUN   TestWASIRequestSelection/private
=== RUN   TestWASIRequestSelection/wrong_parameter
adamic: /tmp/adamic-gate/TestWASIRequestSelectionwrong_parameter534549194/001/program.a:1:1: request handler must take one required string parameter and return a string
=== RUN   TestWASIRequestSelection/wrong_result
adamic: /tmp/adamic-gate/TestWASIRequestSelectionwrong_result4056011416/001/program.a:1:1: request handler must take one required string parameter and return a string
=== RUN   TestWASIRequestSelection/literal_parameter
adamic: /tmp/adamic-gate/TestWASIRequestSelectionliteral_parameter2467765209/001/program.a:1:1: request handler must take one required string parameter and return a string
=== RUN   TestWASIRequestSelection/optional_parameter
adamic: /tmp/adamic-gate/TestWASIRequestSelectionoptional_parameter3839060728/001/program.a:1:1: request handler must take one required string parameter and return a string
=== RUN   TestWASIRequestSelection/default_parameter
adamic: /tmp/adamic-gate/TestWASIRequestSelectiondefault_parameter2205610987/001/program.a:1:1: request handler must take one required string parameter and return a string
=== RUN   TestWASIRequestSelection/two_parameters
adamic: /tmp/adamic-gate/TestWASIRequestSelectiontwo_parameters2605794594/001/program.a:1:1: request handler must take one required string parameter and return a string
=== RUN   TestWASIRequestSelection/generic
adamic: /tmp/adamic-gate/TestWASIRequestSelectiongeneric1028683296/001/program.a:1:1: request handler must take one required string parameter and return a string
=== RUN   TestWASIRequestSelection/function_value
adamic: not yet: handleRequest must export a named function declaration
--- PASS: TestWASIRequestSelection (0.56s)
    --- PASS: TestWASIRequestSelection/exported (0.06s)
    --- PASS: TestWASIRequestSelection/alias (0.05s)
    --- PASS: TestWASIRequestSelection/private (0.05s)
    --- PASS: TestWASIRequestSelection/wrong_parameter (0.05s)
    --- PASS: TestWASIRequestSelection/wrong_result (0.05s)
    --- PASS: TestWASIRequestSelection/literal_parameter (0.06s)
    --- PASS: TestWASIRequestSelection/optional_parameter (0.05s)
    --- PASS: TestWASIRequestSelection/default_parameter (0.05s)
    --- PASS: TestWASIRequestSelection/two_parameters (0.05s)
    --- PASS: TestWASIRequestSelection/generic (0.05s)
    --- PASS: TestWASIRequestSelection/function_value (0.05s)
=== RUN   TestWASIRequest
    request_test.go:89: {"rounds":10000,"live":2,"memory":524288,"regionObjects":630000,"moduleInitialization":"once"}
        
--- PASS: TestWASIRequest (0.28s)
=== RUN   TestRequestNativeStaysCommand
--- PASS: TestRequestNativeStaysCommand (0.18s)
=== RUN   TestWASIRequestModuleSelection
adamic: not yet: request handler name is ambiguous across modules; give its declaration a unique name
--- PASS: TestWASIRequestModuleSelection (0.06s)
=== RUN   TestWASIRequestThrows
--- PASS: TestWASIRequestThrows (0.14s)
PASS
ok  	github.com/system-inc/adamic/cmd/adamic	1.227s
