Cloning into '/workspace/adamic/cohere'...
v24.19.0
go version go1.27.1 linux/amd64
setup: node ready (0.060s)
setup: go ready (0.062s)
clang version 20.1.8 (https://github.com/llvm/llvm-project 87f0227cb60147a26a1eeb4fb06e3b505e9c7261)
setup: clang ready (/workspace/adamic-tools/llvm/bin/clang) (0.498s)

added 3 packages in 392ms
setup: markdown dependencies installed (npm ci, integrity verified); step-duration=0.712s
setup: markdown dependencies ready (0.885s)
From https://github.com/system-inc/cohere
 * branch            7945d102a6c18dd36adf9114a758ce646e8b2359 -> FETCH_HEAD
Submodule path 'cohere': checked out '7945d102a6c18dd36adf9114a758ce646e8b2359'
Submodule 'TypeScript' (https://github.com/system-inc/TypeScript.git) registered for path 'cohere/TypeScript'
Cloning into '/workspace/adamic/cohere/TypeScript'...
From https://github.com/system-inc/TypeScript
 * branch                  d92d9bfee114c80be2c375d72edae966176e3a4f -> FETCH_HEAD
Submodule path 'cohere/TypeScript': checked out 'd92d9bfee114c80be2c375d72edae966176e3a4f'
setup: submodules ready (177.790s)
setup: go build ready (417.304s)
setup: test binaries deferred (use --warm-tests) (417.399s)
setup: build cache warm (417.400s)
setup: build-flags commit=f04e467b005ac0e59d1501dff244151c97a9c2e8 nproc=5 cpu.max=400000 100000 go=go version go1.27.1 linux/amd64 clang=clang version 20.1.8 (https://github.com/llvm/llvm-project 87f0227cb60147a26a1eeb4fb06e3b505e9c7261) node=v24.19.0 cached=yes warm-tests=false load-before=0.00 0.00 0.00 1/137 746 load-after=11.16 6.49 2.72 2/169 3687
setup: done on 5 processors (cgroup cpu.max: 400000 100000), 17.6 GB (417.425s)
setup: source /workspace/adamic-tools/env.sh
setup: logs /tmp/adamic-gate/setup.7w1dM5
