{"Time":"2026-10-09T10:26:40.647595676Z","Action":"start","Package":"github.com/system-inc/adamic/internal/oracle"}
{"Time":"2026-10-09T10:26:40.65456539Z","Action":"run","Package":"github.com/system-inc/adamic/internal/oracle","Test":"TestNativeAgreesWithNode"}
{"Time":"2026-10-09T10:26:40.654664386Z","Action":"output","Package":"github.com/system-inc/adamic/internal/oracle","Test":"TestNativeAgreesWithNode","Output":"=== RUN   TestNativeAgreesWithNode\n","OutputType":"frame"}
{"Time":"2026-10-09T10:26:40.654708221Z","Action":"output","Package":"github.com/system-inc/adamic/internal/oracle","Test":"TestNativeAgreesWithNode","Output":"=== PAUSE TestNativeAgreesWithNode\n","OutputType":"frame"}
{"Time":"2026-10-09T10:26:40.654710584Z","Action":"pause","Package":"github.com/system-inc/adamic/internal/oracle","Test":"TestNativeAgreesWithNode"}
{"Time":"2026-10-09T10:26:40.654713058Z","Action":"cont","Package":"github.com/system-inc/adamic/internal/oracle","Test":"TestNativeAgreesWithNode"}
{"Time":"2026-10-09T10:26:40.654714781Z","Action":"output","Package":"github.com/system-inc/adamic/internal/oracle","Test":"TestNativeAgreesWithNode","Output":"=== CONT  TestNativeAgreesWithNode\n","OutputType":"frame"}
{"Time":"2026-10-09T10:26:40.695682042Z","Action":"run","Package":"github.com/system-inc/adamic/internal/oracle","Test":"TestNativeAgreesWithNode/internal/oracle/testdata/census_overload_binder_result_checked.a"}
{"Time":"2026-10-09T10:26:40.695730583Z","Action":"output","Package":"github.com/system-inc/adamic/internal/oracle","Test":"TestNativeAgreesWithNode/internal/oracle/testdata/census_overload_binder_result_checked.a","Output":"=== RUN   TestNativeAgreesWithNode/internal/oracle/testdata/census_overload_binder_result_checked.a\n","OutputType":"frame"}
{"Time":"2026-10-09T10:26:40.695744614Z","Action":"output","Package":"github.com/system-inc/adamic/internal/oracle","Test":"TestNativeAgreesWithNode/internal/oracle/testdata/census_overload_binder_result_checked.a","Output":"=== PAUSE TestNativeAgreesWithNode/internal/oracle/testdata/census_overload_binder_result_checked.a\n","OutputType":"frame"}
{"Time":"2026-10-09T10:26:40.695747098Z","Action":"pause","Package":"github.com/system-inc/adamic/internal/oracle","Test":"TestNativeAgreesWithNode/internal/oracle/testdata/census_overload_binder_result_checked.a"}
{"Time":"2026-10-09T10:26:40.738358292Z","Action":"cont","Package":"github.com/system-inc/adamic/internal/oracle","Test":"TestNativeAgreesWithNode/internal/oracle/testdata/census_overload_binder_result_checked.a"}
{"Time":"2026-10-09T10:26:40.738405272Z","Action":"output","Package":"github.com/system-inc/adamic/internal/oracle","Test":"TestNativeAgreesWithNode/internal/oracle/testdata/census_overload_binder_result_checked.a","Output":"=== CONT  TestNativeAgreesWithNode/internal/oracle/testdata/census_overload_binder_result_checked.a\n","OutputType":"frame"}
{"Time":"2026-10-09T10:26:41.513943384Z","Action":"output","Package":"github.com/system-inc/adamic/internal/oracle","Test":"TestNativeAgreesWithNode/internal/oracle/testdata/census_overload_binder_result_checked.a","Output":"    oracle_test.go:769: want the inserted check to fire natively (exit 70) where the source on Node runs on: native 0, Node 0\n","OutputType":"error"}
{"Time":"2026-10-09T10:26:41.514311758Z","Action":"output","Package":"github.com/system-inc/adamic/internal/oracle","Test":"TestNativeAgreesWithNode/internal/oracle/testdata/census_overload_binder_result_checked.a","Output":"--- FAIL: TestNativeAgreesWithNode/internal/oracle/testdata/census_overload_binder_result_checked.a (0.78s)\n","OutputType":"frame"}
{"Time":"2026-10-09T10:26:41.514324637Z","Action":"fail","Package":"github.com/system-inc/adamic/internal/oracle","Test":"TestNativeAgreesWithNode/internal/oracle/testdata/census_overload_binder_result_checked.a","Elapsed":0.78}
{"Time":"2026-10-09T10:26:41.514391546Z","Action":"output","Package":"github.com/system-inc/adamic/internal/oracle","Test":"TestNativeAgreesWithNode","Output":"--- FAIL: TestNativeAgreesWithNode (0.08s)\n","OutputType":"frame"}
{"Time":"2026-10-09T10:26:41.516354695Z","Action":"fail","Package":"github.com/system-inc/adamic/internal/oracle","Test":"TestNativeAgreesWithNode","Elapsed":0.08}
{"Time":"2026-10-09T10:26:41.516376217Z","Action":"output","Package":"github.com/system-inc/adamic/internal/oracle","Output":"FAIL\n","OutputType":"frame"}
{"Time":"2026-10-09T10:26:41.51638475Z","Action":"output","Package":"github.com/system-inc/adamic/internal/oracle","Output":"gate cache: native hits=0 misses=2\n"}
{"Time":"2026-10-09T10:26:41.516388005Z","Action":"output","Package":"github.com/system-inc/adamic/internal/oracle","Output":"gate cache: node hits=0 misses=2\n"}
{"Time":"2026-10-09T10:26:41.516391179Z","Action":"output","Package":"github.com/system-inc/adamic/internal/oracle","Output":"gate cache: probe hits=0 misses=0\n"}
{"Time":"2026-10-09T10:26:41.516462975Z","Action":"output","Package":"github.com/system-inc/adamic/internal/oracle","Output":"FAIL\tgithub.com/system-inc/adamic/internal/oracle\t0.869s\n","OutputType":"frame"}
{"Time":"2026-10-09T10:26:41.516474382Z","Action":"fail","Package":"github.com/system-inc/adamic/internal/oracle","Elapsed":0.869}
