--- FAIL: TestNativeAgreesWithNode (0.10s)
    --- FAIL: TestNativeAgreesWithNode/internal/oracle/testdata/borrow_element_virtual_store.a (1.95s)
        oracle_test.go:758: the release build: exit codes differ
            sanitized: exit 1, stdout "", stderr "=================================================================\n==1122886==ERROR: AddressSanitizer: heap-use-after-free on address 0x71a604fe0108 at pc 0x5a76ed01c0c2 bp 0x7ffc1096ac50 sp 0x7ffc1096ac48\nREAD of size 8 at 0x71a604fe0108 thread T0\n    #0 0x5a76ed01c0c1 in adamic_function_0_inspect /home/ahra/full-gate/out/7b18d0576930-20261009T095555Z/catalog-units/06-8zjzvs_7/adamic-build-2896432862/main.c:84:92\n    #1 0x5a76ed01bb57 in main /home/ahra/full-gate/out/7b18d0576930-20261009T095555Z/catalog-units/06-8zjzvs_7/adamic-build-2896432862/main.c:186:2\n    #2 0x754605e2a1c9  (/lib/x86_64-linux-gnu/libc.so.6+0x2a1c9) (BuildId: a4a7992a8e66555c8141ab2a08a8465ff6e0ea65)\n    #3 0x754605e2a28a in __libc_start_main (/lib/x86_64-linux-gnu/libc.so.6+0x2a28a) (BuildId: a4a7992a8e66555c8141ab2a08a8465ff6e0ea65)\n    #4 0x5a76ecf35464 in _start (/home/ahra/full-gate/out/7b18d0576930-20261009T095555Z/catalog-units/06-8zjzvs_7/TestNativeAgreesWithNodeinternaloracletestdataborrow_element511513148/002/program+0x5a464)\n\n0x71a604fe0108 is located 40 bytes inside of 58-byte region [0x71a604fe00e0,0x71a604fe011a)\nfreed by thread T0 here:\n    #0 0x5a76ecfd7fd6 in free /home/runner/work/llvm-project/llvm-project/compiler-rt/lib/asan/asan_malloc_linux.cpp:51:3\n    #1 0x5a76ed02f20f in deallocate /home/ahra/.cache/adamic/runtime/.build-204418457/heap.c:212:3\n    #2 0x5a76ed02f20f in free_one /home/ahra/.cache/adamic/runtime/.build-204418457/heap.c:351:2\n    #3 0x5a76ed02f20f in release_last /home/ahra/.cache/adamic/runtime/.build-204418457/heap.c:364:3\n    #4 0x5a76ed01c366 in adamic_function_5_Replacer_read /home/ahra/full-gate/out/7b18d0576930-20261009T095555Z/catalog-units/06-8zjzvs_7/adamic-build-2896432862/main.c:164:2\n    #5 0x5a76ed01bf7e in adamic_virtual_dispatch_2 /home/ahra/full-gate/out/7b18d0576930-20261009T095555Z/catalog-units/06-8zjzvs_7/adamic-build-2896432862/main.c:28:17\n    #6 0x5a76ed01bf7e in adamic_function_0_inspect /home/ahra/full-gate/out/7b18d0576930-20261009T095555Z/catalog-units/06-8zjzvs_7/adamic-build-2896432862/main.c:82:31\n    #7 0x5a76ed01bb57 in main /home/ahra/full-gate/out/7b18d0576930-20261009T095555Z/catalog-units/06-8zjzvs_7/adamic-build-2896432862/main.c:186:2\n    #8 0x754605e2a1c9  (/lib/x86_64-linux-gnu/libc.so.6+0x2a1c9) (BuildId: a4a7992a8e66555c8141ab2a08a8465ff6e0ea65)\n    #9 0x754605e2a28a in __libc_start_main (/lib/x86_64-linux-gnu/libc.so.6+0x2a28a) (BuildId: a4a7992a8e66555c8141ab2a08a8465ff6e0ea65)\n    #10 0x5a76ecf35464 in _start (/home/ahra/full-gate/out/7b18d0576930-20261009T095555Z/catalog-units/06-8zjzvs_7/TestNativeAgreesWithNodeinternaloracletestdataborrow_element511513148/002/program+0x5a464)\n\npreviously allocated by thread T0 here:\n    #0 0x5a76ecfd8274 in malloc /home/runner/work/llvm-project/llvm-project/compiler-rt/lib/asan/asan_malloc_linux.cpp:67:3\n    #1 0x5a76ed02e9bf in adamic_allocate /home/ahra/.cache/adamic/runtime/.build-204418457/heap.c:196:10\n    #2 0x5a76ed01bb57 in main /home/ahra/full-gate/out/7b18d0576930-20261009T095555Z/catalog-units/06-8zjzvs_7/adamic-build-2896432862/main.c:186:2\n    #3 0x754605e2a1c9  (/lib/x86_64-linux-gnu/libc.so.6+0x2a1c9) (BuildId: a4a7992a8e66555c8141ab2a08a8465ff6e0ea65)\n    #4 0x754605e2a28a in __libc_start_main (/lib/x86_64-linux-gnu/libc.so.6+0x2a28a) (BuildId: a4a7992a8e66555c8141ab2a08a8465ff6e0ea65)\n    #5 0x5a76ecf35464 in _start (/home/ahra/full-gate/out/7b18d0576930-20261009T095555Z/catalog-units/06-8zjzvs_7/TestNativeAgreesWithNodeinternaloracletestdataborrow_element511513148/002/program+0x5a464)\n\nSUMMARY: AddressSanitizer: heap-use-after-free /home/ahra/full-gate/out/7b18d0576930-20261009T095555Z/catalog-units/06-8zjzvs_7/adamic-build-2896432862/main.c:84:92 in adamic_function_0_inspect\nShadow bytes around the buggy address:\n  0x71a604fdfe80: 00 00 00 00 00 00 00 00 00 00 00 00 00 00 00 00\n  0x71a604fdff00: 00 00 00 00 00 00 00 00 00 00 00 00 00 00 00 00\n  0x71a604fdff80: 00 00 00 00 00 00 00 00 00 00 00 00 00 00 00 00\n  0x71a604fe0000: fa fa fa fa fd fd fd fd fd fd fd fd fa fa fa fa\n  0x71a604fe0080: fd fd fd fd fd fd fd fa fa fa fa fa fd fd fd fd\n=>0x71a604fe0100: fd[fd]fd fd fa fa fa fa 00 00 00 00 00 00 00 fa\n  0x71a604fe0180: fa fa fa fa 00 00 00 00 00 00 00 02 fa fa fa fa\n  0x71a604fe0200: fa fa fa fa fa fa fa fa fa fa fa fa fa fa fa fa\n  0x71a604fe0280: fa fa fa fa fa fa fa fa fa fa fa fa fa fa fa fa\n  0x71a604fe0300: fa fa fa fa fa fa fa fa fa fa fa fa fa fa fa fa\n  0x71a604fe0380: fa fa fa fa fa fa fa fa fa fa fa fa fa fa fa fa\nShadow byte legend (one shadow byte represents 8 application bytes):\n  Addressable:           00\n  Partially addressable: 01 02 03 04 05 06 07 \n  Heap left redzone:       fa\n  Freed heap region:       fd\n  Stack left redzone:      f1\n  Stack mid redzone:       f2\n  Stack right redzone:     f3\n  Stack after return:      f5\n  Stack use after scope:   f8\n  Global redzone:          f9\n  Global init order:       f6\n  Poisoned by user:        f7\n  Container overflow:      fc\n  Array cookie:            ac\n  Intra object redzone:    bb\n  ASan internal:           fe\n  Left alloca redzone:     ca\n  Right alloca redzone:    cb\n==1122886==ABORTING\n"
            release:   exit 0, stdout "item1\nitem1\n", stderr ""
        oracle_test.go:774: exit codes differ
            node:   exit 0, stdout "item1\nitem1\n", stderr ""
            native: exit 1, stdout "", stderr "=================================================================\n==1122886==ERROR: AddressSanitizer: heap-use-after-free on address 0x71a604fe0108 at pc 0x5a76ed01c0c2 bp 0x7ffc1096ac50 sp 0x7ffc1096ac48\nREAD of size 8 at 0x71a604fe0108 thread T0\n    #0 0x5a76ed01c0c1 in adamic_function_0_inspect /home/ahra/full-gate/out/7b18d0576930-20261009T095555Z/catalog-units/06-8zjzvs_7/adamic-build-2896432862/main.c:84:92\n    #1 0x5a76ed01bb57 in main /home/ahra/full-gate/out/7b18d0576930-20261009T095555Z/catalog-units/06-8zjzvs_7/adamic-build-2896432862/main.c:186:2\n    #2 0x754605e2a1c9  (/lib/x86_64-linux-gnu/libc.so.6+0x2a1c9) (BuildId: a4a7992a8e66555c8141ab2a08a8465ff6e0ea65)\n    #3 0x754605e2a28a in __libc_start_main (/lib/x86_64-linux-gnu/libc.so.6+0x2a28a) (BuildId: a4a7992a8e66555c8141ab2a08a8465ff6e0ea65)\n    #4 0x5a76ecf35464 in _start (/home/ahra/full-gate/out/7b18d0576930-20261009T095555Z/catalog-units/06-8zjzvs_7/TestNativeAgreesWithNodeinternaloracletestdataborrow_element511513148/002/program+0x5a464)\n\n0x71a604fe0108 is located 40 bytes inside of 58-byte region [0x71a604fe00e0,0x71a604fe011a)\nfreed by thread T0 here:\n    #0 0x5a76ecfd7fd6 in free /home/runner/work/llvm-project/llvm-project/compiler-rt/lib/asan/asan_malloc_linux.cpp:51:3\n    #1 0x5a76ed02f20f in deallocate /home/ahra/.cache/adamic/runtime/.build-204418457/heap.c:212:3\n    #2 0x5a76ed02f20f in free_one /home/ahra/.cache/adamic/runtime/.build-204418457/heap.c:351:2\n    #3 0x5a76ed02f20f in release_last /home/ahra/.cache/adamic/runtime/.build-204418457/heap.c:364:3\n    #4 0x5a76ed01c366 in adamic_function_5_Replacer_read /home/ahra/full-gate/out/7b18d0576930-20261009T095555Z/catalog-units/06-8zjzvs_7/adamic-build-2896432862/main.c:164:2\n    #5 0x5a76ed01bf7e in adamic_virtual_dispatch_2 /home/ahra/full-gate/out/7b18d0576930-20261009T095555Z/catalog-units/06-8zjzvs_7/adamic-build-2896432862/main.c:28:17\n    #6 0x5a76ed01bf7e in adamic_function_0_inspect /home/ahra/full-gate/out/7b18d0576930-20261009T095555Z/catalog-units/06-8zjzvs_7/adamic-build-2896432862/main.c:82:31\n    #7 0x5a76ed01bb57 in main /home/ahra/full-gate/out/7b18d0576930-20261009T095555Z/catalog-units/06-8zjzvs_7/adamic-build-2896432862/main.c:186:2\n    #8 0x754605e2a1c9  (/lib/x86_64-linux-gnu/libc.so.6+0x2a1c9) (BuildId: a4a7992a8e66555c8141ab2a08a8465ff6e0ea65)\n    #9 0x754605e2a28a in __libc_start_main (/lib/x86_64-linux-gnu/libc.so.6+0x2a28a) (BuildId: a4a7992a8e66555c8141ab2a08a8465ff6e0ea65)\n    #10 0x5a76ecf35464 in _start (/home/ahra/full-gate/out/7b18d0576930-20261009T095555Z/catalog-units/06-8zjzvs_7/TestNativeAgreesWithNodeinternaloracletestdataborrow_element511513148/002/program+0x5a464)\n\npreviously allocated by thread T0 here:\n    #0 0x5a76ecfd8274 in malloc /home/runner/work/llvm-project/llvm-project/compiler-rt/lib/asan/asan_malloc_linux.cpp:67:3\n    #1 0x5a76ed02e9bf in adamic_allocate /home/ahra/.cache/adamic/runtime/.build-204418457/heap.c:196:10\n    #2 0x5a76ed01bb57 in main /home/ahra/full-gate/out/7b18d0576930-20261009T095555Z/catalog-units/06-8zjzvs_7/adamic-build-2896432862/main.c:186:2\n    #3 0x754605e2a1c9  (/lib/x86_64-linux-gnu/libc.so.6+0x2a1c9) (BuildId: a4a7992a8e66555c8141ab2a08a8465ff6e0ea65)\n    #4 0x754605e2a28a in __libc_start_main (/lib/x86_64-linux-gnu/libc.so.6+0x2a28a) (BuildId: a4a7992a8e66555c8141ab2a08a8465ff6e0ea65)\n    #5 0x5a76ecf35464 in _start (/home/ahra/full-gate/out/7b18d0576930-20261009T095555Z/catalog-units/06-8zjzvs_7/TestNativeAgreesWithNodeinternaloracletestdataborrow_element511513148/002/program+0x5a464)\n\nSUMMARY: AddressSanitizer: heap-use-after-free /home/ahra/full-gate/out/7b18d0576930-20261009T095555Z/catalog-units/06-8zjzvs_7/adamic-build-2896432862/main.c:84:92 in adamic_function_0_inspect\nShadow bytes around the buggy address:\n  0x71a604fdfe80: 00 00 00 00 00 00 00 00 00 00 00 00 00 00 00 00\n  0x71a604fdff00: 00 00 00 00 00 00 00 00 00 00 00 00 00 00 00 00\n  0x71a604fdff80: 00 00 00 00 00 00 00 00 00 00 00 00 00 00 00 00\n  0x71a604fe0000: fa fa fa fa fd fd fd fd fd fd fd fd fa fa fa fa\n  0x71a604fe0080: fd fd fd fd fd fd fd fa fa fa fa fa fd fd fd fd\n=>0x71a604fe0100: fd[fd]fd fd fa fa fa fa 00 00 00 00 00 00 00 fa\n  0x71a604fe0180: fa fa fa fa 00 00 00 00 00 00 00 02 fa fa fa fa\n  0x71a604fe0200: fa fa fa fa fa fa fa fa fa fa fa fa fa fa fa fa\n  0x71a604fe0280: fa fa fa fa fa fa fa fa fa fa fa fa fa fa fa fa\n  0x71a604fe0300: fa fa fa fa fa fa fa fa fa fa fa fa fa fa fa fa\n  0x71a604fe0380: fa fa fa fa fa fa fa fa fa fa fa fa fa fa fa fa\nShadow byte legend (one shadow byte represents 8 application bytes):\n  Addressable:           00\n  Partially addressable: 01 02 03 04 05 06 07 \n  Heap left redzone:       fa\n  Freed heap region:       fd\n  Stack left redzone:      f1\n  Stack mid redzone:       f2\n  Stack right redzone:     f3\n  Stack after return:      f5\n  Stack use after scope:   f8\n  Global redzone:          f9\n  Global init order:       f6\n  Poisoned by user:        f7\n  Container overflow:      fc\n  Array cookie:            ac\n  Intra object redzone:    bb\n  ASan internal:           fe\n  Left alloca redzone:     ca\n  Right alloca redzone:    cb\n==1122886==ABORTING\n"
        oracle_test.go:787: leaks:
            exit 1
            =================================================================
            ==1123203==ERROR: AddressSanitizer: heap-use-after-free on address 0x6d9293de0108 at pc 0x5ef282e490c2 bp 0x7fff06873e10 sp 0x7fff06873e08
            READ of size 8 at 0x6d9293de0108 thread T0
                #0 0x5ef282e490c1 in adamic_function_0_inspect /home/ahra/full-gate/out/7b18d0576930-20261009T095555Z/catalog-units/06-8zjzvs_7/adamic-build-2896432862/main.c:84:92
                #1 0x5ef282e48b57 in main /home/ahra/full-gate/out/7b18d0576930-20261009T095555Z/catalog-units/06-8zjzvs_7/adamic-build-2896432862/main.c:186:2
                #2 0x713294c2a1c9  (/lib/x86_64-linux-gnu/libc.so.6+0x2a1c9) (BuildId: a4a7992a8e66555c8141ab2a08a8465ff6e0ea65)
                #3 0x713294c2a28a in __libc_start_main (/lib/x86_64-linux-gnu/libc.so.6+0x2a28a) (BuildId: a4a7992a8e66555c8141ab2a08a8465ff6e0ea65)
                #4 0x5ef282d62464 in _start (/home/ahra/full-gate/out/7b18d0576930-20261009T095555Z/catalog-units/06-8zjzvs_7/TestNativeAgreesWithNodeinternaloracletestdataborrow_element511513148/002/program+0x5a464)
            
            0x6d9293de0108 is located 40 bytes inside of 58-byte region [0x6d9293de00e0,0x6d9293de011a)
            freed by thread T0 here:
                #0 0x5ef282e04fd6 in free /home/runner/work/llvm-project/llvm-project/compiler-rt/lib/asan/asan_malloc_linux.cpp:51:3
                #1 0x5ef282e5c20f in deallocate /home/ahra/.cache/adamic/runtime/.build-204418457/heap.c:212:3
                #2 0x5ef282e5c20f in free_one /home/ahra/.cache/adamic/runtime/.build-204418457/heap.c:351:2
                #3 0x5ef282e5c20f in release_last /home/ahra/.cache/adamic/runtime/.build-204418457/heap.c:364:3
                #4 0x5ef282e49366 in adamic_function_5_Replacer_read /home/ahra/full-gate/out/7b18d0576930-20261009T095555Z/catalog-units/06-8zjzvs_7/adamic-build-2896432862/main.c:164:2
                #5 0x5ef282e48f7e in adamic_virtual_dispatch_2 /home/ahra/full-gate/out/7b18d0576930-20261009T095555Z/catalog-units/06-8zjzvs_7/adamic-build-2896432862/main.c:28:17
                #6 0x5ef282e48f7e in adamic_function_0_inspect /home/ahra/full-gate/out/7b18d0576930-20261009T095555Z/catalog-units/06-8zjzvs_7/adamic-build-2896432862/main.c:82:31
                #7 0x5ef282e48b57 in main /home/ahra/full-gate/out/7b18d0576930-20261009T095555Z/catalog-units/06-8zjzvs_7/adamic-build-2896432862/main.c:186:2
                #8 0x713294c2a1c9  (/lib/x86_64-linux-gnu/libc.so.6+0x2a1c9) (BuildId: a4a7992a8e66555c8141ab2a08a8465ff6e0ea65)
                #9 0x713294c2a28a in __libc_start_main (/lib/x86_64-linux-gnu/libc.so.6+0x2a28a) (BuildId: a4a7992a8e66555c8141ab2a08a8465ff6e0ea65)
                #10 0x5ef282d62464 in _start (/home/ahra/full-gate/out/7b18d0576930-20261009T095555Z/catalog-units/06-8zjzvs_7/TestNativeAgreesWithNodeinternaloracletestdataborrow_element511513148/002/program+0x5a464)
            
            previously allocated by thread T0 here:
                #0 0x5ef282e05274 in malloc /home/runner/work/llvm-project/llvm-project/compiler-rt/lib/asan/asan_malloc_linux.cpp:67:3
                #1 0x5ef282e5b9bf in adamic_allocate /home/ahra/.cache/adamic/runtime/.build-204418457/heap.c:196:10
                #2 0x5ef282e48b57 in main /home/ahra/full-gate/out/7b18d0576930-20261009T095555Z/catalog-units/06-8zjzvs_7/adamic-build-2896432862/main.c:186:2
                #3 0x713294c2a1c9  (/lib/x86_64-linux-gnu/libc.so.6+0x2a1c9) (BuildId: a4a7992a8e66555c8141ab2a08a8465ff6e0ea65)
                #4 0x713294c2a28a in __libc_start_main (/lib/x86_64-linux-gnu/libc.so.6+0x2a28a) (BuildId: a4a7992a8e66555c8141ab2a08a8465ff6e0ea65)
                #5 0x5ef282d62464 in _start (/home/ahra/full-gate/out/7b18d0576930-20261009T095555Z/catalog-units/06-8zjzvs_7/TestNativeAgreesWithNodeinternaloracletestdataborrow_element511513148/002/program+0x5a464)
            
            SUMMARY: AddressSanitizer: heap-use-after-free /home/ahra/full-gate/out/7b18d0576930-20261009T095555Z/catalog-units/06-8zjzvs_7/adamic-build-2896432862/main.c:84:92 in adamic_function_0_inspect
            Shadow bytes around the buggy address:
              0x6d9293ddfe80: 00 00 00 00 00 00 00 00 00 00 00 00 00 00 00 00
              0x6d9293ddff00: 00 00 00 00 00 00 00 00 00 00 00 00 00 00 00 00
              0x6d9293ddff80: 00 00 00 00 00 00 00 00 00 00 00 00 00 00 00 00
              0x6d9293de0000: fa fa fa fa fd fd fd fd fd fd fd fd fa fa fa fa
              0x6d9293de0080: fd fd fd fd fd fd fd fa fa fa fa fa fd fd fd fd
            =>0x6d9293de0100: fd[fd]fd fd fa fa fa fa 00 00 00 00 00 00 00 fa
              0x6d9293de0180: fa fa fa fa 00 00 00 00 00 00 00 02 fa fa fa fa
              0x6d9293de0200: fa fa fa fa fa fa fa fa fa fa fa fa fa fa fa fa
              0x6d9293de0280: fa fa fa fa fa fa fa fa fa fa fa fa fa fa fa fa
              0x6d9293de0300: fa fa fa fa fa fa fa fa fa fa fa fa fa fa fa fa
              0x6d9293de0380: fa fa fa fa fa fa fa fa fa fa fa fa fa fa fa fa
            Shadow byte legend (one shadow byte represents 8 application bytes):
              Addressable:           00
              Partially addressable: 01 02 03 04 05 06 07 
              Heap left redzone:       fa
              Freed heap region:       fd
              Stack left redzone:      f1
              Stack mid redzone:       f2
              Stack right redzone:     f3
              Stack after return:      f5
              Stack use after scope:   f8
              Global redzone:          f9
              Global init order:       f6
              Poisoned by user:        f7
              Container overflow:      fc
              Array cookie:            ac
              Intra object redzone:    bb
              ASan internal:           fe
              Left alloca redzone:     ca
              Right alloca redzone:    cb
            ==1123203==ABORTING
FAIL
gate cache: native hits=0 misses=3
gate cache: node hits=0 misses=2
gate cache: probe hits=0 misses=0
FAIL	github.com/system-inc/adamic/internal/oracle	2.087s
FAIL
