=== RUN   TestLibraryMethodValues
=== PAUSE TestLibraryMethodValues
=== CONT  TestLibraryMethodValues
=== RUN   TestLibraryMethodValues/const_f_=_Array.prototype.indexOf;_console.log(`${f.call([4,_5],_5)}`);
=== RUN   TestLibraryMethodValues/const_f_=_Array.prototype.indexOf;_const_g_=_f;_console.log(`${g.apply([4,_5],_[5])}`);
=== RUN   TestLibraryMethodValues/const_f_=_String.prototype.trim;_console.log(f.call('_x_'));
=== RUN   TestLibraryMethodValues/const_f_=_String.prototype.substring;_console.log(f.apply('abcdef',_[4,_1]));
=== RUN   TestLibraryMethodValues/const_f_=_Number.parseInt;_console.log(`${f('12',_10)}`);
=== RUN   TestLibraryMethodValues/const_f_=_Object.prototype.toString;_console.log(f.call([4]));
=== RUN   TestLibraryMethodValues/const_f_=_Object.prototype.hasOwnProperty;_console.log(`${f.call({x:_1},_'x')}`);
=== RUN   TestLibraryMethodValues/console.log([1,_2].map(String).join(','));
=== RUN   TestLibraryMethodValues/function_show(value:_string_|_number):_void_{_console.log(`${value}`);_}_const_f_=_Object.prototype.toString;_show(f.call([1]));
=== RUN   TestLibraryMethodValues/console.log([].map(String).join(','));
=== RUN   TestLibraryMethodValues/const_f_=_String.prototype.trim.bind('_x_');_console.log(f());
=== RUN   TestLibraryMethodValues/console.log(['10',_'10',_'10'].map(Number.parseInt).join(','));
=== RUN   TestLibraryMethodValues/const_f_=_Number.parseInt;_console.log(['10',_'10'].map(f).join(','));
--- PASS: TestLibraryMethodValues (0.33s)
    --- PASS: TestLibraryMethodValues/const_f_=_Array.prototype.indexOf;_console.log(`${f.call([4,_5],_5)}`); (0.03s)
    --- PASS: TestLibraryMethodValues/const_f_=_Array.prototype.indexOf;_const_g_=_f;_console.log(`${g.apply([4,_5],_[5])}`); (0.02s)
    --- PASS: TestLibraryMethodValues/const_f_=_String.prototype.trim;_console.log(f.call('_x_')); (0.02s)
    --- PASS: TestLibraryMethodValues/const_f_=_String.prototype.substring;_console.log(f.apply('abcdef',_[4,_1])); (0.03s)
    --- PASS: TestLibraryMethodValues/const_f_=_Number.parseInt;_console.log(`${f('12',_10)}`); (0.03s)
    --- PASS: TestLibraryMethodValues/const_f_=_Object.prototype.toString;_console.log(f.call([4])); (0.02s)
    --- PASS: TestLibraryMethodValues/const_f_=_Object.prototype.hasOwnProperty;_console.log(`${f.call({x:_1},_'x')}`); (0.02s)
    --- PASS: TestLibraryMethodValues/console.log([1,_2].map(String).join(',')); (0.02s)
    --- PASS: TestLibraryMethodValues/function_show(value:_string_|_number):_void_{_console.log(`${value}`);_}_const_f_=_Object.prototype.toString;_show(f.call([1])); (0.03s)
    --- PASS: TestLibraryMethodValues/console.log([].map(String).join(',')); (0.02s)
    --- PASS: TestLibraryMethodValues/const_f_=_String.prototype.trim.bind('_x_');_console.log(f()); (0.02s)
    --- PASS: TestLibraryMethodValues/console.log(['10',_'10',_'10'].map(Number.parseInt).join(',')); (0.02s)
    --- PASS: TestLibraryMethodValues/const_f_=_Number.parseInt;_console.log(['10',_'10'].map(f).join(',')); (0.03s)
PASS
ok  	github.com/system-inc/adamic/internal/lower	0.336s
