=== RUN   TestRequiredViewFieldPrimitive
=== RUN   TestRequiredViewFieldPrimitive/number
=== RUN   TestRequiredViewFieldPrimitive/boolean
=== RUN   TestRequiredViewFieldPrimitive/string
=== RUN   TestRequiredViewFieldPrimitive/wrong_string
=== RUN   TestRequiredViewFieldPrimitive/missing
=== RUN   TestRequiredViewFieldPrimitive/uninitialized
    view_fields_test.go:72: drop field check mutant caught by pinned exit/message, with valid C
    view_fields_test.go:84: drop initialization tracking mutant caught by pinned exit/message
=== RUN   TestRequiredViewFieldPrimitive/wrong_type
    view_fields_test.go:72: drop field check mutant caught by pinned exit/message, with valid C
--- PASS: TestRequiredViewFieldPrimitive (2.42s)
    --- PASS: TestRequiredViewFieldPrimitive/number (0.37s)
    --- PASS: TestRequiredViewFieldPrimitive/boolean (0.34s)
    --- PASS: TestRequiredViewFieldPrimitive/string (0.35s)
    --- PASS: TestRequiredViewFieldPrimitive/wrong_string (0.27s)
    --- PASS: TestRequiredViewFieldPrimitive/missing (0.27s)
    --- PASS: TestRequiredViewFieldPrimitive/uninitialized (0.44s)
    --- PASS: TestRequiredViewFieldPrimitive/wrong_type (0.38s)
=== RUN   TestRequiredViewFieldOperandOnce
--- PASS: TestRequiredViewFieldOperandOnce (0.45s)
PASS
gate cache: native hits=0 misses=0
gate cache: node hits=0 misses=15
gate cache: probe hits=0 misses=0
ok  	github.com/system-inc/adamic/internal/oracle	2.879s
