=== RUN   TestNativeAgreesWithNode
=== PAUSE TestNativeAgreesWithNode
=== CONT  TestNativeAgreesWithNode
=== RUN   TestNativeAgreesWithNode/internal/oracle/testdata/strings.a
=== PAUSE TestNativeAgreesWithNode/internal/oracle/testdata/strings.a
=== RUN   TestNativeAgreesWithNode/internal/oracle/testdata/strings_more.a
=== PAUSE TestNativeAgreesWithNode/internal/oracle/testdata/strings_more.a
=== RUN   TestNativeAgreesWithNode/internal/oracle/testdata/exceptions.a
=== PAUSE TestNativeAgreesWithNode/internal/oracle/testdata/exceptions.a
=== RUN   TestNativeAgreesWithNode/internal/oracle/testdata/undefined_strings.a
=== PAUSE TestNativeAgreesWithNode/internal/oracle/testdata/undefined_strings.a
=== RUN   TestNativeAgreesWithNode/internal/oracle/testdata/maybe_collections.a
=== PAUSE TestNativeAgreesWithNode/internal/oracle/testdata/maybe_collections.a
=== RUN   TestNativeAgreesWithNode/internal/oracle/testdata/optional_strings.a
=== PAUSE TestNativeAgreesWithNode/internal/oracle/testdata/optional_strings.a
=== RUN   TestNativeAgreesWithNode/internal/oracle/testdata/collections.a
=== PAUSE TestNativeAgreesWithNode/internal/oracle/testdata/collections.a
=== RUN   TestNativeAgreesWithNode/internal/oracle/testdata/bitwise.a
=== PAUSE TestNativeAgreesWithNode/internal/oracle/testdata/bitwise.a
=== RUN   TestNativeAgreesWithNode/internal/oracle/testdata/class_inheritance_exceptions.a
=== PAUSE TestNativeAgreesWithNode/internal/oracle/testdata/class_inheritance_exceptions.a
=== CONT  TestNativeAgreesWithNode/internal/oracle/testdata/strings.a
=== CONT  TestNativeAgreesWithNode/internal/oracle/testdata/optional_strings.a
=== CONT  TestNativeAgreesWithNode/internal/oracle/testdata/undefined_strings.a
=== CONT  TestNativeAgreesWithNode/internal/oracle/testdata/maybe_collections.a
=== CONT  TestNativeAgreesWithNode/internal/oracle/testdata/bitwise.a
=== CONT  TestNativeAgreesWithNode/internal/oracle/testdata/class_inheritance_exceptions.a
=== CONT  TestNativeAgreesWithNode/internal/oracle/testdata/collections.a
=== CONT  TestNativeAgreesWithNode/internal/oracle/testdata/exceptions.a
=== CONT  TestNativeAgreesWithNode/internal/oracle/testdata/strings_more.a
--- PASS: TestNativeAgreesWithNode (0.01s)
    --- PASS: TestNativeAgreesWithNode/internal/oracle/testdata/undefined_strings.a (0.77s)
    --- PASS: TestNativeAgreesWithNode/internal/oracle/testdata/optional_strings.a (1.05s)
    --- PASS: TestNativeAgreesWithNode/internal/oracle/testdata/bitwise.a (1.06s)
    --- PASS: TestNativeAgreesWithNode/internal/oracle/testdata/strings.a (1.14s)
    --- PASS: TestNativeAgreesWithNode/internal/oracle/testdata/maybe_collections.a (1.24s)
    --- PASS: TestNativeAgreesWithNode/internal/oracle/testdata/class_inheritance_exceptions.a (1.00s)
    --- PASS: TestNativeAgreesWithNode/internal/oracle/testdata/strings_more.a (0.71s)
    --- PASS: TestNativeAgreesWithNode/internal/oracle/testdata/exceptions.a (1.13s)
    --- PASS: TestNativeAgreesWithNode/internal/oracle/testdata/collections.a (1.36s)
PASS
gate cache: native hits=0 misses=27
gate cache: node hits=0 misses=18
gate cache: probe hits=0 misses=0
ok  	github.com/system-inc/adamic/internal/oracle	2.421s
