=== RUN   TestComposeMatchGo
    compose_test.go:150: 36 repository files, 9216 cases, 13235527 compose answer bytes identical on all five sides
--- PASS: TestComposeMatchGo (27.95s)
=== RUN   TestComposeMutants
=== RUN   TestComposeMutants/document_start_marker_lost
    compose_test.go:208: native successful execution, wrong bytes caught: byte 241655: got "00750065|PLAIN||0|[]|-|-,]|-|-,]|-|-,]|-|-,]|-|-|errors:|warnings:\ncase 3\n1.2|0|0|0|00210021=007400610067003a00790061006d006c002e006f00720067002c003200300030003", want "00750065|PLAIN||0|[]|-|-,]|-|-,]|-|-,]|-|-,]|-|-|errors:|warnings:\ncase 3\n1.2|0|1|0|00210021=007400610067003a00790061006d006c002e006f00720067002c003200300030003"
    compose_test.go:208: Node successful execution, wrong bytes caught: byte 241655: got "00750065|PLAIN||0|[]|-|-,]|-|-,]|-|-,]|-|-,]|-|-|errors:|warnings:\ncase 3\n1.2|0|0|0|00210021=007400610067003a00790061006d006c002e006f00720067002c003200300030003", want "00750065|PLAIN||0|[]|-|-,]|-|-,]|-|-,]|-|-,]|-|-|errors:|warnings:\ncase 3\n1.2|0|1|0|00210021=007400610067003a00790061006d006c002e006f00720067002c003200300030003"
=== RUN   TestComposeMutants/block_mapping_pair_lost
    compose_test.go:208: native successful execution, wrong bytes caught: byte 6896: got "007000750062006c00690073006800650073002e|0|0|1|006e0061006d0065|PLAIN||0|[]|-|-|-,Pair|Pair|-|-|1|0|||||0|0|0||||0|[]|Scalar|Scalar|1677,1679,1679|scalar,1677,0", want "007000750062006c00690073006800650073002e|0|0|1|006e0061006d0065|PLAIN||0|[]|-|-|Scalar|Scalar|1668,1675,1676|scalar,1668,00720065006c0065006100730065|0|0|||||0|"
    compose_test.go:208: Node successful execution, wrong bytes caught: byte 6896: got "007000750062006c00690073006800650073002e|0|0|1|006e0061006d0065|PLAIN||0|[]|-|-|-,Pair|Pair|-|-|1|0|||||0|0|0||||0|[]|Scalar|Scalar|1677,1679,1679|scalar,1677,0", want "007000750062006c00690073006800650073002e|0|0|1|006e0061006d0065|PLAIN||0|[]|-|-|Scalar|Scalar|1668,1675,1676|scalar,1668,00720065006c0065006100730065|0|0|||||0|"
=== RUN   TestComposeMutants/implicit_key_limit_skipped
    compose_test.go:208: native successful execution, wrong bytes caught: byte 13235125: got "1031,1032,1033|scalar,1031,0076|0|0|||||0|0|1|0076|PLAIN||0|[]|-|-,]|-|-|errors:|warnings:\n", want "1031,1032,1033|scalar,1031,0076|0|0|||||0|0|1|0076|PLAIN||0|[]|-|-,]|-|-|errors:4,1029,KEY_"
    compose_test.go:208: Node successful execution, wrong bytes caught: byte 13235125: got "1031,1032,1033|scalar,1031,0076|0|0|||||0|0|1|0076|PLAIN||0|[]|-|-,]|-|-|errors:|warnings:\n", want "1031,1032,1033|scalar,1031,0076|0|0|||||0|0|1|0076|PLAIN||0|[]|-|-,]|-|-|errors:4,1029,KEY_"
--- PASS: TestComposeMutants (16.95s)
    --- PASS: TestComposeMutants/document_start_marker_lost (5.22s)
    --- PASS: TestComposeMutants/block_mapping_pair_lost (5.31s)
    --- PASS: TestComposeMutants/implicit_key_limit_skipped (5.35s)
=== RUN   TestFormatterMatchesGo
    format_test.go:181: recorded original Prettier difference, case 8783: "error\tInvalid character" versus Go "ok\t!!binary 2000-01-01\\n"
    format_test.go:181: recorded original Prettier difference, case 8785: "error\tInvalid character" versus Go "ok\t!!binary <<\\n"
    format_test.go:181: recorded original Prettier difference, case 8852: "error\tc.resolve is not a function" versus Go "error\ttag.resolve is not a function"
    format_test.go:181: recorded original Prettier difference, case 8853: "error\tc.resolve is not a function" versus Go "error\ttag.resolve is not a function"
    format_test.go:181: recorded original Prettier difference, case 8854: "error\tc.resolve is not a function" versus Go "error\ttag.resolve is not a function"
    format_test.go:181: recorded original Prettier difference, case 8855: "error\tc.resolve is not a function" versus Go "error\ttag.resolve is not a function"
    format_test.go:181: recorded original Prettier difference, case 8862: "error\tc.resolve is not a function" versus Go "error\ttag.resolve is not a function"
    format_test.go:181: recorded original Prettier difference, case 8863: "error\tc.resolve is not a function" versus Go "error\ttag.resolve is not a function"
    format_test.go:181: recorded original Prettier difference, case 8864: "error\tc.resolve is not a function" versus Go "error\ttag.resolve is not a function"
    format_test.go:181: recorded original Prettier difference, case 8865: "error\tc.resolve is not a function" versus Go "error\ttag.resolve is not a function"
    format_test.go:181: recorded original Prettier difference, case 8872: "error\tc.resolve is not a function" versus Go "error\ttag.resolve is not a function"
    format_test.go:181: recorded original Prettier difference, case 8873: "error\tc.resolve is not a function" versus Go "error\ttag.resolve is not a function"
    format_test.go:181: recorded original Prettier difference, case 8874: "error\tc.resolve is not a function" versus Go "error\ttag.resolve is not a function"
    format_test.go:181: recorded original Prettier difference, case 8875: "error\tc.resolve is not a function" versus Go "error\ttag.resolve is not a function"
    format_test.go:181: recorded original Prettier difference, case 8943: "error\tInvalid character" versus Go "ok\t%YAML 1.1\\n---\\n!!binary 2000-01-01\\n"
    format_test.go:181: recorded original Prettier difference, case 8945: "error\tInvalid character" versus Go "ok\t%YAML 1.1\\n---\\n!!binary <<\\n"
    format_test.go:181: recorded original Prettier difference, case 9012: "error\tc.resolve is not a function" versus Go "error\ttag.resolve is not a function"
    format_test.go:181: recorded original Prettier difference, case 9013: "error\tc.resolve is not a function" versus Go "error\ttag.resolve is not a function"
    format_test.go:181: recorded original Prettier difference, case 9014: "error\tc.resolve is not a function" versus Go "error\ttag.resolve is not a function"
    format_test.go:181: recorded original Prettier difference, case 9015: "error\tc.resolve is not a function" versus Go "error\ttag.resolve is not a function"
    format_test.go:181: recorded original Prettier difference, case 9022: "error\tc.resolve is not a function" versus Go "error\ttag.resolve is not a function"
    format_test.go:181: recorded original Prettier difference, case 9023: "error\tc.resolve is not a function" versus Go "error\ttag.resolve is not a function"
    format_test.go:181: recorded original Prettier difference, case 9024: "error\tc.resolve is not a function" versus Go "error\ttag.resolve is not a function"
    format_test.go:181: recorded original Prettier difference, case 9025: "error\tc.resolve is not a function" versus Go "error\ttag.resolve is not a function"
    format_test.go:181: recorded original Prettier difference, case 9032: "error\tc.resolve is not a function" versus Go "error\ttag.resolve is not a function"
    format_test.go:181: recorded original Prettier difference, case 9033: "error\tc.resolve is not a function" versus Go "error\ttag.resolve is not a function"
    format_test.go:181: recorded original Prettier difference, case 9034: "error\tc.resolve is not a function" versus Go "error\ttag.resolve is not a function"
    format_test.go:181: recorded original Prettier difference, case 9035: "error\tc.resolve is not a function" versus Go "error\ttag.resolve is not a function"
    format_test.go:181: recorded original Prettier difference, case 9103: "error\tInvalid character" versus Go "ok\t%YAML 1.2\\n---\\n!!binary 2000-01-01\\n"
    format_test.go:181: recorded original Prettier difference, case 9105: "error\tInvalid character" versus Go "ok\t%YAML 1.2\\n---\\n!!binary <<\\n"
    format_test.go:181: recorded original Prettier difference, case 9172: "error\tc.resolve is not a function" versus Go "error\ttag.resolve is not a function"
    format_test.go:181: recorded original Prettier difference, case 9173: "error\tc.resolve is not a function" versus Go "error\ttag.resolve is not a function"
    format_test.go:181: recorded original Prettier difference, case 9174: "error\tc.resolve is not a function" versus Go "error\ttag.resolve is not a function"
    format_test.go:181: recorded original Prettier difference, case 9175: "error\tc.resolve is not a function" versus Go "error\ttag.resolve is not a function"
    format_test.go:181: recorded original Prettier difference, case 9182: "error\tc.resolve is not a function" versus Go "error\ttag.resolve is not a function"
    format_test.go:181: recorded original Prettier difference, case 9183: "error\tc.resolve is not a function" versus Go "error\ttag.resolve is not a function"
    format_test.go:181: recorded original Prettier difference, case 9184: "error\tc.resolve is not a function" versus Go "error\ttag.resolve is not a function"
    format_test.go:181: recorded original Prettier difference, case 9185: "error\tc.resolve is not a function" versus Go "error\ttag.resolve is not a function"
    format_test.go:181: recorded original Prettier difference, case 9192: "error\tc.resolve is not a function" versus Go "error\ttag.resolve is not a function"
    format_test.go:181: recorded original Prettier difference, case 9193: "error\tc.resolve is not a function" versus Go "error\ttag.resolve is not a function"
    format_test.go:181: recorded original Prettier difference, case 9194: "error\tc.resolve is not a function" versus Go "error\ttag.resolve is not a function"
    format_test.go:181: recorded original Prettier difference, case 9195: "error\tc.resolve is not a function" versus Go "error\ttag.resolve is not a function"
    format_test.go:186: original Prettier: 9984 matching cases, 42 proved binary/minification differences
    format_test.go:188: 36 repository files, 10026 cases, 992282 format answer bytes identical on Go/native/Node/emitted JavaScript
--- PASS: TestFormatterMatchesGo (38.49s)
=== RUN   TestBundledParserDifference
    format_test.go:206: yaml: accepted
        prettier: Invalid character
        yaml: accepted
        prettier: Invalid character
        yaml: tag.resolve is not a function
        prettier: c.resolve is not a function
--- PASS: TestBundledParserDifference (0.11s)
=== RUN   TestFileDriver
    format_test.go:269: 36 repository files and 14 direct stdout controls byte-identical to Go on all three port executions
--- PASS: TestFileDriver (35.55s)
=== RUN   TestFormatterMutants
=== RUN   TestFormatterMutants/root_final_newline_lost
    format_test.go:327: native successful execution, wrong bytes caught: byte 28293: got "gePath \"$vsix\"\\n          npx --yes ovsx@1.2.0 publish \"$vsix\" --pat \"$OVSX_PAT\"\nok\t# yaml-language-server: $schema=https://golangci-lint.run/jsonschema/custom-", want "gePath \"$vsix\"\\n          npx --yes ovsx@1.2.0 publish \"$vsix\" --pat \"$OVSX_PAT\"\\n\nok\t# yaml-language-server: $schema=https://golangci-lint.run/jsonschema/custo"
    format_test.go:327: Node successful execution, wrong bytes caught: byte 28293: got "gePath \"$vsix\"\\n          npx --yes ovsx@1.2.0 publish \"$vsix\" --pat \"$OVSX_PAT\"\nok\t# yaml-language-server: $schema=https://golangci-lint.run/jsonschema/custom-", want "gePath \"$vsix\"\\n          npx --yes ovsx@1.2.0 publish \"$vsix\" --pat \"$OVSX_PAT\"\\n\nok\t# yaml-language-server: $schema=https://golangci-lint.run/jsonschema/custo"
=== RUN   TestFormatterMutants/colon_separation_lost
    format_test.go:327: native successful execution, wrong bytes caught: byte 1694: got "own here refusing a file with one byte flipped before anything publishes.\\nname:release\\n\\non:\\n  workflow_dispatch:\\n    inputs:\\n      version:\\n        descr", want "own here refusing a file with one byte flipped before anything publishes.\\nname: release\\n\\non:\\n  workflow_dispatch:\\n    inputs:\\n      version:\\n        desc"
    format_test.go:327: Node successful execution, wrong bytes caught: byte 1694: got "own here refusing a file with one byte flipped before anything publishes.\\nname:release\\n\\non:\\n  workflow_dispatch:\\n    inputs:\\n      version:\\n        descr", want "own here refusing a file with one byte flipped before anything publishes.\\nname: release\\n\\non:\\n  workflow_dispatch:\\n    inputs:\\n      version:\\n        desc"
=== RUN   TestFormatterMutants/flow_trailing_comma_lost
    format_test.go:327: native successful execution, wrong bytes caught: byte 783469: got "first: aaaaaaaaaaaaaaaaaaaaaaaaaaaaaaaaaaaaaaaaaaaaaaaaaaaaaa,\\n  second: [a, b]\\n}\\n\nok\t[aaaaaaaaaaaaaaaaaaaaaaaaaaaaaaaaaaaaaaaaaaaaaaaaaaaaaa, { x: y }, end]", want "first: aaaaaaaaaaaaaaaaaaaaaaaaaaaaaaaaaaaaaaaaaaaaaaaaaaaaaa,\\n  second: [a, b],\\n}\\n\nok\t[aaaaaaaaaaaaaaaaaaaaaaaaaaaaaaaaaaaaaaaaaaaaaaaaaaaaaa, { x: y }, end"
    format_test.go:327: Node successful execution, wrong bytes caught: byte 783469: got "first: aaaaaaaaaaaaaaaaaaaaaaaaaaaaaaaaaaaaaaaaaaaaaaaaaaaaaa,\\n  second: [a, b]\\n}\\n\nok\t[aaaaaaaaaaaaaaaaaaaaaaaaaaaaaaaaaaaaaaaaaaaaaaaaaaaaaa, { x: y }, end]", want "first: aaaaaaaaaaaaaaaaaaaaaaaaaaaaaaaaaaaaaaaaaaaaaaaaaaaaaa,\\n  second: [a, b],\\n}\\n\nok\t[aaaaaaaaaaaaaaaaaaaaaaaaaaaaaaaaaaaaaaaaaaaaaaaaaaaaaa, { x: y }, end"
--- PASS: TestFormatterMutants (29.92s)
    --- PASS: TestFormatterMutants/root_final_newline_lost (9.46s)
    --- PASS: TestFormatterMutants/colon_separation_lost (9.54s)
    --- PASS: TestFormatterMutants/flow_trailing_comma_lost (9.35s)
=== RUN   TestSchemaMatchesGo
    schema_test.go:112: 36 repository files, 9388 cases, 271142 Schema answer bytes identical on all five sides
--- PASS: TestSchemaMatchesGo (4.39s)
=== RUN   TestSchemaMutants
=== RUN   TestSchemaMutants/class_range_loses_last_character
    schema_test.go:166: native successful execution, wrong bytes caught: byte 260024: got "000\n9002|00000000000000000000000\n9003|00000000000000000000000\n9004|00010000000000100000000\n9005|00000000000000000000000\n9006|00000000000000100000000\n9007|000000", want "000\n9002|00000000000000000000000\n9003|00000000000000000000000\n9004|00010000000001100000000\n9005|00000000000000000000000\n9006|00000000000001100000000\n9007|000000"
    schema_test.go:166: Node successful execution, wrong bytes caught: byte 260024: got "000\n9002|00000000000000000000000\n9003|00000000000000000000000\n9004|00010000000000100000000\n9005|00000000000000000000000\n9006|00000000000000100000000\n9007|000000", want "000\n9002|00000000000000000000000\n9003|00000000000000000000000\n9004|00010000000001100000000\n9005|00000000000000000000000\n9006|00000000000001100000000\n9007|000000"
=== RUN   TestSchemaMutants/plus_accepts_empty
    schema_test.go:166: native successful execution, wrong bytes caught: byte 968: got "0000000000000000000\n34|00000000000000000000000\n35|00000000000000000000000\n36|10010000010000000000000\n37|10010000010000000000000\n38|10010000010000000000000\n39|10", want "0000000000000000000\n34|00000000000000000000000\n35|00000000000000000000000\n36|10000000010000000000000\n37|10000000010000000000000\n38|10000000010000000000000\n39|10"
    schema_test.go:166: Node successful execution, wrong bytes caught: byte 968: got "0000000000000000000\n34|00000000000000000000000\n35|00000000000000000000000\n36|10010000010000000000000\n37|10010000010000000000000\n38|10010000010000000000000\n39|10", want "0000000000000000000\n34|00000000000000000000000\n35|00000000000000000000000\n36|10000000010000000000000\n37|10000000010000000000000\n38|10000000010000000000000\n39|10"
=== RUN   TestSchemaMutants/optional_accepts_twice
    schema_test.go:166: native successful execution, wrong bytes caught: byte 262914: got "0000000000000\n9102|00000000000000100000000\n9103|00000001000000000010000\n9104|00010000000000100000000\n9105|00000000000000000000000\n9106|00000000000000100000000\n9", want "0000000000000\n9102|00000000000000100000000\n9103|00000001000000000010000\n9104|00000000000000000000000\n9105|00000000000000000000000\n9106|00000000000000000000000\n9"
    schema_test.go:166: Node successful execution, wrong bytes caught: byte 262914: got "0000000000000\n9102|00000000000000100000000\n9103|00000001000000000010000\n9104|00010000000000100000000\n9105|00000000000000000000000\n9106|00000000000000100000000\n9", want "0000000000000\n9102|00000000000000100000000\n9103|00000001000000000010000\n9104|00000000000000000000000\n9105|00000000000000000000000\n9106|00000000000000000000000\n9"
--- PASS: TestSchemaMutants (3.01s)
    --- PASS: TestSchemaMutants/class_range_loses_last_character (0.85s)
    --- PASS: TestSchemaMutants/plus_accepts_empty (0.88s)
    --- PASS: TestSchemaMutants/optional_accepts_twice (0.85s)
PASS
ok  	github.com/system-inc/adamic/stage1/cohere/yaml	156.388s
