round 1 baseline native: 3.553675s, 2821.30 texts/s; exact Go bytes
round 1 shared schemas: 1.252741s, 8003.25 texts/s; exact Go bytes
round 1 fast paths with Map: 1.013130s, 9896.07 texts/s; exact Go bytes
round 1 native: 0.886625s, 11308.06 texts/s; exact Go bytes
round 1 baseline Node: 1.319837s, 7596.39 texts/s; exact Go bytes
round 1 Node: 0.725529s, 13818.88 texts/s; exact Go bytes
round 1 Go: 0.649971s, 15425.29 texts/s; exact Go bytes
round 2 shared schemas: 1.249097s, 8026.60 texts/s; exact Go bytes
round 2 fast paths with Map: 1.028183s, 9751.18 texts/s; exact Go bytes
round 2 native: 0.855784s, 11715.58 texts/s; exact Go bytes
round 2 baseline Node: 1.226035s, 8177.58 texts/s; exact Go bytes
round 2 Node: 0.718643s, 13951.29 texts/s; exact Go bytes
round 2 Go: 0.631013s, 15888.73 texts/s; exact Go bytes
round 2 baseline native: 3.569556s, 2808.75 texts/s; exact Go bytes
round 3 fast paths with Map: 1.010572s, 9921.12 texts/s; exact Go bytes
round 3 native: 0.878434s, 11413.49 texts/s; exact Go bytes
round 3 baseline Node: 1.230627s, 8147.07 texts/s; exact Go bytes
round 3 Node: 0.732749s, 13682.73 texts/s; exact Go bytes
round 3 Go: 0.673244s, 14892.07 texts/s; exact Go bytes
round 3 baseline native: 3.584000s, 2797.43 texts/s; exact Go bytes
round 3 shared schemas: 1.265388s, 7923.26 texts/s; exact Go bytes
round 4 native: 0.871521s, 11504.03 texts/s; exact Go bytes
round 4 baseline Node: 1.279053s, 7838.61 texts/s; exact Go bytes
round 4 Node: 0.754756s, 13283.76 texts/s; exact Go bytes
round 4 Go: 0.672102s, 14917.38 texts/s; exact Go bytes
round 4 baseline native: 3.595183s, 2788.73 texts/s; exact Go bytes
round 4 shared schemas: 1.249399s, 8024.66 texts/s; exact Go bytes
round 4 fast paths with Map: 1.042528s, 9617.01 texts/s; exact Go bytes
round 5 baseline Node: 1.289191s, 7776.97 texts/s; exact Go bytes
round 5 Node: 0.724716s, 13834.38 texts/s; exact Go bytes
round 5 Go: 0.660028s, 15190.25 texts/s; exact Go bytes
round 5 baseline native: 3.564399s, 2812.82 texts/s; exact Go bytes
round 5 shared schemas: 1.301598s, 7702.84 texts/s; exact Go bytes
round 5 fast paths with Map: 1.027959s, 9753.31 texts/s; exact Go bytes
round 5 native: 0.864370s, 11599.20 texts/s; exact Go bytes
{
  "texts": 10026,
  "answer_bytes": 992282,
  "input_sha256": "63737a0b10efadb15f608f8f7583363cb8b19ac2477fb120fd3ec60dc8a4706a",
  "answer_sha256": "d652d4d00c592c0b7eead50c237bdc9e20877518acd8cf2af4de1cf91c312826",
  "rounds": {
    "baseline native": [
      3.553674888000387,
      3.569556170999931,
      3.5840000349999173,
      3.5951830470003188,
      3.564399336000861
    ],
    "shared schemas": [
      1.2527411430000939,
      1.2490973109997867,
      1.265388186000564,
      1.2493994680007745,
      1.3015978269995685
    ],
    "fast paths with Map": [
      1.0131295259998296,
      1.028183011998408,
      1.010571507998975,
      1.042527543999313,
      1.0279586619999463
    ],
    "native": [
      0.8866245919998619,
      0.8557838460001221,
      0.8784343070001341,
      0.8715207879995432,
      0.8643702729987126
    ],
    "baseline Node": [
      1.319836987000599,
      1.2260352449993661,
      1.230626802000188,
      1.2790533719999075,
      1.2891907039993384
    ],
    "Node": [
      0.7255289770000672,
      0.7186432020007487,
      0.7327486510002927,
      0.7547562560012011,
      0.7247161159993993
    ],
    "Go": [
      0.649971408998681,
      0.6310132130001875,
      0.6732441679996555,
      0.6721019399992656,
      0.6600284239993925
    ]
  },
  "median_texts_per_second": {
    "baseline native": 2808.752550654341,
    "shared schemas": 8003.249558795123,
    "fast paths with Map": 9753.310488666833,
    "native": 11504.028518944811,
    "baseline Node": 7838.609568202385,
    "Node": 13818.882936220853,
    "Go": 15190.254897278828
  },
  "loadavg": [
    "0.43 0.83 0.85 1/161 49696",
    "0.52 0.83 0.85 1/161 49723",
    "0.59 0.84 0.85 1/161 49748",
    "0.66 0.85 0.85 1/162 49774",
    "0.71 0.85 0.85 1/162 49799"
  ]
}
