=== RUN   TestInputAgreesWithNode
=== PAUSE TestInputAgreesWithNode
=== CONT  TestInputAgreesWithNode
=== RUN   TestInputAgreesWithNode/internal/oracle/testdata/read_files.a
=== PAUSE TestInputAgreesWithNode/internal/oracle/testdata/read_files.a
=== RUN   TestInputAgreesWithNode/internal/oracle/testdata/utf8_sweep.a
=== PAUSE TestInputAgreesWithNode/internal/oracle/testdata/utf8_sweep.a
=== RUN   TestInputAgreesWithNode/internal/oracle/testdata/arguments.a
=== PAUSE TestInputAgreesWithNode/internal/oracle/testdata/arguments.a
=== RUN   TestInputAgreesWithNode/internal/oracle/testdata/read_arguments.a
=== PAUSE TestInputAgreesWithNode/internal/oracle/testdata/read_arguments.a
=== RUN   TestInputAgreesWithNode/internal/oracle/testdata/write_files.a
=== PAUSE TestInputAgreesWithNode/internal/oracle/testdata/write_files.a
=== RUN   TestInputAgreesWithNode/internal/oracle/testdata/walk.a
=== PAUSE TestInputAgreesWithNode/internal/oracle/testdata/walk.a
=== CONT  TestInputAgreesWithNode/internal/oracle/testdata/read_files.a
=== CONT  TestInputAgreesWithNode/internal/oracle/testdata/walk.a
=== CONT  TestInputAgreesWithNode/internal/oracle/testdata/read_arguments.a
=== CONT  TestInputAgreesWithNode/internal/oracle/testdata/write_files.a
=== CONT  TestInputAgreesWithNode/internal/oracle/testdata/arguments.a
=== CONT  TestInputAgreesWithNode/internal/oracle/testdata/utf8_sweep.a
--- PASS: TestInputAgreesWithNode (0.00s)
    --- PASS: TestInputAgreesWithNode/internal/oracle/testdata/arguments.a (35.37s)
    --- PASS: TestInputAgreesWithNode/internal/oracle/testdata/read_arguments.a (35.43s)
    --- PASS: TestInputAgreesWithNode/internal/oracle/testdata/read_files.a (35.45s)
    --- PASS: TestInputAgreesWithNode/internal/oracle/testdata/walk.a (35.65s)
    --- PASS: TestInputAgreesWithNode/internal/oracle/testdata/write_files.a (35.67s)
    --- PASS: TestInputAgreesWithNode/internal/oracle/testdata/utf8_sweep.a (1.64s)
PASS
gate cache: native hits=0 misses=0
gate cache: node hits=0 misses=0
gate cache: probe hits=0 misses=6
ok  	github.com/system-inc/adamic/internal/oracle	37.044s
