--- FAIL: TestCheckedViewNodeArrayRecords (6.46s)
    --- FAIL: TestCheckedViewNodeArrayRecords/node-array-lazy (0.15s)
panic: runtime error: index out of range [-1] [recovered, repanicked]

goroutine 38 [running]:
testing.tRunner.func1.2({0x1dd8720, 0x263a35188060})
	/workspace/adamic-tools/go/src/testing/testing.go:2123 +0x232
testing.tRunner.func1()
	/workspace/adamic-tools/go/src/testing/testing.go:2126 +0x329
panic({0x1dd8720?, 0x263a35188060?})
	/workspace/adamic-tools/go/src/runtime/panic.go:859 +0x125
github.com/system-inc/adamic/internal/lower.(*lowering).checkLazyViewReads(0x0?)
	/workspace/adamic/internal/lower/view_lazy.go:132 +0xcf3
github.com/system-inc/adamic/internal/lower.(*lowering).findCycles(0x263a356b6000, {0x263a34dc6a60, 0x1, 0x1})
	/workspace/adamic/internal/lower/cycles.go:64 +0x3f
github.com/system-inc/adamic/internal/lower.Lower({0x1e0bcb8?, 0x1efa9a0?}, 0x263a36990450)
	/workspace/adamic/internal/lower/lower.go:76 +0x83e
github.com/system-inc/adamic/internal/oracle.lowered(0x263a35153d48, {0x263a3698e780, 0x44})
	/workspace/adamic/internal/oracle/oracle_test.go:622 +0x18b
github.com/system-inc/adamic/internal/oracle.interfaceFixture(0x263a35153d48, {0x263a351e8b88, 0x15})
	/workspace/adamic/internal/oracle/interface_cast_test.go:19 +0x111
github.com/system-inc/adamic/internal/oracle.TestCheckedViewNodeArrayRecords.func1(0x263a35153d48)
	/workspace/adamic/internal/oracle/checked_views_array_records_test.go:21 +0x6b
testing.tRunner(0x263a35153d48, 0x263a351c0780)
	/workspace/adamic-tools/go/src/testing/testing.go:2193 +0xea
created by testing.(*T).Run in goroutine 12
	/workspace/adamic-tools/go/src/testing/testing.go:2258 +0x4d4
FAIL	github.com/system-inc/adamic/internal/oracle	6.522s
FAIL
