=== RUN   TestMutants
=== RUN   TestMutants/multiline_suppressed
    lint_test.go:491: multiline_suppressed caught on Node: case 24 line 554: port "fixed\tconst x = 'a\\u005c\\u000ab';\\u000a", Go "/tmp/adamic-gate/TestMutantsmultiline_suppressed326998402/007/no-multi-str-0.ts:1:11"
        Go context:
          no-empty  This block is empty, which leaves a reader unable to tell a deliberate no-op from a body that was deleted or never written. The distinction matters most in a `catch`, where an empty block is the difference between swallowing an error on purpose and swallowing it by accident. Write a comment saying why nothing happens here, or remove the block.
        
        range 52 54 unexpectedBlock 		
        fixed	const \u00e9 = '\ud83d\ude00';\u000d\u000a \u00e9 == null;\u000a \u000d\u000a if(\u00e9){} // outside\u000a
        case 24
        /tmp/adamic-gate/TestMutantsmultiline_suppressed326998402/007/no-multi-str-0.ts:1:11
          no-multi-str  This string is continued onto the next line with a trailing backslash, which the language accepts and almost no reader expects. Whatever indentation the next line carries goes into the value, so the string changes meaning when somebody reformats the file, and the backslash has to be the last character on its line or the file stops parsing. Concatenation or a template literal says the same thing without either hazard.
        
        range 10 16 multilineString 		
        fixed	const x = 'a\u005c\u000ab';\u000a
    lint_test.go:491: multiline_suppressed caught on emitted JavaScript: case 24 line 554: port "fixed\tconst x = 'a\\u005c\\u000ab';\\u000a", Go "/tmp/adamic-gate/TestMutantsmultiline_suppressed326998402/007/no-multi-str-0.ts:1:11"
        Go context:
          no-empty  This block is empty, which leaves a reader unable to tell a deliberate no-op from a body that was deleted or never written. The distinction matters most in a `catch`, where an empty block is the difference between swallowing an error on purpose and swallowing it by accident. Write a comment saying why nothing happens here, or remove the block.
        
        range 52 54 unexpectedBlock 		
        fixed	const \u00e9 = '\ud83d\ude00';\u000d\u000a \u00e9 == null;\u000a \u000d\u000a if(\u00e9){} // outside\u000a
        case 24
        /tmp/adamic-gate/TestMutantsmultiline_suppressed326998402/007/no-multi-str-0.ts:1:11
          no-multi-str  This string is continued onto the next line with a trailing backslash, which the language accepts and almost no reader expects. Whatever indentation the next line carries goes into the value, so the string changes meaning when somebody reformats the file, and the backslash has to be the last character on its line or the file stops parsing. Concatenation or a template literal says the same thing without either hazard.
        
        range 10 16 multilineString 		
        fixed	const x = 'a\u005c\u000ab';\u000a
    lint_test.go:491: multiline_suppressed caught on native: case 24 line 554: port "fixed\tconst x = 'a\\u005c\\u000ab';\\u000a", Go "/tmp/adamic-gate/TestMutantsmultiline_suppressed326998402/007/no-multi-str-0.ts:1:11"
        Go context:
          no-empty  This block is empty, which leaves a reader unable to tell a deliberate no-op from a body that was deleted or never written. The distinction matters most in a `catch`, where an empty block is the difference between swallowing an error on purpose and swallowing it by accident. Write a comment saying why nothing happens here, or remove the block.
        
        range 52 54 unexpectedBlock 		
        fixed	const \u00e9 = '\ud83d\ude00';\u000d\u000a \u00e9 == null;\u000a \u000d\u000a if(\u00e9){} // outside\u000a
        case 24
        /tmp/adamic-gate/TestMutantsmultiline_suppressed326998402/007/no-multi-str-0.ts:1:11
          no-multi-str  This string is continued onto the next line with a trailing backslash, which the language accepts and almost no reader expects. Whatever indentation the next line carries goes into the value, so the string changes meaning when somebody reformats the file, and the backslash has to be the last character on its line or the file stops parsing. Concatenation or a template literal says the same thing without either hazard.
        
        range 10 16 multilineString 		
        fixed	const x = 'a\u005c\u000ab';\u000a
=== RUN   TestMutants/decimal_suggestion_wrong
    lint_test.go:491: decimal_suggestion_wrong caught on Node: case 24 line 559: port "edit 11 13 0", Go "edit 11 13 8"
        Go context:
        /tmp/adamic-gate/TestMutantsdecimal_suggestion_wrong3381735052/007/no-nonoctal-decimal-escape-0.ts:1:12
          no-nonoctal-decimal-escape  This is a `\8` or `\9` escape, which the language only still accepts as a legacy web-compatibility feature. It means the bare digit, so the backslash does nothing, and in strict mode or a module it is a syntax error rather than a quiet no-op. Whichever was intended, the digit or a literal backslash, saying it directly is the version that keeps meaning the same thing everywhere.
        
        range 11 13 nonoctalDecimalEscape 		
        suggestion nonoctalDecimalEscape Replace `\u005c8` with `8` if the digit is what was meant. The escape already means exactly that, so this changes nothing at runtime.
        edit 11 13 8
        applied	const x = '8';\u000a
        suggestion nonoctalDecimalEscape Replace `\u005c8` with `\u005c\u005c8` if a literal backslash before the digit is what was meant. This one does change the string.
        edit 11 13 \u005c\u005c8
        applied	const x = '\u005c\u005c8';\u000a
    lint_test.go:491: decimal_suggestion_wrong caught on emitted JavaScript: case 24 line 559: port "edit 11 13 0", Go "edit 11 13 8"
        Go context:
        /tmp/adamic-gate/TestMutantsdecimal_suggestion_wrong3381735052/007/no-nonoctal-decimal-escape-0.ts:1:12
          no-nonoctal-decimal-escape  This is a `\8` or `\9` escape, which the language only still accepts as a legacy web-compatibility feature. It means the bare digit, so the backslash does nothing, and in strict mode or a module it is a syntax error rather than a quiet no-op. Whichever was intended, the digit or a literal backslash, saying it directly is the version that keeps meaning the same thing everywhere.
        
        range 11 13 nonoctalDecimalEscape 		
        suggestion nonoctalDecimalEscape Replace `\u005c8` with `8` if the digit is what was meant. The escape already means exactly that, so this changes nothing at runtime.
        edit 11 13 8
        applied	const x = '8';\u000a
        suggestion nonoctalDecimalEscape Replace `\u005c8` with `\u005c\u005c8` if a literal backslash before the digit is what was meant. This one does change the string.
        edit 11 13 \u005c\u005c8
        applied	const x = '\u005c\u005c8';\u000a
    lint_test.go:491: decimal_suggestion_wrong caught on native: case 24 line 559: port "edit 11 13 0", Go "edit 11 13 8"
        Go context:
        /tmp/adamic-gate/TestMutantsdecimal_suggestion_wrong3381735052/007/no-nonoctal-decimal-escape-0.ts:1:12
          no-nonoctal-decimal-escape  This is a `\8` or `\9` escape, which the language only still accepts as a legacy web-compatibility feature. It means the bare digit, so the backslash does nothing, and in strict mode or a module it is a syntax error rather than a quiet no-op. Whichever was intended, the digit or a literal backslash, saying it directly is the version that keeps meaning the same thing everywhere.
        
        range 11 13 nonoctalDecimalEscape 		
        suggestion nonoctalDecimalEscape Replace `\u005c8` with `8` if the digit is what was meant. The escape already means exactly that, so this changes nothing at runtime.
        edit 11 13 8
        applied	const x = '8';\u000a
        suggestion nonoctalDecimalEscape Replace `\u005c8` with `\u005c\u005c8` if a literal backslash before the digit is what was meant. This one does change the string.
        edit 11 13 \u005c\u005c8
        applied	const x = '\u005c\u005c8';\u000a
=== RUN   TestMutants/octal_suppressed
    lint_test.go:491: octal_suppressed caught on Node: case 24 line 554: port "fixed\tconst x = 0755;\\u000a", Go "/tmp/adamic-gate/TestMutantsoctal_suppressed3868041819/007/no-octal-0.ts:1:11"
        Go context:
          no-empty  This block is empty, which leaves a reader unable to tell a deliberate no-op from a body that was deleted or never written. The distinction matters most in a `catch`, where an empty block is the difference between swallowing an error on purpose and swallowing it by accident. Write a comment saying why nothing happens here, or remove the block.
        
        range 52 54 unexpectedBlock 		
        fixed	const \u00e9 = '\ud83d\ude00';\u000d\u000a \u00e9 == null;\u000a \u000d\u000a if(\u00e9){} // outside\u000a
        case 24
        /tmp/adamic-gate/TestMutantsoctal_suppressed3868041819/007/no-octal-0.ts:1:11
          no-octal  This number is written in the legacy octal form, a bare leading zero, so `0755` is 493 rather than seven hundred fifty five. The zero is easy to miss and the value the program runs with is not the one the digits appear to spell. The form is also a syntax error in strict mode and in every module, so the same literal is silently reinterpreted in one file and rejected outright in another. Write `0o755` when octal is meant, which says so, or drop the leading zero when it is not.
        
        range 10 14 noOctal 		
        fixed	const x = 0755;\u000a
    lint_test.go:491: octal_suppressed caught on emitted JavaScript: case 24 line 554: port "fixed\tconst x = 0755;\\u000a", Go "/tmp/adamic-gate/TestMutantsoctal_suppressed3868041819/007/no-octal-0.ts:1:11"
        Go context:
          no-empty  This block is empty, which leaves a reader unable to tell a deliberate no-op from a body that was deleted or never written. The distinction matters most in a `catch`, where an empty block is the difference between swallowing an error on purpose and swallowing it by accident. Write a comment saying why nothing happens here, or remove the block.
        
        range 52 54 unexpectedBlock 		
        fixed	const \u00e9 = '\ud83d\ude00';\u000d\u000a \u00e9 == null;\u000a \u000d\u000a if(\u00e9){} // outside\u000a
        case 24
        /tmp/adamic-gate/TestMutantsoctal_suppressed3868041819/007/no-octal-0.ts:1:11
          no-octal  This number is written in the legacy octal form, a bare leading zero, so `0755` is 493 rather than seven hundred fifty five. The zero is easy to miss and the value the program runs with is not the one the digits appear to spell. The form is also a syntax error in strict mode and in every module, so the same literal is silently reinterpreted in one file and rejected outright in another. Write `0o755` when octal is meant, which says so, or drop the leading zero when it is not.
        
        range 10 14 noOctal 		
        fixed	const x = 0755;\u000a
    lint_test.go:491: octal_suppressed caught on native: case 24 line 554: port "fixed\tconst x = 0755;\\u000a", Go "/tmp/adamic-gate/TestMutantsoctal_suppressed3868041819/007/no-octal-0.ts:1:11"
        Go context:
          no-empty  This block is empty, which leaves a reader unable to tell a deliberate no-op from a body that was deleted or never written. The distinction matters most in a `catch`, where an empty block is the difference between swallowing an error on purpose and swallowing it by accident. Write a comment saying why nothing happens here, or remove the block.
        
        range 52 54 unexpectedBlock 		
        fixed	const \u00e9 = '\ud83d\ude00';\u000d\u000a \u00e9 == null;\u000a \u000d\u000a if(\u00e9){} // outside\u000a
        case 24
        /tmp/adamic-gate/TestMutantsoctal_suppressed3868041819/007/no-octal-0.ts:1:11
          no-octal  This number is written in the legacy octal form, a bare leading zero, so `0755` is 493 rather than seven hundred fifty five. The zero is easy to miss and the value the program runs with is not the one the digits appear to spell. The form is also a syntax error in strict mode and in every module, so the same literal is silently reinterpreted in one file and rejected outright in another. Write `0o755` when octal is meant, which says so, or drop the leading zero when it is not.
        
        range 10 14 noOctal 		
        fixed	const x = 0755;\u000a
--- PASS: TestMutants (75.16s)
    --- PASS: TestMutants/multiline_suppressed (24.28s)
    --- PASS: TestMutants/decimal_suggestion_wrong (24.01s)
    --- PASS: TestMutants/octal_suppressed (23.90s)
PASS
ok  	github.com/system-inc/adamic/stage1/cohere/lint	75.181s
