?   	github.com/system-inc/adamic/bench	[no test files]
?   	github.com/system-inc/adamic/bench/regex	[no test files]
?   	github.com/system-inc/adamic/cmd/adamic	[no test files]
?   	github.com/system-inc/adamic/cmd/adamic-fuzz	[no test files]
ok  	github.com/system-inc/adamic/cmd/adamic-meter	1.498s
ok  	github.com/system-inc/adamic/cmd/adamic-test262	168.921s
ok  	github.com/system-inc/adamic/internal/flow	245.891s
ok  	github.com/system-inc/adamic/internal/fresh	104.486s
ok  	github.com/system-inc/adamic/internal/fuzz	43.384s
?   	github.com/system-inc/adamic/internal/ir	[no test files]
?   	github.com/system-inc/adamic/internal/javascript	[no test files]
ok  	github.com/system-inc/adamic/internal/load	3.204s
ok  	github.com/system-inc/adamic/internal/lower	60.943s
ok  	github.com/system-inc/adamic/internal/native	436.734s
ok  	github.com/system-inc/adamic/internal/oracle	315.859s
ok  	github.com/system-inc/adamic/internal/regexp	19.888s
ok  	github.com/system-inc/adamic/internal/unicodeproperties	1032.058s
ok  	github.com/system-inc/adamic/stage1/cohere/cssnumbers	239.764s
ok  	github.com/system-inc/adamic/stage1/cohere/cssstrings	46.921s
ok  	github.com/system-inc/adamic/stage1/cohere/formatfiles	77.681s
ok  	github.com/system-inc/adamic/stage1/cohere/gitignore	47.107s
ok  	github.com/system-inc/adamic/stage1/cohere/graphql	162.158s
ok  	github.com/system-inc/adamic/stage1/cohere/json	687.491s
ok  	github.com/system-inc/adamic/stage1/cohere/lint	377.353s
ok  	github.com/system-inc/adamic/stage1/cohere/mediaquery	55.773s
ok  	github.com/system-inc/adamic/stage1/cohere/selector	66.320s
ok  	github.com/system-inc/adamic/stage1/cohere/suppression	77.841s
ok  	github.com/system-inc/adamic/stage1/cohere/values	67.839s
ok  	github.com/system-inc/adamic/stage1/typescript/parser	296.790s
ok  	github.com/system-inc/adamic/stage1/typescript/scanner	86.593s
