=== RUN   TestDeterministicRegeneration
=== PAUSE TestDeterministicRegeneration
=== RUN   TestDescriptorRejections
=== PAUSE TestDescriptorRejections
=== RUN   TestDuplicateOracleAdapter
=== PAUSE TestDuplicateOracleAdapter
=== CONT  TestDeterministicRegeneration
=== CONT  TestDescriptorRejections
=== RUN   TestDescriptorRejections/duplicate_public_name
=== PAUSE TestDescriptorRejections/duplicate_public_name
=== RUN   TestDescriptorRejections/unknown_field
=== PAUSE TestDescriptorRejections/unknown_field
=== CONT  TestDuplicateOracleAdapter
=== RUN   TestDescriptorRejections/missing_named_export
=== PAUSE TestDescriptorRejections/missing_named_export
=== RUN   TestDescriptorRejections/bad_kind
=== PAUSE TestDescriptorRejections/bad_kind
=== RUN   TestDescriptorRejections/missing_oracle_export
=== PAUSE TestDescriptorRejections/missing_oracle_export
=== RUN   TestDescriptorRejections/no_listener
=== PAUSE TestDescriptorRejections/no_listener
=== RUN   TestDescriptorRejections/missing_factory
=== PAUSE TestDescriptorRejections/missing_factory
=== RUN   TestDescriptorRejections/missing_class
=== PAUSE TestDescriptorRejections/missing_class
=== RUN   TestDescriptorRejections/missing_finish_hook
=== PAUSE TestDescriptorRejections/missing_finish_hook
=== RUN   TestDescriptorRejections/unsafe_public_name
=== PAUSE TestDescriptorRejections/unsafe_public_name
=== CONT  TestDescriptorRejections/duplicate_public_name
=== CONT  TestDescriptorRejections/no_listener
    registry_test.go:119: mutant rejected: /tmp/adamic-gate/TestDescriptorRejectionsno_listener3676931503/001/rules/no-debugger/rule.json: visit and kinds required
=== NAME  TestDuplicateOracleAdapter
    registry_test.go:147: mutant rejected: /tmp/adamic-gate/TestDuplicateOracleAdapter3415395703/001/rules/no-empty/rule.json: duplicate oracle adapter "oracleNoDebugger"
=== NAME  TestDescriptorRejections/duplicate_public_name
    registry_test.go:119: mutant rejected: /tmp/adamic-gate/TestDescriptorRejectionsduplicate_public_name203491922/001/rules/no-empty/rule.json: invalid or duplicate rule name "no-empty"
=== CONT  TestDescriptorRejections/missing_oracle_export
--- PASS: TestDuplicateOracleAdapter (0.00s)
=== CONT  TestDescriptorRejections/bad_kind
=== CONT  TestDescriptorRejections/missing_named_export
=== CONT  TestDescriptorRejections/unknown_field
=== NAME  TestDescriptorRejections/bad_kind
    registry_test.go:119: mutant rejected: /tmp/adamic-gate/TestDescriptorRejectionsbad_kind796742964/001/rules/no-debugger/rule.json: invalid or duplicate kind "NotARealNode"
=== CONT  TestDescriptorRejections/missing_finish_hook
=== NAME  TestDescriptorRejections/missing_oracle_export
    registry_test.go:119: mutant rejected: /tmp/adamic-gate/TestDescriptorRejectionsmissing_oracle_export1589618198/001/rules/no-debugger/rule.json: missing oracle adapter exports
=== CONT  TestDescriptorRejections/unsafe_public_name
=== NAME  TestDescriptorRejections/missing_named_export
    registry_test.go:119: mutant rejected: /tmp/adamic-gate/TestDescriptorRejectionsmissing_named_export3097212417/001/rules/no-debugger/rule.json: missing named hook "missing"
=== CONT  TestDescriptorRejections/missing_class
=== NAME  TestDescriptorRejections/unknown_field
    registry_test.go:119: mutant rejected: /tmp/adamic-gate/TestDescriptorRejectionsunknown_field2724204349/001/rules/no-debugger/rule.json: json: unknown field "vist"
=== NAME  TestDescriptorRejections/missing_finish_hook
    registry_test.go:119: mutant rejected: /tmp/adamic-gate/TestDescriptorRejectionsmissing_finish_hook1046742318/001/rules/no-debugger/rule.json: missing named hook "missing"
=== CONT  TestDescriptorRejections/missing_factory
=== NAME  TestDescriptorRejections/unsafe_public_name
    registry_test.go:119: mutant rejected: /tmp/adamic-gate/TestDescriptorRejectionsunsafe_public_name3986432320/001/rules/no-debugger/rule.json: invalid or duplicate rule name "bad\\name"
--- PASS: TestDeterministicRegeneration (0.01s)
=== NAME  TestDescriptorRejections/missing_class
    registry_test.go:119: mutant rejected: /tmp/adamic-gate/TestDescriptorRejectionsmissing_class3974059595/001/rules/no-debugger/rule.json: missing named factory or class
=== NAME  TestDescriptorRejections/missing_factory
    registry_test.go:119: mutant rejected: /tmp/adamic-gate/TestDescriptorRejectionsmissing_factory3855306866/001/rules/no-debugger/rule.json: missing named factory or class
--- PASS: TestDescriptorRejections (0.00s)
    --- PASS: TestDescriptorRejections/no_listener (0.00s)
    --- PASS: TestDescriptorRejections/duplicate_public_name (0.00s)
    --- PASS: TestDescriptorRejections/bad_kind (0.00s)
    --- PASS: TestDescriptorRejections/missing_oracle_export (0.00s)
    --- PASS: TestDescriptorRejections/missing_named_export (0.00s)
    --- PASS: TestDescriptorRejections/missing_finish_hook (0.00s)
    --- PASS: TestDescriptorRejections/unknown_field (0.00s)
    --- PASS: TestDescriptorRejections/unsafe_public_name (0.00s)
    --- PASS: TestDescriptorRejections/missing_class (0.00s)
    --- PASS: TestDescriptorRejections/missing_factory (0.00s)
PASS
ok  	github.com/system-inc/adamic/stage1/cohere/lint/registry	0.013s
