=== RUN   TestDeterministicRegeneration
=== PAUSE TestDeterministicRegeneration
=== RUN   TestDescriptorRejections
=== PAUSE TestDescriptorRejections
=== RUN   TestDuplicateOracleAdapter
=== PAUSE TestDuplicateOracleAdapter
=== RUN   TestAdamicRuleModule
=== PAUSE TestAdamicRuleModule
=== CONT  TestDeterministicRegeneration
=== CONT  TestAdamicRuleModule
=== CONT  TestDuplicateOracleAdapter
=== CONT  TestDescriptorRejections
=== RUN   TestDescriptorRejections/duplicate_public_name
=== PAUSE TestDescriptorRejections/duplicate_public_name
=== RUN   TestDescriptorRejections/unknown_field
=== PAUSE TestDescriptorRejections/unknown_field
=== RUN   TestDescriptorRejections/missing_named_export
=== PAUSE TestDescriptorRejections/missing_named_export
=== RUN   TestDescriptorRejections/bad_kind
=== PAUSE TestDescriptorRejections/bad_kind
=== RUN   TestDescriptorRejections/missing_oracle_export
=== PAUSE TestDescriptorRejections/missing_oracle_export
=== RUN   TestDescriptorRejections/no_listener
=== PAUSE TestDescriptorRejections/no_listener
=== RUN   TestDescriptorRejections/missing_factory
=== PAUSE TestDescriptorRejections/missing_factory
=== RUN   TestDescriptorRejections/missing_class
=== PAUSE TestDescriptorRejections/missing_class
=== RUN   TestDescriptorRejections/missing_finish_hook
=== PAUSE TestDescriptorRejections/missing_finish_hook
=== RUN   TestDescriptorRejections/unsafe_public_name
=== PAUSE TestDescriptorRejections/unsafe_public_name
=== CONT  TestDescriptorRejections/duplicate_public_name
=== CONT  TestDescriptorRejections/no_listener
    registry_test.go:119: mutant rejected: /tmp/adamic-gate/TestDescriptorRejectionsno_listener2065757661/001/rules/no-debugger/rule.json: visit and kinds required
=== NAME  TestDuplicateOracleAdapter
    registry_test.go:147: mutant rejected: /tmp/adamic-gate/TestDuplicateOracleAdapter2841287887/001/rules/no-empty/rule.json: duplicate oracle adapter "oracleNoDebugger"
=== CONT  TestDescriptorRejections/unsafe_public_name
--- PASS: TestDuplicateOracleAdapter (0.06s)
=== CONT  TestDescriptorRejections/missing_finish_hook
=== NAME  TestDescriptorRejections/duplicate_public_name
    registry_test.go:119: mutant rejected: /tmp/adamic-gate/TestDescriptorRejectionsduplicate_public_name4022594058/001/rules/no-empty/rule.json: invalid or duplicate rule name "no-empty"
=== NAME  TestAdamicRuleModule
    registry_test.go:171: stale .ts alongside .a rejected
--- PASS: TestAdamicRuleModule (0.07s)
=== CONT  TestDescriptorRejections/missing_factory
=== CONT  TestDescriptorRejections/missing_class
=== NAME  TestDescriptorRejections/unsafe_public_name
    registry_test.go:119: mutant rejected: /tmp/adamic-gate/TestDescriptorRejectionsunsafe_public_name3272417580/001/rules/no-debugger/rule.json: invalid or duplicate rule name "bad\\name"
=== NAME  TestDescriptorRejections/missing_factory
    registry_test.go:119: mutant rejected: /tmp/adamic-gate/TestDescriptorRejectionsmissing_factory3701285865/001/rules/no-debugger/rule.json: missing named factory or class
=== CONT  TestDescriptorRejections/missing_named_export
=== CONT  TestDescriptorRejections/missing_oracle_export
=== NAME  TestDescriptorRejections/missing_class
    registry_test.go:119: mutant rejected: /tmp/adamic-gate/TestDescriptorRejectionsmissing_class578983245/001/rules/no-debugger/rule.json: missing named factory or class
=== CONT  TestDescriptorRejections/bad_kind
=== NAME  TestDescriptorRejections/missing_finish_hook
    registry_test.go:119: mutant rejected: /tmp/adamic-gate/TestDescriptorRejectionsmissing_finish_hook3332342854/001/rules/no-debugger/rule.json: missing named hook "missing"
=== CONT  TestDescriptorRejections/unknown_field
=== NAME  TestDescriptorRejections/missing_named_export
    registry_test.go:119: mutant rejected: /tmp/adamic-gate/TestDescriptorRejectionsmissing_named_export1088422225/001/rules/no-debugger/rule.json: missing named hook "missing"
--- PASS: TestDeterministicRegeneration (0.18s)
=== NAME  TestDescriptorRejections/bad_kind
    registry_test.go:119: mutant rejected: /tmp/adamic-gate/TestDescriptorRejectionsbad_kind1421127987/001/rules/no-debugger/rule.json: invalid or duplicate kind "NotARealNode"
=== NAME  TestDescriptorRejections/missing_oracle_export
    registry_test.go:119: mutant rejected: /tmp/adamic-gate/TestDescriptorRejectionsmissing_oracle_export2931708868/001/rules/no-debugger/rule.json: missing oracle adapter exports
=== NAME  TestDescriptorRejections/unknown_field
    registry_test.go:119: mutant rejected: /tmp/adamic-gate/TestDescriptorRejectionsunknown_field1558174330/001/rules/no-debugger/rule.json: json: unknown field "vist"
--- PASS: TestDescriptorRejections (0.00s)
    --- PASS: TestDescriptorRejections/no_listener (0.04s)
    --- PASS: TestDescriptorRejections/duplicate_public_name (0.06s)
    --- PASS: TestDescriptorRejections/unsafe_public_name (0.08s)
    --- PASS: TestDescriptorRejections/missing_factory (0.07s)
    --- PASS: TestDescriptorRejections/missing_class (0.06s)
    --- PASS: TestDescriptorRejections/missing_finish_hook (0.10s)
    --- PASS: TestDescriptorRejections/missing_named_export (0.04s)
    --- PASS: TestDescriptorRejections/bad_kind (0.05s)
    --- PASS: TestDescriptorRejections/missing_oracle_export (0.06s)
    --- PASS: TestDescriptorRejections/unknown_field (0.05s)
PASS
ok  	github.com/system-inc/adamic/stage1/cohere/lint/registry	0.217s
