=== RUN   TestBatch2Controls
    batch2_test.go:144: Go, Node, native identical: 23860 bytes
--- PASS: TestBatch2Controls (43.18s)
=== RUN   TestNestedConstructorGap
    gaps_test.go:35: Node prints 1; native lowering refuses: /workspace/adamic/stage1/cohere/lint/gaps/1_nested_constructor.ts:7:16: Adamic 0.1 refuses this escaping a constructor before every field is set (stored, passed, or a method called on it, which could read a field that holds undefined while its type says otherwise); assign every field first, then use this
--- PASS: TestNestedConstructorGap (0.20s)
=== RUN   TestOptionAndComparatorGaps
=== PAUSE TestOptionAndComparatorGaps
=== RUN   TestRulesAgree
    lint_test.go:257: batch2 upstream no-caller: 8 cases
    lint_test.go:257: batch2 upstream no-eq-null: 14 cases
    lint_test.go:257: batch2 upstream no-empty-static-block: 9 cases
    lint_test.go:257: batch2 upstream no-proto: 14 cases
    lint_test.go:257: batch2 upstream no-script-url: 29 cases
    lint_test.go:257: batch2 upstream no-self-compare: 25 cases
    lint_test.go:257: batch2 upstream no-delete-var: 9 cases
    lint_test.go:257: batch2 upstream no-iterator: 10 cases
    lint_test.go:257: batch2 upstream no-compare-neg-zero: 56 cases
    lint_test.go:257: batch2 upstream no-async-promise-executor: 24 cases
    lint_test.go:257: batch2 upstream no-empty-pattern: 44 cases
    lint_test.go:257: batch2 upstream no-constructor-return: 53 cases
    lint_test.go:257: batch2 upstream no-multi-assign: 70 cases
    lint_test.go:257: batch2 upstream no-useless-catch: 23 cases
    lint_test.go:257: batch2 upstream no-unsafe-finally: 61 cases
    lint_test.go:257: batch2 upstream no-useless-concat: 40 cases
    lint_test.go:257: batch2 upstream no-empty-character-class: 43 cases
    lint_test.go:257: batch2 upstream no-ex-assign: 19 cases
    lint_test.go:257: batch2 upstream @typescript-eslint/no-unnecessary-type-constraint: 43 cases
    lint_test.go:257: batch2 upstream @typescript-eslint/prefer-namespace-keyword: 22 cases
    lint_test.go:297: cohere cases: 1888 unique source/rule/options combinations
    lint_test.go:326: EXPLICIT LIMIT: parser recovery is not ported for /tmp/adamic-gate/TestRulesAgree777219917/019/case-079.ts	@typescript-eslint/method-signature-style			false	{"Style":"method"}	unsupported-recovery
    lint_test.go:327: Go recovered output: case 0
        recovery findings only
    lint_test.go:327: explicit unsupported recovery: /tmp/adamic-gate/TestRulesAgree777219917/003/scanner: timeout=false: exit status 70: adamic: panic: parser slice expected OpenBraceToken, got EndOfFile at 11 in /tmp/adamic-gate/TestRulesAgree777219917/019/case-079.ts
    lint_test.go:327: explicit unsupported recovery: node: timeout=false: exit status 70: adamic: panic: parser slice expected OpenBraceToken, got EndOfFile at 11 in /tmp/adamic-gate/TestRulesAgree777219917/019/case-079.ts
    lint_test.go:326: EXPLICIT LIMIT: parser recovery is not ported for /tmp/adamic-gate/TestRulesAgree777219917/019/case-081.ts	@typescript-eslint/method-signature-style			false	{"Style":"method"}	unsupported-recovery
    lint_test.go:327: Go recovered output: case 0
        recovery findings only
    lint_test.go:327: explicit unsupported recovery: /tmp/adamic-gate/TestRulesAgree777219917/003/scanner: timeout=true: signal: killed: 
    lint_test.go:327: explicit unsupported recovery: node: timeout=true: signal: killed: 
    lint_test.go:326: EXPLICIT LIMIT: parser recovery is not ported for /tmp/adamic-gate/TestRulesAgree777219917/019/case-085.ts	@typescript-eslint/method-signature-style			false	{"Style":"method"}	unsupported-recovery
    lint_test.go:327: Go recovered output: case 0
        recovery findings only
    lint_test.go:327: explicit unsupported recovery: /tmp/adamic-gate/TestRulesAgree777219917/003/scanner: timeout=false: exit status 70: adamic: panic: parser slice expected GreaterThanToken, got Identifier at 17 in /tmp/adamic-gate/TestRulesAgree777219917/019/case-085.ts
    lint_test.go:327: explicit unsupported recovery: node: timeout=false: exit status 70: adamic: panic: parser slice expected GreaterThanToken, got Identifier at 17 in /tmp/adamic-gate/TestRulesAgree777219917/019/case-085.ts
    lint_test.go:326: EXPLICIT LIMIT: parser recovery is not ported for /tmp/adamic-gate/TestRulesAgree777219917/019/case-086.ts	@typescript-eslint/method-signature-style			false	{"Style":"method"}	unsupported-recovery
    lint_test.go:327: Go recovered output: case 0
        recovery findings only
    lint_test.go:327: explicit unsupported recovery: /tmp/adamic-gate/TestRulesAgree777219917/003/scanner: timeout=false: exit status 70: adamic: panic: parser slice expected GreaterThanToken, got OpenParenToken at 17 in /tmp/adamic-gate/TestRulesAgree777219917/019/case-086.ts
    lint_test.go:327: explicit unsupported recovery: node: timeout=false: exit status 70: adamic: panic: parser slice expected GreaterThanToken, got OpenParenToken at 17 in /tmp/adamic-gate/TestRulesAgree777219917/019/case-086.ts
    lint_test.go:326: EXPLICIT LIMIT: parser recovery is not ported for /tmp/adamic-gate/TestRulesAgree777219917/019/case-095.ts	@typescript-eslint/method-signature-style			false	{"Style":"property"}	unsupported-recovery
    lint_test.go:327: Go recovered output: case 0
        recovery findings only
    lint_test.go:327: explicit unsupported recovery: /tmp/adamic-gate/TestRulesAgree777219917/003/scanner: timeout=false: exit status 70: adamic: panic: parser slice expected OpenBraceToken, got EndOfFile at 11 in /tmp/adamic-gate/TestRulesAgree777219917/019/case-095.ts
    lint_test.go:327: explicit unsupported recovery: node: timeout=false: exit status 70: adamic: panic: parser slice expected OpenBraceToken, got EndOfFile at 11 in /tmp/adamic-gate/TestRulesAgree777219917/019/case-095.ts
    lint_test.go:326: EXPLICIT LIMIT: parser recovery is not ported for /tmp/adamic-gate/TestRulesAgree777219917/019/case-097.ts	@typescript-eslint/method-signature-style			false	{"Style":"property"}	unsupported-recovery
    lint_test.go:327: Go recovered output: case 0
        /tmp/adamic-gate/TestRulesAgree777219917/019/case-097.ts:1:15
          @typescript-eslint/method-signature-style  This is written as a shorthand method signature, which TypeScript checks bivariantly: a parameter can be narrowed by an implementer and the compiler will not object, so a call that type-checks can still be wrong at runtime. A function property is checked the strict way and catches that.
        
        range 14 33 errorMethod fix	m: (a: string) => void;		14 33
        recovery findings only
    lint_test.go:327: explicit unsupported recovery: /tmp/adamic-gate/TestRulesAgree777219917/003/scanner: timeout=true: signal: killed: 
    lint_test.go:327: explicit unsupported recovery: node: timeout=true: signal: killed: 
    lint_test.go:326: EXPLICIT LIMIT: parser recovery is not ported for /tmp/adamic-gate/TestRulesAgree777219917/019/case-099.ts	@typescript-eslint/method-signature-style			false	{"Style":"property"}	unsupported-recovery
    lint_test.go:327: Go recovered output: case 0
        /tmp/adamic-gate/TestRulesAgree777219917/019/case-099.ts:1:15
          @typescript-eslint/method-signature-style  This is written as a shorthand method signature, which TypeScript checks bivariantly: a parameter can be narrowed by an implementer and the compiler will not object, so a call that type-checks can still be wrong at runtime. A function property is checked the strict way and catches that.
        
        range 14 34 errorMethod fix	m: (a: string) => void;		14 34
        recovery findings only
    lint_test.go:327: explicit unsupported recovery: /tmp/adamic-gate/TestRulesAgree777219917/003/scanner: timeout=false: exit status 70: adamic: panic: parser slice expected GreaterThanToken, got Identifier at 17 in /tmp/adamic-gate/TestRulesAgree777219917/019/case-099.ts
    lint_test.go:327: explicit unsupported recovery: node: timeout=false: exit status 70: adamic: panic: parser slice expected GreaterThanToken, got Identifier at 17 in /tmp/adamic-gate/TestRulesAgree777219917/019/case-099.ts
    lint_test.go:326: EXPLICIT LIMIT: parser recovery is not ported for /tmp/adamic-gate/TestRulesAgree777219917/019/case-100.ts	@typescript-eslint/method-signature-style			false	{"Style":"property"}	unsupported-recovery
    lint_test.go:327: Go recovered output: case 0
        /tmp/adamic-gate/TestRulesAgree777219917/019/case-100.ts:1:15
          @typescript-eslint/method-signature-style  This is written as a shorthand method signature, which TypeScript checks bivariantly: a parameter can be narrowed by an implementer and the compiler will not object, so a call that type-checks can still be wrong at runtime. A function property is checked the strict way and catches that.
        
        range 14 27 errorMethod 			14 27
        recovery findings only
    lint_test.go:327: explicit unsupported recovery: /tmp/adamic-gate/TestRulesAgree777219917/003/scanner: timeout=false: exit status 70: adamic: panic: parser slice expected GreaterThanToken, got OpenParenToken at 17 in /tmp/adamic-gate/TestRulesAgree777219917/019/case-100.ts
    lint_test.go:327: explicit unsupported recovery: node: timeout=false: exit status 70: adamic: panic: parser slice expected GreaterThanToken, got OpenParenToken at 17 in /tmp/adamic-gate/TestRulesAgree777219917/019/case-100.ts
    lint_test.go:326: EXPLICIT LIMIT: parser recovery is not ported for /tmp/adamic-gate/TestRulesAgree777219917/019/case-411.ts	no-async-promise-executor			false		unsupported-recovery
    lint_test.go:327: Go recovered output: case 0
        recovery findings only
    lint_test.go:327: explicit unsupported recovery: /tmp/adamic-gate/TestRulesAgree777219917/003/scanner: timeout=false: exit status 70: adamic: panic: parser slice unsupported primary AtToken at 12 in /tmp/adamic-gate/TestRulesAgree777219917/019/case-411.ts
    lint_test.go:327: explicit unsupported recovery: node: timeout=false: exit status 70: adamic: panic: parser slice unsupported primary AtToken at 12 in /tmp/adamic-gate/TestRulesAgree777219917/019/case-411.ts
    lint_test.go:332: Go, Node, native identical: 933123 bytes
--- PASS: TestRulesAgree (64.18s)
=== RUN   TestCompilerAndStage1Agree
    lint_test.go:368: compiler and stage1: 187 files
    lint_test.go:369: Go, Node, native identical: 19162042 bytes
--- PASS: TestCompilerAndStage1Agree (151.58s)
=== RUN   TestDecorationOptionMutant
=== PAUSE TestDecorationOptionMutant
=== RUN   TestCountGuardMutant
=== PAUSE TestCountGuardMutant
=== RUN   TestCommentFoldMutant
=== PAUSE TestCommentFoldMutant
=== RUN   TestPositionIndexMutant
=== PAUSE TestPositionIndexMutant
=== CONT  TestOptionAndComparatorGaps
=== RUN   TestOptionAndComparatorGaps/2_optional_index.ts
=== CONT  TestCountGuardMutant
=== CONT  TestPositionIndexMutant
=== CONT  TestCommentFoldMutant
=== CONT  TestDecorationOptionMutant
=== NAME  TestOptionAndComparatorGaps/2_optional_index.ts
    gaps_test.go:67: Node prints "1\n"; stage 0 refuses: /workspace/adamic/stage1/cohere/lint/gaps/2_optional_index.ts:3:16: stage 0 can't lower ?.[] on a value yet
=== RUN   TestOptionAndComparatorGaps/3_numeric_or.ts
    gaps_test.go:67: Node prints "2\n"; stage 0 refuses: /workspace/adamic/stage1/cohere/lint/gaps/3_numeric_or.ts:2:12: stage 0 can't lower a BinaryExpression with a number and a number yet
=== RUN   TestOptionAndComparatorGaps/4_last_index_position.ts
    gaps_test.go:67: Node prints "1\n"; stage 0 refuses: /workspace/adamic/stage1/cohere/lint/gaps/4_last_index_position.ts:7:16: stage 0 can't lower lastIndexOf with these arguments yet
--- PASS: TestOptionAndComparatorGaps (1.67s)
    --- PASS: TestOptionAndComparatorGaps/2_optional_index.ts (0.61s)
    --- PASS: TestOptionAndComparatorGaps/3_numeric_or.ts (0.41s)
    --- PASS: TestOptionAndComparatorGaps/4_last_index_position.ts (0.66s)
=== NAME  TestCommentFoldMutant
    profile_test.go:176: fold mutant caught on Node: case 100 line 2260: port "/tmp/adamic-gate/TestCommentFoldMutant549941044/011/generated-10.ts:5:63", Go "/tmp/adamic-gate/TestCommentFoldMutant549941044/011/generated-10.ts:1:1"
        Go context:
        case 98
        fixed	const nested=(a?true:false)?false:true; const bool=a == b ? false : true; const same=f()?true:true; const coerced=(a + b)?true:false; const assertion=(a as any)?false:true; const fallback=a?a:b??c; const nonnull=a!?true:false;
        case 99
        fixed	const nested=(a?true:false)?false:true; const bool=a == b ? false : true; const same=f()?true:true; const coerced=(a + b)?true:false; const assertion=(a as any)?false:true; const fallback=a?a:b??c; const nonnull=a!?true:false;
        case 100
        /tmp/adamic-gate/TestCommentFoldMutant549941044/011/generated-10.ts:1:1
          no-warning-comments  This comment opens with `todo`, which marks the code as knowingly unfinished: "TODO: fix this xxx". A warning comment is a note to a future reader that something was deferred, so it should be tracked somewhere that gets read rather than left where only the next editor of this file will find it.
        
        range 0 21 unexpectedComment 			0 21
        /tmp/adamic-gate/TestCommentFoldMutant549941044/011/generated-10.ts:2:79
    profile_test.go:176: fold mutant caught on native: case 100 line 2260: port "/tmp/adamic-gate/TestCommentFoldMutant549941044/011/generated-10.ts:5:63", Go "/tmp/adamic-gate/TestCommentFoldMutant549941044/011/generated-10.ts:1:1"
        Go context:
        case 98
        fixed	const nested=(a?true:false)?false:true; const bool=a == b ? false : true; const same=f()?true:true; const coerced=(a + b)?true:false; const assertion=(a as any)?false:true; const fallback=a?a:b??c; const nonnull=a!?true:false;
        case 99
        fixed	const nested=(a?true:false)?false:true; const bool=a == b ? false : true; const same=f()?true:true; const coerced=(a + b)?true:false; const assertion=(a as any)?false:true; const fallback=a?a:b??c; const nonnull=a!?true:false;
        case 100
        /tmp/adamic-gate/TestCommentFoldMutant549941044/011/generated-10.ts:1:1
          no-warning-comments  This comment opens with `todo`, which marks the code as knowingly unfinished: "TODO: fix this xxx". A warning comment is a note to a future reader that something was deferred, so it should be tracked somewhere that gets read rather than left where only the next editor of this file will find it.
        
        range 0 21 unexpectedComment 			0 21
        /tmp/adamic-gate/TestCommentFoldMutant549941044/011/generated-10.ts:2:79
--- PASS: TestCommentFoldMutant (50.41s)
=== NAME  TestPositionIndexMutant
    profile_test.go:196: position mutant caught on Node: case 100 line 2260: port "/tmp/adamic-gate/TestPositionIndexMutant3212045995/011/generated-10.ts:2:79", Go "/tmp/adamic-gate/TestPositionIndexMutant3212045995/011/generated-10.ts:1:1"
        Go context:
        case 98
        fixed	const nested=(a?true:false)?false:true; const bool=a == b ? false : true; const same=f()?true:true; const coerced=(a + b)?true:false; const assertion=(a as any)?false:true; const fallback=a?a:b??c; const nonnull=a!?true:false;
        case 99
        fixed	const nested=(a?true:false)?false:true; const bool=a == b ? false : true; const same=f()?true:true; const coerced=(a + b)?true:false; const assertion=(a as any)?false:true; const fallback=a?a:b??c; const nonnull=a!?true:false;
        case 100
        /tmp/adamic-gate/TestPositionIndexMutant3212045995/011/generated-10.ts:1:1
          no-warning-comments  This comment opens with `todo`, which marks the code as knowingly unfinished: "TODO: fix this xxx". A warning comment is a note to a future reader that something was deferred, so it should be tracked somewhere that gets read rather than left where only the next editor of this file will find it.
        
        range 0 21 unexpectedComment 			0 21
        /tmp/adamic-gate/TestPositionIndexMutant3212045995/011/generated-10.ts:2:79
    profile_test.go:196: position mutant caught on native: case 100 line 2260: port "/tmp/adamic-gate/TestPositionIndexMutant3212045995/011/generated-10.ts:2:79", Go "/tmp/adamic-gate/TestPositionIndexMutant3212045995/011/generated-10.ts:1:1"
        Go context:
        case 98
        fixed	const nested=(a?true:false)?false:true; const bool=a == b ? false : true; const same=f()?true:true; const coerced=(a + b)?true:false; const assertion=(a as any)?false:true; const fallback=a?a:b??c; const nonnull=a!?true:false;
        case 99
        fixed	const nested=(a?true:false)?false:true; const bool=a == b ? false : true; const same=f()?true:true; const coerced=(a + b)?true:false; const assertion=(a as any)?false:true; const fallback=a?a:b??c; const nonnull=a!?true:false;
        case 100
        /tmp/adamic-gate/TestPositionIndexMutant3212045995/011/generated-10.ts:1:1
          no-warning-comments  This comment opens with `todo`, which marks the code as knowingly unfinished: "TODO: fix this xxx". A warning comment is a note to a future reader that something was deferred, so it should be tracked somewhere that gets read rather than left where only the next editor of this file will find it.
        
        range 0 21 unexpectedComment 			0 21
        /tmp/adamic-gate/TestPositionIndexMutant3212045995/011/generated-10.ts:2:79
--- PASS: TestPositionIndexMutant (59.81s)
=== NAME  TestDecorationOptionMutant
    lint_test.go:456: decoration range collapsed to one character caught on Node: case 127 line 2586: port "fixed\t// \\u017fomething\\u000a// \\u212a\\u000a// \\u017fa\\u000a// \\u03a3 \\u03c3 \\u03c2\\u000a// TODO \\u00e9\\u00e9\\u00e9\\u00e9\\u00e9\\u00e9\\u00e9\\u00e9\\u00e9\\u00e9\\u00e9\\u00e9\\u00e9\\u00e9\\u00e9\\u00e9\\u00e9\\u00e9\\u00e9\\u00e9 \\u00e9\\u000a// TODO \\u005c quoted \"text\"\\u000a// ABC TODO\\u000a// \\u212a \\u017f TODO\\u000a// -/ TODO\\u000a", Go "/tmp/adamic-gate/TestDecorationOptionMutant1720465011/013/generated-12.ts:7:1"
        Go context:
        range 40 91 unexpectedComment 			40 91
        /tmp/adamic-gate/TestDecorationOptionMutant1720465011/013/generated-12.ts:6:1
          no-warning-comments  This comment opens with `todo`, which marks the code as knowingly unfinished: "TODO \\ quoted \"text\"". A warning comment is a note to a future reader that something was deferred, so it should be tracked somewhere that gets read rather than left where only the next editor of this file will find it.
        
        range 92 115 unexpectedComment 			92 115
        /tmp/adamic-gate/TestDecorationOptionMutant1720465011/013/generated-12.ts:7:1
          no-warning-comments  This comment opens with `todo`, which marks the code as knowingly unfinished: "ABC TODO". A warning comment is a note to a future reader that something was deferred, so it should be tracked somewhere that gets read rather than left where only the next editor of this file will find it.
        
        range 116 127 unexpectedComment 			116 127
        /tmp/adamic-gate/TestDecorationOptionMutant1720465011/013/generated-12.ts:8:1
    lint_test.go:456: decoration range collapsed to one character caught on native: case 127 line 2586: port "fixed\t// \\u017fomething\\u000a// \\u212a\\u000a// \\u017fa\\u000a// \\u03a3 \\u03c3 \\u03c2\\u000a// TODO \\u00e9\\u00e9\\u00e9\\u00e9\\u00e9\\u00e9\\u00e9\\u00e9\\u00e9\\u00e9\\u00e9\\u00e9\\u00e9\\u00e9\\u00e9\\u00e9\\u00e9\\u00e9\\u00e9\\u00e9 \\u00e9\\u000a// TODO \\u005c quoted \"text\"\\u000a// ABC TODO\\u000a// \\u212a \\u017f TODO\\u000a// -/ TODO\\u000a", Go "/tmp/adamic-gate/TestDecorationOptionMutant1720465011/013/generated-12.ts:7:1"
        Go context:
        range 40 91 unexpectedComment 			40 91
        /tmp/adamic-gate/TestDecorationOptionMutant1720465011/013/generated-12.ts:6:1
          no-warning-comments  This comment opens with `todo`, which marks the code as knowingly unfinished: "TODO \\ quoted \"text\"". A warning comment is a note to a future reader that something was deferred, so it should be tracked somewhere that gets read rather than left where only the next editor of this file will find it.
        
        range 92 115 unexpectedComment 			92 115
        /tmp/adamic-gate/TestDecorationOptionMutant1720465011/013/generated-12.ts:7:1
          no-warning-comments  This comment opens with `todo`, which marks the code as knowingly unfinished: "ABC TODO". A warning comment is a note to a future reader that something was deferred, so it should be tracked somewhere that gets read rather than left where only the next editor of this file will find it.
        
        range 116 127 unexpectedComment 			116 127
        /tmp/adamic-gate/TestDecorationOptionMutant1720465011/013/generated-12.ts:8:1
--- PASS: TestDecorationOptionMutant (62.61s)
=== NAME  TestCountGuardMutant
    lint_test.go:485: count check alone caught Node: mutant="3\n" Go="2\n"; ordinary output remains identical
    lint_test.go:485: count check alone caught native: mutant="3\n" Go="2\n"; ordinary output remains identical
--- PASS: TestCountGuardMutant (63.13s)
PASS
ok  	github.com/system-inc/adamic/stage1/cohere/lint	322.322s
