=== RUN   TestRule
    cache_test.go:449: clang main.c plus cached runtime link: 19.995s; flags=[-std=c11 -Wall -Wextra -Werror -pedantic -Wno-unused-variable -Wno-unused-but-set-variable -Wno-unused-function -Wno-unused-parameter -Wno-self-assign -ffp-contract=off -fno-optimize-sibling-calls -O1 -g -fsanitize=address,undefined -fno-sanitize-recover=all]
    rule_check_test.go:155: Go, Node, emitted JavaScript, native identical: 452950 bytes
    cache_test.go:449: clang main.c plus cached runtime link: 16.089s; flags=[-std=c11 -Wall -Wextra -Werror -pedantic -Wno-unused-variable -Wno-unused-but-set-variable -Wno-unused-function -Wno-unused-parameter -Wno-self-assign -ffp-contract=off -fno-optimize-sibling-calls -O1 -g -fsanitize=address,undefined -fno-sanitize-recover=all]
    rule_check_test.go:176: suggestion applied as fix caught on Node: case 20 line 357: port "range 2 4 unexpected fix\t===\tUse `===` instead of `==`. This changes what the comparison answers wherever the operands can differ in type, so it is offered rather than applied.\t2 4", Go "range 2 4 unexpected suggestion\t===\tUse `===` instead of `==`. This changes what the comparison answers wherever the operands can differ in type, so it is offered rather than applied.\t2 4"
        Go context:
        fixed	if(x){} else { /* intent */ } try{}catch(e){}finally{}; switch('/*'){}; switch(x){/* intent */}; class C{static{}}
        case 20
        /tmp/adamic-lint-measure-61312-2-eqeqeq/adamic/lint/inputs/81ba7696d26cb20c83d16f8f1defcc91b9baafe7de56e20967bf78e3b341cada/generated-2.ts:1:3
          eqeqeq  This compares with `==`, which coerces its operands to a common type before comparing. That makes the comparison non-transitive, which is the one property every reader assumes a comparison has: `0 == '0'` and `'0' == []` disagree while `0 == []` is true. Write `===`, which compares without coercing.
        
        range 2 4 unexpected suggestion	===	Use `===` instead of `==`. This changes what the comparison answers wherever the operands can differ in type, so it is offered rather than applied.	2 4
        /tmp/adamic-lint-measure-61312-2-eqeqeq/adamic/lint/inputs/81ba7696d26cb20c83d16f8f1defcc91b9baafe7de56e20967bf78e3b341cada/generated-2.ts:1:11
          eqeqeq  This compares with `==`, which coerces its operands to a common type before comparing. That makes the comparison non-transitive, which is the one property every reader assumes a comparison has: `0 == '0'` and `'0' == []` disagree while `0 == []` is true. Write `===`, which compares without coercing.
        
        range 10 12 unexpected fix	===		10 12
    rule_check_test.go:176: suggestion applied as fix caught on emitted JavaScript: case 20 line 357: port "range 2 4 unexpected fix\t===\tUse `===` instead of `==`. This changes what the comparison answers wherever the operands can differ in type, so it is offered rather than applied.\t2 4", Go "range 2 4 unexpected suggestion\t===\tUse `===` instead of `==`. This changes what the comparison answers wherever the operands can differ in type, so it is offered rather than applied.\t2 4"
        Go context:
        fixed	if(x){} else { /* intent */ } try{}catch(e){}finally{}; switch('/*'){}; switch(x){/* intent */}; class C{static{}}
        case 20
        /tmp/adamic-lint-measure-61312-2-eqeqeq/adamic/lint/inputs/81ba7696d26cb20c83d16f8f1defcc91b9baafe7de56e20967bf78e3b341cada/generated-2.ts:1:3
          eqeqeq  This compares with `==`, which coerces its operands to a common type before comparing. That makes the comparison non-transitive, which is the one property every reader assumes a comparison has: `0 == '0'` and `'0' == []` disagree while `0 == []` is true. Write `===`, which compares without coercing.
        
        range 2 4 unexpected suggestion	===	Use `===` instead of `==`. This changes what the comparison answers wherever the operands can differ in type, so it is offered rather than applied.	2 4
        /tmp/adamic-lint-measure-61312-2-eqeqeq/adamic/lint/inputs/81ba7696d26cb20c83d16f8f1defcc91b9baafe7de56e20967bf78e3b341cada/generated-2.ts:1:11
          eqeqeq  This compares with `==`, which coerces its operands to a common type before comparing. That makes the comparison non-transitive, which is the one property every reader assumes a comparison has: `0 == '0'` and `'0' == []` disagree while `0 == []` is true. Write `===`, which compares without coercing.
        
        range 10 12 unexpected fix	===		10 12
    rule_check_test.go:176: suggestion applied as fix caught on sanitized native: case 20 line 357: port "range 2 4 unexpected fix\t===\tUse `===` instead of `==`. This changes what the comparison answers wherever the operands can differ in type, so it is offered rather than applied.\t2 4", Go "range 2 4 unexpected suggestion\t===\tUse `===` instead of `==`. This changes what the comparison answers wherever the operands can differ in type, so it is offered rather than applied.\t2 4"
        Go context:
        fixed	if(x){} else { /* intent */ } try{}catch(e){}finally{}; switch('/*'){}; switch(x){/* intent */}; class C{static{}}
        case 20
        /tmp/adamic-lint-measure-61312-2-eqeqeq/adamic/lint/inputs/81ba7696d26cb20c83d16f8f1defcc91b9baafe7de56e20967bf78e3b341cada/generated-2.ts:1:3
          eqeqeq  This compares with `==`, which coerces its operands to a common type before comparing. That makes the comparison non-transitive, which is the one property every reader assumes a comparison has: `0 == '0'` and `'0' == []` disagree while `0 == []` is true. Write `===`, which compares without coercing.
        
        range 2 4 unexpected suggestion	===	Use `===` instead of `==`. This changes what the comparison answers wherever the operands can differ in type, so it is offered rather than applied.	2 4
        /tmp/adamic-lint-measure-61312-2-eqeqeq/adamic/lint/inputs/81ba7696d26cb20c83d16f8f1defcc91b9baafe7de56e20967bf78e3b341cada/generated-2.ts:1:11
          eqeqeq  This compares with `==`, which coerces its operands to a common type before comparing. That makes the comparison non-transitive, which is the one property every reader assumes a comparison has: `0 == '0'` and `'0' == []` disagree while `0 == []` is true. Write `===`, which compares without coercing.
        
        range 10 12 unexpected fix	===		10 12
rule eqeqeq phase timing (seconds)
| phase | seconds |
|---|---:|
| validate and snapshot | 0.022 |
| Go oracle | 0.652 |
| upstream capture | 0.373 |
| owned witnesses | 0.000 |
| sanitized port build | 24.218 |
| explicit recovery refusals | 0.000 |
| emitted JavaScript build | 1.893 |
| Go Node JavaScript native comparison | 0.570 |
| owned mutant | 21.202 |
| total | 48.931 |
--- PASS: TestRule (48.94s)
PASS
ok  	github.com/system-inc/adamic/stage1/cohere/lint	48.952s
