Overlapping-dependency mutant caught: one fixed producer does not clear every diagnosis barrier.
{
  "diagnostics": 260,
  "groups": 73,
  "diagnosed_cast_sites": 2060,
  "top": [
    {
      "code": "TS2345",
      "file": "src/compiler/checker.ts",
      "diagnostics": 30,
      "affected_sites": 1943,
      "recorded_barrier_cleared_alone": 10
    },
    {
      "code": "TS2345",
      "file": "src/compiler/transformers/generators.ts",
      "diagnostics": 11,
      "affected_sites": 1934,
      "recorded_barrier_cleared_alone": 0
    },
    {
      "code": "TS2532",
      "file": "src/compiler/transformers/generators.ts",
      "diagnostics": 5,
      "affected_sites": 1934,
      "recorded_barrier_cleared_alone": 0
    },
    {
      "code": "TS18048",
      "file": "src/compiler/checker.ts",
      "diagnostics": 27,
      "affected_sites": 1927,
      "recorded_barrier_cleared_alone": 1
    },
    {
      "code": "TS18048",
      "file": "src/compiler/transformers/es2017.ts",
      "diagnostics": 6,
      "affected_sites": 1926,
      "recorded_barrier_cleared_alone": 5
    }
  ]
}
