{
  "status": "PASS",
  "roundtrip": "all observations equal",
  "values": 43109,
  "counts": {
    "tagged": {
      "conforms and ready (free)": 0,
      "conforms but not proven ready (readiness checks only)": 0,
      "conforms-if": 0,
      "unknown": 1758
    },
    "untagged": {
      "conforms and ready (free)": 0,
      "conforms but not proven ready (readiness checks only)": 0,
      "conforms-if": 0,
      "unknown": 1178
    }
  },
  "raw_sha256": "3946a6ce2c427de0ce1f57954073a280070528ceb28f7e9b8137269ee491e233",
  "artifact_bytes": 976781
}
