=== RUN   TestCheckedViewShapeErasure
=== RUN   TestCheckedViewShapeErasure/proven
=== RUN   TestCheckedViewShapeErasure/nonconforming
    checked_views_erasure_test.go:40: unsafe erasure mutant caught by pinned output and exit with valid release C
=== RUN   TestCheckedViewShapeErasure/uninitialized
    checked_views_erasure_test.go:40: unsafe erasure mutant caught by pinned output and exit with valid release C
--- PASS: TestCheckedViewShapeErasure (1.48s)
    --- PASS: TestCheckedViewShapeErasure/proven (0.50s)
    --- PASS: TestCheckedViewShapeErasure/nonconforming (0.49s)
    --- PASS: TestCheckedViewShapeErasure/uninitialized (0.49s)
=== RUN   TestShapeErasureCountRows
    checked_views_erasure_test.go:91: | stage3/interface-downcasts/lane3/proven.a | 1 | 1 | 4 | 3 | 1 | 0 | 0 | 0 |
    checked_views_erasure_test.go:91: | stage3/interface-downcasts/lane3/nonconforming.a | 3 | 1 | 2 | 3 | 3 | 0 | 0 | 0 |
    checked_views_erasure_test.go:91: | stage3/interface-downcasts/lane3/uninitialized.a | 1 | 0 | 3 | 2 | 1 | 0 | 0 | 0 |
    checked_views_erasure_test.go:91: | stage3/interface-downcasts/lane3/host.a | 2 | 0 | 1 | 1 | 2 | 0 | 0 | 0 |
--- PASS: TestShapeErasureCountRows (0.63s)
=== RUN   TestCheckedViewInterfaces
=== RUN   TestCheckedViewInterfaces/interfaces-good
=== RUN   TestCheckedViewInterfaces/interfaces-missing-inherited
=== RUN   TestCheckedViewInterfaces/interfaces-wrong-inherited
=== RUN   TestCheckedViewInterfaces/interfaces-uninitialized-object
--- PASS: TestCheckedViewInterfaces (2.16s)
    --- PASS: TestCheckedViewInterfaces/interfaces-good (0.46s)
    --- PASS: TestCheckedViewInterfaces/interfaces-missing-inherited (0.48s)
    --- PASS: TestCheckedViewInterfaces/interfaces-wrong-inherited (0.64s)
    --- PASS: TestCheckedViewInterfaces/interfaces-uninitialized-object (0.58s)
=== RUN   TestCheckedViewObjects
=== RUN   TestCheckedViewObjects/objects-good
=== RUN   TestCheckedViewObjects/objects-untagged-good
=== RUN   TestCheckedViewObjects/objects-untagged-wrong
=== RUN   TestCheckedViewObjects/objects-wrong-nested
    checked_views_objects_test.go:44: skip transitive view caught by pinned exit/message with valid C
=== RUN   TestCheckedViewObjects/objects-missing-nested
=== RUN   TestCheckedViewObjects/objects-uninitialized-nested
--- PASS: TestCheckedViewObjects (2.81s)
    --- PASS: TestCheckedViewObjects/objects-good (0.48s)
    --- PASS: TestCheckedViewObjects/objects-untagged-good (0.44s)
    --- PASS: TestCheckedViewObjects/objects-untagged-wrong (0.36s)
    --- PASS: TestCheckedViewObjects/objects-wrong-nested (0.71s)
    --- PASS: TestCheckedViewObjects/objects-missing-nested (0.46s)
    --- PASS: TestCheckedViewObjects/objects-uninitialized-nested (0.37s)
=== RUN   TestCheckedViewObjectUnions
=== RUN   TestCheckedViewObjectUnions/unions-objects-good
=== RUN   TestCheckedViewObjectUnions/unions-objects-wrong-payload
=== RUN   TestCheckedViewObjectUnions/unions-objects-wrong-tag
=== RUN   TestCheckedViewObjectUnions/unions-objects-missing-tag
--- PASS: TestCheckedViewObjectUnions (1.86s)
    --- PASS: TestCheckedViewObjectUnions/unions-objects-good (0.51s)
    --- PASS: TestCheckedViewObjectUnions/unions-objects-wrong-payload (0.38s)
    --- PASS: TestCheckedViewObjectUnions/unions-objects-wrong-tag (0.57s)
    --- PASS: TestCheckedViewObjectUnions/unions-objects-missing-tag (0.40s)
=== RUN   TestGraphAllocationFlowIsLeakClean
=== RUN   TestGraphAllocationFlowIsLeakClean/return
    graph_regions_gap_probe_test.go:72: Node, ASan/UBSan and shared leak check output "v1\n"; counted: adamic: graph region: live 1 bytes 60 reachable 1 bytes 60 unreachable 0 bytes 0 metadata 16
        adamic: counts: allocations 3 frees 3 retains 2 releases 4 peak 3 regions 0
=== RUN   TestGraphAllocationFlowIsLeakClean/conditional
    graph_regions_gap_probe_test.go:72: Node, ASan/UBSan and shared leak check output "v1\n"; counted: adamic: graph region: live 1 bytes 60 reachable 1 bytes 60 unreachable 0 bytes 0 metadata 16
        adamic: counts: allocations 3 frees 3 retains 4 releases 6 peak 3 regions 0
=== RUN   TestGraphAllocationFlowIsLeakClean/mixed
    graph_regions_gap_probe_test.go:72: Node, ASan/UBSan and shared leak check output "v1 g2\n"; counted: adamic: graph region: live 2 bytes 120 reachable 2 bytes 120 unreachable 0 bytes 0 metadata 96
        adamic: graph counts: regions 1 merges 1
        adamic: counts: allocations 8 frees 8 retains 4 releases 10 peak 6 regions 0
=== RUN   TestGraphAllocationFlowIsLeakClean/override
    graph_regions_gap_probe_test.go:72: Node, ASan/UBSan and shared leak check output "override1 override1\n"; counted: adamic: graph region: live 1 bytes 60 reachable 1 bytes 60 unreachable 0 bytes 0 metadata 16
        adamic: counts: allocations 6 frees 6 retains 4 releases 9 peak 5 regions 0
--- PASS: TestGraphAllocationFlowIsLeakClean (2.12s)
    --- PASS: TestGraphAllocationFlowIsLeakClean/return (0.44s)
    --- PASS: TestGraphAllocationFlowIsLeakClean/conditional (0.45s)
    --- PASS: TestGraphAllocationFlowIsLeakClean/mixed (0.73s)
    --- PASS: TestGraphAllocationFlowIsLeakClean/override (0.49s)
PASS
gate cache: native hits=0 misses=4
gate cache: node hits=0 misses=34
gate cache: probe hits=0 misses=0
ok  	github.com/system-inc/adamic/internal/oracle	11.075s
