=== RUN   TestNativeAgreesWithNode
=== PAUSE TestNativeAgreesWithNode
=== RUN   TestShapeGraphCountSnapshot
=== RUN   TestShapeGraphCountSnapshot/internal/oracle/testdata/graph_regions_accessor.a
    shape_graph_counts_test.go:40: | internal/oracle/testdata/graph_regions_accessor.a | 3 | 3 | 1 | 4 | 3 | 0 | 1 | 2 |
=== RUN   TestShapeGraphCountSnapshot/internal/oracle/testdata/graph_regions_anchor.a
    shape_graph_counts_test.go:40: | internal/oracle/testdata/graph_regions_anchor.a | 7 | 7 | 5 | 11 | 5 | 0 | 1 | 1 |
=== RUN   TestShapeGraphCountSnapshot/internal/oracle/testdata/graph_regions_cache.a
    shape_graph_counts_test.go:40: | internal/oracle/testdata/graph_regions_cache.a | 9 | 9 | 6 | 14 | 6 | 0 | 1 | 1 |
=== RUN   TestShapeGraphCountSnapshot/internal/oracle/testdata/graph_regions_closure.a
    shape_graph_counts_test.go:40: | internal/oracle/testdata/graph_regions_closure.a | 8 | 8 | 2 | 10 | 6 | 0 | 1 | 2 |
=== RUN   TestShapeGraphCountSnapshot/internal/oracle/testdata/graph_regions_counted_container.a
    shape_graph_counts_test.go:40: | internal/oracle/testdata/graph_regions_counted_container.a | 9 | 9 | 4 | 10 | 7 | 0 | 1 | 1 |
=== RUN   TestShapeGraphCountSnapshot/internal/oracle/testdata/graph_regions_entries.a
    shape_graph_counts_test.go:40: | internal/oracle/testdata/graph_regions_entries.a | 8 | 8 | 6 | 11 | 7 | 0 | 1 | 4 |
=== RUN   TestShapeGraphCountSnapshot/internal/oracle/testdata/graph_regions_escape.a
    shape_graph_counts_test.go:40: | internal/oracle/testdata/graph_regions_escape.a | 7 | 7 | 4 | 10 | 5 | 0 | 1 | 1 |
=== RUN   TestShapeGraphCountSnapshot/internal/oracle/testdata/graph_regions_flow.a
    shape_graph_counts_test.go:40: | internal/oracle/testdata/graph_regions_flow.a | 8 | 2 | 2 | 6 | 7 | 0 | 2 | 2 |
    shape_graph_counts_test.go:42: graph-region counts changed from dependency merge 40ad020d: wanted | internal/oracle/testdata/graph_regions_flow.a | 11 | 11 | 6 | 15 | 8 | 0 | 2 | 3 |
=== RUN   TestShapeGraphCountSnapshot/internal/oracle/testdata/graph_regions_generic_capture.a
    shape_graph_counts_test.go:40: | internal/oracle/testdata/graph_regions_generic_capture.a | 13 | 13 | 6 | 17 | 10 | 0 | 2 | 6 |
=== RUN   TestShapeGraphCountSnapshot/internal/oracle/testdata/graph_regions_list.a
    shape_graph_counts_test.go:40: | internal/oracle/testdata/graph_regions_list.a | 12 | 12 | 10 | 19 | 7 | 0 | 1 | 2 |
=== RUN   TestShapeGraphCountSnapshot/internal/oracle/testdata/graph_regions_literal_method.a
    shape_graph_counts_test.go:40: | internal/oracle/testdata/graph_regions_literal_method.a | 5 | 5 | 2 | 7 | 5 | 0 | 1 | 2 |
=== RUN   TestShapeGraphCountSnapshot/internal/oracle/testdata/graph_regions_literals.a
    shape_graph_counts_test.go:40: | internal/oracle/testdata/graph_regions_literals.a | 13 | 13 | 12 | 22 | 8 | 0 | 1 | 2 |
=== RUN   TestShapeGraphCountSnapshot/internal/oracle/testdata/graph_regions_nested_disjoint.a
    shape_graph_counts_test.go:40: | internal/oracle/testdata/graph_regions_nested_disjoint.a | 5 | 5 | 2 | 7 | 5 | 0 | 1 | 2 |
=== RUN   TestShapeGraphCountSnapshot/internal/oracle/testdata/graph_regions_nested_self.a
    shape_graph_counts_test.go:40: | internal/oracle/testdata/graph_regions_nested_self.a | 4 | 4 | 1 | 5 | 4 | 0 | 1 | 1 |
=== RUN   TestShapeGraphCountSnapshot/internal/oracle/testdata/graph_regions_parse.a
    shape_graph_counts_test.go:40: | internal/oracle/testdata/graph_regions_parse.a | 12 | 3 | 3 | 9 | 10 | 0 | 3 | 4 |
    shape_graph_counts_test.go:42: graph-region counts changed from dependency merge 40ad020d: wanted | internal/oracle/testdata/graph_regions_parse.a | 14 | 14 | 10 | 21 | 10 | 0 | 3 | 5 |
=== RUN   TestShapeGraphCountSnapshot/internal/oracle/testdata/graph_regions_regression_01.a
    shape_graph_counts_test.go:40: | internal/oracle/testdata/graph_regions_regression_01.a | 2 | 2 | 3 | 5 | 2 | 0 | 1 | 1 |
=== RUN   TestShapeGraphCountSnapshot/internal/oracle/testdata/graph_regions_regression_02.a
    shape_graph_counts_test.go:40: | internal/oracle/testdata/graph_regions_regression_02.a | 1 | 1 | 2 | 5 | 1 | 0 | 0 | 0 |
=== RUN   TestShapeGraphCountSnapshot/internal/oracle/testdata/graph_regions_regression_03.a
    shape_graph_counts_test.go:40: | internal/oracle/testdata/graph_regions_regression_03.a | 5 | 5 | 4 | 9 | 3 | 0 | 1 | 2 |
=== RUN   TestShapeGraphCountSnapshot/internal/oracle/testdata/graph_regions_regression_04.a
    shape_graph_counts_test.go:40: | internal/oracle/testdata/graph_regions_regression_04.a | 2 | 2 | 2 | 5 | 2 | 0 | 1 | 1 |
=== RUN   TestShapeGraphCountSnapshot/internal/oracle/testdata/graph_regions_regression_05.a
    shape_graph_counts_test.go:40: | internal/oracle/testdata/graph_regions_regression_05.a | 4 | 4 | 7 | 10 | 4 | 0 | 1 | 2 |
=== RUN   TestShapeGraphCountSnapshot/internal/oracle/testdata/graph_regions_regression_06.a
    shape_graph_counts_test.go:40: | internal/oracle/testdata/graph_regions_regression_06.a | 2 | 2 | 3 | 5 | 2 | 0 | 1 | 1 |
=== RUN   TestShapeGraphCountSnapshot/internal/oracle/testdata/graph_regions_regression_07.a
    shape_graph_counts_test.go:40: | internal/oracle/testdata/graph_regions_regression_07.a | 2 | 2 | 4 | 7 | 2 | 0 | 1 | 1 |
=== RUN   TestShapeGraphCountSnapshot/internal/oracle/testdata/graph_regions_regression_08.a
    shape_graph_counts_test.go:40: | internal/oracle/testdata/graph_regions_regression_08.a | 2 | 2 | 4 | 7 | 2 | 0 | 1 | 1 |
=== RUN   TestShapeGraphCountSnapshot/internal/oracle/testdata/graph_regions_regression_09.a
    shape_graph_counts_test.go:40: | internal/oracle/testdata/graph_regions_regression_09.a | 4 | 4 | 6 | 9 | 4 | 0 | 1 | 2 |
=== RUN   TestShapeGraphCountSnapshot/internal/oracle/testdata/graph_regions_regression_10.a
    shape_graph_counts_test.go:40: | internal/oracle/testdata/graph_regions_regression_10.a | 2 | 2 | 5 | 8 | 2 | 0 | 1 | 1 |
=== RUN   TestShapeGraphCountSnapshot/internal/oracle/testdata/graph_regions_regression_11.a
    shape_graph_counts_test.go:40: | internal/oracle/testdata/graph_regions_regression_11.a | 9 | 9 | 9 | 16 | 9 | 0 | 1 | 4 |
=== RUN   TestShapeGraphCountSnapshot/internal/oracle/testdata/graph_regions_regression_12.a
    shape_graph_counts_test.go:40: | internal/oracle/testdata/graph_regions_regression_12.a | 9 | 9 | 9 | 15 | 6 | 0 | 1 | 2 |
=== RUN   TestShapeGraphCountSnapshot/internal/oracle/testdata/graph_regions_regression_13.a
    shape_graph_counts_test.go:40: | internal/oracle/testdata/graph_regions_regression_13.a | 1 | 1 | 2 | 3 | 1 | 0 | 0 | 0 |
=== RUN   TestShapeGraphCountSnapshot/internal/oracle/testdata/graph_regions_regression_14.a
    shape_graph_counts_test.go:40: | internal/oracle/testdata/graph_regions_regression_14.a | 1 | 1 | 4 | 5 | 1 | 0 | 0 | 0 |
=== RUN   TestShapeGraphCountSnapshot/internal/oracle/testdata/graph_regions_regression_15.a
    shape_graph_counts_test.go:40: | internal/oracle/testdata/graph_regions_regression_15.a | 2 | 2 | 2 | 6 | 2 | 0 | 1 | 1 |
=== RUN   TestShapeGraphCountSnapshot/internal/oracle/testdata/graph_regions_static.a
    shape_graph_counts_test.go:40: | internal/oracle/testdata/graph_regions_static.a | 2 | 2 | 4 | 8 | 2 | 0 | 0 | 0 |
=== RUN   TestShapeGraphCountSnapshot/internal/oracle/testdata/graph_regions_static_interface.a
    shape_graph_counts_test.go:40: | internal/oracle/testdata/graph_regions_static_interface.a | 5 | 5 | 8 | 16 | 5 | 0 | 1 | 1 |
=== RUN   TestShapeGraphCountSnapshot/internal/oracle/testdata/graph_regions_static_parent.a
    shape_graph_counts_test.go:40: | internal/oracle/testdata/graph_regions_static_parent.a | 5 | 5 | 8 | 16 | 5 | 0 | 1 | 1 |
=== RUN   TestShapeGraphCountSnapshot/internal/oracle/testdata/graph_regions_static_private.a
    shape_graph_counts_test.go:40: | internal/oracle/testdata/graph_regions_static_private.a | 2 | 2 | 4 | 8 | 2 | 0 | 0 | 0 |
=== RUN   TestShapeGraphCountSnapshot/internal/oracle/testdata/graph_regions_structural_literal.a
    shape_graph_counts_test.go:40: | internal/oracle/testdata/graph_regions_structural_literal.a | 4 | 4 | 3 | 7 | 3 | 0 | 0 | 0 |
=== RUN   TestShapeGraphCountSnapshot/internal/oracle/testdata/graph_regions_symbols.a
    shape_graph_counts_test.go:40: | internal/oracle/testdata/graph_regions_symbols.a | 7 | 2 | 2 | 5 | 6 | 0 | 1 | 1 |
    shape_graph_counts_test.go:42: graph-region counts changed from dependency merge 40ad020d: wanted | internal/oracle/testdata/graph_regions_symbols.a | 11 | 11 | 8 | 16 | 8 | 0 | 1 | 3 |
=== RUN   TestShapeGraphCountSnapshot/internal/oracle/testdata/graph_regions_throw.a
    shape_graph_counts_test.go:40: | internal/oracle/testdata/graph_regions_throw.a | 10 | 10 | 8 | 15 | 7 | 0 | 1 | 1 |
=== RUN   TestShapeGraphCountSnapshot/internal/oracle/testdata/graph_regions_weak_mixed.a
    shape_graph_counts_test.go:40: | internal/oracle/testdata/graph_regions_weak_mixed.a | 11 | 11 | 10 | 17 | 6 | 0 | 0 | 0 |
=== RUN   TestShapeGraphCountSnapshot/internal/oracle/testdata/graph_regions/classification_conditional.a
    shape_graph_counts_test.go:40: | internal/oracle/testdata/graph_regions/classification_conditional.a | 3 | 3 | 4 | 6 | 3 | 0 | 0 | 0 |
=== RUN   TestShapeGraphCountSnapshot/internal/oracle/testdata/graph_regions/classification_mixed.a
    shape_graph_counts_test.go:40: | internal/oracle/testdata/graph_regions/classification_mixed.a | 8 | 8 | 4 | 10 | 6 | 0 | 1 | 1 |
=== RUN   TestShapeGraphCountSnapshot/internal/oracle/testdata/graph_regions/classification_override.a
    shape_graph_counts_test.go:40: | internal/oracle/testdata/graph_regions/classification_override.a | 6 | 6 | 4 | 9 | 5 | 0 | 0 | 0 |
=== RUN   TestShapeGraphCountSnapshot/internal/oracle/testdata/graph_regions/classification_return.a
    shape_graph_counts_test.go:40: | internal/oracle/testdata/graph_regions/classification_return.a | 3 | 3 | 2 | 4 | 3 | 0 | 0 | 0 |
=== RUN   TestShapeGraphCountSnapshot/internal/oracle/testdata/graph_regions/million.a
    shape_graph_counts_test.go:40: | internal/oracle/testdata/graph_regions/million.a | 1000003 | 1000003 | 950001 | 1950004 | 1000003 | 0 | 1 | 999999 |
--- FAIL: TestShapeGraphCountSnapshot (24.47s)
    --- PASS: TestShapeGraphCountSnapshot/internal/oracle/testdata/graph_regions_accessor.a (17.74s)
    --- PASS: TestShapeGraphCountSnapshot/internal/oracle/testdata/graph_regions_anchor.a (0.12s)
    --- PASS: TestShapeGraphCountSnapshot/internal/oracle/testdata/graph_regions_cache.a (0.13s)
    --- PASS: TestShapeGraphCountSnapshot/internal/oracle/testdata/graph_regions_closure.a (0.27s)
    --- PASS: TestShapeGraphCountSnapshot/internal/oracle/testdata/graph_regions_counted_container.a (0.13s)
    --- PASS: TestShapeGraphCountSnapshot/internal/oracle/testdata/graph_regions_entries.a (0.12s)
    --- PASS: TestShapeGraphCountSnapshot/internal/oracle/testdata/graph_regions_escape.a (0.13s)
    --- FAIL: TestShapeGraphCountSnapshot/internal/oracle/testdata/graph_regions_flow.a (0.24s)
    --- PASS: TestShapeGraphCountSnapshot/internal/oracle/testdata/graph_regions_generic_capture.a (0.12s)
    --- PASS: TestShapeGraphCountSnapshot/internal/oracle/testdata/graph_regions_list.a (0.14s)
    --- PASS: TestShapeGraphCountSnapshot/internal/oracle/testdata/graph_regions_literal_method.a (0.14s)
    --- PASS: TestShapeGraphCountSnapshot/internal/oracle/testdata/graph_regions_literals.a (0.21s)
    --- PASS: TestShapeGraphCountSnapshot/internal/oracle/testdata/graph_regions_nested_disjoint.a (0.12s)
    --- PASS: TestShapeGraphCountSnapshot/internal/oracle/testdata/graph_regions_nested_self.a (0.13s)
    --- FAIL: TestShapeGraphCountSnapshot/internal/oracle/testdata/graph_regions_parse.a (0.23s)
    --- PASS: TestShapeGraphCountSnapshot/internal/oracle/testdata/graph_regions_regression_01.a (0.13s)
    --- PASS: TestShapeGraphCountSnapshot/internal/oracle/testdata/graph_regions_regression_02.a (0.11s)
    --- PASS: TestShapeGraphCountSnapshot/internal/oracle/testdata/graph_regions_regression_03.a (0.10s)
    --- PASS: TestShapeGraphCountSnapshot/internal/oracle/testdata/graph_regions_regression_04.a (0.24s)
    --- PASS: TestShapeGraphCountSnapshot/internal/oracle/testdata/graph_regions_regression_05.a (0.12s)
    --- PASS: TestShapeGraphCountSnapshot/internal/oracle/testdata/graph_regions_regression_06.a (0.11s)
    --- PASS: TestShapeGraphCountSnapshot/internal/oracle/testdata/graph_regions_regression_07.a (0.16s)
    --- PASS: TestShapeGraphCountSnapshot/internal/oracle/testdata/graph_regions_regression_08.a (0.21s)
    --- PASS: TestShapeGraphCountSnapshot/internal/oracle/testdata/graph_regions_regression_09.a (0.12s)
    --- PASS: TestShapeGraphCountSnapshot/internal/oracle/testdata/graph_regions_regression_10.a (0.11s)
    --- PASS: TestShapeGraphCountSnapshot/internal/oracle/testdata/graph_regions_regression_11.a (0.19s)
    --- PASS: TestShapeGraphCountSnapshot/internal/oracle/testdata/graph_regions_regression_12.a (0.19s)
    --- PASS: TestShapeGraphCountSnapshot/internal/oracle/testdata/graph_regions_regression_13.a (0.13s)
    --- PASS: TestShapeGraphCountSnapshot/internal/oracle/testdata/graph_regions_regression_14.a (0.11s)
    --- PASS: TestShapeGraphCountSnapshot/internal/oracle/testdata/graph_regions_regression_15.a (0.25s)
    --- PASS: TestShapeGraphCountSnapshot/internal/oracle/testdata/graph_regions_static.a (0.11s)
    --- PASS: TestShapeGraphCountSnapshot/internal/oracle/testdata/graph_regions_static_interface.a (0.12s)
    --- PASS: TestShapeGraphCountSnapshot/internal/oracle/testdata/graph_regions_static_parent.a (0.14s)
    --- PASS: TestShapeGraphCountSnapshot/internal/oracle/testdata/graph_regions_static_private.a (0.21s)
    --- PASS: TestShapeGraphCountSnapshot/internal/oracle/testdata/graph_regions_structural_literal.a (0.11s)
    --- FAIL: TestShapeGraphCountSnapshot/internal/oracle/testdata/graph_regions_symbols.a (0.14s)
    --- PASS: TestShapeGraphCountSnapshot/internal/oracle/testdata/graph_regions_throw.a (0.25s)
    --- PASS: TestShapeGraphCountSnapshot/internal/oracle/testdata/graph_regions_weak_mixed.a (0.12s)
    --- PASS: TestShapeGraphCountSnapshot/internal/oracle/testdata/graph_regions/classification_conditional.a (0.11s)
    --- PASS: TestShapeGraphCountSnapshot/internal/oracle/testdata/graph_regions/classification_mixed.a (0.23s)
    --- PASS: TestShapeGraphCountSnapshot/internal/oracle/testdata/graph_regions/classification_override.a (0.14s)
    --- PASS: TestShapeGraphCountSnapshot/internal/oracle/testdata/graph_regions/classification_return.a (0.10s)
    --- PASS: TestShapeGraphCountSnapshot/internal/oracle/testdata/graph_regions/million.a (0.46s)
=== CONT  TestNativeAgreesWithNode
=== RUN   TestNativeAgreesWithNode/internal/oracle/testdata/graph_regions_entries.a
=== PAUSE TestNativeAgreesWithNode/internal/oracle/testdata/graph_regions_entries.a
=== RUN   TestNativeAgreesWithNode/internal/oracle/testdata/graph_regions_regression_06.a
=== PAUSE TestNativeAgreesWithNode/internal/oracle/testdata/graph_regions_regression_06.a
=== RUN   TestNativeAgreesWithNode/internal/oracle/testdata/graph_regions_regression_07.a
=== PAUSE TestNativeAgreesWithNode/internal/oracle/testdata/graph_regions_regression_07.a
=== RUN   TestNativeAgreesWithNode/internal/oracle/testdata/graph_regions_regression_08.a
=== PAUSE TestNativeAgreesWithNode/internal/oracle/testdata/graph_regions_regression_08.a
=== RUN   TestNativeAgreesWithNode/internal/oracle/testdata/graph_regions_regression_09.a
=== PAUSE TestNativeAgreesWithNode/internal/oracle/testdata/graph_regions_regression_09.a
=== RUN   TestNativeAgreesWithNode/internal/oracle/testdata/graph_regions_cache.a
=== PAUSE TestNativeAgreesWithNode/internal/oracle/testdata/graph_regions_cache.a
=== RUN   TestNativeAgreesWithNode/internal/oracle/testdata/graph_regions_flow.a
=== PAUSE TestNativeAgreesWithNode/internal/oracle/testdata/graph_regions_flow.a
=== RUN   TestNativeAgreesWithNode/internal/oracle/testdata/graph_regions_literals.a
=== PAUSE TestNativeAgreesWithNode/internal/oracle/testdata/graph_regions_literals.a
=== RUN   TestNativeAgreesWithNode/internal/oracle/testdata/graph_regions_parse.a
=== PAUSE TestNativeAgreesWithNode/internal/oracle/testdata/graph_regions_parse.a
=== RUN   TestNativeAgreesWithNode/internal/oracle/testdata/graph_regions_symbols.a
=== PAUSE TestNativeAgreesWithNode/internal/oracle/testdata/graph_regions_symbols.a
=== CONT  TestNativeAgreesWithNode/internal/oracle/testdata/graph_regions_entries.a
=== CONT  TestNativeAgreesWithNode/internal/oracle/testdata/graph_regions_cache.a
=== CONT  TestNativeAgreesWithNode/internal/oracle/testdata/graph_regions_parse.a
=== CONT  TestNativeAgreesWithNode/internal/oracle/testdata/graph_regions_literals.a
=== CONT  TestNativeAgreesWithNode/internal/oracle/testdata/graph_regions_flow.a
=== NAME  TestNativeAgreesWithNode/internal/oracle/testdata/graph_regions_parse.a
    oracle_test.go:761: exit codes differ
        node:   exit 0, stdout "child2 root1\nleaf3 root1\n", stderr ""
        native: exit 70, stdout "", stderr "adamic: panic: element read failed: <array write> expected object, found uncertified source element contract\n"
    oracle_test.go:767: JavaScript backend: exit codes differ
        node:    exit 0, stdout "child2 root1\nleaf3 root1\n", stderr ""
        backend: exit 70, stdout "", stderr "adamic: panic: element read failed: <array write> expected object, found uncertified source element contract\n"
    oracle_test.go:774: leaks:
        exit 70
        adamic: panic: element read failed: <array write> expected object, found uncertified source element contract
=== CONT  TestNativeAgreesWithNode/internal/oracle/testdata/graph_regions_symbols.a
=== CONT  TestNativeAgreesWithNode/internal/oracle/testdata/graph_regions_regression_08.a
=== CONT  TestNativeAgreesWithNode/internal/oracle/testdata/graph_regions_regression_09.a
=== NAME  TestNativeAgreesWithNode/internal/oracle/testdata/graph_regions_flow.a
    oracle_test.go:761: exit codes differ
        node:   exit 0, stdout "loop2 true 2\nloop2\n", stderr ""
        native: exit 70, stdout "", stderr "adamic: panic: element read failed: <array write> expected object, found uncertified source element contract\n"
    oracle_test.go:767: JavaScript backend: exit codes differ
        node:    exit 0, stdout "loop2 true 2\nloop2\n", stderr ""
        backend: exit 70, stdout "", stderr "adamic: panic: element read failed: <array write> expected object, found uncertified source element contract\n"
    oracle_test.go:774: leaks:
        exit 70
        adamic: panic: element read failed: <array write> expected object, found uncertified source element contract
=== CONT  TestNativeAgreesWithNode/internal/oracle/testdata/graph_regions_regression_07.a
=== CONT  TestNativeAgreesWithNode/internal/oracle/testdata/graph_regions_regression_06.a
=== NAME  TestNativeAgreesWithNode/internal/oracle/testdata/graph_regions_symbols.a
    oracle_test.go:761: exit codes differ
        node:   exit 0, stdout "declaration2 symbol1\n", stderr ""
        native: exit 70, stdout "", stderr "adamic: panic: element read failed: <array write> expected object, found uncertified source element contract\n"
    oracle_test.go:767: JavaScript backend: exit codes differ
        node:    exit 0, stdout "declaration2 symbol1\n", stderr ""
        backend: exit 70, stdout "", stderr "adamic: panic: element read failed: <array write> expected object, found uncertified source element contract\n"
    oracle_test.go:774: leaks:
        exit 70
        adamic: panic: element read failed: <array write> expected object, found uncertified source element contract
--- FAIL: TestNativeAgreesWithNode (0.04s)
    --- FAIL: TestNativeAgreesWithNode/internal/oracle/testdata/graph_regions_parse.a (0.99s)
    --- PASS: TestNativeAgreesWithNode/internal/oracle/testdata/graph_regions_cache.a (1.08s)
    --- PASS: TestNativeAgreesWithNode/internal/oracle/testdata/graph_regions_literals.a (1.14s)
    --- FAIL: TestNativeAgreesWithNode/internal/oracle/testdata/graph_regions_flow.a (1.26s)
    --- PASS: TestNativeAgreesWithNode/internal/oracle/testdata/graph_regions_entries.a (1.27s)
    --- FAIL: TestNativeAgreesWithNode/internal/oracle/testdata/graph_regions_symbols.a (1.08s)
    --- PASS: TestNativeAgreesWithNode/internal/oracle/testdata/graph_regions_regression_07.a (0.82s)
    --- PASS: TestNativeAgreesWithNode/internal/oracle/testdata/graph_regions_regression_09.a (0.97s)
    --- PASS: TestNativeAgreesWithNode/internal/oracle/testdata/graph_regions_regression_08.a (1.06s)
    --- PASS: TestNativeAgreesWithNode/internal/oracle/testdata/graph_regions_regression_06.a (0.92s)
FAIL
gate cache: native hits=0 misses=73
gate cache: node hits=0 misses=20
gate cache: probe hits=0 misses=0
FAIL	github.com/system-inc/adamic/internal/oracle	26.707s
FAIL
