--- FAIL: TestNativeAgreesWithNode (0.02s)
    --- FAIL: TestNativeAgreesWithNode/internal/oracle/testdata/shared_slice_append.a (0.83s)
        oracle_test.go:597: the release build: exit codes differ
            sanitized: exit 1, stdout "", stderr "=================================================================\n==15662==ERROR: AddressSanitizer: heap-buffer-overflow on address 0x7bfd111e0200 at pc 0x55cda6ac602e bp 0x7ffe9f812b20 sp 0x7ffe9f8122e0\nWRITE of size 1 at 0x7bfd111e0200 thread T0\n    #0 0x55cda6ac602d in __asan_memcpy /home/runner/work/llvm-project/llvm-project/compiler-rt/lib/asan/asan_interceptors_memintrinsics.cpp:63:3\n    #1 0x55cda6b4b439 in adamic_string_put /home/agent/.cache/adamic/runtime/.build-101785609/string_build_impl.h:77:3\n    #2 0x55cda6b51a58 in adamic_string_append /home/agent/.cache/adamic/runtime/.build-101785609/string_append.c:82:13\n    #3 0x55cda6b0bdd0 in adamic_function_1_atTheEnd /tmp/adamic-gate/adamic-build-431442528/main.c:84:26\n    #4 0x55cda6b0bdd0 in main /tmp/adamic-gate/adamic-build-431442528/main.c:413:2\n    #5 0x7efd120daca7  (/lib/x86_64-linux-gnu/libc.so.6+0x29ca7) (BuildId: c495b62edadd6c356265942ec1282d98058a7b41)\n    #6 0x7efd120dad64 in __libc_start_main (/lib/x86_64-linux-gnu/libc.so.6+0x29d64) (BuildId: c495b62edadd6c356265942ec1282d98058a7b41)\n    #7 0x55cda6a25430 in _start (/tmp/adamic-gate/TestNativeAgreesWithNodeinternaloracletestdatashared_slice_a3359097263/002/program+0x4c430)\n\n0x7bfd111e0200 is located 0 bytes after 192-byte region [0x7bfd111e0140,0x7bfd111e0200)\nallocated by thread T0 here:\n    #0 0x55cda6ac8244 in malloc /home/runner/work/llvm-project/llvm-project/compiler-rt/lib/asan/asan_malloc_linux.cpp:67:3\n    #1 0x55cda6b2050f in adamic_allocate /home/agent/.cache/adamic/runtime/.build-101785609/heap.c:196:10\n    #2 0x55cda6b4defe in adamic_string_repeat /home/agent/.cache/adamic/runtime/.build-101785609/string_repeat_impl.h:27:9\n    #3 0x55cda6b0bd9c in adamic_function_1_atTheEnd /tmp/adamic-gate/adamic-build-431442528/main.c:80:39\n    #4 0x55cda6b0bd9c in main /tmp/adamic-gate/adamic-build-431442528/main.c:413:2\n    #5 0x7efd120daca7  (/lib/x86_64-linux-gnu/libc.so.6+0x29ca7) (BuildId: c495b62edadd6c356265942ec1282d98058a7b41)\n\nSUMMARY: AddressSanitizer: heap-buffer-overflow /home/agent/.cache/adamic/runtime/.build-101785609/string_build_impl.h:77:3 in adamic_string_put\nShadow bytes around the buggy address:\n  0x7bfd111dff80: 00 00 00 00 00 00 00 00 00 00 00 00 00 00 00 00\n  0x7bfd111e0000: fa fa fa fa fa fa fa fa fd fd fd fd fd fd fd fd\n  0x7bfd111e0080: fd fd fd fd fd fd fd fd fd fd fd fd fd fd fd fd\n  0x7bfd111e0100: fa fa fa fa fa fa fa fa 00 00 00 00 00 00 00 00\n  0x7bfd111e0180: 00 00 00 00 00 00 00 00 00 00 00 00 00 00 00 00\n=>0x7bfd111e0200:[fa]fa fa fa fa fa fa fa fa fa fa fa fa fa fa fa\n  0x7bfd111e0280: fa fa fa fa fa fa fa fa fa fa fa fa fa fa fa fa\n  0x7bfd111e0300: fa fa fa fa fa fa fa fa fa fa fa fa fa fa fa fa\n  0x7bfd111e0380: fa fa fa fa fa fa fa fa fa fa fa fa fa fa fa fa\n  0x7bfd111e0400: fa fa fa fa fa fa fa fa fa fa fa fa fa fa fa fa\n  0x7bfd111e0480: fa fa fa fa fa fa fa fa fa fa fa fa fa fa fa fa\nShadow byte legend (one shadow byte represents 8 application bytes):\n  Addressable:           00\n  Partially addressable: 01 02 03 04 05 06 07 \n  Heap left redzone:       fa\n  Freed heap region:       fd\n  Stack left redzone:      f1\n  Stack mid redzone:       f2\n  Stack right redzone:     f3\n  Stack after return:      f5\n  Stack use after scope:   f8\n  Global redzone:          f9\n  Global init order:       f6\n  Poisoned by user:        f7\n  Container overflow:      fc\n  Array cookie:            ac\n  Intra object redzone:    bb\n  ASan internal:           fe\n  Left alloca redzone:     ca\n  Right alloca redzone:    cb\n==15662==ABORTING\n"
            release:   exit -1, stdout "", stderr ""
        oracle_test.go:613: exit codes differ
            node:   exit 0, stdout "aaaaa 128 aax 81\nbbb 128 bbyz 82\nddddd ddddd dd! 91\nthe da  th? 77\n114 55356 51\n115 252 55356 51\n120 NaN -1\neeee 256 ee012345 178\n72 ww|vvvv\n789! 71 74 [6789  ]\nfghijXYZ fghijabcdefghij\n220 54 6789!!!! 54 56789\n200 794376 108 794376 89é12345\n", stderr ""
            native: exit 1, stdout "", stderr "=================================================================\n==15662==ERROR: AddressSanitizer: heap-buffer-overflow on address 0x7bfd111e0200 at pc 0x55cda6ac602e bp 0x7ffe9f812b20 sp 0x7ffe9f8122e0\nWRITE of size 1 at 0x7bfd111e0200 thread T0\n    #0 0x55cda6ac602d in __asan_memcpy /home/runner/work/llvm-project/llvm-project/compiler-rt/lib/asan/asan_interceptors_memintrinsics.cpp:63:3\n    #1 0x55cda6b4b439 in adamic_string_put /home/agent/.cache/adamic/runtime/.build-101785609/string_build_impl.h:77:3\n    #2 0x55cda6b51a58 in adamic_string_append /home/agent/.cache/adamic/runtime/.build-101785609/string_append.c:82:13\n    #3 0x55cda6b0bdd0 in adamic_function_1_atTheEnd /tmp/adamic-gate/adamic-build-431442528/main.c:84:26\n    #4 0x55cda6b0bdd0 in main /tmp/adamic-gate/adamic-build-431442528/main.c:413:2\n    #5 0x7efd120daca7  (/lib/x86_64-linux-gnu/libc.so.6+0x29ca7) (BuildId: c495b62edadd6c356265942ec1282d98058a7b41)\n    #6 0x7efd120dad64 in __libc_start_main (/lib/x86_64-linux-gnu/libc.so.6+0x29d64) (BuildId: c495b62edadd6c356265942ec1282d98058a7b41)\n    #7 0x55cda6a25430 in _start (/tmp/adamic-gate/TestNativeAgreesWithNodeinternaloracletestdatashared_slice_a3359097263/002/program+0x4c430)\n\n0x7bfd111e0200 is located 0 bytes after 192-byte region [0x7bfd111e0140,0x7bfd111e0200)\nallocated by thread T0 here:\n    #0 0x55cda6ac8244 in malloc /home/runner/work/llvm-project/llvm-project/compiler-rt/lib/asan/asan_malloc_linux.cpp:67:3\n    #1 0x55cda6b2050f in adamic_allocate /home/agent/.cache/adamic/runtime/.build-101785609/heap.c:196:10\n    #2 0x55cda6b4defe in adamic_string_repeat /home/agent/.cache/adamic/runtime/.build-101785609/string_repeat_impl.h:27:9\n    #3 0x55cda6b0bd9c in adamic_function_1_atTheEnd /tmp/adamic-gate/adamic-build-431442528/main.c:80:39\n    #4 0x55cda6b0bd9c in main /tmp/adamic-gate/adamic-build-431442528/main.c:413:2\n    #5 0x7efd120daca7  (/lib/x86_64-linux-gnu/libc.so.6+0x29ca7) (BuildId: c495b62edadd6c356265942ec1282d98058a7b41)\n\nSUMMARY: AddressSanitizer: heap-buffer-overflow /home/agent/.cache/adamic/runtime/.build-101785609/string_build_impl.h:77:3 in adamic_string_put\nShadow bytes around the buggy address:\n  0x7bfd111dff80: 00 00 00 00 00 00 00 00 00 00 00 00 00 00 00 00\n  0x7bfd111e0000: fa fa fa fa fa fa fa fa fd fd fd fd fd fd fd fd\n  0x7bfd111e0080: fd fd fd fd fd fd fd fd fd fd fd fd fd fd fd fd\n  0x7bfd111e0100: fa fa fa fa fa fa fa fa 00 00 00 00 00 00 00 00\n  0x7bfd111e0180: 00 00 00 00 00 00 00 00 00 00 00 00 00 00 00 00\n=>0x7bfd111e0200:[fa]fa fa fa fa fa fa fa fa fa fa fa fa fa fa fa\n  0x7bfd111e0280: fa fa fa fa fa fa fa fa fa fa fa fa fa fa fa fa\n  0x7bfd111e0300: fa fa fa fa fa fa fa fa fa fa fa fa fa fa fa fa\n  0x7bfd111e0380: fa fa fa fa fa fa fa fa fa fa fa fa fa fa fa fa\n  0x7bfd111e0400: fa fa fa fa fa fa fa fa fa fa fa fa fa fa fa fa\n  0x7bfd111e0480: fa fa fa fa fa fa fa fa fa fa fa fa fa fa fa fa\nShadow byte legend (one shadow byte represents 8 application bytes):\n  Addressable:           00\n  Partially addressable: 01 02 03 04 05 06 07 \n  Heap left redzone:       fa\n  Freed heap region:       fd\n  Stack left redzone:      f1\n  Stack mid redzone:       f2\n  Stack right redzone:     f3\n  Stack after return:      f5\n  Stack use after scope:   f8\n  Global redzone:          f9\n  Global init order:       f6\n  Poisoned by user:        f7\n  Container overflow:      fc\n  Array cookie:            ac\n  Intra object redzone:    bb\n  ASan internal:           fe\n  Left alloca redzone:     ca\n  Right alloca redzone:    cb\n==15662==ABORTING\n"
        oracle_test.go:626: leaks:
            exit 1
            =================================================================
            ==15669==ERROR: AddressSanitizer: heap-buffer-overflow on address 0x7cd9525e0200 at pc 0x55ac9d40a02e bp 0x7ffe1c74d3e0 sp 0x7ffe1c74cba0
            WRITE of size 1 at 0x7cd9525e0200 thread T0
                #0 0x55ac9d40a02d in __asan_memcpy /home/runner/work/llvm-project/llvm-project/compiler-rt/lib/asan/asan_interceptors_memintrinsics.cpp:63:3
                #1 0x55ac9d48f439 in adamic_string_put /home/agent/.cache/adamic/runtime/.build-101785609/string_build_impl.h:77:3
                #2 0x55ac9d495a58 in adamic_string_append /home/agent/.cache/adamic/runtime/.build-101785609/string_append.c:82:13
                #3 0x55ac9d44fdd0 in adamic_function_1_atTheEnd /tmp/adamic-gate/adamic-build-431442528/main.c:84:26
                #4 0x55ac9d44fdd0 in main /tmp/adamic-gate/adamic-build-431442528/main.c:413:2
                #5 0x7fd9533cfca7  (/lib/x86_64-linux-gnu/libc.so.6+0x29ca7) (BuildId: c495b62edadd6c356265942ec1282d98058a7b41)
                #6 0x7fd9533cfd64 in __libc_start_main (/lib/x86_64-linux-gnu/libc.so.6+0x29d64) (BuildId: c495b62edadd6c356265942ec1282d98058a7b41)
                #7 0x55ac9d369430 in _start (/tmp/adamic-gate/TestNativeAgreesWithNodeinternaloracletestdatashared_slice_a3359097263/002/program+0x4c430)
            
            0x7cd9525e0200 is located 0 bytes after 192-byte region [0x7cd9525e0140,0x7cd9525e0200)
            allocated by thread T0 here:
                #0 0x55ac9d40c244 in malloc /home/runner/work/llvm-project/llvm-project/compiler-rt/lib/asan/asan_malloc_linux.cpp:67:3
                #1 0x55ac9d46450f in adamic_allocate /home/agent/.cache/adamic/runtime/.build-101785609/heap.c:196:10
                #2 0x55ac9d491efe in adamic_string_repeat /home/agent/.cache/adamic/runtime/.build-101785609/string_repeat_impl.h:27:9
                #3 0x55ac9d44fd9c in adamic_function_1_atTheEnd /tmp/adamic-gate/adamic-build-431442528/main.c:80:39
                #4 0x55ac9d44fd9c in main /tmp/adamic-gate/adamic-build-431442528/main.c:413:2
                #5 0x7fd9533cfca7  (/lib/x86_64-linux-gnu/libc.so.6+0x29ca7) (BuildId: c495b62edadd6c356265942ec1282d98058a7b41)
            
            SUMMARY: AddressSanitizer: heap-buffer-overflow /home/agent/.cache/adamic/runtime/.build-101785609/string_build_impl.h:77:3 in adamic_string_put
            Shadow bytes around the buggy address:
              0x7cd9525dff80: 00 00 00 00 00 00 00 00 00 00 00 00 00 00 00 00
              0x7cd9525e0000: fa fa fa fa fa fa fa fa fd fd fd fd fd fd fd fd
              0x7cd9525e0080: fd fd fd fd fd fd fd fd fd fd fd fd fd fd fd fd
              0x7cd9525e0100: fa fa fa fa fa fa fa fa 00 00 00 00 00 00 00 00
              0x7cd9525e0180: 00 00 00 00 00 00 00 00 00 00 00 00 00 00 00 00
            =>0x7cd9525e0200:[fa]fa fa fa fa fa fa fa fa fa fa fa fa fa fa fa
              0x7cd9525e0280: fa fa fa fa fa fa fa fa fa fa fa fa fa fa fa fa
              0x7cd9525e0300: fa fa fa fa fa fa fa fa fa fa fa fa fa fa fa fa
              0x7cd9525e0380: fa fa fa fa fa fa fa fa fa fa fa fa fa fa fa fa
              0x7cd9525e0400: fa fa fa fa fa fa fa fa fa fa fa fa fa fa fa fa
              0x7cd9525e0480: fa fa fa fa fa fa fa fa fa fa fa fa fa fa fa fa
            Shadow byte legend (one shadow byte represents 8 application bytes):
              Addressable:           00
              Partially addressable: 01 02 03 04 05 06 07 
              Heap left redzone:       fa
              Freed heap region:       fd
              Stack left redzone:      f1
              Stack mid redzone:       f2
              Stack right redzone:     f3
              Stack after return:      f5
              Stack use after scope:   f8
              Global redzone:          f9
              Global init order:       f6
              Poisoned by user:        f7
              Container overflow:      fc
              Array cookie:            ac
              Intra object redzone:    bb
              ASan internal:           fe
              Left alloca redzone:     ca
              Right alloca redzone:    cb
            ==15669==ABORTING
FAIL
gate cache: native hits=0 misses=3
gate cache: node hits=0 misses=2
gate cache: probe hits=0 misses=0
FAIL	github.com/system-inc/adamic/internal/oracle	0.860s
FAIL
