Preparing worktree (detached HEAD e011f8f6)
HEAD is now at e011f8f6 Merge borrowed element lifetime fixes into the integration branch
Cloning into '/workspace/scratch/checker-target/cohere'...
From https://github.com/system-inc/cohere
 * branch            715ba94f3608a6500086b1076ce5cb7e51b836db -> FETCH_HEAD
Submodule path 'cohere': checked out '715ba94f3608a6500086b1076ce5cb7e51b836db'
Submodule 'TypeScript' (https://github.com/kirkouimet/TypeScript.git) registered for path 'cohere/TypeScript'
Cloning into '/workspace/scratch/checker-target/cohere/TypeScript'...
From https://github.com/kirkouimet/TypeScript
 * branch              8d550c837c90bd1805b047b7eeccc2baac2d5e7a -> FETCH_HEAD
Submodule path 'cohere/TypeScript': checked out '8d550c837c90bd1805b047b7eeccc2baac2d5e7a'
05 spread-method-reuse: applies-but-failure-not-as-recorded (needs investigation)
Wrong expected diagnostic mutant: rejected
05 spread-method-reuse: no-longer-applies (needs a refresh)
Drifted patch mutant: rejected as no-longer-applies
05 spread-method-reuse: baseline-fails-or-fixture-missing (needs investigation)
Already-red baseline mutant: rejected
Checker mutant probes passed; worktree restored
05 spread-method-reuse: invalid-patch (production code only)
Test-file patch mutant: rejected
05 spread-method-reuse: baseline-fails-or-fixture-missing (needs investigation)
Missing fixture mutant: rejected
Cached command mutant: rejected
Additional checker probes passed
