target e8ba3d5d81de4d3773c723914fccd4c76248b965
logs /tmp/adamic-gate/adamic-catalog-logs-hfl1bopf
build flags: commit=e8ba3d5d81de4d3773c723914fccd4c76248b965; nproc=5; cpu.max=400000 100000; go version go1.27.1 linux/amd64; clang version 20.1.8 (https://github.com/llvm/llvm-project 87f0227cb60147a26a1eeb4fb06e3b505e9c7261); v24.19.0; ADAMIC_GATE_UNCACHED=1; go test -trimpath -count=1; native C11 strict warnings, -ffp-contract=off -fno-optimize-sibling-calls; release -O2; sanitizer -O1 -g -fsanitize=address,undefined -fno-sanitize-recover=all
jobs 5; Go -trimpath shares only content-keyed build artifacts; test results uncached
01 shared-slice-append: applies-and-fails-as-recorded
01 made against=e011f8f60899586d6373a5ccb07335ad82cfbf3c
01 wall=31.075s setup=17.153s check=10.651s cleanup=1.091s load=2.63 4.15 3.95 2/335 151106 -> 3.10 4.10 3.94 3/375 152890
02 liveness-throw: applies-and-fails-as-recorded
02 made against=e011f8f60899586d6373a5ccb07335ad82cfbf3c
02 wall=30.466s setup=16.206s check=11.947s cleanup=0.546s load=2.63 4.15 3.95 1/335 151106 -> 3.11 4.12 3.95 3/377 152868
03 defined-lent: applies-and-fails-as-recorded
03 made against=e011f8f60899586d6373a5ccb07335ad82cfbf3c
03 wall=29.472s setup=17.850s check=9.974s cleanup=0.496s load=2.63 4.15 3.95 3/338 151109 -> 3.11 4.12 3.95 4/445 152650
04 borrowed-array-move: applies-and-fails-as-recorded
04 made against=e011f8f60899586d6373a5ccb07335ad82cfbf3c
04 wall=32.187s setup=17.640s check=9.994s cleanup=1.603s load=2.63 4.15 3.95 3/338 151109 -> 3.10 4.10 3.94 1/379 152944
05 spread-method-reuse: applies-and-fails-as-recorded
05 made against=e011f8f60899586d6373a5ccb07335ad82cfbf3c
05 wall=31.585s setup=17.474s check=10.497s cleanup=1.308s load=2.63 4.15 3.95 2/339 151110 -> 3.10 4.10 3.94 2/371 152899
06 constructor-capture-region: applies-and-fails-as-recorded
06 made against=e011f8f60899586d6373a5ccb07335ad82cfbf3c
06 wall=29.419s setup=15.201s check=11.294s cleanup=0.574s load=3.11 4.12 3.95 6/445 152650 -> 4.09 4.26 4.00 5/438 154332
07 borrowed-element-reads: applies-and-fails-as-recorded
07 made against=e8ba3d5d81de4d3773c723914fccd4c76248b965
07 wall=31.462s setup=19.819s check=9.786s cleanup=0.605s load=3.11 4.12 3.95 3/378 152869 -> 4.09 4.25 4.00 1/396 154582
08 narrowed-number-field: applies-and-fails-as-recorded
08 made against=e011f8f60899586d6373a5ccb07335ad82cfbf3c
08 wall=30.441s setup=18.412s check=9.707s cleanup=0.422s load=3.10 4.10 3.94 4/375 152890 -> 4.09 4.25 4.00 1/396 154581
09 literal-undefined-field: applies-and-fails-as-recorded
09 made against=e011f8f60899586d6373a5ccb07335ad82cfbf3c
09 wall=27.842s setup=14.799s check=11.300s cleanup=0.930s load=3.10 4.10 3.94 2/371 152899 -> 4.09 4.26 4.00 5/433 154333
10 override-representation: skipped (Fix 1f96441 is still not an ancestor of origin/main (e8ba3d5d81de4d3773c723914fccd4c76248b965); leave skipped pending integration.)
10 made against=e8ba3d5d81de4d3773c723914fccd4c76248b965
10 wall=0.000s setup=0.000s check=0.000s cleanup=0.000s load=3.10 4.10 3.94 2/380 152945 -> 3.10 4.10 3.94 2/380 152945
11 refuse-definite-assignment: applies-and-fails-as-recorded
11 made against=e8ba3d5d81de4d3773c723914fccd4c76248b965
11 wall=28.349s setup=18.021s check=7.289s cleanup=0.564s load=3.10 4.10 3.94 2/380 152945 -> 4.09 4.25 4.00 3/439 154480
12 refuse-suppression-directives: applies-and-fails-as-recorded
12 made against=e8ba3d5d81de4d3773c723914fccd4c76248b965
12 wall=20.352s setup=11.937s check=6.876s cleanup=0.398s load=4.09 4.26 4.00 4/438 154332 -> 3.71 4.16 3.97 1/394 154817
13 typeof-null: skipped (Fix and its oracle fixtures are not on target main. Main already has the pre-fix typeOf implementation; there is no fix to undo on this target.)
13 made against=e011f8f60899586d6373a5ccb07335ad82cfbf3c
13 wall=0.000s setup=0.000s check=0.000s cleanup=0.000s load=4.09 4.26 4.00 5/433 154333 -> 4.09 4.26 4.00 5/433 154333
14 constructor-arrow-this: skipped (Fix is not on target main and adds only lowerer refusal tests, no oracle fixture. Main already lacks the arrow capture refusal.)
14 made against=e011f8f60899586d6373a5ccb07335ad82cfbf3c
14 wall=0.000s setup=0.000s check=0.000s cleanup=0.000s load=4.09 4.26 4.00 5/433 154333 -> 4.09 4.26 4.00 5/433 154333
15 class-instance-key: skipped (Fix and its oracle fixtures are not on target main. Main already uses representation-based instantiation keys, so cannot undo the absent fix.)
15 made against=e011f8f60899586d6373a5ccb07335ad82cfbf3c
15 wall=0.000s setup=0.000s check=0.000s cleanup=0.000s load=4.09 4.26 4.00 4/433 154333 -> 4.09 4.26 4.00 5/434 154334
16 proven-guards-relations: skipped (Supplied SHA changes only whitespace in a log. Nearby cbcc765c adds coverage, no compiler fix; mutable_kind_guard.a is an unresolved disagreement kept under notes, absent from main and from the registered oracle fixtures.)
16 made against=e011f8f60899586d6373a5ccb07335ad82cfbf3c
16 wall=0.000s setup=0.000s check=0.000s cleanup=0.000s load=4.09 4.26 4.00 5/434 154334 -> 4.09 4.26 4.00 5/434 154334
total wall=79.306s load=2.63 4.15 3.95 1/333 151094 -> 3.71 4.16 3.97 1/389 154817
