--- FAIL: TestNativeAgreesWithNode (0.17s)
    --- FAIL: TestNativeAgreesWithNode/internal/oracle/testdata/borrow_element_virtual_store.a (1.93s)
        oracle_test.go:602: the release build: exit codes differ
            sanitized: exit 1, stdout "", stderr "=================================================================\n==149808==ERROR: AddressSanitizer: heap-use-after-free on address 0x7c2f243e0078 at pc 0x558af9451068 bp 0x7ffc6fddbed0 sp 0x7ffc6fddbec8\nREAD of size 8 at 0x7c2f243e0078 thread T0\n    #0 0x558af9451067 in adamic_function_0_inspect /tmp/adamic-gate/adamic-build-1543627422/main.c:75:106\n    #1 0x558af9450b27 in main /tmp/adamic-gate/adamic-build-1543627422/main.c:173:2\n    #2 0x7fef251f5ca7  (/lib/x86_64-linux-gnu/libc.so.6+0x29ca7) (BuildId: c495b62edadd6c356265942ec1282d98058a7b41)\n    #3 0x7fef251f5d64 in __libc_start_main (/lib/x86_64-linux-gnu/libc.so.6+0x29d64) (BuildId: c495b62edadd6c356265942ec1282d98058a7b41)\n    #4 0x558af936a430 in _start (/tmp/adamic-gate/TestNativeAgreesWithNodeinternaloracletestdataborrow_element2207913548/002/program+0x4b430)\n\n0x7c2f243e0078 is located 40 bytes inside of 48-byte region [0x7c2f243e0050,0x7c2f243e0080)\nfreed by thread T0 here:\n    #0 0x558af940cfa6 in free /home/runner/work/llvm-project/llvm-project/compiler-rt/lib/asan/asan_malloc_linux.cpp:51:3\n    #1 0x558af9463c49 in deallocate /home/agent/.cache/adamic/runtime/.build-4099309914/heap.c:212:3\n    #2 0x558af9463c49 in free_one /home/agent/.cache/adamic/runtime/.build-4099309914/heap.c:314:2\n    #3 0x558af9463c49 in adamic_release /home/agent/.cache/adamic/runtime/.build-4099309914/heap.c:327:3\n    #4 0x558af94513f6 in adamic_function_5_Replacer_read /tmp/adamic-gate/adamic-build-1543627422/main.c:151:2\n    #5 0x558af9450f24 in adamic_function_0_inspect /tmp/adamic-gate/adamic-build-1543627422/main.c:73:31\n    #6 0x558af9450b27 in main /tmp/adamic-gate/adamic-build-1543627422/main.c:173:2\n    #7 0x7fef251f5ca7  (/lib/x86_64-linux-gnu/libc.so.6+0x29ca7) (BuildId: c495b62edadd6c356265942ec1282d98058a7b41)\n\npreviously allocated by thread T0 here:\n    #0 0x558af940d244 in malloc /home/runner/work/llvm-project/llvm-project/compiler-rt/lib/asan/asan_malloc_linux.cpp:67:3\n    #1 0x558af946371f in adamic_allocate /home/agent/.cache/adamic/runtime/.build-4099309914/heap.c:196:10\n    #2 0x558af9450b27 in main /tmp/adamic-gate/adamic-build-1543627422/main.c:173:2\n    #3 0x7fef251f5ca7  (/lib/x86_64-linux-gnu/libc.so.6+0x29ca7) (BuildId: c495b62edadd6c356265942ec1282d98058a7b41)\n\nSUMMARY: AddressSanitizer: heap-use-after-free /tmp/adamic-gate/adamic-build-1543627422/main.c:75:106 in adamic_function_0_inspect\nShadow bytes around the buggy address:\n  0x7c2f243dfd80: 00 00 00 00 00 00 00 00 00 00 00 00 00 00 00 00\n  0x7c2f243dfe00: 00 00 00 00 00 00 00 00 00 00 00 00 00 00 00 00\n  0x7c2f243dfe80: 00 00 00 00 00 00 00 00 00 00 00 00 00 00 00 00\n  0x7c2f243dff00: 00 00 00 00 00 00 00 00 00 00 00 00 00 00 00 00\n  0x7c2f243dff80: 00 00 00 00 00 00 00 00 00 00 00 00 00 00 00 00\n=>0x7c2f243e0000: fa fa fd fd fd fd fd fd fa fa fd fd fd fd fd[fd]\n  0x7c2f243e0080: fa fa 00 00 00 00 00 00 fa fa fa fa fa fa fa fa\n  0x7c2f243e0100: fa fa fa fa fa fa fa fa fa fa fa fa fa fa fa fa\n  0x7c2f243e0180: fa fa fa fa fa fa fa fa fa fa fa fa fa fa fa fa\n  0x7c2f243e0200: fa fa fa fa fa fa fa fa fa fa fa fa fa fa fa fa\n  0x7c2f243e0280: fa fa fa fa fa fa fa fa fa fa fa fa fa fa fa fa\nShadow byte legend (one shadow byte represents 8 application bytes):\n  Addressable:           00\n  Partially addressable: 01 02 03 04 05 06 07 \n  Heap left redzone:       fa\n  Freed heap region:       fd\n  Stack left redzone:      f1\n  Stack mid redzone:       f2\n  Stack right redzone:     f3\n  Stack after return:      f5\n  Stack use after scope:   f8\n  Global redzone:          f9\n  Global init order:       f6\n  Poisoned by user:        f7\n  Container overflow:      fc\n  Array cookie:            ac\n  Intra object redzone:    bb\n  ASan internal:           fe\n  Left alloca redzone:     ca\n  Right alloca redzone:    cb\n==149808==ABORTING\n"
            release:   exit 0, stdout "item1\nitem1\n", stderr ""
        oracle_test.go:618: exit codes differ
            node:   exit 0, stdout "item1\nitem1\n", stderr ""
            native: exit 1, stdout "", stderr "=================================================================\n==149808==ERROR: AddressSanitizer: heap-use-after-free on address 0x7c2f243e0078 at pc 0x558af9451068 bp 0x7ffc6fddbed0 sp 0x7ffc6fddbec8\nREAD of size 8 at 0x7c2f243e0078 thread T0\n    #0 0x558af9451067 in adamic_function_0_inspect /tmp/adamic-gate/adamic-build-1543627422/main.c:75:106\n    #1 0x558af9450b27 in main /tmp/adamic-gate/adamic-build-1543627422/main.c:173:2\n    #2 0x7fef251f5ca7  (/lib/x86_64-linux-gnu/libc.so.6+0x29ca7) (BuildId: c495b62edadd6c356265942ec1282d98058a7b41)\n    #3 0x7fef251f5d64 in __libc_start_main (/lib/x86_64-linux-gnu/libc.so.6+0x29d64) (BuildId: c495b62edadd6c356265942ec1282d98058a7b41)\n    #4 0x558af936a430 in _start (/tmp/adamic-gate/TestNativeAgreesWithNodeinternaloracletestdataborrow_element2207913548/002/program+0x4b430)\n\n0x7c2f243e0078 is located 40 bytes inside of 48-byte region [0x7c2f243e0050,0x7c2f243e0080)\nfreed by thread T0 here:\n    #0 0x558af940cfa6 in free /home/runner/work/llvm-project/llvm-project/compiler-rt/lib/asan/asan_malloc_linux.cpp:51:3\n    #1 0x558af9463c49 in deallocate /home/agent/.cache/adamic/runtime/.build-4099309914/heap.c:212:3\n    #2 0x558af9463c49 in free_one /home/agent/.cache/adamic/runtime/.build-4099309914/heap.c:314:2\n    #3 0x558af9463c49 in adamic_release /home/agent/.cache/adamic/runtime/.build-4099309914/heap.c:327:3\n    #4 0x558af94513f6 in adamic_function_5_Replacer_read /tmp/adamic-gate/adamic-build-1543627422/main.c:151:2\n    #5 0x558af9450f24 in adamic_function_0_inspect /tmp/adamic-gate/adamic-build-1543627422/main.c:73:31\n    #6 0x558af9450b27 in main /tmp/adamic-gate/adamic-build-1543627422/main.c:173:2\n    #7 0x7fef251f5ca7  (/lib/x86_64-linux-gnu/libc.so.6+0x29ca7) (BuildId: c495b62edadd6c356265942ec1282d98058a7b41)\n\npreviously allocated by thread T0 here:\n    #0 0x558af940d244 in malloc /home/runner/work/llvm-project/llvm-project/compiler-rt/lib/asan/asan_malloc_linux.cpp:67:3\n    #1 0x558af946371f in adamic_allocate /home/agent/.cache/adamic/runtime/.build-4099309914/heap.c:196:10\n    #2 0x558af9450b27 in main /tmp/adamic-gate/adamic-build-1543627422/main.c:173:2\n    #3 0x7fef251f5ca7  (/lib/x86_64-linux-gnu/libc.so.6+0x29ca7) (BuildId: c495b62edadd6c356265942ec1282d98058a7b41)\n\nSUMMARY: AddressSanitizer: heap-use-after-free /tmp/adamic-gate/adamic-build-1543627422/main.c:75:106 in adamic_function_0_inspect\nShadow bytes around the buggy address:\n  0x7c2f243dfd80: 00 00 00 00 00 00 00 00 00 00 00 00 00 00 00 00\n  0x7c2f243dfe00: 00 00 00 00 00 00 00 00 00 00 00 00 00 00 00 00\n  0x7c2f243dfe80: 00 00 00 00 00 00 00 00 00 00 00 00 00 00 00 00\n  0x7c2f243dff00: 00 00 00 00 00 00 00 00 00 00 00 00 00 00 00 00\n  0x7c2f243dff80: 00 00 00 00 00 00 00 00 00 00 00 00 00 00 00 00\n=>0x7c2f243e0000: fa fa fd fd fd fd fd fd fa fa fd fd fd fd fd[fd]\n  0x7c2f243e0080: fa fa 00 00 00 00 00 00 fa fa fa fa fa fa fa fa\n  0x7c2f243e0100: fa fa fa fa fa fa fa fa fa fa fa fa fa fa fa fa\n  0x7c2f243e0180: fa fa fa fa fa fa fa fa fa fa fa fa fa fa fa fa\n  0x7c2f243e0200: fa fa fa fa fa fa fa fa fa fa fa fa fa fa fa fa\n  0x7c2f243e0280: fa fa fa fa fa fa fa fa fa fa fa fa fa fa fa fa\nShadow byte legend (one shadow byte represents 8 application bytes):\n  Addressable:           00\n  Partially addressable: 01 02 03 04 05 06 07 \n  Heap left redzone:       fa\n  Freed heap region:       fd\n  Stack left redzone:      f1\n  Stack mid redzone:       f2\n  Stack right redzone:     f3\n  Stack after return:      f5\n  Stack use after scope:   f8\n  Global redzone:          f9\n  Global init order:       f6\n  Poisoned by user:        f7\n  Container overflow:      fc\n  Array cookie:            ac\n  Intra object redzone:    bb\n  ASan internal:           fe\n  Left alloca redzone:     ca\n  Right alloca redzone:    cb\n==149808==ABORTING\n"
        oracle_test.go:631: leaks:
            exit 1
            =================================================================
            ==149820==ERROR: AddressSanitizer: heap-use-after-free on address 0x7b6d14de0078 at pc 0x56053b9dc068 bp 0x7ffde4d707f0 sp 0x7ffde4d707e8
            READ of size 8 at 0x7b6d14de0078 thread T0
                #0 0x56053b9dc067 in adamic_function_0_inspect /tmp/adamic-gate/adamic-build-1543627422/main.c:75:106
                #1 0x56053b9dbb27 in main /tmp/adamic-gate/adamic-build-1543627422/main.c:173:2
                #2 0x7f2d15d86ca7  (/lib/x86_64-linux-gnu/libc.so.6+0x29ca7) (BuildId: c495b62edadd6c356265942ec1282d98058a7b41)
                #3 0x7f2d15d86d64 in __libc_start_main (/lib/x86_64-linux-gnu/libc.so.6+0x29d64) (BuildId: c495b62edadd6c356265942ec1282d98058a7b41)
                #4 0x56053b8f5430 in _start (/tmp/adamic-gate/TestNativeAgreesWithNodeinternaloracletestdataborrow_element2207913548/002/program+0x4b430)
            
            0x7b6d14de0078 is located 40 bytes inside of 48-byte region [0x7b6d14de0050,0x7b6d14de0080)
            freed by thread T0 here:
                #0 0x56053b997fa6 in free /home/runner/work/llvm-project/llvm-project/compiler-rt/lib/asan/asan_malloc_linux.cpp:51:3
                #1 0x56053b9eec49 in deallocate /home/agent/.cache/adamic/runtime/.build-4099309914/heap.c:212:3
                #2 0x56053b9eec49 in free_one /home/agent/.cache/adamic/runtime/.build-4099309914/heap.c:314:2
                #3 0x56053b9eec49 in adamic_release /home/agent/.cache/adamic/runtime/.build-4099309914/heap.c:327:3
                #4 0x56053b9dc3f6 in adamic_function_5_Replacer_read /tmp/adamic-gate/adamic-build-1543627422/main.c:151:2
                #5 0x56053b9dbf24 in adamic_function_0_inspect /tmp/adamic-gate/adamic-build-1543627422/main.c:73:31
                #6 0x56053b9dbb27 in main /tmp/adamic-gate/adamic-build-1543627422/main.c:173:2
                #7 0x7f2d15d86ca7  (/lib/x86_64-linux-gnu/libc.so.6+0x29ca7) (BuildId: c495b62edadd6c356265942ec1282d98058a7b41)
            
            previously allocated by thread T0 here:
                #0 0x56053b998244 in malloc /home/runner/work/llvm-project/llvm-project/compiler-rt/lib/asan/asan_malloc_linux.cpp:67:3
                #1 0x56053b9ee71f in adamic_allocate /home/agent/.cache/adamic/runtime/.build-4099309914/heap.c:196:10
                #2 0x56053b9dbb27 in main /tmp/adamic-gate/adamic-build-1543627422/main.c:173:2
                #3 0x7f2d15d86ca7  (/lib/x86_64-linux-gnu/libc.so.6+0x29ca7) (BuildId: c495b62edadd6c356265942ec1282d98058a7b41)
            
            SUMMARY: AddressSanitizer: heap-use-after-free /tmp/adamic-gate/adamic-build-1543627422/main.c:75:106 in adamic_function_0_inspect
            Shadow bytes around the buggy address:
              0x7b6d14ddfd80: 00 00 00 00 00 00 00 00 00 00 00 00 00 00 00 00
              0x7b6d14ddfe00: 00 00 00 00 00 00 00 00 00 00 00 00 00 00 00 00
              0x7b6d14ddfe80: 00 00 00 00 00 00 00 00 00 00 00 00 00 00 00 00
              0x7b6d14ddff00: 00 00 00 00 00 00 00 00 00 00 00 00 00 00 00 00
              0x7b6d14ddff80: 00 00 00 00 00 00 00 00 00 00 00 00 00 00 00 00
            =>0x7b6d14de0000: fa fa fd fd fd fd fd fd fa fa fd fd fd fd fd[fd]
              0x7b6d14de0080: fa fa 00 00 00 00 00 00 fa fa fa fa fa fa fa fa
              0x7b6d14de0100: fa fa fa fa fa fa fa fa fa fa fa fa fa fa fa fa
              0x7b6d14de0180: fa fa fa fa fa fa fa fa fa fa fa fa fa fa fa fa
              0x7b6d14de0200: fa fa fa fa fa fa fa fa fa fa fa fa fa fa fa fa
              0x7b6d14de0280: fa fa fa fa fa fa fa fa fa fa fa fa fa fa fa fa
            Shadow byte legend (one shadow byte represents 8 application bytes):
              Addressable:           00
              Partially addressable: 01 02 03 04 05 06 07 
              Heap left redzone:       fa
              Freed heap region:       fd
              Stack left redzone:      f1
              Stack mid redzone:       f2
              Stack right redzone:     f3
              Stack after return:      f5
              Stack use after scope:   f8
              Global redzone:          f9
              Global init order:       f6
              Poisoned by user:        f7
              Container overflow:      fc
              Array cookie:            ac
              Intra object redzone:    bb
              ASan internal:           fe
              Left alloca redzone:     ca
              Right alloca redzone:    cb
            ==149820==ABORTING
FAIL
gate cache: native hits=0 misses=3
gate cache: node hits=0 misses=2
gate cache: probe hits=0 misses=0
FAIL	github.com/system-inc/adamic/internal/oracle	2.156s
FAIL
