--- FAIL: TestNativeAgreesWithNode (0.15s)
    --- FAIL: TestNativeAgreesWithNode/internal/oracle/testdata/shared_slice_append.a (2.68s)
        oracle_test.go:759: the release build: exit codes differ
            sanitized: exit 1, stdout "", stderr "=================================================================\n==3692627==ERROR: AddressSanitizer: heap-buffer-overflow on address 0x6f06b2de0200 at pc 0x6343cf81b05e bp 0x7ffffb953890 sp 0x7ffffb953050\nWRITE of size 1 at 0x6f06b2de0200 thread T0\n    #0 0x6343cf81b05d in __asan_memcpy /home/runner/work/llvm-project/llvm-project/compiler-rt/lib/asan/asan_interceptors_memintrinsics.cpp:63:3\n    #1 0x6343cf8b2c06 in adamic_string_put /home/ahra/.cache/adamic/runtime/.build-1762889486/string_build_impl.h:83:4\n    #2 0x6343cf8ba016 in adamic_string_append /home/ahra/.cache/adamic/runtime/.build-1762889486/string_append.c:84:13\n    #3 0x6343cf860e00 in adamic_function_1_atTheEnd /home/ahra/full-gate/out/5e33a17b186a-20261009T224535Z/catalog-units/00-vq45odqa/adamic-build-2619841721/main.c:87:26\n    #4 0x6343cf860e00 in main /home/ahra/full-gate/out/5e33a17b186a-20261009T224535Z/catalog-units/00-vq45odqa/adamic-build-2619841721/main.c:442:2\n    #5 0x7206b3c2a1c9  (/lib/x86_64-linux-gnu/libc.so.6+0x2a1c9) (BuildId: a4a7992a8e66555c8141ab2a08a8465ff6e0ea65)\n    #6 0x7206b3c2a28a in __libc_start_main (/lib/x86_64-linux-gnu/libc.so.6+0x2a28a) (BuildId: a4a7992a8e66555c8141ab2a08a8465ff6e0ea65)\n    #7 0x6343cf77a464 in _start (/home/ahra/full-gate/out/5e33a17b186a-20261009T224535Z/catalog-units/00-vq45odqa/TestNativeAgreesWithNodeinternaloracletestdatashared_slice_a1716297526/002/program+0x5a464)\n\n0x6f06b2de0200 is located 0 bytes after 192-byte region [0x6f06b2de0140,0x6f06b2de0200)\nallocated by thread T0 here:\n    #0 0x6343cf81d274 in malloc /home/runner/work/llvm-project/llvm-project/compiler-rt/lib/asan/asan_malloc_linux.cpp:67:3\n    #1 0x6343cf8754af in adamic_allocate /home/ahra/.cache/adamic/runtime/.build-1762889486/heap.c:196:10\n\nSUMMARY: AddressSanitizer: heap-buffer-overflow /home/ahra/.cache/adamic/runtime/.build-1762889486/string_build_impl.h:83:4 in adamic_string_put\nShadow bytes around the buggy address:\n  0x6f06b2ddff80: 00 00 00 00 00 00 00 00 00 00 00 00 00 00 00 00\n  0x6f06b2de0000: fa fa fa fa fa fa fa fa fd fd fd fd fd fd fd fd\n  0x6f06b2de0080: fd fd fd fd fd fd fd fd fd fd fd fd fd fd fd fd\n  0x6f06b2de0100: fa fa fa fa fa fa fa fa 00 00 00 00 00 00 00 00\n  0x6f06b2de0180: 00 00 00 00 00 00 00 00 00 00 00 00 00 00 00 00\n=>0x6f06b2de0200:[fa]fa fa fa fa fa fa fa fa fa fa fa fa fa fa fa\n  0x6f06b2de0280: fa fa fa fa fa fa fa fa fa fa fa fa fa fa fa fa\n  0x6f06b2de0300: fa fa fa fa fa fa fa fa fa fa fa fa fa fa fa fa\n  0x6f06b2de0380: fa fa fa fa fa fa fa fa fa fa fa fa fa fa fa fa\n  0x6f06b2de0400: fa fa fa fa fa fa fa fa fa fa fa fa fa fa fa fa\n  0x6f06b2de0480: fa fa fa fa fa fa fa fa fa fa fa fa fa fa fa fa\nShadow byte legend (one shadow byte represents 8 application bytes):\n  Addressable:           00\n  Partially addressable: 01 02 03 04 05 06 07 \n  Heap left redzone:       fa\n  Freed heap region:       fd\n  Stack left redzone:      f1\n  Stack mid redzone:       f2\n  Stack right redzone:     f3\n  Stack after return:      f5\n  Stack use after scope:   f8\n  Global redzone:          f9\n  Global init order:       f6\n  Poisoned by user:        f7\n  Container overflow:      fc\n  Array cookie:            ac\n  Intra object redzone:    bb\n  ASan internal:           fe\n  Left alloca redzone:     ca\n  Right alloca redzone:    cb\n==3692627==ABORTING\n"
            release:   exit -1, stdout "", stderr ""
        oracle_test.go:775: exit codes differ
            node:   exit 0, stdout "aaaaa 128 aax 81\nbbb 128 bbyz 82\nddddd ddddd dd! 91\nthe da  th? 77\n114 55356 51\n115 252 55356 51\n120 NaN -1\neeee 256 ee012345 178\n72 ww|vvvv\n789! 71 74 [6789  ]\nfghijXYZ fghijabcdefghij\n220 54 6789!!!! 54 56789\n200 794376 108 794376 89é12345\n", stderr ""
            native: exit 1, stdout "", stderr "=================================================================\n==3692627==ERROR: AddressSanitizer: heap-buffer-overflow on address 0x6f06b2de0200 at pc 0x6343cf81b05e bp 0x7ffffb953890 sp 0x7ffffb953050\nWRITE of size 1 at 0x6f06b2de0200 thread T0\n    #0 0x6343cf81b05d in __asan_memcpy /home/runner/work/llvm-project/llvm-project/compiler-rt/lib/asan/asan_interceptors_memintrinsics.cpp:63:3\n    #1 0x6343cf8b2c06 in adamic_string_put /home/ahra/.cache/adamic/runtime/.build-1762889486/string_build_impl.h:83:4\n    #2 0x6343cf8ba016 in adamic_string_append /home/ahra/.cache/adamic/runtime/.build-1762889486/string_append.c:84:13\n    #3 0x6343cf860e00 in adamic_function_1_atTheEnd /home/ahra/full-gate/out/5e33a17b186a-20261009T224535Z/catalog-units/00-vq45odqa/adamic-build-2619841721/main.c:87:26\n    #4 0x6343cf860e00 in main /home/ahra/full-gate/out/5e33a17b186a-20261009T224535Z/catalog-units/00-vq45odqa/adamic-build-2619841721/main.c:442:2\n    #5 0x7206b3c2a1c9  (/lib/x86_64-linux-gnu/libc.so.6+0x2a1c9) (BuildId: a4a7992a8e66555c8141ab2a08a8465ff6e0ea65)\n    #6 0x7206b3c2a28a in __libc_start_main (/lib/x86_64-linux-gnu/libc.so.6+0x2a28a) (BuildId: a4a7992a8e66555c8141ab2a08a8465ff6e0ea65)\n    #7 0x6343cf77a464 in _start (/home/ahra/full-gate/out/5e33a17b186a-20261009T224535Z/catalog-units/00-vq45odqa/TestNativeAgreesWithNodeinternaloracletestdatashared_slice_a1716297526/002/program+0x5a464)\n\n0x6f06b2de0200 is located 0 bytes after 192-byte region [0x6f06b2de0140,0x6f06b2de0200)\nallocated by thread T0 here:\n    #0 0x6343cf81d274 in malloc /home/runner/work/llvm-project/llvm-project/compiler-rt/lib/asan/asan_malloc_linux.cpp:67:3\n    #1 0x6343cf8754af in adamic_allocate /home/ahra/.cache/adamic/runtime/.build-1762889486/heap.c:196:10\n\nSUMMARY: AddressSanitizer: heap-buffer-overflow /home/ahra/.cache/adamic/runtime/.build-1762889486/string_build_impl.h:83:4 in adamic_string_put\nShadow bytes around the buggy address:\n  0x6f06b2ddff80: 00 00 00 00 00 00 00 00 00 00 00 00 00 00 00 00\n  0x6f06b2de0000: fa fa fa fa fa fa fa fa fd fd fd fd fd fd fd fd\n  0x6f06b2de0080: fd fd fd fd fd fd fd fd fd fd fd fd fd fd fd fd\n  0x6f06b2de0100: fa fa fa fa fa fa fa fa 00 00 00 00 00 00 00 00\n  0x6f06b2de0180: 00 00 00 00 00 00 00 00 00 00 00 00 00 00 00 00\n=>0x6f06b2de0200:[fa]fa fa fa fa fa fa fa fa fa fa fa fa fa fa fa\n  0x6f06b2de0280: fa fa fa fa fa fa fa fa fa fa fa fa fa fa fa fa\n  0x6f06b2de0300: fa fa fa fa fa fa fa fa fa fa fa fa fa fa fa fa\n  0x6f06b2de0380: fa fa fa fa fa fa fa fa fa fa fa fa fa fa fa fa\n  0x6f06b2de0400: fa fa fa fa fa fa fa fa fa fa fa fa fa fa fa fa\n  0x6f06b2de0480: fa fa fa fa fa fa fa fa fa fa fa fa fa fa fa fa\nShadow byte legend (one shadow byte represents 8 application bytes):\n  Addressable:           00\n  Partially addressable: 01 02 03 04 05 06 07 \n  Heap left redzone:       fa\n  Freed heap region:       fd\n  Stack left redzone:      f1\n  Stack mid redzone:       f2\n  Stack right redzone:     f3\n  Stack after return:      f5\n  Stack use after scope:   f8\n  Global redzone:          f9\n  Global init order:       f6\n  Poisoned by user:        f7\n  Container overflow:      fc\n  Array cookie:            ac\n  Intra object redzone:    bb\n  ASan internal:           fe\n  Left alloca redzone:     ca\n  Right alloca redzone:    cb\n==3692627==ABORTING\n"
        oracle_test.go:788: leaks:
            exit 1
            =================================================================
            ==3693013==ERROR: AddressSanitizer: heap-buffer-overflow on address 0x723f811e0200 at pc 0x560e9c1b305e bp 0x7ffc8f1152d0 sp 0x7ffc8f114a90
            WRITE of size 1 at 0x723f811e0200 thread T0
                #0 0x560e9c1b305d in __asan_memcpy /home/runner/work/llvm-project/llvm-project/compiler-rt/lib/asan/asan_interceptors_memintrinsics.cpp:63:3
                #1 0x560e9c24ac06 in adamic_string_put /home/ahra/.cache/adamic/runtime/.build-1762889486/string_build_impl.h:83:4
                #2 0x560e9c252016 in adamic_string_append /home/ahra/.cache/adamic/runtime/.build-1762889486/string_append.c:84:13
                #3 0x560e9c1f8e00 in adamic_function_1_atTheEnd /home/ahra/full-gate/out/5e33a17b186a-20261009T224535Z/catalog-units/00-vq45odqa/adamic-build-2619841721/main.c:87:26
                #4 0x560e9c1f8e00 in main /home/ahra/full-gate/out/5e33a17b186a-20261009T224535Z/catalog-units/00-vq45odqa/adamic-build-2619841721/main.c:442:2
                #5 0x753f8202a1c9  (/lib/x86_64-linux-gnu/libc.so.6+0x2a1c9) (BuildId: a4a7992a8e66555c8141ab2a08a8465ff6e0ea65)
                #6 0x753f8202a28a in __libc_start_main (/lib/x86_64-linux-gnu/libc.so.6+0x2a28a) (BuildId: a4a7992a8e66555c8141ab2a08a8465ff6e0ea65)
                #7 0x560e9c112464 in _start (/home/ahra/full-gate/out/5e33a17b186a-20261009T224535Z/catalog-units/00-vq45odqa/TestNativeAgreesWithNodeinternaloracletestdatashared_slice_a1716297526/002/program+0x5a464)
            
            0x723f811e0200 is located 0 bytes after 192-byte region [0x723f811e0140,0x723f811e0200)
            allocated by thread T0 here:
                #0 0x560e9c1b5274 in malloc /home/runner/work/llvm-project/llvm-project/compiler-rt/lib/asan/asan_malloc_linux.cpp:67:3
                #1 0x560e9c20d4af in adamic_allocate /home/ahra/.cache/adamic/runtime/.build-1762889486/heap.c:196:10
            
            SUMMARY: AddressSanitizer: heap-buffer-overflow /home/ahra/.cache/adamic/runtime/.build-1762889486/string_build_impl.h:83:4 in adamic_string_put
            Shadow bytes around the buggy address:
              0x723f811dff80: 00 00 00 00 00 00 00 00 00 00 00 00 00 00 00 00
              0x723f811e0000: fa fa fa fa fa fa fa fa fd fd fd fd fd fd fd fd
              0x723f811e0080: fd fd fd fd fd fd fd fd fd fd fd fd fd fd fd fd
              0x723f811e0100: fa fa fa fa fa fa fa fa 00 00 00 00 00 00 00 00
              0x723f811e0180: 00 00 00 00 00 00 00 00 00 00 00 00 00 00 00 00
            =>0x723f811e0200:[fa]fa fa fa fa fa fa fa fa fa fa fa fa fa fa fa
              0x723f811e0280: fa fa fa fa fa fa fa fa fa fa fa fa fa fa fa fa
              0x723f811e0300: fa fa fa fa fa fa fa fa fa fa fa fa fa fa fa fa
              0x723f811e0380: fa fa fa fa fa fa fa fa fa fa fa fa fa fa fa fa
              0x723f811e0400: fa fa fa fa fa fa fa fa fa fa fa fa fa fa fa fa
              0x723f811e0480: fa fa fa fa fa fa fa fa fa fa fa fa fa fa fa fa
            Shadow byte legend (one shadow byte represents 8 application bytes):
              Addressable:           00
              Partially addressable: 01 02 03 04 05 06 07 
              Heap left redzone:       fa
              Freed heap region:       fd
              Stack left redzone:      f1
              Stack mid redzone:       f2
              Stack right redzone:     f3
              Stack after return:      f5
              Stack use after scope:   f8
              Global redzone:          f9
              Global init order:       f6
              Poisoned by user:        f7
              Container overflow:      fc
              Array cookie:            ac
              Intra object redzone:    bb
              ASan internal:           fe
              Left alloca redzone:     ca
              Right alloca redzone:    cb
            ==3693013==ABORTING
FAIL
gate cache: native hits=0 misses=3
gate cache: node hits=0 misses=2
gate cache: probe hits=0 misses=0
FAIL	github.com/system-inc/adamic/internal/oracle	2.880s
FAIL
