built-ins/Map 50/204 pass=0 fail=0 refused=22 crashed=0 skipped=28
built-ins/Map 100/204 pass=0 fail=0 refused=45 crashed=0 skipped=55
built-ins/Map 150/204 pass=0 fail=0 refused=62 crashed=0 skipped=88
built-ins/Map 200/204 pass=0 fail=0 refused=82 crashed=0 skipped=118
built-ins/Map 204/204 pass=0 fail=0 refused=83 crashed=0 skipped=121
built-ins/Set 50/383 pass=0 fail=0 refused=26 crashed=0 skipped=24
built-ins/Set 100/383 pass=1 fail=0 refused=58 crashed=0 skipped=41
built-ins/Set 150/383 pass=1 fail=0 refused=91 crashed=0 skipped=58
built-ins/Set 200/383 pass=1 fail=0 refused=128 crashed=0 skipped=71
built-ins/Set 250/383 pass=8 fail=0 refused=148 crashed=0 skipped=94
built-ins/Set 300/383 pass=11 fail=0 refused=166 crashed=0 skipped=123
built-ins/Set 350/383 pass=13 fail=0 refused=190 crashed=0 skipped=147
built-ins/Set 383/383 pass=13 fail=0 refused=211 crashed=0 skipped=159
test262 7ab7fafa0003f73fc85c1b95d88094d33f7eb8bd

built-ins/Map
pass 0   fail 0   refused 83   crashed 0   skipped 121   total 204

directory                                      pass    fail   refused   crashed   skipped
built-ins/Map                                     0       0        14         0        16
built-ins/Map/Symbol.species                      0       0         0         0         4
built-ins/Map/groupBy                             0       0         9         0         5
built-ins/Map/prototype                           0       0         0         0         4
built-ins/Map/prototype/Symbol.iterator           0       0         0         0         1
built-ins/Map/prototype/clear                     0       0         4         0         7
built-ins/Map/prototype/delete                    0       0         5         0         6
built-ins/Map/prototype/entries                   0       0         4         0         6
built-ins/Map/prototype/forEach                   0       0        11         0         8
built-ins/Map/prototype/get                       0       0         4         0         7
built-ins/Map/prototype/getOrInsert               0       0         3         0        11
built-ins/Map/prototype/getOrInsertComputed       0       0         7         0        12
built-ins/Map/prototype/has                       0       0         3         0         8
built-ins/Map/prototype/keys                      0       0         4         0         6
built-ins/Map/prototype/set                       0       0         7         0         7
built-ins/Map/prototype/size                      0       0         4         0         7
built-ins/Map/prototype/values                    0       0         4         0         6

refusal reasons
  18  error TS2345: Argument of type '…' is not assignable to parameter of type '…'.
  15  refuses var
   8  error TS2550: Property '…' does not exist on type '…'. Do you need to change your target library? Try changing the '…' compiler option to '…' or later.
   5  error TS7034: Variable '…' implicitly has type '…' in some locations where its type cannot be determined.
   4  error TS18048: '…' is possibly '…'.
   4  error TS2322: Type '…' is not assignable to type '…'.
   2  error TS2683: '…' implicitly has type '…' because it does not have a type annotation.
   2  not yet: a function expression (an arrow function captures this as written)
   2  refuses a method read as a value (clear would lose its object, and this with it)
   2  refuses a method read as a value (delete would lose its object, and this with it)
   2  refuses a method read as a value (entries would lose its object, and this with it)
   2  refuses a method read as a value (forEach would lose its object, and this with it)
   2  refuses a method read as a value (get would lose its object, and this with it)
   2  refuses a method read as a value (has would lose its object, and this with it)
   2  refuses a method read as a value (keys would lose its object, and this with it)
  ... and 9 more

skip reasons
  45  harness include propertyHelper.js
  32  feature Symbol
  13  feature WeakMap
  13  harness include isConstructor.js
   9  feature Symbol.iterator
   2  feature Symbol.species
   1  Symbol
   1  eval
   1  feature BigInt
   1  features BigInt, Symbol, TypedArray, WeakRef
   1  features Reflect, cross-realm
   1  features Symbol, Symbol.iterator
   1  noStrict (sloppy mode only; Adamic modules are always strict)

built-ins/Set
pass 13   fail 0   refused 211   crashed 0   skipped 159   total 383

directory                                      pass    fail   refused   crashed   skipped
built-ins/Set                                     0       0        12         0        10
built-ins/Set/Symbol.species                      0       0         0         0         4
built-ins/Set/prototype                           0       0         0         0         2
built-ins/Set/prototype/Symbol.iterator           0       0         0         0         1
built-ins/Set/prototype/Symbol.toStringTag        0       0         0         0         1
built-ins/Set/prototype/add                       0       0        15         0         6
built-ins/Set/prototype/clear                     0       0        13         0         6
built-ins/Set/prototype/constructor               0       0         1         0         1
built-ins/Set/prototype/delete                    0       0        14         0         6
built-ins/Set/prototype/difference                1       0        14         0        13
built-ins/Set/prototype/entries                   0       0        11         0         6
built-ins/Set/prototype/forEach                   0       0        25         0         8
built-ins/Set/prototype/has                       0       0        22         0         8
built-ins/Set/prototype/intersection              1       0        14         0        13
built-ins/Set/prototype/isDisjointFrom            3       0        11         0        11
built-ins/Set/prototype/isSubsetOf                3       0         9         0        11
built-ins/Set/prototype/isSupersetOf              3       0         9         0        13
built-ins/Set/prototype/keys                      0       0         1         0         0
built-ins/Set/prototype/size                      0       0         1         0         5
built-ins/Set/prototype/symmetricDifference       1       0        13         0        14
built-ins/Set/prototype/union                     1       0        14         0        14
built-ins/Set/prototype/values                    0       0        12         0         6

refusal reasons
  43  error TS2345: Argument of type '…' is not assignable to parameter of type '…'.
  24  refuses var
  14  error TS7006: Parameter '…' implicitly has an '…' type.
  13  refuses a method read as a value (add would lose its object, and this with it)
   9  not yet: instanceof, but on what a catch caught, against Error
   9  refuses a method read as a value (clear would lose its object, and this with it)
   9  refuses a method read as a value (delete would lose its object, and this with it)
   9  refuses a method read as a value (entries would lose its object, and this with it)
   9  refuses a method read as a value (forEach would lose its object, and this with it)
   9  refuses a method read as a value (has would lose its object, and this with it)
   9  refuses a method read as a value (values would lose its object, and this with it)
   7  error TS2416: Property '…' in type '…' is not assignable to the same property in base type '…'.
   7  error TS2739: Type '…' is missing the following properties from type '…': size, has
   6  error TS7005: Variable '…' implicitly has an '…' type.
   6  not yet: a function expression (an arrow function captures this as written)
  ... and 18 more

skip reasons
  54  harness include propertyHelper.js
  28  yield
  19  getters
  16  harness include isConstructor.js
  14  Symbol
  12  feature Symbol
   7  feature WeakSet
   3  feature Symbol.iterator
   2  feature Symbol.species
   1  feature BigInt
   1  features BigInt, Symbol, TypedArray, WeakRef
   1  features Reflect, cross-realm
   1  noStrict (sloppy mode only; Adamic modules are always strict)

passes (13)
  built-ins/Set/prototype/difference/result-order.js
  built-ins/Set/prototype/intersection/result-order.js
  built-ins/Set/prototype/isDisjointFrom/compares-itself.js
  built-ins/Set/prototype/isDisjointFrom/compares-same-sets.js
  built-ins/Set/prototype/isDisjointFrom/compares-sets.js
  built-ins/Set/prototype/isSubsetOf/compares-itself.js
  built-ins/Set/prototype/isSubsetOf/compares-same-sets.js
  built-ins/Set/prototype/isSubsetOf/compares-sets.js
  built-ins/Set/prototype/isSupersetOf/compares-itself.js
  built-ins/Set/prototype/isSupersetOf/compares-same-sets.js
  built-ins/Set/prototype/isSupersetOf/compares-sets.js
  built-ins/Set/prototype/symmetricDifference/result-order.js
  built-ins/Set/prototype/union/result-order.js

