=== RUN   TestRulesAgree
    lint_test.go:391: cohere cases: 2107 unique source/rule/options combinations
    lint_test.go:424: EXPLICIT LIMIT: parser recovery is not ported for /tmp/adamic-gate/TestRulesAgree388848941/019/case-113/Thing.ts	@typescript-eslint/method-signature-style			false	{"Style":"method"}	unsupported-recovery
    lint_test.go:425: Go recovered output: case 0
        recovery findings only
    lint_test.go:425: explicit unsupported recovery: /tmp/adamic-gate/TestRulesAgree388848941/003/scanner: timeout=false: exit status 70: adamic: panic: parser slice expected OpenBraceToken, got EndOfFile at 11 in /tmp/adamic-gate/TestRulesAgree388848941/019/case-113/Thing.ts
    lint_test.go:425: explicit unsupported recovery: node: timeout=false: exit status 70: adamic: panic: parser slice expected OpenBraceToken, got EndOfFile at 11 in /tmp/adamic-gate/TestRulesAgree388848941/019/case-113/Thing.ts
    lint_test.go:424: EXPLICIT LIMIT: parser recovery is not ported for /tmp/adamic-gate/TestRulesAgree388848941/019/case-115/Thing.ts	@typescript-eslint/method-signature-style			false	{"Style":"method"}	unsupported-recovery
    lint_test.go:425: Go recovered output: case 0
        recovery findings only
    lint_test.go:425: explicit unsupported recovery: /tmp/adamic-gate/TestRulesAgree388848941/003/scanner: timeout=true: signal: killed: 
    lint_test.go:425: explicit unsupported recovery: node: timeout=true: signal: killed: 
    lint_test.go:424: EXPLICIT LIMIT: parser recovery is not ported for /tmp/adamic-gate/TestRulesAgree388848941/019/case-119/Thing.ts	@typescript-eslint/method-signature-style			false	{"Style":"method"}	unsupported-recovery
    lint_test.go:425: Go recovered output: case 0
        recovery findings only
    lint_test.go:425: explicit unsupported recovery: /tmp/adamic-gate/TestRulesAgree388848941/003/scanner: timeout=false: exit status 70: adamic: panic: parser slice expected GreaterThanToken, got Identifier at 17 in /tmp/adamic-gate/TestRulesAgree388848941/019/case-119/Thing.ts
    lint_test.go:425: explicit unsupported recovery: node: timeout=false: exit status 70: adamic: panic: parser slice expected GreaterThanToken, got Identifier at 17 in /tmp/adamic-gate/TestRulesAgree388848941/019/case-119/Thing.ts
    lint_test.go:424: EXPLICIT LIMIT: parser recovery is not ported for /tmp/adamic-gate/TestRulesAgree388848941/019/case-120/Thing.ts	@typescript-eslint/method-signature-style			false	{"Style":"method"}	unsupported-recovery
    lint_test.go:425: Go recovered output: case 0
        recovery findings only
    lint_test.go:425: explicit unsupported recovery: /tmp/adamic-gate/TestRulesAgree388848941/003/scanner: timeout=false: exit status 70: adamic: panic: parser slice expected GreaterThanToken, got OpenParenToken at 17 in /tmp/adamic-gate/TestRulesAgree388848941/019/case-120/Thing.ts
    lint_test.go:425: explicit unsupported recovery: node: timeout=false: exit status 70: adamic: panic: parser slice expected GreaterThanToken, got OpenParenToken at 17 in /tmp/adamic-gate/TestRulesAgree388848941/019/case-120/Thing.ts
    lint_test.go:424: EXPLICIT LIMIT: parser recovery is not ported for /tmp/adamic-gate/TestRulesAgree388848941/019/case-129/Thing.ts	@typescript-eslint/method-signature-style			false	{"Style":"property"}	unsupported-recovery
    lint_test.go:425: Go recovered output: case 0
        recovery findings only
    lint_test.go:425: explicit unsupported recovery: /tmp/adamic-gate/TestRulesAgree388848941/003/scanner: timeout=false: exit status 70: adamic: panic: parser slice expected OpenBraceToken, got EndOfFile at 11 in /tmp/adamic-gate/TestRulesAgree388848941/019/case-129/Thing.ts
    lint_test.go:425: explicit unsupported recovery: node: timeout=false: exit status 70: adamic: panic: parser slice expected OpenBraceToken, got EndOfFile at 11 in /tmp/adamic-gate/TestRulesAgree388848941/019/case-129/Thing.ts
    lint_test.go:424: EXPLICIT LIMIT: parser recovery is not ported for /tmp/adamic-gate/TestRulesAgree388848941/019/case-131/Thing.ts	@typescript-eslint/method-signature-style			false	{"Style":"property"}	unsupported-recovery
    lint_test.go:425: Go recovered output: case 0
        /tmp/adamic-gate/TestRulesAgree388848941/019/case-131/Thing.ts:1:15
          @typescript-eslint/method-signature-style  This is written as a shorthand method signature, which TypeScript checks bivariantly: a parameter can be narrowed by an implementer and the compiler will not object, so a call that type-checks can still be wrong at runtime. A function property is checked the strict way and catches that.
        
        range 14 33 errorMethod fix	m: (a: string) => void;		14 33
        recovery findings only
    lint_test.go:425: explicit unsupported recovery: /tmp/adamic-gate/TestRulesAgree388848941/003/scanner: timeout=true: signal: killed: 
    lint_test.go:425: explicit unsupported recovery: node: timeout=true: signal: killed: 
    lint_test.go:424: EXPLICIT LIMIT: parser recovery is not ported for /tmp/adamic-gate/TestRulesAgree388848941/019/case-133/Thing.ts	@typescript-eslint/method-signature-style			false	{"Style":"property"}	unsupported-recovery
    lint_test.go:425: Go recovered output: case 0
        /tmp/adamic-gate/TestRulesAgree388848941/019/case-133/Thing.ts:1:15
          @typescript-eslint/method-signature-style  This is written as a shorthand method signature, which TypeScript checks bivariantly: a parameter can be narrowed by an implementer and the compiler will not object, so a call that type-checks can still be wrong at runtime. A function property is checked the strict way and catches that.
        
        range 14 34 errorMethod fix	m: (a: string) => void;		14 34
        recovery findings only
    lint_test.go:425: explicit unsupported recovery: /tmp/adamic-gate/TestRulesAgree388848941/003/scanner: timeout=false: exit status 70: adamic: panic: parser slice expected GreaterThanToken, got Identifier at 17 in /tmp/adamic-gate/TestRulesAgree388848941/019/case-133/Thing.ts
    lint_test.go:425: explicit unsupported recovery: node: timeout=false: exit status 70: adamic: panic: parser slice expected GreaterThanToken, got Identifier at 17 in /tmp/adamic-gate/TestRulesAgree388848941/019/case-133/Thing.ts
    lint_test.go:424: EXPLICIT LIMIT: parser recovery is not ported for /tmp/adamic-gate/TestRulesAgree388848941/019/case-134/Thing.ts	@typescript-eslint/method-signature-style			false	{"Style":"property"}	unsupported-recovery
    lint_test.go:425: Go recovered output: case 0
        /tmp/adamic-gate/TestRulesAgree388848941/019/case-134/Thing.ts:1:15
          @typescript-eslint/method-signature-style  This is written as a shorthand method signature, which TypeScript checks bivariantly: a parameter can be narrowed by an implementer and the compiler will not object, so a call that type-checks can still be wrong at runtime. A function property is checked the strict way and catches that.
        
        range 14 27 errorMethod 			14 27
        recovery findings only
    lint_test.go:425: explicit unsupported recovery: /tmp/adamic-gate/TestRulesAgree388848941/003/scanner: timeout=false: exit status 70: adamic: panic: parser slice expected GreaterThanToken, got OpenParenToken at 17 in /tmp/adamic-gate/TestRulesAgree388848941/019/case-134/Thing.ts
    lint_test.go:425: explicit unsupported recovery: node: timeout=false: exit status 70: adamic: panic: parser slice expected GreaterThanToken, got OpenParenToken at 17 in /tmp/adamic-gate/TestRulesAgree388848941/019/case-134/Thing.ts
    lint_test.go:430: node [--disable-warning=ExperimentalWarning /workspace/scratch/wave12-area-validation/oracle/node.mjs /workspace/scratch/wave12-area-validation/stage1/cohere/lint/main.ts --manifest /tmp/adamic-gate/TestRulesAgree388848941/070/manifest.txt]: exit status 70
        adamic: panic: parser slice unsupported primary Unknown at 87 in /tmp/adamic-gate/TestRulesAgree388848941/019/case-359/Thing.ts
--- FAIL: TestRulesAgree (166.32s)
=== RUN   TestOwnedWitnesses
    registration_test.go:39: nexus/boundary-no-nexus-outside-import witness reports no findings
--- FAIL: TestOwnedWitnesses (7.77s)
FAIL
FAIL	github.com/system-inc/adamic/stage1/cohere/lint	174.116s
FAIL
