=== RUN   TestNativeAgreementRejectsWrongExit
=== PAUSE TestNativeAgreementRejectsWrongExit
=== RUN   TestOverloadedShorthandFunctionValueStaysNotYet
=== PAUSE TestOverloadedShorthandFunctionValueStaysNotYet
=== RUN   TestClassFeaturesReadonlyChecker
=== PAUSE TestClassFeaturesReadonlyChecker
=== RUN   TestInheritanceRefusesFalseNominalViews
=== PAUSE TestInheritanceRefusesFalseNominalViews
=== RUN   TestClassWrongOutputKeysRepair
=== PAUSE TestClassWrongOutputKeysRepair
=== RUN   TestFlagEnumLiteralSpellings
=== PAUSE TestFlagEnumLiteralSpellings
=== RUN   TestEnumSwitchExhaustiveness
=== PAUSE TestEnumSwitchExhaustiveness
=== RUN   TestInputSpreadArgumentsAreNotYet
=== PAUSE TestInputSpreadArgumentsAreNotYet
=== RUN   TestIteratorMapperIndexHasNumberRepresentation
=== PAUSE TestIteratorMapperIndexHasNumberRepresentation
=== RUN   TestNodeFSFileKeepsDetachedMethodRefusal
=== PAUSE TestNodeFSFileKeepsDetachedMethodRefusal
=== RUN   TestAViewThatCantWriteIsNotRefused
=== PAUSE TestAViewThatCantWriteIsNotRefused
=== RUN   TestTscNamespaceDeclarationShapes
=== PAUSE TestTscNamespaceDeclarationShapes
=== RUN   TestNestedRebindingNotYet
=== PAUSE TestNestedRebindingNotYet
=== RUN   TestOverrideOptionalNumberRefusesNativeSignature
=== PAUSE TestOverrideOptionalNumberRefusesNativeSignature
=== RUN   TestUnprovenPredicateReturnsAreRefused
=== PAUSE TestUnprovenPredicateReturnsAreRefused
=== RUN   TestRegExpEscapedSlashSourceAgreesWithNode
=== PAUSE TestRegExpEscapedSlashSourceAgreesWithNode
=== RUN   TestTypedArrayFromEmptyArray
=== PAUSE TestTypedArrayFromEmptyArray
=== CONT  TestNativeAgreementRejectsWrongExit
=== CONT  TestNodeFSFileKeepsDetachedMethodRefusal
=== CONT  TestFlagEnumLiteralSpellings
=== CONT  TestInheritanceRefusesFalseNominalViews
=== RUN   TestInheritanceRefusesFalseNominalViews/weak_structural
=== PAUSE TestInheritanceRefusesFalseNominalViews/weak_structural
=== CONT  TestClassWrongOutputKeysRepair
=== RUN   TestInheritanceRefusesFalseNominalViews/source_union
=== PAUSE TestInheritanceRefusesFalseNominalViews/source_union
=== RUN   TestInheritanceRefusesFalseNominalViews/target_union
=== PAUSE TestInheritanceRefusesFalseNominalViews/target_union
=== RUN   TestInheritanceRefusesFalseNominalViews/nested_array
=== PAUSE TestInheritanceRefusesFalseNominalViews/nested_array
=== RUN   TestInheritanceRefusesFalseNominalViews/unrelated_override
=== PAUSE TestInheritanceRefusesFalseNominalViews/unrelated_override
=== RUN   TestInheritanceRefusesFalseNominalViews/structural_object
=== PAUSE TestInheritanceRefusesFalseNominalViews/structural_object
=== RUN   TestInheritanceRefusesFalseNominalViews/unrelated_class
=== PAUSE TestInheritanceRefusesFalseNominalViews/unrelated_class
=== CONT  TestClassFeaturesReadonlyChecker
--- PASS: TestFlagEnumLiteralSpellings (0.78s)
=== CONT  TestOverloadedShorthandFunctionValueStaysNotYet
--- PASS: TestClassWrongOutputKeysRepair (0.78s)
=== CONT  TestInheritanceRefusesFalseNominalViews/weak_structural
=== CONT  TestTypedArrayFromEmptyArray
--- PASS: TestOverloadedShorthandFunctionValueStaysNotYet (0.22s)
=== CONT  TestRegExpEscapedSlashSourceAgreesWithNode
--- PASS: TestNativeAgreementRejectsWrongExit (1.27s)
=== CONT  TestUnprovenPredicateReturnsAreRefused
=== RUN   TestUnprovenPredicateReturnsAreRefused/unconditional_true
=== PAUSE TestUnprovenPredicateReturnsAreRefused/unconditional_true
=== RUN   TestUnprovenPredicateReturnsAreRefused/different_variable
=== PAUSE TestUnprovenPredicateReturnsAreRefused/different_variable
=== RUN   TestUnprovenPredicateReturnsAreRefused/wider_narrowing
=== PAUSE TestUnprovenPredicateReturnsAreRefused/wider_narrowing
=== RUN   TestUnprovenPredicateReturnsAreRefused/partial_true_set
=== PAUSE TestUnprovenPredicateReturnsAreRefused/partial_true_set
=== RUN   TestUnprovenPredicateReturnsAreRefused/narrower_narrowing
=== PAUSE TestUnprovenPredicateReturnsAreRefused/narrower_narrowing
=== RUN   TestUnprovenPredicateReturnsAreRefused/false_branch_lie
=== PAUSE TestUnprovenPredicateReturnsAreRefused/false_branch_lie
=== RUN   TestUnprovenPredicateReturnsAreRefused/positive_number
=== PAUSE TestUnprovenPredicateReturnsAreRefused/positive_number
=== RUN   TestUnprovenPredicateReturnsAreRefused/opaque_call
=== PAUSE TestUnprovenPredicateReturnsAreRefused/opaque_call
=== RUN   TestUnprovenPredicateReturnsAreRefused/modified_parameter
=== PAUSE TestUnprovenPredicateReturnsAreRefused/modified_parameter
=== RUN   TestUnprovenPredicateReturnsAreRefused/captured_write
=== PAUSE TestUnprovenPredicateReturnsAreRefused/captured_write
=== RUN   TestUnprovenPredicateReturnsAreRefused/aliased_discriminant_call
=== PAUSE TestUnprovenPredicateReturnsAreRefused/aliased_discriminant_call
=== RUN   TestUnprovenPredicateReturnsAreRefused/aliased_discriminant_write
=== PAUSE TestUnprovenPredicateReturnsAreRefused/aliased_discriminant_write
=== RUN   TestUnprovenPredicateReturnsAreRefused/aliased_discriminant_getter
=== PAUSE TestUnprovenPredicateReturnsAreRefused/aliased_discriminant_getter
=== RUN   TestUnprovenPredicateReturnsAreRefused/assertion_wider_shape
=== PAUSE TestUnprovenPredicateReturnsAreRefused/assertion_wider_shape
=== RUN   TestUnprovenPredicateReturnsAreRefused/nominal_guard_mismatch
=== PAUSE TestUnprovenPredicateReturnsAreRefused/nominal_guard_mismatch
=== RUN   TestUnprovenPredicateReturnsAreRefused/nominal_assertion_mismatch
=== PAUSE TestUnprovenPredicateReturnsAreRefused/nominal_assertion_mismatch
=== RUN   TestUnprovenPredicateReturnsAreRefused/assertion_empty
=== PAUSE TestUnprovenPredicateReturnsAreRefused/assertion_empty
=== RUN   TestUnprovenPredicateReturnsAreRefused/assertion_early_return
=== PAUSE TestUnprovenPredicateReturnsAreRefused/assertion_early_return
=== RUN   TestUnprovenPredicateReturnsAreRefused/assertion_wrong_branch
=== PAUSE TestUnprovenPredicateReturnsAreRefused/assertion_wrong_branch
=== RUN   TestUnprovenPredicateReturnsAreRefused/assertion_call_invalidation
=== PAUSE TestUnprovenPredicateReturnsAreRefused/assertion_call_invalidation
=== RUN   TestUnprovenPredicateReturnsAreRefused/assert_cond_empty
=== PAUSE TestUnprovenPredicateReturnsAreRefused/assert_cond_empty
=== RUN   TestUnprovenPredicateReturnsAreRefused/assert_cond_false
=== PAUSE TestUnprovenPredicateReturnsAreRefused/assert_cond_false
=== RUN   TestUnprovenPredicateReturnsAreRefused/assert_cond_nonboolean
=== PAUSE TestUnprovenPredicateReturnsAreRefused/assert_cond_nonboolean
=== RUN   TestUnprovenPredicateReturnsAreRefused/bodyless_signature
=== PAUSE TestUnprovenPredicateReturnsAreRefused/bodyless_signature
=== RUN   TestUnprovenPredicateReturnsAreRefused/default_argument
=== PAUSE TestUnprovenPredicateReturnsAreRefused/default_argument
=== RUN   TestUnprovenPredicateReturnsAreRefused/unknown_control_flow
=== PAUSE TestUnprovenPredicateReturnsAreRefused/unknown_control_flow
=== CONT  TestOverrideOptionalNumberRefusesNativeSignature
--- PASS: TestOverrideOptionalNumberRefusesNativeSignature (0.06s)
=== CONT  TestNestedRebindingNotYet
--- PASS: TestNestedRebindingNotYet (0.05s)
=== CONT  TestTscNamespaceDeclarationShapes
=== RUN   TestTscNamespaceDeclarationShapes/BuilderState
=== PAUSE TestTscNamespaceDeclarationShapes/BuilderState
=== RUN   TestTscNamespaceDeclarationShapes/JsxNames
=== PAUSE TestTscNamespaceDeclarationShapes/JsxNames
=== RUN   TestTscNamespaceDeclarationShapes/ReactNames
=== PAUSE TestTscNamespaceDeclarationShapes/ReactNames
=== RUN   TestTscNamespaceDeclarationShapes/BinaryExpressionState
=== PAUSE TestTscNamespaceDeclarationShapes/BinaryExpressionState
=== RUN   TestTscNamespaceDeclarationShapes/Parser.JSDocParser
=== PAUSE TestTscNamespaceDeclarationShapes/Parser.JSDocParser
=== RUN   TestTscNamespaceDeclarationShapes/Debug
=== PAUSE TestTscNamespaceDeclarationShapes/Debug
=== RUN   TestTscNamespaceDeclarationShapes/Debug.log
=== PAUSE TestTscNamespaceDeclarationShapes/Debug.log
=== RUN   TestTscNamespaceDeclarationShapes/Parser
=== PAUSE TestTscNamespaceDeclarationShapes/Parser
=== RUN   TestTscNamespaceDeclarationShapes/IncrementalParser
=== PAUSE TestTscNamespaceDeclarationShapes/IncrementalParser
=== RUN   TestTscNamespaceDeclarationShapes/tracingEnabled
=== PAUSE TestTscNamespaceDeclarationShapes/tracingEnabled
=== CONT  TestAViewThatCantWriteIsNotRefused
=== RUN   TestAViewThatCantWriteIsNotRefused/a_destructuring_declaration_of_a_readonly_field
=== PAUSE TestAViewThatCantWriteIsNotRefused/a_destructuring_declaration_of_a_readonly_field
=== RUN   TestAViewThatCantWriteIsNotRefused/a_destructuring_assignment's_elements_going_into_wider_names
=== PAUSE TestAViewThatCantWriteIsNotRefused/a_destructuring_assignment's_elements_going_into_wider_names
=== RUN   TestAViewThatCantWriteIsNotRefused/an_array_seen_as_a_readonly_wider_array
=== PAUSE TestAViewThatCantWriteIsNotRefused/an_array_seen_as_a_readonly_wider_array
=== RUN   TestAViewThatCantWriteIsNotRefused/a_readonly_field_seen_wider
=== PAUSE TestAViewThatCantWriteIsNotRefused/a_readonly_field_seen_wider
=== RUN   TestAViewThatCantWriteIsNotRefused/a_readonly_constraint:_a_Narrow_into_a_Pack_slot
=== PAUSE TestAViewThatCantWriteIsNotRefused/a_readonly_constraint:_a_Narrow_into_a_Pack_slot
=== RUN   TestAViewThatCantWriteIsNotRefused/a_type_parameter_as_itself
=== PAUSE TestAViewThatCantWriteIsNotRefused/a_type_parameter_as_itself
=== RUN   TestAViewThatCantWriteIsNotRefused/a_type_parameter_narrowed_from_undefined,_as_itself
=== PAUSE TestAViewThatCantWriteIsNotRefused/a_type_parameter_narrowed_from_undefined,_as_itself
=== RUN   TestAViewThatCantWriteIsNotRefused/an_intersection's_array_seen_as_a_readonly_array_with_the_same_tag
=== PAUSE TestAViewThatCantWriteIsNotRefused/an_intersection's_array_seen_as_a_readonly_array_with_the_same_tag
=== RUN   TestAViewThatCantWriteIsNotRefused/a_readonly_field_seen_as_a_readonly_field
=== PAUSE TestAViewThatCantWriteIsNotRefused/a_readonly_field_seen_as_a_readonly_field
=== RUN   TestAViewThatCantWriteIsNotRefused/a_writable_field_seen_as_a_readonly_one
=== PAUSE TestAViewThatCantWriteIsNotRefused/a_writable_field_seen_as_a_readonly_one
=== RUN   TestAViewThatCantWriteIsNotRefused/a_readonly_field_seen_as_its_own_type
=== PAUSE TestAViewThatCantWriteIsNotRefused/a_readonly_field_seen_as_its_own_type
=== RUN   TestAViewThatCantWriteIsNotRefused/a_readonly_field_copied_into_a_writable_one
=== PAUSE TestAViewThatCantWriteIsNotRefused/a_readonly_field_copied_into_a_writable_one
=== RUN   TestAViewThatCantWriteIsNotRefused/a_copy_made_by_slice
=== PAUSE TestAViewThatCantWriteIsNotRefused/a_copy_made_by_slice
=== RUN   TestAViewThatCantWriteIsNotRefused/a_copy_made_by_map
=== PAUSE TestAViewThatCantWriteIsNotRefused/a_copy_made_by_map
=== RUN   TestAViewThatCantWriteIsNotRefused/a_copy_made_by_filter
=== PAUSE TestAViewThatCantWriteIsNotRefused/a_copy_made_by_filter
=== RUN   TestAViewThatCantWriteIsNotRefused/a_conditional_of_fresh_arrays
=== PAUSE TestAViewThatCantWriteIsNotRefused/a_conditional_of_fresh_arrays
=== RUN   TestAViewThatCantWriteIsNotRefused/a_Map_made_from_pairs
=== PAUSE TestAViewThatCantWriteIsNotRefused/a_Map_made_from_pairs
=== RUN   TestAViewThatCantWriteIsNotRefused/a_conditional_of_fresh_copies
=== PAUSE TestAViewThatCantWriteIsNotRefused/a_conditional_of_fresh_copies
=== RUN   TestAViewThatCantWriteIsNotRefused/a_new_Map_passed
=== PAUSE TestAViewThatCantWriteIsNotRefused/a_new_Map_passed
=== RUN   TestAViewThatCantWriteIsNotRefused/a_new_Map
=== PAUSE TestAViewThatCantWriteIsNotRefused/a_new_Map
=== RUN   TestAViewThatCantWriteIsNotRefused/a_union_target_that_can't_write
=== PAUSE TestAViewThatCantWriteIsNotRefused/a_union_target_that_can't_write
=== RUN   TestAViewThatCantWriteIsNotRefused/a_shorthand_property_that_can't_write
=== PAUSE TestAViewThatCantWriteIsNotRefused/a_shorthand_property_that_can't_write
=== RUN   TestAViewThatCantWriteIsNotRefused/a_destructuring_with_no_type
=== PAUSE TestAViewThatCantWriteIsNotRefused/a_destructuring_with_no_type
=== RUN   TestAViewThatCantWriteIsNotRefused/a_method_returning_the_same_type
=== PAUSE TestAViewThatCantWriteIsNotRefused/a_method_returning_the_same_type
=== RUN   TestAViewThatCantWriteIsNotRefused/a_class_seen_as_itself
=== PAUSE TestAViewThatCantWriteIsNotRefused/a_class_seen_as_itself
=== RUN   TestAViewThatCantWriteIsNotRefused/an_intersection_seen_as_itself
=== PAUSE TestAViewThatCantWriteIsNotRefused/an_intersection_seen_as_itself
=== CONT  TestInheritanceRefusesFalseNominalViews/unrelated_class
--- PASS: TestClassFeaturesReadonlyChecker (1.53s)
=== CONT  TestInheritanceRefusesFalseNominalViews/structural_object
=== CONT  TestInheritanceRefusesFalseNominalViews/unrelated_override
=== CONT  TestInheritanceRefusesFalseNominalViews/nested_array
=== CONT  TestInheritanceRefusesFalseNominalViews/target_union
--- PASS: TestNodeFSFileKeepsDetachedMethodRefusal (1.68s)
=== CONT  TestInheritanceRefusesFalseNominalViews/source_union
=== CONT  TestInputSpreadArgumentsAreNotYet
=== RUN   TestInputSpreadArgumentsAreNotYet/readDirectory
=== PAUSE TestInputSpreadArgumentsAreNotYet/readDirectory
=== RUN   TestInputSpreadArgumentsAreNotYet/fileStatus
=== PAUSE TestInputSpreadArgumentsAreNotYet/fileStatus
=== RUN   TestInputSpreadArgumentsAreNotYet/programArguments
=== PAUSE TestInputSpreadArgumentsAreNotYet/programArguments
=== RUN   TestInputSpreadArgumentsAreNotYet/readTextFile
=== PAUSE TestInputSpreadArgumentsAreNotYet/readTextFile
=== RUN   TestInputSpreadArgumentsAreNotYet/writeTextFile
=== PAUSE TestInputSpreadArgumentsAreNotYet/writeTextFile
=== RUN   TestInputSpreadArgumentsAreNotYet/utf8Length
=== PAUSE TestInputSpreadArgumentsAreNotYet/utf8Length
=== RUN   TestInputSpreadArgumentsAreNotYet/utf8At
=== PAUSE TestInputSpreadArgumentsAreNotYet/utf8At
=== CONT  TestIteratorMapperIndexHasNumberRepresentation
=== CONT  TestEnumSwitchExhaustiveness
--- PASS: TestTypedArrayFromEmptyArray (0.92s)
=== CONT  TestUnprovenPredicateReturnsAreRefused/unconditional_true
--- PASS: TestInheritanceRefusesFalseNominalViews (0.01s)
    --- PASS: TestInheritanceRefusesFalseNominalViews/weak_structural (0.10s)
    --- PASS: TestInheritanceRefusesFalseNominalViews/unrelated_class (0.18s)
    --- PASS: TestInheritanceRefusesFalseNominalViews/structural_object (0.14s)
    --- PASS: TestInheritanceRefusesFalseNominalViews/unrelated_override (0.08s)
    --- PASS: TestInheritanceRefusesFalseNominalViews/nested_array (0.02s)
    --- PASS: TestInheritanceRefusesFalseNominalViews/target_union (0.13s)
    --- PASS: TestInheritanceRefusesFalseNominalViews/source_union (0.28s)
=== CONT  TestUnprovenPredicateReturnsAreRefused/assertion_wider_shape
--- PASS: TestIteratorMapperIndexHasNumberRepresentation (0.28s)
=== CONT  TestUnprovenPredicateReturnsAreRefused/unknown_control_flow
=== CONT  TestUnprovenPredicateReturnsAreRefused/default_argument
=== CONT  TestUnprovenPredicateReturnsAreRefused/bodyless_signature
=== CONT  TestUnprovenPredicateReturnsAreRefused/assert_cond_nonboolean
--- PASS: TestRegExpEscapedSlashSourceAgreesWithNode (1.09s)
=== CONT  TestUnprovenPredicateReturnsAreRefused/assert_cond_false
=== CONT  TestUnprovenPredicateReturnsAreRefused/assert_cond_empty
=== CONT  TestUnprovenPredicateReturnsAreRefused/assertion_call_invalidation
=== CONT  TestUnprovenPredicateReturnsAreRefused/assertion_wrong_branch
=== CONT  TestUnprovenPredicateReturnsAreRefused/assertion_early_return
=== CONT  TestUnprovenPredicateReturnsAreRefused/assertion_empty
=== CONT  TestUnprovenPredicateReturnsAreRefused/nominal_assertion_mismatch
=== CONT  TestUnprovenPredicateReturnsAreRefused/nominal_guard_mismatch
=== CONT  TestUnprovenPredicateReturnsAreRefused/opaque_call
=== CONT  TestUnprovenPredicateReturnsAreRefused/aliased_discriminant_getter
=== CONT  TestUnprovenPredicateReturnsAreRefused/aliased_discriminant_write
=== CONT  TestUnprovenPredicateReturnsAreRefused/aliased_discriminant_call
=== CONT  TestUnprovenPredicateReturnsAreRefused/captured_write
=== CONT  TestUnprovenPredicateReturnsAreRefused/modified_parameter
=== CONT  TestUnprovenPredicateReturnsAreRefused/narrower_narrowing
=== CONT  TestUnprovenPredicateReturnsAreRefused/positive_number
=== CONT  TestUnprovenPredicateReturnsAreRefused/false_branch_lie
=== CONT  TestUnprovenPredicateReturnsAreRefused/wider_narrowing
=== CONT  TestUnprovenPredicateReturnsAreRefused/partial_true_set
=== CONT  TestUnprovenPredicateReturnsAreRefused/different_variable
=== CONT  TestTscNamespaceDeclarationShapes/BuilderState
=== CONT  TestTscNamespaceDeclarationShapes/Debug
=== CONT  TestTscNamespaceDeclarationShapes/tracingEnabled
=== NAME  TestTscNamespaceDeclarationShapes/Debug
    namespaces_shapes_test.go:46: declaration shape lowers
=== CONT  TestTscNamespaceDeclarationShapes/IncrementalParser
=== CONT  TestTscNamespaceDeclarationShapes/Parser
--- PASS: TestUnprovenPredicateReturnsAreRefused (0.00s)
    --- PASS: TestUnprovenPredicateReturnsAreRefused/unconditional_true (0.20s)
    --- PASS: TestUnprovenPredicateReturnsAreRefused/unknown_control_flow (0.12s)
    --- PASS: TestUnprovenPredicateReturnsAreRefused/assertion_wider_shape (0.13s)
    --- PASS: TestUnprovenPredicateReturnsAreRefused/default_argument (0.19s)
    --- PASS: TestUnprovenPredicateReturnsAreRefused/assert_cond_nonboolean (0.19s)
    --- PASS: TestUnprovenPredicateReturnsAreRefused/assert_cond_false (0.19s)
    --- PASS: TestUnprovenPredicateReturnsAreRefused/bodyless_signature (0.20s)
    --- PASS: TestUnprovenPredicateReturnsAreRefused/assert_cond_empty (0.13s)
    --- PASS: TestUnprovenPredicateReturnsAreRefused/assertion_early_return (0.11s)
    --- PASS: TestUnprovenPredicateReturnsAreRefused/assertion_call_invalidation (0.19s)
    --- PASS: TestUnprovenPredicateReturnsAreRefused/assertion_wrong_branch (0.20s)
    --- PASS: TestUnprovenPredicateReturnsAreRefused/assertion_empty (0.20s)
    --- PASS: TestUnprovenPredicateReturnsAreRefused/nominal_assertion_mismatch (0.18s)
    --- PASS: TestUnprovenPredicateReturnsAreRefused/nominal_guard_mismatch (0.13s)
    --- PASS: TestUnprovenPredicateReturnsAreRefused/opaque_call (0.19s)
    --- PASS: TestUnprovenPredicateReturnsAreRefused/aliased_discriminant_getter (0.15s)
    --- PASS: TestUnprovenPredicateReturnsAreRefused/aliased_discriminant_write (0.19s)
    --- PASS: TestUnprovenPredicateReturnsAreRefused/aliased_discriminant_call (0.18s)
    --- PASS: TestUnprovenPredicateReturnsAreRefused/captured_write (0.12s)
    --- PASS: TestUnprovenPredicateReturnsAreRefused/modified_parameter (0.17s)
    --- PASS: TestUnprovenPredicateReturnsAreRefused/positive_number (0.14s)
    --- PASS: TestUnprovenPredicateReturnsAreRefused/narrower_narrowing (0.17s)
    --- PASS: TestUnprovenPredicateReturnsAreRefused/false_branch_lie (0.20s)
    --- PASS: TestUnprovenPredicateReturnsAreRefused/wider_narrowing (0.16s)
    --- PASS: TestUnprovenPredicateReturnsAreRefused/partial_true_set (0.21s)
    --- PASS: TestUnprovenPredicateReturnsAreRefused/different_variable (0.25s)
=== NAME  TestTscNamespaceDeclarationShapes/BuilderState
    namespaces_shapes_test.go:46: declaration shape lowers
=== CONT  TestTscNamespaceDeclarationShapes/Debug.log
=== NAME  TestTscNamespaceDeclarationShapes/tracingEnabled
    namespaces_shapes_test.go:53: /tmp/adamic-gate/TestTscNamespaceDeclarationShapestracingEnabled2659976027/001/main.a:30:15: stage 0 can't lower a namespace object used as a value; no runtime container is emitted, so identity, receiver behavior, live export aliases and staged properties are not represented; use qualified members or named module imports yet
=== CONT  TestTscNamespaceDeclarationShapes/BinaryExpressionState
=== NAME  TestTscNamespaceDeclarationShapes/IncrementalParser
    namespaces_shapes_test.go:46: declaration shape lowers
=== CONT  TestTscNamespaceDeclarationShapes/Parser.JSDocParser
=== NAME  TestTscNamespaceDeclarationShapes/Debug.log
    namespaces_shapes_test.go:46: declaration shape lowers
=== CONT  TestTscNamespaceDeclarationShapes/ReactNames
=== NAME  TestTscNamespaceDeclarationShapes/Parser
    namespaces_shapes_test.go:46: declaration shape lowers
=== CONT  TestTscNamespaceDeclarationShapes/JsxNames
=== NAME  TestTscNamespaceDeclarationShapes/BinaryExpressionState
    namespaces_shapes_test.go:46: declaration shape lowers
=== CONT  TestAViewThatCantWriteIsNotRefused/a_destructuring_declaration_of_a_readonly_field
=== NAME  TestTscNamespaceDeclarationShapes/ReactNames
    namespaces_shapes_test.go:46: declaration shape lowers
=== CONT  TestAViewThatCantWriteIsNotRefused/a_copy_made_by_map
=== NAME  TestTscNamespaceDeclarationShapes/JsxNames
    namespaces_shapes_test.go:46: declaration shape lowers
=== CONT  TestAViewThatCantWriteIsNotRefused/an_intersection_seen_as_itself
=== NAME  TestTscNamespaceDeclarationShapes/Parser.JSDocParser
    namespaces_shapes_test.go:46: declaration shape lowers
--- PASS: TestTscNamespaceDeclarationShapes (0.04s)
    --- PASS: TestTscNamespaceDeclarationShapes/Debug (0.15s)
    --- PASS: TestTscNamespaceDeclarationShapes/BuilderState (0.19s)
    --- PASS: TestTscNamespaceDeclarationShapes/tracingEnabled (0.17s)
    --- PASS: TestTscNamespaceDeclarationShapes/IncrementalParser (0.20s)
    --- PASS: TestTscNamespaceDeclarationShapes/Debug.log (0.18s)
    --- PASS: TestTscNamespaceDeclarationShapes/Parser (0.24s)
    --- PASS: TestTscNamespaceDeclarationShapes/BinaryExpressionState (0.23s)
    --- PASS: TestTscNamespaceDeclarationShapes/ReactNames (0.18s)
    --- PASS: TestTscNamespaceDeclarationShapes/JsxNames (0.16s)
    --- PASS: TestTscNamespaceDeclarationShapes/Parser.JSDocParser (0.23s)
=== CONT  TestAViewThatCantWriteIsNotRefused/a_class_seen_as_itself
=== CONT  TestAViewThatCantWriteIsNotRefused/a_method_returning_the_same_type
=== CONT  TestAViewThatCantWriteIsNotRefused/a_destructuring_with_no_type
=== CONT  TestAViewThatCantWriteIsNotRefused/a_shorthand_property_that_can't_write
=== CONT  TestAViewThatCantWriteIsNotRefused/a_union_target_that_can't_write
=== CONT  TestAViewThatCantWriteIsNotRefused/a_new_Map
--- PASS: TestEnumSwitchExhaustiveness (2.83s)
=== CONT  TestAViewThatCantWriteIsNotRefused/a_new_Map_passed
=== CONT  TestAViewThatCantWriteIsNotRefused/a_conditional_of_fresh_copies
=== CONT  TestAViewThatCantWriteIsNotRefused/a_Map_made_from_pairs
=== CONT  TestAViewThatCantWriteIsNotRefused/a_conditional_of_fresh_arrays
=== CONT  TestAViewThatCantWriteIsNotRefused/a_copy_made_by_filter
=== CONT  TestAViewThatCantWriteIsNotRefused/an_intersection's_array_seen_as_a_readonly_array_with_the_same_tag
=== CONT  TestAViewThatCantWriteIsNotRefused/a_copy_made_by_slice
=== CONT  TestAViewThatCantWriteIsNotRefused/a_readonly_field_copied_into_a_writable_one
=== CONT  TestAViewThatCantWriteIsNotRefused/a_readonly_field_seen_as_its_own_type
=== CONT  TestAViewThatCantWriteIsNotRefused/a_writable_field_seen_as_a_readonly_one
=== CONT  TestAViewThatCantWriteIsNotRefused/a_readonly_field_seen_as_a_readonly_field
=== CONT  TestAViewThatCantWriteIsNotRefused/a_readonly_constraint:_a_Narrow_into_a_Pack_slot
=== CONT  TestAViewThatCantWriteIsNotRefused/a_type_parameter_narrowed_from_undefined,_as_itself
=== CONT  TestAViewThatCantWriteIsNotRefused/a_type_parameter_as_itself
=== CONT  TestAViewThatCantWriteIsNotRefused/an_array_seen_as_a_readonly_wider_array
=== CONT  TestAViewThatCantWriteIsNotRefused/a_readonly_field_seen_wider
=== CONT  TestAViewThatCantWriteIsNotRefused/a_destructuring_assignment's_elements_going_into_wider_names
=== CONT  TestInputSpreadArgumentsAreNotYet/readDirectory
=== CONT  TestInputSpreadArgumentsAreNotYet/writeTextFile
=== CONT  TestInputSpreadArgumentsAreNotYet/utf8At
=== CONT  TestInputSpreadArgumentsAreNotYet/utf8Length
=== CONT  TestInputSpreadArgumentsAreNotYet/programArguments
=== CONT  TestInputSpreadArgumentsAreNotYet/readTextFile
=== CONT  TestInputSpreadArgumentsAreNotYet/fileStatus
--- PASS: TestInputSpreadArgumentsAreNotYet (0.00s)
    --- PASS: TestInputSpreadArgumentsAreNotYet/readDirectory (0.24s)
    --- PASS: TestInputSpreadArgumentsAreNotYet/writeTextFile (0.23s)
    --- PASS: TestInputSpreadArgumentsAreNotYet/utf8At (0.31s)
    --- PASS: TestInputSpreadArgumentsAreNotYet/utf8Length (0.29s)
    --- PASS: TestInputSpreadArgumentsAreNotYet/programArguments (0.25s)
    --- PASS: TestInputSpreadArgumentsAreNotYet/readTextFile (0.28s)
    --- PASS: TestInputSpreadArgumentsAreNotYet/fileStatus (0.20s)
--- PASS: TestAViewThatCantWriteIsNotRefused (0.00s)
    --- PASS: TestAViewThatCantWriteIsNotRefused/an_intersection_seen_as_itself (0.10s)
    --- PASS: TestAViewThatCantWriteIsNotRefused/a_class_seen_as_itself (0.72s)
    --- PASS: TestAViewThatCantWriteIsNotRefused/a_copy_made_by_map (0.80s)
    --- PASS: TestAViewThatCantWriteIsNotRefused/a_method_returning_the_same_type (0.71s)
    --- PASS: TestAViewThatCantWriteIsNotRefused/a_destructuring_declaration_of_a_readonly_field (0.89s)
    --- PASS: TestAViewThatCantWriteIsNotRefused/a_shorthand_property_that_can't_write (0.73s)
    --- PASS: TestAViewThatCantWriteIsNotRefused/a_destructuring_with_no_type (0.86s)
    --- PASS: TestAViewThatCantWriteIsNotRefused/a_union_target_that_can't_write (0.80s)
    --- PASS: TestAViewThatCantWriteIsNotRefused/a_new_Map_passed (0.66s)
    --- PASS: TestAViewThatCantWriteIsNotRefused/a_new_Map (0.90s)
    --- PASS: TestAViewThatCantWriteIsNotRefused/an_intersection's_array_seen_as_a_readonly_array_with_the_same_tag (0.18s)
    --- PASS: TestAViewThatCantWriteIsNotRefused/a_conditional_of_fresh_copies (0.71s)
    --- PASS: TestAViewThatCantWriteIsNotRefused/a_copy_made_by_filter (0.58s)
    --- PASS: TestAViewThatCantWriteIsNotRefused/a_conditional_of_fresh_arrays (0.90s)
    --- PASS: TestAViewThatCantWriteIsNotRefused/a_Map_made_from_pairs (0.92s)
    --- PASS: TestAViewThatCantWriteIsNotRefused/a_copy_made_by_slice (0.96s)
    --- PASS: TestAViewThatCantWriteIsNotRefused/a_readonly_constraint:_a_Narrow_into_a_Pack_slot (0.15s)
    --- PASS: TestAViewThatCantWriteIsNotRefused/a_readonly_field_seen_as_its_own_type (0.93s)
    --- PASS: TestAViewThatCantWriteIsNotRefused/a_readonly_field_copied_into_a_writable_one (1.07s)
    --- PASS: TestAViewThatCantWriteIsNotRefused/a_readonly_field_seen_as_a_readonly_field (0.87s)
    --- PASS: TestAViewThatCantWriteIsNotRefused/a_type_parameter_narrowed_from_undefined,_as_itself (0.39s)
    --- PASS: TestAViewThatCantWriteIsNotRefused/a_type_parameter_as_itself (0.28s)
    --- PASS: TestAViewThatCantWriteIsNotRefused/a_writable_field_seen_as_a_readonly_one (1.23s)
    --- PASS: TestAViewThatCantWriteIsNotRefused/a_readonly_field_seen_wider (0.66s)
    --- PASS: TestAViewThatCantWriteIsNotRefused/an_array_seen_as_a_readonly_wider_array (1.10s)
    --- PASS: TestAViewThatCantWriteIsNotRefused/a_destructuring_assignment's_elements_going_into_wider_names (1.12s)
PASS
