--- FAIL: TestNativeAgreesWithNode (0.10s)
    --- FAIL: TestNativeAgreesWithNode/internal/oracle/testdata/borrow_defined_lent.a (2.41s)
        oracle_test.go:758: the release build: exit codes differ
            sanitized: exit 1, stdout "", stderr "=================================================================\n==1484012==ERROR: AddressSanitizer: heap-use-after-free on address 0x6eb9a09e0048 at pc 0x642f749f5cba bp 0x7fff61236050 sp 0x7fff61236048\nREAD of size 8 at 0x6eb9a09e0048 thread T0\n    #0 0x642f749f5cb9 in adamic_function_1_show /home/ahra/full-gate/out/4c075a43e221-20261009T172417Z/catalog-units/02-n2ayh_ub/adamic-build-1874178182/main.c:42:90\n    #1 0x642f749f5cb9 in main /home/ahra/full-gate/out/4c075a43e221-20261009T172417Z/catalog-units/02-n2ayh_ub/adamic-build-1874178182/main.c:72:42\n    #2 0x7259a182a1c9  (/lib/x86_64-linux-gnu/libc.so.6+0x2a1c9) (BuildId: a4a7992a8e66555c8141ab2a08a8465ff6e0ea65)\n    #3 0x7259a182a28a in __libc_start_main (/lib/x86_64-linux-gnu/libc.so.6+0x2a28a) (BuildId: a4a7992a8e66555c8141ab2a08a8465ff6e0ea65)\n    #4 0x642f7490f464 in _start (/home/ahra/full-gate/out/4c075a43e221-20261009T172417Z/catalog-units/02-n2ayh_ub/TestNativeAgreesWithNodeinternaloracletestdataborrow_defined3215258663/002/program+0x59464)\n\n0x6eb9a09e0048 is located 40 bytes inside of 58-byte region [0x6eb9a09e0020,0x6eb9a09e005a)\nfreed by thread T0 here:\n    #0 0x642f749b1fd6 in free /home/runner/work/llvm-project/llvm-project/compiler-rt/lib/asan/asan_malloc_linux.cpp:51:3\n    #1 0x642f74a08a2f in deallocate /home/ahra/.cache/adamic/runtime/.build-204418457/heap.c:212:3\n    #2 0x642f74a08a2f in free_one /home/ahra/.cache/adamic/runtime/.build-204418457/heap.c:351:2\n    #3 0x642f74a08a2f in release_last /home/ahra/.cache/adamic/runtime/.build-204418457/heap.c:364:3\n    #4 0x7259a182a1c9  (/lib/x86_64-linux-gnu/libc.so.6+0x2a1c9) (BuildId: a4a7992a8e66555c8141ab2a08a8465ff6e0ea65)\n    #5 0x7259a182a28a in __libc_start_main (/lib/x86_64-linux-gnu/libc.so.6+0x2a28a) (BuildId: a4a7992a8e66555c8141ab2a08a8465ff6e0ea65)\n    #6 0x642f7490f464 in _start (/home/ahra/full-gate/out/4c075a43e221-20261009T172417Z/catalog-units/02-n2ayh_ub/TestNativeAgreesWithNodeinternaloracletestdataborrow_defined3215258663/002/program+0x59464)\n\npreviously allocated by thread T0 here:\n    #0 0x642f749b2274 in malloc /home/runner/work/llvm-project/llvm-project/compiler-rt/lib/asan/asan_malloc_linux.cpp:67:3\n    #1 0x642f74a081df in adamic_allocate /home/ahra/.cache/adamic/runtime/.build-204418457/heap.c:196:10\n    #2 0x7259a182a1c9  (/lib/x86_64-linux-gnu/libc.so.6+0x2a1c9) (BuildId: a4a7992a8e66555c8141ab2a08a8465ff6e0ea65)\n    #3 0x7259a182a28a in __libc_start_main (/lib/x86_64-linux-gnu/libc.so.6+0x2a28a) (BuildId: a4a7992a8e66555c8141ab2a08a8465ff6e0ea65)\n    #4 0x642f7490f464 in _start (/home/ahra/full-gate/out/4c075a43e221-20261009T172417Z/catalog-units/02-n2ayh_ub/TestNativeAgreesWithNodeinternaloracletestdataborrow_defined3215258663/002/program+0x59464)\n\nSUMMARY: AddressSanitizer: heap-use-after-free /home/ahra/full-gate/out/4c075a43e221-20261009T172417Z/catalog-units/02-n2ayh_ub/adamic-build-1874178182/main.c:42:90 in adamic_function_1_show\nShadow bytes around the buggy address:\n  0x6eb9a09dfd80: 00 00 00 00 00 00 00 00 00 00 00 00 00 00 00 00\n  0x6eb9a09dfe00: 00 00 00 00 00 00 00 00 00 00 00 00 00 00 00 00\n  0x6eb9a09dfe80: 00 00 00 00 00 00 00 00 00 00 00 00 00 00 00 00\n  0x6eb9a09dff00: 00 00 00 00 00 00 00 00 00 00 00 00 00 00 00 00\n  0x6eb9a09dff80: 00 00 00 00 00 00 00 00 00 00 00 00 00 00 00 00\n=>0x6eb9a09e0000: fa fa fa fa fd fd fd fd fd[fd]fd fd fa fa fa fa\n  0x6eb9a09e0080: 00 00 00 00 00 00 00 02 fa fa fa fa fa fa fa fa\n  0x6eb9a09e0100: fa fa fa fa fa fa fa fa fa fa fa fa fa fa fa fa\n  0x6eb9a09e0180: fa fa fa fa fa fa fa fa fa fa fa fa fa fa fa fa\n  0x6eb9a09e0200: fa fa fa fa fa fa fa fa fa fa fa fa fa fa fa fa\n  0x6eb9a09e0280: fa fa fa fa fa fa fa fa fa fa fa fa fa fa fa fa\nShadow byte legend (one shadow byte represents 8 application bytes):\n  Addressable:           00\n  Partially addressable: 01 02 03 04 05 06 07 \n  Heap left redzone:       fa\n  Freed heap region:       fd\n  Stack left redzone:      f1\n  Stack mid redzone:       f2\n  Stack right redzone:     f3\n  Stack after return:      f5\n  Stack use after scope:   f8\n  Global redzone:          f9\n  Global init order:       f6\n  Poisoned by user:        f7\n  Container overflow:      fc\n  Array cookie:            ac\n  Intra object redzone:    bb\n  ASan internal:           fe\n  Left alloca redzone:     ca\n  Right alloca redzone:    cb\n==1484012==ABORTING\n"
            release:   exit 0, stdout "a1\x000\n", stderr ""
        oracle_test.go:774: exit codes differ
            node:   exit 0, stdout "a10\n", stderr ""
            native: exit 1, stdout "", stderr "=================================================================\n==1484012==ERROR: AddressSanitizer: heap-use-after-free on address 0x6eb9a09e0048 at pc 0x642f749f5cba bp 0x7fff61236050 sp 0x7fff61236048\nREAD of size 8 at 0x6eb9a09e0048 thread T0\n    #0 0x642f749f5cb9 in adamic_function_1_show /home/ahra/full-gate/out/4c075a43e221-20261009T172417Z/catalog-units/02-n2ayh_ub/adamic-build-1874178182/main.c:42:90\n    #1 0x642f749f5cb9 in main /home/ahra/full-gate/out/4c075a43e221-20261009T172417Z/catalog-units/02-n2ayh_ub/adamic-build-1874178182/main.c:72:42\n    #2 0x7259a182a1c9  (/lib/x86_64-linux-gnu/libc.so.6+0x2a1c9) (BuildId: a4a7992a8e66555c8141ab2a08a8465ff6e0ea65)\n    #3 0x7259a182a28a in __libc_start_main (/lib/x86_64-linux-gnu/libc.so.6+0x2a28a) (BuildId: a4a7992a8e66555c8141ab2a08a8465ff6e0ea65)\n    #4 0x642f7490f464 in _start (/home/ahra/full-gate/out/4c075a43e221-20261009T172417Z/catalog-units/02-n2ayh_ub/TestNativeAgreesWithNodeinternaloracletestdataborrow_defined3215258663/002/program+0x59464)\n\n0x6eb9a09e0048 is located 40 bytes inside of 58-byte region [0x6eb9a09e0020,0x6eb9a09e005a)\nfreed by thread T0 here:\n    #0 0x642f749b1fd6 in free /home/runner/work/llvm-project/llvm-project/compiler-rt/lib/asan/asan_malloc_linux.cpp:51:3\n    #1 0x642f74a08a2f in deallocate /home/ahra/.cache/adamic/runtime/.build-204418457/heap.c:212:3\n    #2 0x642f74a08a2f in free_one /home/ahra/.cache/adamic/runtime/.build-204418457/heap.c:351:2\n    #3 0x642f74a08a2f in release_last /home/ahra/.cache/adamic/runtime/.build-204418457/heap.c:364:3\n    #4 0x7259a182a1c9  (/lib/x86_64-linux-gnu/libc.so.6+0x2a1c9) (BuildId: a4a7992a8e66555c8141ab2a08a8465ff6e0ea65)\n    #5 0x7259a182a28a in __libc_start_main (/lib/x86_64-linux-gnu/libc.so.6+0x2a28a) (BuildId: a4a7992a8e66555c8141ab2a08a8465ff6e0ea65)\n    #6 0x642f7490f464 in _start (/home/ahra/full-gate/out/4c075a43e221-20261009T172417Z/catalog-units/02-n2ayh_ub/TestNativeAgreesWithNodeinternaloracletestdataborrow_defined3215258663/002/program+0x59464)\n\npreviously allocated by thread T0 here:\n    #0 0x642f749b2274 in malloc /home/runner/work/llvm-project/llvm-project/compiler-rt/lib/asan/asan_malloc_linux.cpp:67:3\n    #1 0x642f74a081df in adamic_allocate /home/ahra/.cache/adamic/runtime/.build-204418457/heap.c:196:10\n    #2 0x7259a182a1c9  (/lib/x86_64-linux-gnu/libc.so.6+0x2a1c9) (BuildId: a4a7992a8e66555c8141ab2a08a8465ff6e0ea65)\n    #3 0x7259a182a28a in __libc_start_main (/lib/x86_64-linux-gnu/libc.so.6+0x2a28a) (BuildId: a4a7992a8e66555c8141ab2a08a8465ff6e0ea65)\n    #4 0x642f7490f464 in _start (/home/ahra/full-gate/out/4c075a43e221-20261009T172417Z/catalog-units/02-n2ayh_ub/TestNativeAgreesWithNodeinternaloracletestdataborrow_defined3215258663/002/program+0x59464)\n\nSUMMARY: AddressSanitizer: heap-use-after-free /home/ahra/full-gate/out/4c075a43e221-20261009T172417Z/catalog-units/02-n2ayh_ub/adamic-build-1874178182/main.c:42:90 in adamic_function_1_show\nShadow bytes around the buggy address:\n  0x6eb9a09dfd80: 00 00 00 00 00 00 00 00 00 00 00 00 00 00 00 00\n  0x6eb9a09dfe00: 00 00 00 00 00 00 00 00 00 00 00 00 00 00 00 00\n  0x6eb9a09dfe80: 00 00 00 00 00 00 00 00 00 00 00 00 00 00 00 00\n  0x6eb9a09dff00: 00 00 00 00 00 00 00 00 00 00 00 00 00 00 00 00\n  0x6eb9a09dff80: 00 00 00 00 00 00 00 00 00 00 00 00 00 00 00 00\n=>0x6eb9a09e0000: fa fa fa fa fd fd fd fd fd[fd]fd fd fa fa fa fa\n  0x6eb9a09e0080: 00 00 00 00 00 00 00 02 fa fa fa fa fa fa fa fa\n  0x6eb9a09e0100: fa fa fa fa fa fa fa fa fa fa fa fa fa fa fa fa\n  0x6eb9a09e0180: fa fa fa fa fa fa fa fa fa fa fa fa fa fa fa fa\n  0x6eb9a09e0200: fa fa fa fa fa fa fa fa fa fa fa fa fa fa fa fa\n  0x6eb9a09e0280: fa fa fa fa fa fa fa fa fa fa fa fa fa fa fa fa\nShadow byte legend (one shadow byte represents 8 application bytes):\n  Addressable:           00\n  Partially addressable: 01 02 03 04 05 06 07 \n  Heap left redzone:       fa\n  Freed heap region:       fd\n  Stack left redzone:      f1\n  Stack mid redzone:       f2\n  Stack right redzone:     f3\n  Stack after return:      f5\n  Stack use after scope:   f8\n  Global redzone:          f9\n  Global init order:       f6\n  Poisoned by user:        f7\n  Container overflow:      fc\n  Array cookie:            ac\n  Intra object redzone:    bb\n  ASan internal:           fe\n  Left alloca redzone:     ca\n  Right alloca redzone:    cb\n==1484012==ABORTING\n"
        oracle_test.go:787: leaks:
            exit 1
            =================================================================
            ==1484304==ERROR: AddressSanitizer: heap-use-after-free on address 0x7a489b9e0048 at pc 0x55e6e07e7cba bp 0x7ffd66efddb0 sp 0x7ffd66efdda8
            READ of size 8 at 0x7a489b9e0048 thread T0
                #0 0x55e6e07e7cb9 in adamic_function_1_show /home/ahra/full-gate/out/4c075a43e221-20261009T172417Z/catalog-units/02-n2ayh_ub/adamic-build-1874178182/main.c:42:90
                #1 0x55e6e07e7cb9 in main /home/ahra/full-gate/out/4c075a43e221-20261009T172417Z/catalog-units/02-n2ayh_ub/adamic-build-1874178182/main.c:72:42
                #2 0x7de89c82a1c9  (/lib/x86_64-linux-gnu/libc.so.6+0x2a1c9) (BuildId: a4a7992a8e66555c8141ab2a08a8465ff6e0ea65)
                #3 0x7de89c82a28a in __libc_start_main (/lib/x86_64-linux-gnu/libc.so.6+0x2a28a) (BuildId: a4a7992a8e66555c8141ab2a08a8465ff6e0ea65)
                #4 0x55e6e0701464 in _start (/home/ahra/full-gate/out/4c075a43e221-20261009T172417Z/catalog-units/02-n2ayh_ub/TestNativeAgreesWithNodeinternaloracletestdataborrow_defined3215258663/002/program+0x59464)
            
            0x7a489b9e0048 is located 40 bytes inside of 58-byte region [0x7a489b9e0020,0x7a489b9e005a)
            freed by thread T0 here:
                #0 0x55e6e07a3fd6 in free /home/runner/work/llvm-project/llvm-project/compiler-rt/lib/asan/asan_malloc_linux.cpp:51:3
                #1 0x55e6e07faa2f in deallocate /home/ahra/.cache/adamic/runtime/.build-204418457/heap.c:212:3
                #2 0x55e6e07faa2f in free_one /home/ahra/.cache/adamic/runtime/.build-204418457/heap.c:351:2
                #3 0x55e6e07faa2f in release_last /home/ahra/.cache/adamic/runtime/.build-204418457/heap.c:364:3
                #4 0x7de89c82a1c9  (/lib/x86_64-linux-gnu/libc.so.6+0x2a1c9) (BuildId: a4a7992a8e66555c8141ab2a08a8465ff6e0ea65)
                #5 0x7de89c82a28a in __libc_start_main (/lib/x86_64-linux-gnu/libc.so.6+0x2a28a) (BuildId: a4a7992a8e66555c8141ab2a08a8465ff6e0ea65)
                #6 0x55e6e0701464 in _start (/home/ahra/full-gate/out/4c075a43e221-20261009T172417Z/catalog-units/02-n2ayh_ub/TestNativeAgreesWithNodeinternaloracletestdataborrow_defined3215258663/002/program+0x59464)
            
            previously allocated by thread T0 here:
                #0 0x55e6e07a4274 in malloc /home/runner/work/llvm-project/llvm-project/compiler-rt/lib/asan/asan_malloc_linux.cpp:67:3
                #1 0x55e6e07fa1df in adamic_allocate /home/ahra/.cache/adamic/runtime/.build-204418457/heap.c:196:10
                #2 0x7de89c82a1c9  (/lib/x86_64-linux-gnu/libc.so.6+0x2a1c9) (BuildId: a4a7992a8e66555c8141ab2a08a8465ff6e0ea65)
                #3 0x7de89c82a28a in __libc_start_main (/lib/x86_64-linux-gnu/libc.so.6+0x2a28a) (BuildId: a4a7992a8e66555c8141ab2a08a8465ff6e0ea65)
                #4 0x55e6e0701464 in _start (/home/ahra/full-gate/out/4c075a43e221-20261009T172417Z/catalog-units/02-n2ayh_ub/TestNativeAgreesWithNodeinternaloracletestdataborrow_defined3215258663/002/program+0x59464)
            
            SUMMARY: AddressSanitizer: heap-use-after-free /home/ahra/full-gate/out/4c075a43e221-20261009T172417Z/catalog-units/02-n2ayh_ub/adamic-build-1874178182/main.c:42:90 in adamic_function_1_show
            Shadow bytes around the buggy address:
              0x7a489b9dfd80: 00 00 00 00 00 00 00 00 00 00 00 00 00 00 00 00
              0x7a489b9dfe00: 00 00 00 00 00 00 00 00 00 00 00 00 00 00 00 00
              0x7a489b9dfe80: 00 00 00 00 00 00 00 00 00 00 00 00 00 00 00 00
              0x7a489b9dff00: 00 00 00 00 00 00 00 00 00 00 00 00 00 00 00 00
              0x7a489b9dff80: 00 00 00 00 00 00 00 00 00 00 00 00 00 00 00 00
            =>0x7a489b9e0000: fa fa fa fa fd fd fd fd fd[fd]fd fd fa fa fa fa
              0x7a489b9e0080: 00 00 00 00 00 00 00 02 fa fa fa fa fa fa fa fa
              0x7a489b9e0100: fa fa fa fa fa fa fa fa fa fa fa fa fa fa fa fa
              0x7a489b9e0180: fa fa fa fa fa fa fa fa fa fa fa fa fa fa fa fa
              0x7a489b9e0200: fa fa fa fa fa fa fa fa fa fa fa fa fa fa fa fa
              0x7a489b9e0280: fa fa fa fa fa fa fa fa fa fa fa fa fa fa fa fa
            Shadow byte legend (one shadow byte represents 8 application bytes):
              Addressable:           00
              Partially addressable: 01 02 03 04 05 06 07 
              Heap left redzone:       fa
              Freed heap region:       fd
              Stack left redzone:      f1
              Stack mid redzone:       f2
              Stack right redzone:     f3
              Stack after return:      f5
              Stack use after scope:   f8
              Global redzone:          f9
              Global init order:       f6
              Poisoned by user:        f7
              Container overflow:      fc
              Array cookie:            ac
              Intra object redzone:    bb
              ASan internal:           fe
              Left alloca redzone:     ca
              Right alloca redzone:    cb
            ==1484304==ABORTING
FAIL
gate cache: native hits=0 misses=3
gate cache: node hits=0 misses=2
gate cache: probe hits=0 misses=0
FAIL	github.com/system-inc/adamic/internal/oracle	2.579s
FAIL
