--- FAIL: TestCheckedViewCallableLaterRankedFamilies (3.12s)
    --- FAIL: TestCheckedViewCallableLaterRankedFamilies/array-type/wrong-arity (0.46s)
        checked_views_callable_later_ranked_test.go:128: gate cache node miss
        checked_views_callable_later_ranked_test.go:148: gate cache node miss
        checked_views_callable_later_ranked_test.go:168: backend0 exit 0 stdout "9\n" stderr "" want "createArrayTypeNode" and "found function with arity 0"; sanitized exit 0 stderr ""
    --- FAIL: TestCheckedViewCallableLaterRankedFamilies/export-default/wrong-arity (0.44s)
        checked_views_callable_later_ranked_test.go:128: gate cache node miss
        checked_views_callable_later_ranked_test.go:148: gate cache node miss
        checked_views_callable_later_ranked_test.go:168: backend0 exit 0 stdout "9\n" stderr "" want "createExportDefault" and "found function with arity 0"; sanitized exit 0 stderr ""
    --- FAIL: TestCheckedViewCallableLaterRankedFamilies/not-emitted/wrong-arity (0.43s)
        checked_views_callable_later_ranked_test.go:128: gate cache node miss
        checked_views_callable_later_ranked_test.go:148: gate cache node miss
        checked_views_callable_later_ranked_test.go:168: backend0 exit 0 stdout "9\n" stderr "" want "createNotEmittedStatement" and "found function with arity 0"; sanitized exit 0 stderr ""
    --- FAIL: TestCheckedViewCallableLaterRankedFamilies/spread-element/wrong-arity (0.45s)
        checked_views_callable_later_ranked_test.go:128: gate cache node miss
        checked_views_callable_later_ranked_test.go:148: gate cache node miss
        checked_views_callable_later_ranked_test.go:168: backend0 exit 0 stdout "9\n" stderr "" want "createSpreadElement" and "found function with arity 0"; sanitized exit 0 stderr ""
    --- FAIL: TestCheckedViewCallableLaterRankedFamilies/bundle/wrong-arity (0.45s)
        checked_views_callable_later_ranked_test.go:128: gate cache node miss
        checked_views_callable_later_ranked_test.go:148: gate cache node miss
        checked_views_callable_later_ranked_test.go:168: backend0 exit 0 stdout "9\n" stderr "" want "createBundle" and "found function with arity 0"; sanitized exit 0 stderr ""
    --- FAIL: TestCheckedViewCallableLaterRankedFamilies/named-imports/wrong-arity (0.43s)
        checked_views_callable_later_ranked_test.go:128: gate cache node miss
        checked_views_callable_later_ranked_test.go:148: gate cache node miss
        checked_views_callable_later_ranked_test.go:168: backend0 exit 0 stdout "9\n" stderr "" want "createNamedImports" and "found function with arity 0"; sanitized exit 0 stderr ""
    --- FAIL: TestCheckedViewCallableLaterRankedFamilies/type-literal/wrong-arity (0.43s)
        checked_views_callable_later_ranked_test.go:128: gate cache node miss
        checked_views_callable_later_ranked_test.go:148: gate cache node miss
        checked_views_callable_later_ranked_test.go:168: backend0 exit 0 stdout "9\n" stderr "" want "createTypeLiteralNode" and "found function with arity 0"; sanitized exit 0 stderr ""
FAIL
gate cache: native hits=0 misses=0
gate cache: node hits=0 misses=14
gate cache: probe hits=0 misses=0
FAIL	github.com/system-inc/adamic/internal/oracle	3.130s
FAIL
