=== RUN   TestNativeAgreesWithNode
=== PAUSE TestNativeAgreesWithNode
=== RUN   TestClockChildrenUndefinedIsEmpty
=== RUN   TestClockChildrenUndefinedIsEmpty/clock-children-undefined-is-empty
    representation_clock_children_optional_test.go:40: gate cache node miss
    oracle_test.go:587: gate cache native miss
    oracle_test.go:594: gate cache native hit
    representation_clock_children_optional_test.go:51: gate cache node miss
    representation_clock_children_optional_test.go:56: stdout kills mutant: Node "2\n-1\n" mutant "2\n0\n"
--- PASS: TestClockChildrenUndefinedIsEmpty (0.79s)
    --- PASS: TestClockChildrenUndefinedIsEmpty/clock-children-undefined-is-empty (0.79s)
=== CONT  TestNativeAgreesWithNode
=== RUN   TestNativeAgreesWithNode/internal/oracle/testdata/representation_clock_children_optional.a
=== PAUSE TestNativeAgreesWithNode/internal/oracle/testdata/representation_clock_children_optional.a
=== CONT  TestNativeAgreesWithNode/internal/oracle/testdata/representation_clock_children_optional.a
    oracle_test.go:740: gate cache node hit
    oracle_test.go:740: gate cache node miss
    oracle_test.go:587: gate cache native miss
    oracle_test.go:580: gate cache native miss
    oracle_test.go:594: gate cache native hit
--- PASS: TestNativeAgreesWithNode (0.03s)
    --- PASS: TestNativeAgreesWithNode/internal/oracle/testdata/representation_clock_children_optional.a (0.65s)
PASS
gate cache: native hits=2 misses=3
gate cache: node hits=1 misses=3
gate cache: probe hits=0 misses=0
ok  	github.com/system-inc/adamic/internal/oracle	1.497s
