{
  "status": "PASS",
  "node": [
    "missing",
    "missing",
    "boolean",
    "boolean"
  ],
  "controls": [
    {
      "file": "src/compiler/main.a",
      "line": 0,
      "column": 0,
      "source_type": "",
      "target_type": "",
      "start": 268,
      "end": 281,
      "kind": "tagged",
      "text": "node as Ready",
      "adapted": {
        "start": 268,
        "end": 281,
        "owner": "absentRead"
      },
      "measurement": "measured on a checker-rejected program",
      "outcome": "unknown",
      "reason": "flow the graph can't see",
      "detail": [
        "variable declaration without an initializer at /tmp/shape-missing-initializers-controls/src/compiler/main.a:5:34"
      ],
      "allocation_sites": null,
      "fields": [],
      "host_values": [],
      "diagnostic_causes": []
    },
    {
      "file": "src/compiler/main.a",
      "line": 0,
      "column": 0,
      "source_type": "",
      "target_type": "",
      "start": 395,
      "end": 408,
      "kind": "tagged",
      "text": "node as Ready",
      "adapted": {
        "start": 395,
        "end": 408,
        "owner": "conditionalRead"
      },
      "measurement": "measured on a checker-rejected program",
      "outcome": "unknown",
      "reason": "flow the graph can't see",
      "detail": [
        "variable declaration without an initializer at /tmp/shape-missing-initializers-controls/src/compiler/main.a:6:39"
      ],
      "allocation_sites": [
        -2
      ],
      "fields": [],
      "host_values": [],
      "diagnostic_causes": []
    },
    {
      "file": "src/compiler/main.a",
      "line": 0,
      "column": 0,
      "source_type": "",
      "target_type": "",
      "start": 510,
      "end": 523,
      "kind": "tagged",
      "text": "node as Ready",
      "adapted": {
        "start": 510,
        "end": 523,
        "owner": "assignedRead"
      },
      "measurement": "measured on a checker-rejected program",
      "outcome": "unknown",
      "reason": "flow the graph can't see",
      "detail": [
        "variable declaration without an initializer at /tmp/shape-missing-initializers-controls/src/compiler/main.a:7:36"
      ],
      "allocation_sites": [
        -3
      ],
      "fields": [],
      "host_values": [],
      "diagnostic_causes": []
    },
    {
      "file": "src/compiler/main.a",
      "line": 0,
      "column": 0,
      "source_type": "",
      "target_type": "",
      "start": 629,
      "end": 642,
      "kind": "tagged",
      "text": "node as Ready",
      "adapted": {
        "start": 629,
        "end": 642,
        "owner": "initializedRead"
      },
      "measurement": "measured on a checker-rejected program",
      "outcome": "conforms and ready (free)",
      "reason": "declared allocation field certificates",
      "detail": [],
      "allocation_sites": [
        -4
      ],
      "fields": [],
      "host_values": [],
      "diagnostic_causes": []
    }
  ]
}
