=== RUN   TestShapeErasureFixtures
=== RUN   TestShapeErasureFixtures/proven
    shape_conformance_test.go:43: remaining casts=0 checked reads=0
=== RUN   TestShapeErasureFixtures/proven-property
    shape_conformance_test.go:43: remaining casts=0 checked reads=0
=== RUN   TestShapeErasureFixtures/proven-callback
    shape_conformance_test.go:43: remaining casts=0 checked reads=0
=== RUN   TestShapeErasureFixtures/proven-generic
    shape_conformance_test.go:43: remaining casts=0 checked reads=0
=== RUN   TestShapeErasureFixtures/proven-callback-join
    shape_conformance_test.go:43: remaining casts=0 checked reads=0
=== RUN   TestShapeErasureFixtures/nonconforming-callback-join
    shape_conformance_test.go:43: remaining casts=2 checked reads=2
=== RUN   TestShapeErasureFixtures/nonconforming-generic
    shape_conformance_test.go:43: remaining casts=1 checked reads=1
=== RUN   TestShapeErasureFixtures/nonconforming
    shape_conformance_test.go:43: remaining casts=1 checked reads=1
=== RUN   TestShapeErasureFixtures/nonconforming-property
    shape_conformance_test.go:43: remaining casts=1 checked reads=1
=== RUN   TestShapeErasureFixtures/nonconforming-callback
    shape_conformance_test.go:43: remaining casts=1 checked reads=1
=== RUN   TestShapeErasureFixtures/uninitialized
    shape_conformance_test.go:43: remaining casts=1 checked reads=1
=== RUN   TestShapeErasureFixtures/host
    shape_conformance_test.go:43: remaining casts=1 checked reads=1
--- PASS: TestShapeErasureFixtures (1.30s)
    --- PASS: TestShapeErasureFixtures/proven (0.10s)
    --- PASS: TestShapeErasureFixtures/proven-property (0.11s)
    --- PASS: TestShapeErasureFixtures/proven-callback (0.14s)
    --- PASS: TestShapeErasureFixtures/proven-generic (0.16s)
    --- PASS: TestShapeErasureFixtures/proven-callback-join (0.13s)
    --- PASS: TestShapeErasureFixtures/nonconforming-callback-join (0.11s)
    --- PASS: TestShapeErasureFixtures/nonconforming-generic (0.07s)
    --- PASS: TestShapeErasureFixtures/nonconforming (0.11s)
    --- PASS: TestShapeErasureFixtures/nonconforming-property (0.08s)
    --- PASS: TestShapeErasureFixtures/nonconforming-callback (0.10s)
    --- PASS: TestShapeErasureFixtures/uninitialized (0.10s)
    --- PASS: TestShapeErasureFixtures/host (0.09s)
=== RUN   TestShapeDynamicArrayFrontier
=== RUN   TestShapeDynamicArrayFrontier/proven-dynamic
    shape_dynamic_erasure_test.go:39: index reaching={Sites:[-1] Unknown:false Reasons:[]}
    shape_dynamic_erasure_test.go:32: cast reaching={Sites:[-1] Unknown:true Reasons:[local 2 has a producer without a value]}
    shape_dynamic_erasure_test.go:50: checked reads=1
=== RUN   TestShapeDynamicArrayFrontier/nonconforming-dynamic
    shape_dynamic_erasure_test.go:39: index reaching={Sites:[-2 -1] Unknown:false Reasons:[]}
    shape_dynamic_erasure_test.go:32: cast reaching={Sites:[-2 -1] Unknown:true Reasons:[local 3 has a producer without a value]}
    shape_dynamic_erasure_test.go:50: checked reads=1
--- PASS: TestShapeDynamicArrayFrontier (0.21s)
    --- PASS: TestShapeDynamicArrayFrontier/proven-dynamic (0.12s)
    --- PASS: TestShapeDynamicArrayFrontier/nonconforming-dynamic (0.09s)
=== RUN   TestShapeMissingValueProducers
=== RUN   TestShapeMissingValueProducers/local
=== RUN   TestShapeMissingValueProducers/result
--- PASS: TestShapeMissingValueProducers (0.00s)
    --- PASS: TestShapeMissingValueProducers/local (0.00s)
    --- PASS: TestShapeMissingValueProducers/result (0.00s)
PASS
ok  	github.com/system-inc/adamic/internal/lower	1.581s
