=== RUN   TestGraphRegionsRuntime
=== PAUSE TestGraphRegionsRuntime
=== RUN   TestGraphClosureEnvironment
=== PAUSE TestGraphClosureEnvironment
=== RUN   TestGraphRegionsMillion
    graph_regions_test.go:219: adamic: graph region: live 1000000 bytes 92000000 reachable 950001 bytes 87400092 unreachable 49999 bytes 4599908 metadata 16000064
        adamic: graph counts: regions 1 merges 999999
        adamic: counts: allocations 1000000 frees 1000000 retains 0 releases 1000000 peak 1000000 regions 0
        members 1000000 reachable 950001
        rss_kib 110540
        
--- FAIL: TestGraphRegionsMillion (0.24s)
=== RUN   TestGraphContainerBoundary
=== PAUSE TestGraphContainerBoundary
=== RUN   TestGraphLazyRegions
=== PAUSE TestGraphLazyRegions
=== CONT  TestGraphRegionsRuntime
=== CONT  TestGraphContainerBoundary
=== CONT  TestGraphClosureEnvironment
=== CONT  TestGraphLazyRegions
=== NAME  TestGraphRegionsRuntime
    graph_regions_test.go:119: unreleased anchor counted=false: exit 1
        
        =================================================================
        ==2639==ERROR: LeakSanitizer: detected memory leaks
        
        Indirect leak of 324 byte(s) in 3 object(s) allocated from:
            #0 0x565504532324 in malloc /home/runner/work/llvm-project/llvm-project/compiler-rt/lib/asan/asan_malloc_linux.cpp:67:3
            #1 0x56550458f1b1 in allocate_storage /home/agent/.cache/adamic/runtime/.build-3440959963/heap.c:198:10
            #2 0x56550458f1b1 in adamic_heap_graph_storage /home/agent/.cache/adamic/runtime/.build-3440959963/heap.c:228:25
        
        Indirect leak of 79 byte(s) in 1 object(s) allocated from:
            #0 0x565504532324 in malloc /home/runner/work/llvm-project/llvm-project/compiler-rt/lib/asan/asan_malloc_linux.cpp:67:3
            #1 0x56550458f08f in allocate_storage /home/agent/.cache/adamic/runtime/.build-3440959963/heap.c:198:10
            #2 0x56550458f08f in adamic_allocate /home/agent/.cache/adamic/runtime/.build-3440959963/heap.c:212:9
        
        Indirect leak of 64 byte(s) in 1 object(s) allocated from:
            #0 0x5655045324f9 in calloc /home/runner/work/llvm-project/llvm-project/compiler-rt/lib/asan/asan_malloc_linux.cpp:74:3
            #1 0x56550458cc2e in new_region /home/agent/.cache/adamic/runtime/.build-3440959963/graph_regions.c:74:25
            #2 0x5655045759d0 in main /tmp/adamic-gate/adamic-build-709069612/main.c:54:48
        
        SUMMARY: AddressSanitizer: 467 byte(s) leaked in 5 allocation(s).
=== NAME  TestGraphClosureEnvironment
    graph_regions_test.go:158: native: clang failed: exit status 1
        /tmp/adamic-gate/adamic-build-1155054372/main.c:10:47: error: incompatible function pointer types passing 'adamic_value (adamic_closure *, adamic_value *)' (aka 'union adamic_value (struct adamic_closure *, union adamic_value *)') to parameter of type 'adamic_code' (aka 'union adamic_value (*)(struct adamic_closure *, union adamic_value *, unsigned long)') [-Wincompatible-function-pointer-types]
           10 |  adamic_closure *closure = adamic_closure_new(code, 1);
              |                                               ^~~~
        /home/agent/.cache/adamic/runtime/f937a90e6c5eaeea96f3e8d350d87eaecb16a51a1c6c526246949702245951bd/adamic.h:117:48: note: passing argument to parameter 'code' here
          117 | adamic_closure *adamic_closure_new(adamic_code code, size_t count);
              |                                                ^
        1 error generated.
        
--- FAIL: TestGraphClosureEnvironment (6.98s)
=== NAME  TestGraphContainerBoundary
    graph_regions_test.go:327: adamic: graph region: live 4 bytes 544 reachable 3 bytes 256 unreachable 1 bytes 288 metadata 128
        adamic: graph counts: regions 1 merges 3
        adamic: counts: allocations 6 frees 6 retains 1 releases 5 peak 6 regions 0
        
--- FAIL: TestGraphContainerBoundary (7.11s)
=== NAME  TestGraphLazyRegions
    graph_regions_test.go:371: adamic: graph region: live 4 bytes 368 reachable 4 bytes 368 unreachable 0 bytes 0 metadata 192
        adamic: graph region: live 1 bytes 92 reachable 1 bytes 92 unreachable 0 bytes 0 metadata 16
        adamic: graph counts: regions 2 merges 3
        adamic: counts: allocations 5 frees 5 retains 1 releases 6 peak 4 regions 0
        
--- FAIL: TestGraphLazyRegions (7.14s)
=== NAME  TestGraphRegionsRuntime
    graph_regions_test.go:97: adamic: graph region: live 3 bytes 276 reachable 2 bytes 184 unreachable 1 bytes 92 metadata 112
        adamic: graph counts: regions 1 merges 2
        adamic: counts: allocations 5 frees 5 retains 0 releases 4 peak 5 regions 0
        made at runtime
        
--- FAIL: TestGraphRegionsRuntime (7.15s)
FAIL
FAIL	github.com/system-inc/adamic/internal/native	7.399s
FAIL
