=== RUN   TestCheckedViewBrandArrayOriginalPair
=== RUN   TestCheckedViewBrandArrayOriginalPair/good
=== RUN   TestCheckedViewBrandArrayOriginalPair/internal
=== RUN   TestCheckedViewBrandArrayOriginalPair/undefined
=== RUN   TestCheckedViewBrandArrayOriginalPair/wrong
    checked_views_brand_arrays_original_test.go:116: array member-check bypass caught: exit 0 stdout "uncheckedunchecked\n"
    checked_views_brand_arrays_original_test.go:116: array member-check bypass caught: exit 0 stdout "uncheckedunchecked\n"
=== RUN   TestCheckedViewBrandArrayOriginalPair/null
    checked_views_brand_arrays_original_test.go:64: null-only producer remains a compile refusal; no runtime pin claimed
=== RUN   TestCheckedViewBrandArrayOriginalPair/bounds
--- PASS: TestCheckedViewBrandArrayOriginalPair (5.75s)
    --- PASS: TestCheckedViewBrandArrayOriginalPair/good (1.17s)
    --- PASS: TestCheckedViewBrandArrayOriginalPair/internal (1.03s)
    --- PASS: TestCheckedViewBrandArrayOriginalPair/undefined (0.97s)
    --- PASS: TestCheckedViewBrandArrayOriginalPair/wrong (1.00s)
    --- PASS: TestCheckedViewBrandArrayOriginalPair/null (0.57s)
    --- PASS: TestCheckedViewBrandArrayOriginalPair/bounds (1.00s)
PASS
gate cache: native hits=0 misses=4
gate cache: node hits=0 misses=12
gate cache: probe hits=0 misses=0
ok  	github.com/system-inc/adamic/internal/oracle	5.769s
