=== RUN   TestViewFallbackScopesRetainWiderHelperGuard
=== RUN   TestViewFallbackScopesRetainWiderHelperGuard/unrelated_never
=== RUN   TestViewFallbackScopesRetainWiderHelperGuard/viewed_never_in_wider_helper
=== RUN   TestViewFallbackScopesRetainWiderHelperGuard/ordinary_only
=== RUN   TestViewFallbackScopesRetainWiderHelperGuard/unknown_callback
=== RUN   TestViewFallbackScopesRetainWiderHelperGuard/untracked_origin
--- PASS: TestViewFallbackScopesRetainWiderHelperGuard (0.00s)
    --- PASS: TestViewFallbackScopesRetainWiderHelperGuard/unrelated_never (0.00s)
    --- PASS: TestViewFallbackScopesRetainWiderHelperGuard/viewed_never_in_wider_helper (0.00s)
    --- PASS: TestViewFallbackScopesRetainWiderHelperGuard/ordinary_only (0.00s)
    --- PASS: TestViewFallbackScopesRetainWiderHelperGuard/unknown_callback (0.00s)
    --- PASS: TestViewFallbackScopesRetainWiderHelperGuard/untracked_origin (0.00s)
=== RUN   TestViewAggregateNullishConstantsAreNotAllocations
--- PASS: TestViewAggregateNullishConstantsAreNotAllocations (0.00s)
=== RUN   TestLazyViewDemandUsesSharedFlow
=== RUN   TestLazyViewDemandUsesSharedFlow/helper_merge
=== RUN   TestLazyViewDemandUsesSharedFlow/wider_helper
=== RUN   TestLazyViewDemandUsesSharedFlow/ordinary_only
=== RUN   TestLazyViewDemandUsesSharedFlow/callback_unknown
=== RUN   TestLazyViewDemandUsesSharedFlow/missing_producer
--- PASS: TestLazyViewDemandUsesSharedFlow (0.00s)
    --- PASS: TestLazyViewDemandUsesSharedFlow/helper_merge (0.00s)
    --- PASS: TestLazyViewDemandUsesSharedFlow/wider_helper (0.00s)
    --- PASS: TestLazyViewDemandUsesSharedFlow/ordinary_only (0.00s)
    --- PASS: TestLazyViewDemandUsesSharedFlow/callback_unknown (0.00s)
    --- PASS: TestLazyViewDemandUsesSharedFlow/missing_producer (0.00s)
=== RUN   TestLazyViewArrayDemand
=== RUN   TestLazyViewArrayDemand/index
=== RUN   TestLazyViewArrayDemand/map
=== RUN   TestLazyViewArrayDemand/visit
=== RUN   TestLazyViewArrayDemand/reduce
=== RUN   TestLazyViewArrayDemand/pop
=== RUN   TestLazyViewArrayDemand/join
=== RUN   TestLazyViewArrayDemand/search
=== RUN   TestLazyViewArrayDemand/for_of
--- PASS: TestLazyViewArrayDemand (0.00s)
    --- PASS: TestLazyViewArrayDemand/index (0.00s)
    --- PASS: TestLazyViewArrayDemand/map (0.00s)
    --- PASS: TestLazyViewArrayDemand/visit (0.00s)
    --- PASS: TestLazyViewArrayDemand/reduce (0.00s)
    --- PASS: TestLazyViewArrayDemand/pop (0.00s)
    --- PASS: TestLazyViewArrayDemand/join (0.00s)
    --- PASS: TestLazyViewArrayDemand/search (0.00s)
    --- PASS: TestLazyViewArrayDemand/for_of (0.00s)
PASS
ok  	github.com/system-inc/adamic/internal/lower	0.020s
