=== RUN   TestRule
    cache_test.go:459: clang build: 2.023s; split=true jobs=4 flags=[-std=c11 -Wall -Wextra -Werror -pedantic -Wno-unused-variable -Wno-unused-but-set-variable -Wno-unused-function -Wno-unused-parameter -Wno-self-assign -ffp-contract=off -fno-optimize-sibling-calls -O1 -g -fsanitize=address,undefined -fno-sanitize-recover=all]
    cache_test.go:459: clang build: 2.316s; split=true jobs=4 flags=[-std=c11 -Wall -Wextra -Werror -pedantic -Wno-unused-variable -Wno-unused-but-set-variable -Wno-unused-function -Wno-unused-parameter -Wno-self-assign -ffp-contract=off -fno-optimize-sibling-calls -O1 -g -fsanitize=address,undefined -fno-sanitize-recover=all]
    rule_check_test.go:208: Go, Node, emitted JavaScript, native identical: 468702 bytes
    rule_check_test.go:221: suggestion applied as fix caught on Node: case 20 line 357: port "range 2 4 unexpected fix\t===\tUse `===` instead of `==`. This changes what the comparison answers wherever the operands can differ in type, so it is offered rather than applied.\t2 4", Go "range 2 4 unexpected suggestion\t===\tUse `===` instead of `==`. This changes what the comparison answers wherever the operands can differ in type, so it is offered rather than applied.\t2 4"
        Go context:
        fixed	if(x){} else { /* intent */ } try{}catch(e){}finally{}; switch('/*'){}; switch(x){/* intent */}; class C{static{}}
        case 20
        /tmp/adamic-lint-semantic-measure/cache-243014-1-eqeqeq-split/adamic/lint/inputs/81ba7696d26cb20c83d16f8f1defcc91b9baafe7de56e20967bf78e3b341cada/generated-2.ts:1:3
          eqeqeq  This compares with `==`, which coerces its operands to a common type before comparing. That makes the comparison non-transitive, which is the one property every reader assumes a comparison has: `0 == '0'` and `'0' == []` disagree while `0 == []` is true. Write `===`, which compares without coercing.
        
        range 2 4 unexpected suggestion	===	Use `===` instead of `==`. This changes what the comparison answers wherever the operands can differ in type, so it is offered rather than applied.	2 4
        /tmp/adamic-lint-semantic-measure/cache-243014-1-eqeqeq-split/adamic/lint/inputs/81ba7696d26cb20c83d16f8f1defcc91b9baafe7de56e20967bf78e3b341cada/generated-2.ts:1:11
          eqeqeq  This compares with `==`, which coerces its operands to a common type before comparing. That makes the comparison non-transitive, which is the one property every reader assumes a comparison has: `0 == '0'` and `'0' == []` disagree while `0 == []` is true. Write `===`, which compares without coercing.
        
        range 10 12 unexpected fix	===		10 12
    rule_check_test.go:221: suggestion applied as fix caught on emitted JavaScript: case 20 line 357: port "range 2 4 unexpected fix\t===\tUse `===` instead of `==`. This changes what the comparison answers wherever the operands can differ in type, so it is offered rather than applied.\t2 4", Go "range 2 4 unexpected suggestion\t===\tUse `===` instead of `==`. This changes what the comparison answers wherever the operands can differ in type, so it is offered rather than applied.\t2 4"
        Go context:
        fixed	if(x){} else { /* intent */ } try{}catch(e){}finally{}; switch('/*'){}; switch(x){/* intent */}; class C{static{}}
        case 20
        /tmp/adamic-lint-semantic-measure/cache-243014-1-eqeqeq-split/adamic/lint/inputs/81ba7696d26cb20c83d16f8f1defcc91b9baafe7de56e20967bf78e3b341cada/generated-2.ts:1:3
          eqeqeq  This compares with `==`, which coerces its operands to a common type before comparing. That makes the comparison non-transitive, which is the one property every reader assumes a comparison has: `0 == '0'` and `'0' == []` disagree while `0 == []` is true. Write `===`, which compares without coercing.
        
        range 2 4 unexpected suggestion	===	Use `===` instead of `==`. This changes what the comparison answers wherever the operands can differ in type, so it is offered rather than applied.	2 4
        /tmp/adamic-lint-semantic-measure/cache-243014-1-eqeqeq-split/adamic/lint/inputs/81ba7696d26cb20c83d16f8f1defcc91b9baafe7de56e20967bf78e3b341cada/generated-2.ts:1:11
          eqeqeq  This compares with `==`, which coerces its operands to a common type before comparing. That makes the comparison non-transitive, which is the one property every reader assumes a comparison has: `0 == '0'` and `'0' == []` disagree while `0 == []` is true. Write `===`, which compares without coercing.
        
        range 10 12 unexpected fix	===		10 12
    rule_check_test.go:221: suggestion applied as fix caught on sanitized native: case 20 line 357: port "range 2 4 unexpected fix\t===\tUse `===` instead of `==`. This changes what the comparison answers wherever the operands can differ in type, so it is offered rather than applied.\t2 4", Go "range 2 4 unexpected suggestion\t===\tUse `===` instead of `==`. This changes what the comparison answers wherever the operands can differ in type, so it is offered rather than applied.\t2 4"
        Go context:
        fixed	if(x){} else { /* intent */ } try{}catch(e){}finally{}; switch('/*'){}; switch(x){/* intent */}; class C{static{}}
        case 20
        /tmp/adamic-lint-semantic-measure/cache-243014-1-eqeqeq-split/adamic/lint/inputs/81ba7696d26cb20c83d16f8f1defcc91b9baafe7de56e20967bf78e3b341cada/generated-2.ts:1:3
          eqeqeq  This compares with `==`, which coerces its operands to a common type before comparing. That makes the comparison non-transitive, which is the one property every reader assumes a comparison has: `0 == '0'` and `'0' == []` disagree while `0 == []` is true. Write `===`, which compares without coercing.
        
        range 2 4 unexpected suggestion	===	Use `===` instead of `==`. This changes what the comparison answers wherever the operands can differ in type, so it is offered rather than applied.	2 4
        /tmp/adamic-lint-semantic-measure/cache-243014-1-eqeqeq-split/adamic/lint/inputs/81ba7696d26cb20c83d16f8f1defcc91b9baafe7de56e20967bf78e3b341cada/generated-2.ts:1:11
          eqeqeq  This compares with `==`, which coerces its operands to a common type before comparing. That makes the comparison non-transitive, which is the one property every reader assumes a comparison has: `0 == '0'` and `'0' == []` disagree while `0 == []` is true. Write `===`, which compares without coercing.
        
        range 10 12 unexpected fix	===		10 12
rule eqeqeq phase timing (seconds)
| phase | seconds |
|---|---:|
| validate and snapshot | 0.030 |
| Go oracle | 0.485 |
| upstream capture | 0.357 |
| owned witnesses | 0.000 |
| sanitized correct and mutant port builds | 7.264 |
| explicit recovery refusals | 0.000 |
| emitted JavaScript build | 2.134 |
| Go Node JavaScript native comparison | 0.667 |
| owned mutant | 2.668 |
| total | 13.607 |
--- PASS: TestRule (13.61s)
PASS
ok  	github.com/system-inc/adamic/stage1/cohere/lint	13.631s
