=== RUN   TestCheckedCountsWarmShard
=== PAUSE TestCheckedCountsWarmShard
=== CONT  TestCheckedCountsWarmShard
=== RUN   TestCheckedCountsWarmShard/internal/oracle/testdata/self_assignments.a
=== PAUSE TestCheckedCountsWarmShard/internal/oracle/testdata/self_assignments.a
=== RUN   TestCheckedCountsWarmShard/internal/oracle/testdata/method_closures.a
=== PAUSE TestCheckedCountsWarmShard/internal/oracle/testdata/method_closures.a
=== RUN   TestCheckedCountsWarmShard/internal/oracle/testdata/splice_empty.a
=== PAUSE TestCheckedCountsWarmShard/internal/oracle/testdata/splice_empty.a
=== RUN   TestCheckedCountsWarmShard/internal/oracle/testdata/narrowed_reads.a
=== PAUSE TestCheckedCountsWarmShard/internal/oracle/testdata/narrowed_reads.a
=== RUN   TestCheckedCountsWarmShard/internal/oracle/testdata/narrowed_writes.a
=== PAUSE TestCheckedCountsWarmShard/internal/oracle/testdata/narrowed_writes.a
=== RUN   TestCheckedCountsWarmShard/internal/oracle/testdata/narrowed_methods.a
=== PAUSE TestCheckedCountsWarmShard/internal/oracle/testdata/narrowed_methods.a
=== RUN   TestCheckedCountsWarmShard/internal/oracle/testdata/narrowed_fields.a
=== PAUSE TestCheckedCountsWarmShard/internal/oracle/testdata/narrowed_fields.a
=== RUN   TestCheckedCountsWarmShard/internal/oracle/testdata/narrowed_numbers.a
=== PAUSE TestCheckedCountsWarmShard/internal/oracle/testdata/narrowed_numbers.a
=== RUN   TestCheckedCountsWarmShard/internal/oracle/testdata/narrowed_compared.a
=== PAUSE TestCheckedCountsWarmShard/internal/oracle/testdata/narrowed_compared.a
=== RUN   TestCheckedCountsWarmShard/internal/oracle/testdata/sort_top_level.a
=== PAUSE TestCheckedCountsWarmShard/internal/oracle/testdata/sort_top_level.a
=== RUN   TestCheckedCountsWarmShard/internal/oracle/testdata/splices.a
=== PAUSE TestCheckedCountsWarmShard/internal/oracle/testdata/splices.a
=== RUN   TestCheckedCountsWarmShard/internal/oracle/testdata/fills.a
=== PAUSE TestCheckedCountsWarmShard/internal/oracle/testdata/fills.a
=== RUN   TestCheckedCountsWarmShard/internal/oracle/testdata/fill_length.a
=== PAUSE TestCheckedCountsWarmShard/internal/oracle/testdata/fill_length.a
=== RUN   TestCheckedCountsWarmShard/internal/oracle/testdata/array_from.a
=== PAUSE TestCheckedCountsWarmShard/internal/oracle/testdata/array_from.a
=== RUN   TestCheckedCountsWarmShard/internal/oracle/testdata/array_from_length.a
=== PAUSE TestCheckedCountsWarmShard/internal/oracle/testdata/array_from_length.a
=== RUN   TestCheckedCountsWarmShard/internal/oracle/testdata/array_from_undefined.a
=== PAUSE TestCheckedCountsWarmShard/internal/oracle/testdata/array_from_undefined.a
=== RUN   TestCheckedCountsWarmShard/internal/oracle/testdata/weak_parent.a
=== PAUSE TestCheckedCountsWarmShard/internal/oracle/testdata/weak_parent.a
=== RUN   TestCheckedCountsWarmShard/internal/oracle/testdata/doubly_linked.a
=== PAUSE TestCheckedCountsWarmShard/internal/oracle/testdata/doubly_linked.a
=== RUN   TestCheckedCountsWarmShard/internal/oracle/testdata/fresh_parser.a
=== PAUSE TestCheckedCountsWarmShard/internal/oracle/testdata/fresh_parser.a
=== RUN   TestCheckedCountsWarmShard/internal/oracle/testdata/fresh_writes.a
=== PAUSE TestCheckedCountsWarmShard/internal/oracle/testdata/fresh_writes.a
=== RUN   TestCheckedCountsWarmShard/internal/oracle/testdata/fresh_calls.a
=== PAUSE TestCheckedCountsWarmShard/internal/oracle/testdata/fresh_calls.a
=== RUN   TestCheckedCountsWarmShard/internal/oracle/testdata/weak_narrowed.a
=== PAUSE TestCheckedCountsWarmShard/internal/oracle/testdata/weak_narrowed.a
=== RUN   TestCheckedCountsWarmShard/internal/oracle/testdata/exceptions.a
=== PAUSE TestCheckedCountsWarmShard/internal/oracle/testdata/exceptions.a
=== RUN   TestCheckedCountsWarmShard/internal/oracle/testdata/exceptions_uncaught.a
=== PAUSE TestCheckedCountsWarmShard/internal/oracle/testdata/exceptions_uncaught.a
=== RUN   TestCheckedCountsWarmShard/internal/oracle/testdata/exceptions_empty.a
=== PAUSE TestCheckedCountsWarmShard/internal/oracle/testdata/exceptions_empty.a
=== RUN   TestCheckedCountsWarmShard/internal/oracle/testdata/closures_throw.a
=== PAUSE TestCheckedCountsWarmShard/internal/oracle/testdata/closures_throw.a
=== RUN   TestCheckedCountsWarmShard/internal/oracle/testdata/closures_throw_uncaught.a
=== PAUSE TestCheckedCountsWarmShard/internal/oracle/testdata/closures_throw_uncaught.a
=== RUN   TestCheckedCountsWarmShard/internal/oracle/testdata/finally_leaves.a
=== PAUSE TestCheckedCountsWarmShard/internal/oracle/testdata/finally_leaves.a
=== RUN   TestCheckedCountsWarmShard/internal/oracle/testdata/reuse_foreach_global.a
=== PAUSE TestCheckedCountsWarmShard/internal/oracle/testdata/reuse_foreach_global.a
=== RUN   TestCheckedCountsWarmShard/internal/oracle/testdata/param_assigned_in_try.a
=== PAUSE TestCheckedCountsWarmShard/internal/oracle/testdata/param_assigned_in_try.a
=== RUN   TestCheckedCountsWarmShard/internal/oracle/testdata/named_function_values.a
=== PAUSE TestCheckedCountsWarmShard/internal/oracle/testdata/named_function_values.a
=== RUN   TestCheckedCountsWarmShard/internal/oracle/testdata/panic_in_try.a
=== PAUSE TestCheckedCountsWarmShard/internal/oracle/testdata/panic_in_try.a
=== RUN   TestCheckedCountsWarmShard/internal/oracle/testdata/invariance_readonly.a
=== PAUSE TestCheckedCountsWarmShard/internal/oracle/testdata/invariance_readonly.a
=== RUN   TestCheckedCountsWarmShard/internal/oracle/testdata/tuples_kept.a
=== PAUSE TestCheckedCountsWarmShard/internal/oracle/testdata/tuples_kept.a
=== RUN   TestCheckedCountsWarmShard/internal/oracle/testdata/undefined_keys.a
=== PAUSE TestCheckedCountsWarmShard/internal/oracle/testdata/undefined_keys.a
=== RUN   TestCheckedCountsWarmShard/internal/oracle/testdata/undefined_strings.a
=== PAUSE TestCheckedCountsWarmShard/internal/oracle/testdata/undefined_strings.a
=== RUN   TestCheckedCountsWarmShard/internal/oracle/testdata/maybe_booleans.a
=== PAUSE TestCheckedCountsWarmShard/internal/oracle/testdata/maybe_booleans.a
=== RUN   TestCheckedCountsWarmShard/internal/oracle/testdata/maybe_boolean_panic.a
=== PAUSE TestCheckedCountsWarmShard/internal/oracle/testdata/maybe_boolean_panic.a
=== RUN   TestCheckedCountsWarmShard/internal/oracle/testdata/unions.a
=== PAUSE TestCheckedCountsWarmShard/internal/oracle/testdata/unions.a
=== RUN   TestCheckedCountsWarmShard/internal/oracle/testdata/maybe_number_slots.a
=== PAUSE TestCheckedCountsWarmShard/internal/oracle/testdata/maybe_number_slots.a
=== NAME  TestCheckedCountsWarmShard
    counts_test.go:238: fixture census 932
=== CONT  TestCheckedCountsWarmShard/internal/oracle/testdata/self_assignments.a
=== CONT  TestCheckedCountsWarmShard/internal/oracle/testdata/fresh_calls.a
=== CONT  TestCheckedCountsWarmShard/internal/oracle/testdata/fresh_writes.a
=== CONT  TestCheckedCountsWarmShard/internal/oracle/testdata/fresh_parser.a
=== CONT  TestCheckedCountsWarmShard/internal/oracle/testdata/doubly_linked.a
=== NAME  TestCheckedCountsWarmShard/internal/oracle/testdata/self_assignments.a
    counts_test.go:233: gate cache native miss
=== NAME  TestCheckedCountsWarmShard/internal/oracle/testdata/fresh_calls.a
    counts_test.go:233: gate cache native miss
=== NAME  TestCheckedCountsWarmShard/internal/oracle/testdata/fresh_parser.a
    counts_test.go:233: gate cache native miss
=== NAME  TestCheckedCountsWarmShard/internal/oracle/testdata/doubly_linked.a
    counts_test.go:233: gate cache native miss
=== NAME  TestCheckedCountsWarmShard/internal/oracle/testdata/fresh_writes.a
    counts_test.go:233: gate cache native miss
=== NAME  TestCheckedCountsWarmShard/internal/oracle/testdata/self_assignments.a
    counts_test.go:233: | internal/oracle/testdata/self_assignments.a | 6 | 6 | 5 | 12 | 4 | 0 |
=== NAME  TestCheckedCountsWarmShard/internal/oracle/testdata/fresh_calls.a
    counts_test.go:233: | internal/oracle/testdata/fresh_calls.a | 113 | 113 | 258 | 315 | 37 | 0 |
=== CONT  TestCheckedCountsWarmShard/internal/oracle/testdata/weak_parent.a
=== CONT  TestCheckedCountsWarmShard/internal/oracle/testdata/array_from_undefined.a
=== NAME  TestCheckedCountsWarmShard/internal/oracle/testdata/fresh_writes.a
    counts_test.go:233: | internal/oracle/testdata/fresh_writes.a | 330 | 330 | 386 | 502 | 132 | 0 |
=== CONT  TestCheckedCountsWarmShard/internal/oracle/testdata/array_from_length.a
=== NAME  TestCheckedCountsWarmShard/internal/oracle/testdata/fresh_parser.a
    counts_test.go:233: | internal/oracle/testdata/fresh_parser.a | 145 | 145 | 316 | 486 | 34 | 0 |
=== CONT  TestCheckedCountsWarmShard/internal/oracle/testdata/array_from.a
=== NAME  TestCheckedCountsWarmShard/internal/oracle/testdata/doubly_linked.a
    counts_test.go:233: | internal/oracle/testdata/doubly_linked.a | 90 | 90 | 558 | 591 | 49 | 0 |
=== CONT  TestCheckedCountsWarmShard/internal/oracle/testdata/fill_length.a
=== NAME  TestCheckedCountsWarmShard/internal/oracle/testdata/array_from_length.a
    counts_test.go:233: gate cache native miss
=== NAME  TestCheckedCountsWarmShard/internal/oracle/testdata/array_from_undefined.a
    counts_test.go:233: gate cache native miss
=== NAME  TestCheckedCountsWarmShard/internal/oracle/testdata/fill_length.a
    counts_test.go:233: gate cache native miss
=== NAME  TestCheckedCountsWarmShard/internal/oracle/testdata/weak_parent.a
    counts_test.go:233: gate cache native miss
=== NAME  TestCheckedCountsWarmShard/internal/oracle/testdata/array_from.a
    counts_test.go:233: gate cache native miss
=== NAME  TestCheckedCountsWarmShard/internal/oracle/testdata/array_from_length.a
    counts_test.go:233: | internal/oracle/testdata/array_from_length.a | 5 | 3 | 3 | 7 | 3 | 0 |
=== CONT  TestCheckedCountsWarmShard/internal/oracle/testdata/fills.a
=== NAME  TestCheckedCountsWarmShard/internal/oracle/testdata/fill_length.a
    counts_test.go:233: | internal/oracle/testdata/fill_length.a | 2 | 2 | 0 | 2 | 2 | 0 |
=== CONT  TestCheckedCountsWarmShard/internal/oracle/testdata/splices.a
=== NAME  TestCheckedCountsWarmShard/internal/oracle/testdata/fills.a
    counts_test.go:233: gate cache native miss
=== NAME  TestCheckedCountsWarmShard/internal/oracle/testdata/splices.a
    counts_test.go:233: gate cache native miss
=== NAME  TestCheckedCountsWarmShard/internal/oracle/testdata/array_from.a
    counts_test.go:233: | internal/oracle/testdata/array_from.a | 94 | 94 | 56 | 131 | 25 | 0 |
=== CONT  TestCheckedCountsWarmShard/internal/oracle/testdata/sort_top_level.a
=== NAME  TestCheckedCountsWarmShard/internal/oracle/testdata/array_from_undefined.a
    counts_test.go:233: | internal/oracle/testdata/array_from_undefined.a | 31 | 31 | 20 | 49 | 14 | 0 |
=== CONT  TestCheckedCountsWarmShard/internal/oracle/testdata/narrowed_compared.a
=== NAME  TestCheckedCountsWarmShard/internal/oracle/testdata/weak_parent.a
    counts_test.go:233: | internal/oracle/testdata/weak_parent.a | 86 | 86 | 253 | 302 | 41 | 0 |
=== CONT  TestCheckedCountsWarmShard/internal/oracle/testdata/narrowed_numbers.a
=== NAME  TestCheckedCountsWarmShard/internal/oracle/testdata/sort_top_level.a
    counts_test.go:233: gate cache native miss
=== NAME  TestCheckedCountsWarmShard/internal/oracle/testdata/narrowed_compared.a
    counts_test.go:233: gate cache native miss
=== NAME  TestCheckedCountsWarmShard/internal/oracle/testdata/narrowed_numbers.a
    counts_test.go:233: gate cache native miss
=== NAME  TestCheckedCountsWarmShard/internal/oracle/testdata/fills.a
    counts_test.go:233: | internal/oracle/testdata/fills.a | 24 | 24 | 28 | 51 | 11 | 0 |
=== CONT  TestCheckedCountsWarmShard/internal/oracle/testdata/narrowed_fields.a
=== NAME  TestCheckedCountsWarmShard/internal/oracle/testdata/splices.a
    counts_test.go:233: | internal/oracle/testdata/splices.a | 74 | 74 | 44 | 111 | 12 | 0 |
=== CONT  TestCheckedCountsWarmShard/internal/oracle/testdata/narrowed_methods.a
    counts_test.go:233: gate cache native miss
=== NAME  TestCheckedCountsWarmShard/internal/oracle/testdata/narrowed_fields.a
    counts_test.go:233: gate cache native miss
=== NAME  TestCheckedCountsWarmShard/internal/oracle/testdata/narrowed_compared.a
    counts_test.go:233: | internal/oracle/testdata/narrowed_compared.a | 14 | 14 | 2 | 16 | 6 | 0 |
=== CONT  TestCheckedCountsWarmShard/internal/oracle/testdata/narrowed_writes.a
=== NAME  TestCheckedCountsWarmShard/internal/oracle/testdata/sort_top_level.a
    counts_test.go:233: | internal/oracle/testdata/sort_top_level.a | 33 | 33 | 79 | 96 | 19 | 0 |
=== CONT  TestCheckedCountsWarmShard/internal/oracle/testdata/narrowed_reads.a
=== NAME  TestCheckedCountsWarmShard/internal/oracle/testdata/narrowed_numbers.a
    counts_test.go:233: | internal/oracle/testdata/narrowed_numbers.a | 2 | 2 | 0 | 2 | 2 | 0 |
=== CONT  TestCheckedCountsWarmShard/internal/oracle/testdata/splice_empty.a
=== NAME  TestCheckedCountsWarmShard/internal/oracle/testdata/narrowed_writes.a
    counts_test.go:233: gate cache native miss
=== NAME  TestCheckedCountsWarmShard/internal/oracle/testdata/narrowed_fields.a
    counts_test.go:233: | internal/oracle/testdata/narrowed_fields.a | 4 | 3 | 4 | 6 | 4 | 0 |
=== CONT  TestCheckedCountsWarmShard/internal/oracle/testdata/method_closures.a
=== NAME  TestCheckedCountsWarmShard/internal/oracle/testdata/splice_empty.a
    counts_test.go:233: gate cache native miss
=== NAME  TestCheckedCountsWarmShard/internal/oracle/testdata/narrowed_methods.a
    counts_test.go:233: | internal/oracle/testdata/narrowed_methods.a | 3 | 3 | 3 | 6 | 3 | 0 |
=== CONT  TestCheckedCountsWarmShard/internal/oracle/testdata/named_function_values.a
=== NAME  TestCheckedCountsWarmShard/internal/oracle/testdata/narrowed_reads.a
    counts_test.go:233: gate cache native miss
=== NAME  TestCheckedCountsWarmShard/internal/oracle/testdata/method_closures.a
    counts_test.go:233: gate cache native miss
=== NAME  TestCheckedCountsWarmShard/internal/oracle/testdata/narrowed_writes.a
    counts_test.go:233: | internal/oracle/testdata/narrowed_writes.a | 1 | 1 | 2 | 4 | 1 | 0 |
=== CONT  TestCheckedCountsWarmShard/internal/oracle/testdata/maybe_number_slots.a
=== NAME  TestCheckedCountsWarmShard/internal/oracle/testdata/named_function_values.a
    counts_test.go:233: gate cache native miss
=== NAME  TestCheckedCountsWarmShard/internal/oracle/testdata/splice_empty.a
    counts_test.go:233: | internal/oracle/testdata/splice_empty.a | 14 | 14 | 10 | 27 | 10 | 0 |
=== CONT  TestCheckedCountsWarmShard/internal/oracle/testdata/unions.a
=== NAME  TestCheckedCountsWarmShard/internal/oracle/testdata/narrowed_reads.a
    counts_test.go:233: | internal/oracle/testdata/narrowed_reads.a | 5 | 5 | 3 | 7 | 4 | 0 |
=== CONT  TestCheckedCountsWarmShard/internal/oracle/testdata/maybe_boolean_panic.a
=== NAME  TestCheckedCountsWarmShard/internal/oracle/testdata/maybe_number_slots.a
    counts_test.go:233: gate cache native miss
=== NAME  TestCheckedCountsWarmShard/internal/oracle/testdata/method_closures.a
    counts_test.go:233: | internal/oracle/testdata/method_closures.a | 20 | 20 | 14 | 30 | 8 | 0 |
=== CONT  TestCheckedCountsWarmShard/internal/oracle/testdata/maybe_booleans.a
=== NAME  TestCheckedCountsWarmShard/internal/oracle/testdata/unions.a
    counts_test.go:233: gate cache native miss
=== NAME  TestCheckedCountsWarmShard/internal/oracle/testdata/maybe_boolean_panic.a
    counts_test.go:233: gate cache native miss
=== NAME  TestCheckedCountsWarmShard/internal/oracle/testdata/named_function_values.a
    counts_test.go:233: | internal/oracle/testdata/named_function_values.a | 116 | 116 | 127 | 222 | 25 | 0 |
=== CONT  TestCheckedCountsWarmShard/internal/oracle/testdata/undefined_strings.a
=== NAME  TestCheckedCountsWarmShard/internal/oracle/testdata/maybe_booleans.a
    counts_test.go:233: gate cache native miss
=== NAME  TestCheckedCountsWarmShard/internal/oracle/testdata/undefined_strings.a
    counts_test.go:233: gate cache native miss
=== NAME  TestCheckedCountsWarmShard/internal/oracle/testdata/maybe_boolean_panic.a
    counts_test.go:233: | internal/oracle/testdata/maybe_boolean_panic.a | 2 | 1 | 1 | 2 | 2 | 0 |
=== CONT  TestCheckedCountsWarmShard/internal/oracle/testdata/undefined_keys.a
    counts_test.go:233: gate cache native miss
=== NAME  TestCheckedCountsWarmShard/internal/oracle/testdata/maybe_number_slots.a
    counts_test.go:233: | internal/oracle/testdata/maybe_number_slots.a | 484 | 484 | 305 | 798 | 16 | 0 |
=== CONT  TestCheckedCountsWarmShard/internal/oracle/testdata/tuples_kept.a
=== NAME  TestCheckedCountsWarmShard/internal/oracle/testdata/undefined_strings.a
    counts_test.go:233: | internal/oracle/testdata/undefined_strings.a | 15 | 15 | 18 | 40 | 6 | 0 |
=== CONT  TestCheckedCountsWarmShard/internal/oracle/testdata/invariance_readonly.a
=== NAME  TestCheckedCountsWarmShard/internal/oracle/testdata/maybe_booleans.a
    counts_test.go:233: | internal/oracle/testdata/maybe_booleans.a | 48 | 48 | 47 | 97 | 11 | 0 |
=== CONT  TestCheckedCountsWarmShard/internal/oracle/testdata/panic_in_try.a
=== NAME  TestCheckedCountsWarmShard/internal/oracle/testdata/unions.a
    counts_test.go:233: | internal/oracle/testdata/unions.a | 1449 | 1449 | 1117 | 2579 | 16 | 0 |
=== CONT  TestCheckedCountsWarmShard/internal/oracle/testdata/closures_throw.a
=== NAME  TestCheckedCountsWarmShard/internal/oracle/testdata/tuples_kept.a
    counts_test.go:233: gate cache native miss
=== NAME  TestCheckedCountsWarmShard/internal/oracle/testdata/closures_throw.a
    counts_test.go:233: gate cache native miss
=== NAME  TestCheckedCountsWarmShard/internal/oracle/testdata/invariance_readonly.a
    counts_test.go:233: gate cache native miss
=== NAME  TestCheckedCountsWarmShard/internal/oracle/testdata/panic_in_try.a
    counts_test.go:233: gate cache native miss
=== NAME  TestCheckedCountsWarmShard/internal/oracle/testdata/undefined_keys.a
    counts_test.go:233: | internal/oracle/testdata/undefined_keys.a | 122 | 122 | 208 | 273 | 24 | 0 |
=== CONT  TestCheckedCountsWarmShard/internal/oracle/testdata/param_assigned_in_try.a
    counts_test.go:233: gate cache native miss
=== NAME  TestCheckedCountsWarmShard/internal/oracle/testdata/tuples_kept.a
    counts_test.go:233: | internal/oracle/testdata/tuples_kept.a | 31 | 31 | 46 | 66 | 13 | 0 |
=== CONT  TestCheckedCountsWarmShard/internal/oracle/testdata/reuse_foreach_global.a
=== NAME  TestCheckedCountsWarmShard/internal/oracle/testdata/panic_in_try.a
    counts_test.go:233: | internal/oracle/testdata/panic_in_try.a | 1 | 0 | 1 | 0 | 1 | 0 |
=== CONT  TestCheckedCountsWarmShard/internal/oracle/testdata/finally_leaves.a
=== NAME  TestCheckedCountsWarmShard/internal/oracle/testdata/invariance_readonly.a
    counts_test.go:233: | internal/oracle/testdata/invariance_readonly.a | 30 | 30 | 38 | 51 | 16 | 0 |
=== CONT  TestCheckedCountsWarmShard/internal/oracle/testdata/closures_throw_uncaught.a
=== NAME  TestCheckedCountsWarmShard/internal/oracle/testdata/reuse_foreach_global.a
    counts_test.go:233: gate cache native miss
=== NAME  TestCheckedCountsWarmShard/internal/oracle/testdata/closures_throw_uncaught.a
    counts_test.go:233: gate cache native miss
=== NAME  TestCheckedCountsWarmShard/internal/oracle/testdata/finally_leaves.a
    counts_test.go:233: gate cache native miss
=== NAME  TestCheckedCountsWarmShard/internal/oracle/testdata/param_assigned_in_try.a
    counts_test.go:233: | internal/oracle/testdata/param_assigned_in_try.a | 46 | 46 | 29 | 64 | 12 | 0 |
=== CONT  TestCheckedCountsWarmShard/internal/oracle/testdata/exceptions_uncaught.a
=== NAME  TestCheckedCountsWarmShard/internal/oracle/testdata/closures_throw.a
    counts_test.go:233: | internal/oracle/testdata/closures_throw.a | 418 | 418 | 1572 | 1807 | 142 | 0 |
=== CONT  TestCheckedCountsWarmShard/internal/oracle/testdata/exceptions_empty.a
=== NAME  TestCheckedCountsWarmShard/internal/oracle/testdata/reuse_foreach_global.a
    counts_test.go:233: | internal/oracle/testdata/reuse_foreach_global.a | 17 | 17 | 14 | 27 | 10 | 0 |
=== CONT  TestCheckedCountsWarmShard/internal/oracle/testdata/exceptions.a
=== NAME  TestCheckedCountsWarmShard/internal/oracle/testdata/closures_throw_uncaught.a
    counts_test.go:233: | internal/oracle/testdata/closures_throw_uncaught.a | 31 | 29 | 28 | 44 | 13 | 0 |
=== CONT  TestCheckedCountsWarmShard/internal/oracle/testdata/weak_narrowed.a
=== NAME  TestCheckedCountsWarmShard/internal/oracle/testdata/exceptions_uncaught.a
    counts_test.go:233: gate cache native miss
=== NAME  TestCheckedCountsWarmShard/internal/oracle/testdata/exceptions_empty.a
    counts_test.go:233: gate cache native miss
=== NAME  TestCheckedCountsWarmShard/internal/oracle/testdata/weak_narrowed.a
    counts_test.go:233: gate cache native miss
=== NAME  TestCheckedCountsWarmShard/internal/oracle/testdata/finally_leaves.a
    counts_test.go:233: | internal/oracle/testdata/finally_leaves.a | 157 | 157 | 67 | 182 | 10 | 0 |
=== NAME  TestCheckedCountsWarmShard/internal/oracle/testdata/exceptions.a
    counts_test.go:233: gate cache native miss
=== NAME  TestCheckedCountsWarmShard/internal/oracle/testdata/exceptions_uncaught.a
    counts_test.go:233: | internal/oracle/testdata/exceptions_uncaught.a | 3 | 1 | 3 | 5 | 2 | 0 |
=== NAME  TestCheckedCountsWarmShard/internal/oracle/testdata/exceptions_empty.a
    counts_test.go:233: | internal/oracle/testdata/exceptions_empty.a | 2 | 1 | 6 | 4 | 2 | 0 |
=== NAME  TestCheckedCountsWarmShard/internal/oracle/testdata/weak_narrowed.a
    counts_test.go:233: | internal/oracle/testdata/weak_narrowed.a | 26 | 26 | 53 | 72 | 11 | 0 |
=== NAME  TestCheckedCountsWarmShard/internal/oracle/testdata/exceptions.a
    counts_test.go:233: | internal/oracle/testdata/exceptions.a | 133 | 133 | 168 | 234 | 20 | 0 |
--- PASS: TestCheckedCountsWarmShard (0.00s)
    --- PASS: TestCheckedCountsWarmShard/internal/oracle/testdata/fresh_calls.a (0.57s)
    --- PASS: TestCheckedCountsWarmShard/internal/oracle/testdata/self_assignments.a (0.57s)
    --- PASS: TestCheckedCountsWarmShard/internal/oracle/testdata/fresh_writes.a (0.59s)
    --- PASS: TestCheckedCountsWarmShard/internal/oracle/testdata/fresh_parser.a (0.60s)
    --- PASS: TestCheckedCountsWarmShard/internal/oracle/testdata/doubly_linked.a (0.66s)
    --- PASS: TestCheckedCountsWarmShard/internal/oracle/testdata/array_from_length.a (0.34s)
    --- PASS: TestCheckedCountsWarmShard/internal/oracle/testdata/fill_length.a (0.31s)
    --- PASS: TestCheckedCountsWarmShard/internal/oracle/testdata/array_from.a (0.47s)
    --- PASS: TestCheckedCountsWarmShard/internal/oracle/testdata/array_from_undefined.a (0.54s)
    --- PASS: TestCheckedCountsWarmShard/internal/oracle/testdata/weak_parent.a (0.57s)
    --- PASS: TestCheckedCountsWarmShard/internal/oracle/testdata/fills.a (0.37s)
    --- PASS: TestCheckedCountsWarmShard/internal/oracle/testdata/splices.a (0.36s)
    --- PASS: TestCheckedCountsWarmShard/internal/oracle/testdata/narrowed_compared.a (0.37s)
    --- PASS: TestCheckedCountsWarmShard/internal/oracle/testdata/sort_top_level.a (0.40s)
    --- PASS: TestCheckedCountsWarmShard/internal/oracle/testdata/narrowed_numbers.a (0.36s)
    --- PASS: TestCheckedCountsWarmShard/internal/oracle/testdata/narrowed_fields.a (0.30s)
    --- PASS: TestCheckedCountsWarmShard/internal/oracle/testdata/narrowed_methods.a (0.33s)
    --- PASS: TestCheckedCountsWarmShard/internal/oracle/testdata/narrowed_writes.a (0.31s)
    --- PASS: TestCheckedCountsWarmShard/internal/oracle/testdata/splice_empty.a (0.33s)
    --- PASS: TestCheckedCountsWarmShard/internal/oracle/testdata/narrowed_reads.a (0.39s)
    --- PASS: TestCheckedCountsWarmShard/internal/oracle/testdata/method_closures.a (0.37s)
    --- PASS: TestCheckedCountsWarmShard/internal/oracle/testdata/named_function_values.a (0.43s)
    --- PASS: TestCheckedCountsWarmShard/internal/oracle/testdata/maybe_boolean_panic.a (0.40s)
    --- PASS: TestCheckedCountsWarmShard/internal/oracle/testdata/maybe_number_slots.a (0.61s)
    --- PASS: TestCheckedCountsWarmShard/internal/oracle/testdata/undefined_strings.a (0.32s)
    --- PASS: TestCheckedCountsWarmShard/internal/oracle/testdata/maybe_booleans.a (0.45s)
    --- PASS: TestCheckedCountsWarmShard/internal/oracle/testdata/unions.a (0.61s)
    --- PASS: TestCheckedCountsWarmShard/internal/oracle/testdata/undefined_keys.a (0.51s)
    --- PASS: TestCheckedCountsWarmShard/internal/oracle/testdata/tuples_kept.a (0.44s)
    --- PASS: TestCheckedCountsWarmShard/internal/oracle/testdata/panic_in_try.a (0.40s)
    --- PASS: TestCheckedCountsWarmShard/internal/oracle/testdata/invariance_readonly.a (0.49s)
    --- PASS: TestCheckedCountsWarmShard/internal/oracle/testdata/param_assigned_in_try.a (0.22s)
    --- PASS: TestCheckedCountsWarmShard/internal/oracle/testdata/closures_throw.a (0.57s)
    --- PASS: TestCheckedCountsWarmShard/internal/oracle/testdata/reuse_foreach_global.a (0.21s)
    --- PASS: TestCheckedCountsWarmShard/internal/oracle/testdata/closures_throw_uncaught.a (0.16s)
    --- PASS: TestCheckedCountsWarmShard/internal/oracle/testdata/finally_leaves.a (0.31s)
    --- PASS: TestCheckedCountsWarmShard/internal/oracle/testdata/exceptions_uncaught.a (0.22s)
    --- PASS: TestCheckedCountsWarmShard/internal/oracle/testdata/exceptions_empty.a (0.22s)
    --- PASS: TestCheckedCountsWarmShard/internal/oracle/testdata/weak_narrowed.a (0.19s)
    --- PASS: TestCheckedCountsWarmShard/internal/oracle/testdata/exceptions.a (0.25s)
PASS
gate cache: native hits=0 misses=40
gate cache: node hits=0 misses=0
gate cache: probe hits=0 misses=0
ok  	github.com/system-inc/adamic/internal/oracle	3.304s
