=== RUN   TestCheckedRuntimeRegexFields
=== PAUSE TestCheckedRuntimeRegexFields
=== RUN   TestCheckedRuntimeDirectoryFields
=== PAUSE TestCheckedRuntimeDirectoryFields
=== CONT  TestCheckedRuntimeRegexFields
=== CONT  TestCheckedRuntimeDirectoryFields
=== NAME  TestCheckedRuntimeRegexFields
    checked_runtime_fields_test.go:63: .a refusal: /workspace/adamic/internal/oracle/testdata/checked-runtime-fields/regex.a:5:101: Adamic 0.1 refuses a value of type Result[] seen as { done?: boolean | undefined; value: readonly (string | undefined)[] | undefined; }[], whose readonly field done becomes writable: a readonly field may hold something narrower than boolean | undefined, which a write of boolean | undefined would replace; keep done readonly in the type it's seen as, or copy the value ({ ...value }) (adamic/invariant-mutable)
=== NAME  TestCheckedRuntimeDirectoryFields
    checked_runtime_fields_test.go:69: .a refusal: /workspace/adamic/internal/oracle/testdata/checked-runtime-fields/directory.a:7:47: Adamic 0.1 refuses a value of type Result[] seen as { names: readonly string[]; }[], whose readonly field names becomes writable: a readonly field may hold something narrower than readonly string[], which a write of readonly string[] would replace; keep names readonly in the type it's seen as, or copy the value ({ ...value }) (adamic/invariant-mutable)
=== NAME  TestCheckedRuntimeRegexFields
    checked_runtime_fields_test.go:63: gate cache node hit
=== NAME  TestCheckedRuntimeDirectoryFields
    checked_runtime_fields_test.go:69: gate cache node hit
=== NAME  TestCheckedRuntimeRegexFields
    checked_runtime_fields_test.go:63: gate cache node miss
=== NAME  TestCheckedRuntimeDirectoryFields
    checked_runtime_fields_test.go:69: gate cache node miss
=== NAME  TestCheckedRuntimeRegexFields
    checked_runtime_fields_test.go:63: native sanitized: exit codes differ; got oracle.run{stdout:[]uint8{}, stderr:[]uint8{0x61, 0x64, 0x61, 0x6d, 0x69, 0x63, 0x3a, 0x20, 0x70, 0x61, 0x6e, 0x69, 0x63, 0x3a, 0x20, 0x77, 0x72, 0x69, 0x74, 0x65, 0x20, 0x66, 0x61, 0x69, 0x6c, 0x65, 0x64, 0x3a, 0x20, 0x72, 0x65, 0x73, 0x75, 0x6c, 0x74, 0x73, 0x5b, 0x5d, 0x20, 0x65, 0x78, 0x70, 0x65, 0x63, 0x74, 0x73, 0x20, 0x52, 0x65, 0x73, 0x75, 0x6c, 0x74, 0x2c, 0x20, 0x67, 0x6f, 0x74, 0x20, 0x6f, 0x62, 0x6a, 0x65, 0x63, 0x74, 0xa}, exitCode:70}
--- FAIL: TestCheckedRuntimeRegexFields (0.72s)
=== NAME  TestCheckedRuntimeDirectoryFields
    checked_runtime_fields_test.go:69: JavaScript: exit codes differ; got oracle.run{stdout:[]uint8{}, stderr:[]uint8{0x61, 0x64, 0x61, 0x6d, 0x69, 0x63, 0x3a, 0x20, 0x70, 0x61, 0x6e, 0x69, 0x63, 0x3a, 0x20, 0x77, 0x72, 0x69, 0x74, 0x65, 0x20, 0x66, 0x61, 0x69, 0x6c, 0x65, 0x64, 0x3a, 0x20, 0x72, 0x65, 0x73, 0x75, 0x6c, 0x74, 0x73, 0x5b, 0x5d, 0x20, 0x65, 0x78, 0x70, 0x65, 0x63, 0x74, 0x73, 0x20, 0x52, 0x65, 0x73, 0x75, 0x6c, 0x74, 0x2c, 0x20, 0x67, 0x6f, 0x74, 0x20, 0x6f, 0x62, 0x6a, 0x65, 0x63, 0x74, 0xa}, exitCode:70}
--- FAIL: TestCheckedRuntimeDirectoryFields (0.75s)
FAIL
gate cache: native hits=0 misses=0
gate cache: node hits=2 misses=2
gate cache: probe hits=0 misses=0
FAIL	github.com/system-inc/adamic/internal/oracle	0.778s
FAIL
