=== RUN   TestFlagEnumsDomain
=== PAUSE TestFlagEnumsDomain
=== RUN   TestEnumNeverDefault
=== PAUSE TestEnumNeverDefault
=== RUN   TestFlagEnumLiteralSpellings
=== PAUSE TestFlagEnumLiteralSpellings
=== RUN   TestFlagEnumMemberAliases
=== PAUSE TestFlagEnumMemberAliases
=== RUN   TestEnumNameEnumeration
=== PAUSE TestEnumNameEnumeration
=== RUN   TestFlagEnumInlineIteration
=== PAUSE TestFlagEnumInlineIteration
=== RUN   TestEnumMemberValuesAndReverseNameMatchNode
=== PAUSE TestEnumMemberValuesAndReverseNameMatchNode
=== RUN   TestEnumFlagProofsWithoutObservableLoweringEffect
=== PAUSE TestEnumFlagProofsWithoutObservableLoweringEffect
=== RUN   TestEnumReverseMappingUsesSingleSlot
=== PAUSE TestEnumReverseMappingUsesSingleSlot
=== RUN   TestNumericEnumsAreOpen
=== PAUSE TestNumericEnumsAreOpen
=== CONT  TestFlagEnumsDomain
=== CONT  TestFlagEnumInlineIteration
=== NAME  TestFlagEnumsDomain
    enum_flags_test.go:70: bitwise_updates
=== CONT  TestEnumNameEnumeration
=== CONT  TestFlagEnumMemberAliases
=== CONT  TestFlagEnumLiteralSpellings
--- PASS: TestFlagEnumInlineIteration (0.23s)
=== CONT  TestEnumNeverDefault
=== NAME  TestFlagEnumsDomain
    enum_flags_test.go:70: alias
--- PASS: TestFlagEnumMemberAliases (0.24s)
=== CONT  TestEnumFlagProofsWithoutObservableLoweringEffect
--- PASS: TestEnumNameEnumeration (0.24s)
=== CONT  TestNumericEnumsAreOpen
    enums_open_test.go:23: singleton
--- PASS: TestFlagEnumLiteralSpellings (0.29s)
=== CONT  TestEnumMemberValuesAndReverseNameMatchNode
--- PASS: TestEnumFlagProofsWithoutObservableLoweringEffect (0.15s)
=== CONT  TestEnumReverseMappingUsesSingleSlot
--- PASS: TestEnumReverseMappingUsesSingleSlot (0.05s)
--- PASS: TestEnumNeverDefault (0.24s)
=== NAME  TestFlagEnumsDomain
    enum_flags_test.go:70: or
=== NAME  TestNumericEnumsAreOpen
    enums_open_test.go:23: member_tags
=== NAME  TestFlagEnumsDomain
    enum_flags_test.go:70: xor
=== NAME  TestNumericEnumsAreOpen
    enums_open_test.go:23: coalesce
--- PASS: TestEnumMemberValuesAndReverseNameMatchNode (0.41s)
=== NAME  TestFlagEnumsDomain
    enum_flags_test.go:70: and_left
=== NAME  TestNumericEnumsAreOpen
    enums_open_test.go:23: arithmetic
=== NAME  TestFlagEnumsDomain
    enum_flags_test.go:70: and_right
=== NAME  TestNumericEnumsAreOpen
    enums_open_test.go:23: signed_flags
=== NAME  TestFlagEnumsDomain
    enum_flags_test.go:70: and_complement
=== NAME  TestNumericEnumsAreOpen
    enums_open_test.go:23: cast
=== NAME  TestFlagEnumsDomain
    enum_flags_test.go:70: nested
=== NAME  TestNumericEnumsAreOpen
    enums_open_test.go:23: containers
=== NAME  TestFlagEnumsDomain
    enum_flags_test.go:70: field
=== NAME  TestNumericEnumsAreOpen
    enums_open_test.go:23: optional_object
=== NAME  TestFlagEnumsDomain
    enum_flags_test.go:70: array
--- PASS: TestNumericEnumsAreOpen (1.31s)
=== NAME  TestFlagEnumsDomain
    enum_flags_test.go:70: map
    enum_flags_test.go:70: parameter
    enum_flags_test.go:70: optional
    enum_flags_test.go:70: switch
--- PASS: TestFlagEnumsDomain (2.22s)
PASS
ok  	github.com/system-inc/adamic/internal/lower	2.229s
