=== RUN   TestCustomRegexGuardMutant
    validation_test.go:786: custom regexp guard mutant caught by missing exit-70 refusal and Go comparison on Node
    validation_test.go:786: custom regexp guard mutant caught by missing exit-70 refusal and Go comparison on emitted JavaScript
    validation_test.go:786: custom regexp guard mutant caught by missing exit-70 refusal and Go comparison on sanitized native
--- PASS: TestCustomRegexGuardMutant (21.89s)
=== RUN   TestConfiguredCallees
    validation_test.go:802: Go, Node, emitted JavaScript, ASan/UBSan native: 1642 identical bytes
--- PASS: TestConfiguredCallees (17.94s)
=== RUN   TestPositiveThroughput
    validation_test.go:838: positive witness better-tailwindcss/enforce-consistent-important-position native: 300 findings / 0.007361s = 40753.30 findings/s
    validation_test.go:838: positive witness better-tailwindcss/enforce-consistent-important-position Node: 300 findings / 0.129755s = 2312.05 findings/s
    validation_test.go:838: positive witness better-tailwindcss/enforce-consistent-important-position Go: 300 findings / 0.012239s = 24511.18 findings/s
    validation_test.go:838: positive witness better-tailwindcss/enforce-consistent-variable-syntax native: 300 findings / 0.008219s = 36500.68 findings/s
    validation_test.go:838: positive witness better-tailwindcss/enforce-consistent-variable-syntax Node: 300 findings / 0.134597s = 2228.88 findings/s
    validation_test.go:838: positive witness better-tailwindcss/enforce-consistent-variable-syntax Go: 300 findings / 0.011576s = 25915.26 findings/s
    validation_test.go:838: positive witness better-tailwindcss/enforce-consistent-variant-order native: 300 findings / 0.020028s = 14979.15 findings/s
    validation_test.go:838: positive witness better-tailwindcss/enforce-consistent-variant-order Node: 300 findings / 0.151293s = 1982.90 findings/s
    validation_test.go:838: positive witness better-tailwindcss/enforce-consistent-variant-order Go: 300 findings / 0.025853s = 11603.94 findings/s
--- PASS: TestPositiveThroughput (8.17s)
PASS
ok  	github.com/system-inc/adamic/stage1/cohere/lint/rules/tailwind-important-position	48.012s
