=== RUN   TestCheckedViewDictionaryComponents
=== PAUSE TestCheckedViewDictionaryComponents
=== RUN   TestCheckedViewDictionaryComponentMutants
=== PAUSE TestCheckedViewDictionaryComponentMutants
=== RUN   TestCheckedViewPrimitiveArraySafety
=== RUN   TestCheckedViewPrimitiveArraySafety/ordinary
=== RUN   TestCheckedViewPrimitiveArraySafety/alias
=== RUN   TestCheckedViewPrimitiveArraySafety/index
=== RUN   TestCheckedViewPrimitiveArraySafety/typeof
=== RUN   TestCheckedViewPrimitiveArraySafety/sparse
=== RUN   TestCheckedViewPrimitiveArraySafety/negative
=== RUN   TestCheckedViewPrimitiveArraySafety/fraction
=== RUN   TestCheckedViewPrimitiveArraySafety/optional
=== RUN   TestCheckedViewPrimitiveArraySafety/finite-good
=== RUN   TestCheckedViewPrimitiveArraySafety/finite-wrong
--- PASS: TestCheckedViewPrimitiveArraySafety (17.90s)
    --- PASS: TestCheckedViewPrimitiveArraySafety/ordinary (1.48s)
    --- PASS: TestCheckedViewPrimitiveArraySafety/alias (1.06s)
    --- PASS: TestCheckedViewPrimitiveArraySafety/index (1.84s)
    --- PASS: TestCheckedViewPrimitiveArraySafety/typeof (3.24s)
    --- PASS: TestCheckedViewPrimitiveArraySafety/sparse (0.85s)
    --- PASS: TestCheckedViewPrimitiveArraySafety/negative (0.72s)
    --- PASS: TestCheckedViewPrimitiveArraySafety/fraction (0.78s)
    --- PASS: TestCheckedViewPrimitiveArraySafety/optional (2.56s)
    --- PASS: TestCheckedViewPrimitiveArraySafety/finite-good (3.53s)
    --- PASS: TestCheckedViewPrimitiveArraySafety/finite-wrong (1.84s)
=== RUN   TestCheckedViewOriginalDictionaryPrimitiveComponents
=== RUN   TestCheckedViewOriginalDictionaryPrimitiveComponents/compileroptions/string
=== RUN   TestCheckedViewOriginalDictionaryPrimitiveComponents/compileroptions/number
    checked_views_primitive_dictionaries_test.go:88: untested dictionary first member caught by Node control
    checked_views_primitive_dictionaries_test.go:88: untested dictionary first member caught by Node control
=== RUN   TestCheckedViewOriginalDictionaryPrimitiveComponents/compileroptions/boolean
=== RUN   TestCheckedViewOriginalDictionaryPrimitiveComponents/compileroptions/null
    checked_views_primitive_dictionaries_test.go:91: null/undefined erasure mutant caught by Node null control
    checked_views_primitive_dictionaries_test.go:91: null/undefined erasure mutant caught by Node null control
=== RUN   TestCheckedViewOriginalDictionaryPrimitiveComponents/compileroptions/undefined
=== RUN   TestCheckedViewOriginalDictionaryPrimitiveComponents/compileroptions/missing
=== RUN   TestCheckedViewOriginalDictionaryPrimitiveComponents/compileroptions/wrong
    checked_views_primitive_dictionaries_test.go:85: actual function-member admission mutant caught by named read pin
    checked_views_primitive_dictionaries_test.go:85: actual function-member admission mutant caught by named read pin
=== RUN   TestCheckedViewOriginalDictionaryPrimitiveComponents/compileroptions/wrong-array
=== RUN   TestCheckedViewOriginalDictionaryPrimitiveComponents/compileroptions/wrong-object
=== RUN   TestCheckedViewOriginalDictionaryPrimitiveComponents/optionsbase/string
=== RUN   TestCheckedViewOriginalDictionaryPrimitiveComponents/optionsbase/number
    checked_views_primitive_dictionaries_test.go:88: untested dictionary first member caught by Node control
    checked_views_primitive_dictionaries_test.go:88: untested dictionary first member caught by Node control
=== RUN   TestCheckedViewOriginalDictionaryPrimitiveComponents/optionsbase/boolean
=== RUN   TestCheckedViewOriginalDictionaryPrimitiveComponents/optionsbase/null
    checked_views_primitive_dictionaries_test.go:91: null/undefined erasure mutant caught by Node null control
    checked_views_primitive_dictionaries_test.go:91: null/undefined erasure mutant caught by Node null control
=== RUN   TestCheckedViewOriginalDictionaryPrimitiveComponents/optionsbase/undefined
=== RUN   TestCheckedViewOriginalDictionaryPrimitiveComponents/optionsbase/missing
=== RUN   TestCheckedViewOriginalDictionaryPrimitiveComponents/optionsbase/wrong
    checked_views_primitive_dictionaries_test.go:85: actual function-member admission mutant caught by named read pin
    checked_views_primitive_dictionaries_test.go:85: actual function-member admission mutant caught by named read pin
=== RUN   TestCheckedViewOriginalDictionaryPrimitiveComponents/optionsbase/wrong-array
=== RUN   TestCheckedViewOriginalDictionaryPrimitiveComponents/optionsbase/wrong-object
=== RUN   TestCheckedViewOriginalDictionaryPrimitiveComponents/buildoptions/string
=== RUN   TestCheckedViewOriginalDictionaryPrimitiveComponents/buildoptions/number
    checked_views_primitive_dictionaries_test.go:88: untested dictionary first member caught by Node control
    checked_views_primitive_dictionaries_test.go:88: untested dictionary first member caught by Node control
=== RUN   TestCheckedViewOriginalDictionaryPrimitiveComponents/buildoptions/boolean
=== RUN   TestCheckedViewOriginalDictionaryPrimitiveComponents/buildoptions/null
    checked_views_primitive_dictionaries_test.go:91: null/undefined erasure mutant caught by Node null control
    checked_views_primitive_dictionaries_test.go:91: null/undefined erasure mutant caught by Node null control
=== RUN   TestCheckedViewOriginalDictionaryPrimitiveComponents/buildoptions/undefined
=== RUN   TestCheckedViewOriginalDictionaryPrimitiveComponents/buildoptions/missing
=== RUN   TestCheckedViewOriginalDictionaryPrimitiveComponents/buildoptions/wrong
    checked_views_primitive_dictionaries_test.go:85: actual function-member admission mutant caught by named read pin
    checked_views_primitive_dictionaries_test.go:85: actual function-member admission mutant caught by named read pin
=== RUN   TestCheckedViewOriginalDictionaryPrimitiveComponents/buildoptions/wrong-array
=== RUN   TestCheckedViewOriginalDictionaryPrimitiveComponents/buildoptions/wrong-object
--- PASS: TestCheckedViewOriginalDictionaryPrimitiveComponents (76.87s)
    --- PASS: TestCheckedViewOriginalDictionaryPrimitiveComponents/compileroptions/string (5.05s)
    --- PASS: TestCheckedViewOriginalDictionaryPrimitiveComponents/compileroptions/number (3.96s)
    --- PASS: TestCheckedViewOriginalDictionaryPrimitiveComponents/compileroptions/boolean (2.65s)
    --- PASS: TestCheckedViewOriginalDictionaryPrimitiveComponents/compileroptions/null (2.66s)
    --- PASS: TestCheckedViewOriginalDictionaryPrimitiveComponents/compileroptions/undefined (3.15s)
    --- PASS: TestCheckedViewOriginalDictionaryPrimitiveComponents/compileroptions/missing (2.83s)
    --- PASS: TestCheckedViewOriginalDictionaryPrimitiveComponents/compileroptions/wrong (2.55s)
    --- PASS: TestCheckedViewOriginalDictionaryPrimitiveComponents/compileroptions/wrong-array (2.16s)
    --- PASS: TestCheckedViewOriginalDictionaryPrimitiveComponents/compileroptions/wrong-object (2.32s)
    --- PASS: TestCheckedViewOriginalDictionaryPrimitiveComponents/optionsbase/string (2.90s)
    --- PASS: TestCheckedViewOriginalDictionaryPrimitiveComponents/optionsbase/number (2.90s)
    --- PASS: TestCheckedViewOriginalDictionaryPrimitiveComponents/optionsbase/boolean (2.79s)
    --- PASS: TestCheckedViewOriginalDictionaryPrimitiveComponents/optionsbase/null (3.55s)
    --- PASS: TestCheckedViewOriginalDictionaryPrimitiveComponents/optionsbase/undefined (2.85s)
    --- PASS: TestCheckedViewOriginalDictionaryPrimitiveComponents/optionsbase/missing (3.83s)
    --- PASS: TestCheckedViewOriginalDictionaryPrimitiveComponents/optionsbase/wrong (4.41s)
    --- PASS: TestCheckedViewOriginalDictionaryPrimitiveComponents/optionsbase/wrong-array (3.73s)
    --- PASS: TestCheckedViewOriginalDictionaryPrimitiveComponents/optionsbase/wrong-object (6.45s)
    --- PASS: TestCheckedViewOriginalDictionaryPrimitiveComponents/buildoptions/string (1.77s)
    --- PASS: TestCheckedViewOriginalDictionaryPrimitiveComponents/buildoptions/number (2.62s)
    --- PASS: TestCheckedViewOriginalDictionaryPrimitiveComponents/buildoptions/boolean (1.49s)
    --- PASS: TestCheckedViewOriginalDictionaryPrimitiveComponents/buildoptions/null (2.59s)
    --- PASS: TestCheckedViewOriginalDictionaryPrimitiveComponents/buildoptions/undefined (2.39s)
    --- PASS: TestCheckedViewOriginalDictionaryPrimitiveComponents/buildoptions/missing (1.94s)
    --- PASS: TestCheckedViewOriginalDictionaryPrimitiveComponents/buildoptions/wrong (1.27s)
    --- PASS: TestCheckedViewOriginalDictionaryPrimitiveComponents/buildoptions/wrong-array (0.98s)
    --- PASS: TestCheckedViewOriginalDictionaryPrimitiveComponents/buildoptions/wrong-object (1.05s)
=== RUN   TestCheckedViewPrimitiveDictionarySelector
=== RUN   TestCheckedViewPrimitiveDictionarySelector/string
=== RUN   TestCheckedViewPrimitiveDictionarySelector/number
    checked_views_primitive_dictionaries_test.go:126: untested dictionary first member caught by Node control
    checked_views_primitive_dictionaries_test.go:126: untested dictionary first member caught by Node control
=== RUN   TestCheckedViewPrimitiveDictionarySelector/boolean
=== RUN   TestCheckedViewPrimitiveDictionarySelector/null
    checked_views_primitive_dictionaries_test.go:129: null/undefined erasure mutant caught by Node null control
    checked_views_primitive_dictionaries_test.go:129: null/undefined erasure mutant caught by Node null control
=== RUN   TestCheckedViewPrimitiveDictionarySelector/undefined
=== RUN   TestCheckedViewPrimitiveDictionarySelector/missing
=== RUN   TestCheckedViewPrimitiveDictionarySelector/record
=== RUN   TestCheckedViewPrimitiveDictionarySelector/wrong
    checked_views_primitive_dictionaries_test.go:133: actual function-member admission mutant caught by named read pin
    checked_views_primitive_dictionaries_test.go:133: actual function-member admission mutant caught by named read pin
--- PASS: TestCheckedViewPrimitiveDictionarySelector (9.12s)
    --- PASS: TestCheckedViewPrimitiveDictionarySelector/string (1.11s)
    --- PASS: TestCheckedViewPrimitiveDictionarySelector/number (1.30s)
    --- PASS: TestCheckedViewPrimitiveDictionarySelector/boolean (1.05s)
    --- PASS: TestCheckedViewPrimitiveDictionarySelector/null (1.33s)
    --- PASS: TestCheckedViewPrimitiveDictionarySelector/undefined (0.85s)
    --- PASS: TestCheckedViewPrimitiveDictionarySelector/missing (1.01s)
    --- PASS: TestCheckedViewPrimitiveDictionarySelector/record (1.22s)
    --- PASS: TestCheckedViewPrimitiveDictionarySelector/wrong (1.24s)
=== CONT  TestCheckedViewDictionaryComponents
=== CONT  TestCheckedViewDictionaryComponentMutants
=== RUN   TestCheckedViewDictionaryComponentMutants/skip-check
    checked_views_dictionaries_test.go:96: pinned exit-70 diagnostic catches mutant: exit=0 stdout="[object Object]\nundefined\n"
    checked_views_dictionaries_test.go:96: pinned exit-70 diagnostic catches mutant: exit=0 stdout="[object Object]\nundefined\n"
=== RUN   TestCheckedViewDictionaryComponentMutants/accept-wrong-shape
=== RUN   TestCheckedViewDictionaryComponents/options-good
=== NAME  TestCheckedViewDictionaryComponentMutants/accept-wrong-shape
    checked_views_dictionaries_test.go:96: pinned exit-70 diagnostic catches mutant: exit=0 stdout="undefined\n"
    checked_views_dictionaries_test.go:96: pinned exit-70 diagnostic catches mutant: exit=0 stdout="undefined\n"
=== RUN   TestCheckedViewDictionaryComponentMutants/drop-transitive-contract
=== RUN   TestCheckedViewDictionaryComponents/options-wrong
=== NAME  TestCheckedViewDictionaryComponentMutants/drop-transitive-contract
    checked_views_dictionaries_test.go:96: pinned exit-70 diagnostic catches mutant: exit=0 stdout="42\n"
    checked_views_dictionaries_test.go:96: pinned exit-70 diagnostic catches mutant: exit=0 stdout="42\n"
--- PASS: TestCheckedViewDictionaryComponentMutants (1.96s)
    --- PASS: TestCheckedViewDictionaryComponentMutants/skip-check (0.69s)
    --- PASS: TestCheckedViewDictionaryComponentMutants/accept-wrong-shape (0.80s)
    --- PASS: TestCheckedViewDictionaryComponentMutants/drop-transitive-contract (0.47s)
=== RUN   TestCheckedViewDictionaryComponents/nested-good
=== RUN   TestCheckedViewDictionaryComponents/nested-wrong
=== RUN   TestCheckedViewDictionaryComponents/array-wrong
--- PASS: TestCheckedViewDictionaryComponents (3.97s)
    --- PASS: TestCheckedViewDictionaryComponents/options-good (0.58s)
    --- PASS: TestCheckedViewDictionaryComponents/options-wrong (0.92s)
    --- PASS: TestCheckedViewDictionaryComponents/nested-good (0.58s)
    --- PASS: TestCheckedViewDictionaryComponents/nested-wrong (0.48s)
    --- PASS: TestCheckedViewDictionaryComponents/array-wrong (0.43s)
PASS
gate cache: native hits=0 misses=31
gate cache: node hits=0 misses=115
gate cache: probe hits=0 misses=0
ok  	github.com/system-inc/adamic/internal/oracle	107.925s
