--- FAIL: TestNodeFSFileOptionsBorrow (0.03s)
    library_node_fs_file_test.go:14: Load: load: node:* imports require @types/node 25.3.3 installed in stage3/api/node_modules/@types/node
--- FAIL: TestNodeFSFileDoesNotAuthorizeMutableWidening (0.03s)
    library_node_fs_file_test.go:21: Load: load: node:* imports require @types/node 25.3.3 installed in stage3/api/node_modules/@types/node
--- FAIL: TestNodeFSFileRefusesOptionEffects (0.07s)
    library_node_fs_file_test.go:28: Load: load: node:* imports require @types/node 25.3.3 installed in stage3/api/node_modules/@types/node
--- FAIL: TestNodeFSFileRefusesVoidValues (0.05s)
    library_node_fs_file_test.go:35: Load: load: node:* imports require @types/node 25.3.3 installed in stage3/api/node_modules/@types/node
--- FAIL: TestNodeFSFileRefusesPinnedUnsupportedOverloads (0.21s)
    --- FAIL: TestNodeFSFileRefusesPinnedUnsupportedOverloads/readFileSync (0.04s)
        library_node_fs_file_test.go:50: Load: load: node:* imports require @types/node 25.3.3 installed in stage3/api/node_modules/@types/node
    --- FAIL: TestNodeFSFileRefusesPinnedUnsupportedOverloads/openSync (0.03s)
        library_node_fs_file_test.go:50: Load: load: node:* imports require @types/node 25.3.3 installed in stage3/api/node_modules/@types/node
    --- FAIL: TestNodeFSFileRefusesPinnedUnsupportedOverloads/statSync (0.03s)
        library_node_fs_file_test.go:50: Load: load: node:* imports require @types/node 25.3.3 installed in stage3/api/node_modules/@types/node
    --- FAIL: TestNodeFSFileRefusesPinnedUnsupportedOverloads/readSync (0.06s)
        library_node_fs_file_test.go:50: Load: load: node:* imports require @types/node 25.3.3 installed in stage3/api/node_modules/@types/node
    --- FAIL: TestNodeFSFileRefusesPinnedUnsupportedOverloads/writeFileSync (0.05s)
        library_node_fs_file_test.go:50: Load: load: node:* imports require @types/node 25.3.3 installed in stage3/api/node_modules/@types/node
--- FAIL: TestNodeFSFileNamespaceImport (0.03s)
    library_node_fs_file_test.go:60: Load: load: node:* imports require @types/node 25.3.3 installed in stage3/api/node_modules/@types/node
--- FAIL: TestNodeFSFileQualifiedErrorType (0.02s)
    library_node_fs_file_test.go:66: Load: load: node:* imports require @types/node 25.3.3 installed in stage3/api/node_modules/@types/node
--- FAIL: TestNodeFSFileKeepsDetachedMethodRefusal (0.06s)
    library_node_fs_file_test.go:74: Load: load: node:* imports require @types/node 25.3.3 installed in stage3/api/node_modules/@types/node
--- FAIL: TestNodeFSFileBufferBorrow (0.03s)
    library_node_fs_file_test.go:82: Load: load: node:* imports require @types/node 25.3.3 installed in stage3/api/node_modules/@types/node
--- FAIL: TestNodeFSFileScratchOptionsBorrow (0.02s)
    library_node_fs_file_test.go:92: Load: load: node:* imports require @types/node 25.3.3 installed in stage3/api/node_modules/@types/node
--- FAIL: TestNodeFSFileScratchOverloadsAreNamed (0.05s)
    library_node_fs_file_test.go:104: Load: load: node:* imports require @types/node 25.3.3 installed in stage3/api/node_modules/@types/node
--- FAIL: TestNodeLibraryNamesUnimplementedMembers (0.45s)
    --- FAIL: TestNodeLibraryNamesUnimplementedMembers/node:fs.copyFileSync (0.03s)
        library_node_test.go:26: Load: load: node:* imports require @types/node 25.3.3 installed in stage3/api/node_modules/@types/node
    --- FAIL: TestNodeLibraryNamesUnimplementedMembers/node:fs.readFile (0.04s)
        library_node_test.go:26: Load: load: node:* imports require @types/node 25.3.3 installed in stage3/api/node_modules/@types/node
    --- FAIL: TestNodeLibraryNamesUnimplementedMembers/node:path.toNamespacedPath (0.04s)
        library_node_test.go:26: Load: load: node:* imports require @types/node 25.3.3 installed in stage3/api/node_modules/@types/node
    --- FAIL: TestNodeLibraryNamesUnimplementedMembers/node:os.userInfo (0.07s)
        library_node_test.go:26: Load: load: node:* imports require @types/node 25.3.3 installed in stage3/api/node_modules/@types/node
    --- FAIL: TestNodeLibraryNamesUnimplementedMembers/node:crypto.randomUUID (0.03s)
        library_node_test.go:26: Load: load: node:* imports require @types/node 25.3.3 installed in stage3/api/node_modules/@types/node
    --- FAIL: TestNodeLibraryNamesUnimplementedMembers/node:buffer.BufferConstructor.byteLength (0.10s)
        library_node_test.go:26: Load: load: node:* imports require @types/node 25.3.3 installed in stage3/api/node_modules/@types/node
    --- FAIL: TestNodeLibraryNamesUnimplementedMembers/node:path.sep (0.09s)
        library_node_test.go:26: Load: load: node:* imports require @types/node 25.3.3 installed in stage3/api/node_modules/@types/node
    --- FAIL: TestNodeLibraryNamesUnimplementedMembers/node:fs.readFile#01 (0.04s)
        library_node_test.go:26: Load: load: node:* imports require @types/node 25.3.3 installed in stage3/api/node_modules/@types/node
--- FAIL: TestNodeLibraryDoesNotRefuseTypeOnlyOrUserNames (0.03s)
    library_node_test.go:40: Load: load: node:* imports require @types/node 25.3.3 installed in stage3/api/node_modules/@types/node
--- FAIL: TestNodeLibraryDistinguishesReceiverOwners (0.03s)
    library_node_test.go:54: load: node:* imports require @types/node 25.3.3 installed in stage3/api/node_modules/@types/node
--- FAIL: TestNodeLibraryQualifiedTypeAssertion (0.03s)
    library_node_test.go:77: Load: load: node:* imports require @types/node 25.3.3 installed in stage3/api/node_modules/@types/node
--- FAIL: TestNamespaceAmbientHostInitialization (0.05s)
    --- FAIL: TestNamespaceAmbientHostInitialization/realpath (0.03s)
        namespaces_ambient_test.go:22: load: node:* imports require @types/node 25.3.3 installed in stage3/api/node_modules/@types/node
    --- FAIL: TestNamespaceAmbientHostInitialization/cwd (0.02s)
        namespaces_ambient_test.go:22: load: node:* imports require @types/node 25.3.3 installed in stage3/api/node_modules/@types/node
--- FAIL: TestNodeBufferRefusals (0.00s)
    --- FAIL: TestNodeBufferRefusals/buffer_alloc (0.04s)
        library_node_buffer_test.go:28: Load: load: node:* imports require @types/node 25.3.3 installed in stage3/api/node_modules/@types/node
    --- FAIL: TestNodeBufferRefusals/encoding (0.02s)
        library_node_buffer_test.go:28: Load: load: node:* imports require @types/node 25.3.3 installed in stage3/api/node_modules/@types/node
    --- FAIL: TestNodeBufferRefusals/structural_hash_view (0.01s)
        library_node_buffer_test.go:28: Load: load: node:* imports require @types/node 25.3.3 installed in stage3/api/node_modules/@types/node
    --- FAIL: TestNodeBufferRefusals/typed_array_view (0.01s)
        library_node_buffer_test.go:28: Load: load: node:* imports require @types/node 25.3.3 installed in stage3/api/node_modules/@types/node
    --- FAIL: TestNodeBufferRefusals/detached (0.01s)
        library_node_buffer_test.go:28: Load: load: node:* imports require @types/node 25.3.3 installed in stage3/api/node_modules/@types/node
    --- FAIL: TestNodeBufferRefusals/digest (0.01s)
        library_node_buffer_test.go:28: Load: load: node:* imports require @types/node 25.3.3 installed in stage3/api/node_modules/@types/node
    --- FAIL: TestNodeBufferRefusals/algorithm (0.02s)
        library_node_buffer_test.go:28: Load: load: node:* imports require @types/node 25.3.3 installed in stage3/api/node_modules/@types/node
    --- FAIL: TestNodeBufferRefusals/catch (0.03s)
        library_node_buffer_test.go:28: Load: load: node:* imports require @types/node 25.3.3 installed in stage3/api/node_modules/@types/node
    --- FAIL: TestNodeBufferRefusals/hash_inherited_read (0.01s)
        library_node_buffer_test.go:28: Load: load: node:* imports require @types/node 25.3.3 installed in stage3/api/node_modules/@types/node
    --- FAIL: TestNodeBufferRefusals/crypto_constructor (0.07s)
        library_node_buffer_test.go:28: Load: load: node:* imports require @types/node 25.3.3 installed in stage3/api/node_modules/@types/node
    --- FAIL: TestNodeBufferRefusals/hash_copy (0.03s)
        library_node_buffer_test.go:28: Load: load: node:* imports require @types/node 25.3.3 installed in stage3/api/node_modules/@types/node
    --- FAIL: TestNodeBufferRefusals/buffer_read (0.03s)
        library_node_buffer_test.go:28: Load: load: node:* imports require @types/node 25.3.3 installed in stage3/api/node_modules/@types/node
    --- FAIL: TestNodeBufferRefusals/crypto_random (0.10s)
        library_node_buffer_test.go:28: Load: load: node:* imports require @types/node 25.3.3 installed in stage3/api/node_modules/@types/node
    --- FAIL: TestNodeBufferRefusals/buffer_isUtf8 (0.09s)
        library_node_buffer_test.go:28: Load: load: node:* imports require @types/node 25.3.3 installed in stage3/api/node_modules/@types/node
FAIL
FAIL	github.com/system-inc/adamic/internal/lower	118.276s
ok  	github.com/system-inc/adamic/internal/native	437.854s
FAIL
