error: patch failed: internal/ir/ir.go:376
error: internal/ir/ir.go: patch does not apply
error: internal/ir/view_dictionaries.go: No such file or directory
error: patch failed: internal/javascript/javascript.go:963
error: internal/javascript/javascript.go: patch does not apply
error: internal/javascript/view_dictionaries.go: No such file or directory
error: patch failed: internal/lower/cast.go:14
error: internal/lower/cast.go: patch does not apply
error: patch failed: internal/lower/cast_proof.go:97
error: internal/lower/cast_proof.go: patch does not apply
error: patch failed: internal/lower/readiness.go:362
error: internal/lower/readiness.go: patch does not apply
error: internal/lower/records.go: No such file or directory
error: internal/lower/view_dictionaries.go: No such file or directory
error: patch failed: internal/lower/view_lazy.go:111
error: internal/lower/view_lazy.go: patch does not apply
error: internal/native/runtime/view_dictionaries.c: No such file or directory
error: internal/native/runtime/view_dictionaries.h: No such file or directory
error: patch failed: internal/native/union.go:55
error: internal/native/union.go: patch does not apply
error: internal/oracle/checked_views_primitive_dictionaries_test.go: No such file or directory
error: stage3/interface-downcasts/dictionaries/recheck-results.json: No such file or directory
