error: patch failed: internal/ir/views.go:14
error: internal/ir/views.go: patch does not apply
error: patch failed: internal/javascript/readiness.go:5
error: internal/javascript/readiness.go: patch does not apply
error: internal/javascript/view_unions.go: No such file or directory
error: patch failed: internal/lower/collections.go:345
error: internal/lower/collections.go: patch does not apply
error: patch failed: internal/lower/expression.go:13
error: internal/lower/expression.go: patch does not apply
error: patch failed: internal/lower/object.go:84
error: internal/lower/object.go: patch does not apply
error: patch failed: internal/lower/view_contracts.go:15
error: internal/lower/view_contracts.go: patch does not apply
error: internal/lower/view_lazy.go: already exists in working directory
error: patch failed: internal/lower/view_objects.go:30
error: internal/lower/view_objects.go: patch does not apply
error: patch failed: internal/native/runtime/adamic.h:28
error: internal/native/runtime/adamic.h: patch does not apply
error: internal/native/view_unions.go: No such file or directory
error: patch failed: internal/oracle/counts.md:17
error: internal/oracle/counts.md: patch does not apply
error: patch failed: internal/oracle/interface_cast_counts_test.go:42
error: internal/oracle/interface_cast_counts_test.go: patch does not apply
