=== RUN   TestHelpersMatchCohere
    helpers_test.go:101: 22412 oracle output lines matched Go, Node and sanitized native
--- PASS: TestHelpersMatchCohere (17.27s)
=== RUN   TestHelperMutants
=== RUN   TestHelperMutants/options_json.ts
    helpers_test.go:145: compiled semantic mutant caught at output line 15157: got "valid", Go "invalid"
=== RUN   TestHelperMutants/option_schema.ts
    helpers_test.go:145: compiled semantic mutant caught at output line 15166: got "valid", Go "invalid"
=== RUN   TestHelperMutants/policy_message.ts
    helpers_test.go:145: compiled semantic mutant caught at output line 22166: got "This throws a bare `{{constructor}}`, which names no declared failure. Raise it through the tier that declares it, `AccountModule.error(identifier, data, cause)`, `ApiWorker.error(...)` or `Base.error(...)`. A bare throw carries no identifier, so the board groups it by its message and one interpolated value mints one identity per value, and it normalizes to 500, so a refusal reads as our fault.", Go "This throws a bare `sentinel é😀`, which names no declared failure. Raise it through the tier that declares it, `AccountModule.error(identifier, data, cause)`, `ApiWorker.error(...)` or `Base.error(...)`. A bare throw carries no identifier, so the board groups it by its message and one interpolated value mints one identity per value, and it normalizes to 500, so a refusal reads as our fault."
=== RUN   TestHelperMutants/strict_options.ts
    helpers_test.go:145: compiled semantic mutant caught at output line 15178: got "valid", Go "invalid"
--- PASS: TestHelperMutants (41.59s)
    --- PASS: TestHelperMutants/options_json.ts (7.12s)
    --- PASS: TestHelperMutants/option_schema.ts (12.14s)
    --- PASS: TestHelperMutants/policy_message.ts (7.89s)
    --- PASS: TestHelperMutants/strict_options.ts (7.10s)
=== RUN   TestMessageRefusalsMatchGo
    helpers_test.go:237: 10 message refusal cases match Go on Node and sanitized native
--- PASS: TestMessageRefusalsMatchGo (11.48s)
=== RUN   TestKnownGapsAreExplicit
--- PASS: TestKnownGapsAreExplicit (1.85s)
=== RUN   TestSlot02Batch2
    slot02_batch2_test.go:75: tailwind.*ClassLiteralReader.ClassLiteralsIn: 10 consumers with actual runtime capture
    slot02_batch2_test.go:75: tailwind.SplitClasses: 10 consumers with actual runtime capture
    slot02_batch2_test.go:75: react.IsNamespacedMember: 10 consumers with actual runtime capture
    slot02_batch2_test.go:100: 813 captured inputs; 559 distinct parsed sources; 10303 node projections; 232 split texts; 10304 literal projections; 1114112 separator candidates
    slot02_batch2_test.go:129: Actual Go, Node source, emitted JavaScript and ASan/UBSan native agree
=== RUN   TestSlot02Batch2/namespace_guard
    slot02_batch2_test.go:173: compiled semantic mutant caught at line 433: got "true:1:useState"; Go "false:0:"
=== RUN   TestSlot02Batch2/drop_partial_fields
    slot02_batch2_test.go:173: compiled semantic mutant caught at line 30915: got "split:2"; Go "split:1"
=== RUN   TestSlot02Batch2/Unicode_whitespace
    slot02_batch2_test.go:173: compiled semantic mutant caught at line 30927: got "split:1"; Go "split:2"
=== RUN   TestSlot02Batch2/shared_slice
    slot02_batch2_test.go:173: compiled semantic mutant caught at line 31591: got "literals:1:false:0"; Go "literals:1:true:0"
--- PASS: TestSlot02Batch2 (38.60s)
    --- PASS: TestSlot02Batch2/namespace_guard (7.83s)
    --- PASS: TestSlot02Batch2/drop_partial_fields (7.12s)
    --- PASS: TestSlot02Batch2/Unicode_whitespace (6.67s)
    --- PASS: TestSlot02Batch2/shared_slice (6.94s)
=== RUN   TestSlot02Batch3
    slot02_batch3_test.go:75: react.IsEs5ComponentCall: 6 consumers with actual runtime capture
    slot02_batch3_test.go:75: react.isCreateClassName: 6 consumers with actual runtime capture
    slot02_batch3_test.go:75: tailwind/collapse.isMathFunctionName: 6 consumers with actual runtime capture
    slot02_batch3_test.go:126: 583 captured inputs; 580 distinct parsed sources; 11627 nodes; 371 factory names; 1247 math names
    slot02_batch3_test.go:155: Actual Go, Node source, emitted JavaScript and sanitized native agree
=== RUN   TestSlot02Batch3/standalone_factory
    slot02_batch3_test.go:200: compiled semantic mutant caught at line 117: got "name:false"; Go "name:true"
=== RUN   TestSlot02Batch3/bare_factory_calls
    slot02_batch3_test.go:200: compiled semantic mutant caught at line 431: got "call:false:0:-1:"; Go "call:true:0:-1:"
=== RUN   TestSlot02Batch3/React-only_namespace
    slot02_batch3_test.go:200: compiled semantic mutant caught at line 385: got "call:false:0:-1:"; Go "call:false:1:14:React"
=== RUN   TestSlot02Batch3/math_exact_membership
    slot02_batch3_test.go:200: compiled semantic mutant caught at line 12001: got "math:true"; Go "math:false"
=== RUN   TestSlot02Batch3/math_calc_table_entry
    slot02_batch3_test.go:200: compiled semantic mutant caught at line 12341: got "math:true"; Go "math:false"
--- PASS: TestSlot02Batch3 (19.13s)
    --- PASS: TestSlot02Batch3/standalone_factory (3.09s)
    --- PASS: TestSlot02Batch3/bare_factory_calls (2.92s)
    --- PASS: TestSlot02Batch3/React-only_namespace (2.97s)
    --- PASS: TestSlot02Batch3/math_exact_membership (2.96s)
    --- PASS: TestSlot02Batch3/math_calc_table_entry (3.29s)
=== RUN   TestSlot02Batch4
    slot02_batch4_test.go:75: tailwind/collapse.isValidThemePrefix: 6 consumers with actual runtime capture
    slot02_batch4_test.go:75: tailwind/collapse.namespaceForVariantRoot: 6 consumers with actual runtime capture
    slot02_batch4_test.go:75: tailwind/collapse.convertUnderscoresToWhitespace: 6 consumers with actual runtime capture
    slot02_batch4_test.go:101: 157 captured inputs; 1342 distinct texts; 202 parsed variants
    slot02_batch4_test.go:130: Actual Go, Node source, emitted JavaScript and sanitized native agree
=== RUN   TestSlot02Batch4/empty_prefix
    slot02_batch4_test.go:175: compiled semantic mutant caught at line 1: got "prefix:true"; Go "prefix:false"
=== RUN   TestSlot02Batch4/prefix_z_boundary
    slot02_batch4_test.go:175: compiled semantic mutant caught at line 56045: got "prefix:false"; Go "prefix:true"
=== RUN   TestSlot02Batch4/namespace_root_position
    slot02_batch4_test.go:175: compiled semantic mutant caught at line 28: got "namespace:--container"; Go "namespace:--breakpoint"
=== RUN   TestSlot02Batch4/underscore_skip_flag
    slot02_batch4_test.go:175: compiled semantic mutant caught at line 10: got " \t_"; Go "_\t_"
=== RUN   TestSlot02Batch4/escaped_underscore
    slot02_batch4_test.go:175: compiled semantic mutant caught at line 8: got " \t "; Go " \t_"
--- PASS: TestSlot02Batch4 (33.59s)
    --- PASS: TestSlot02Batch4/empty_prefix (3.99s)
    --- PASS: TestSlot02Batch4/prefix_z_boundary (6.31s)
    --- PASS: TestSlot02Batch4/namespace_root_position (4.52s)
    --- PASS: TestSlot02Batch4/underscore_skip_flag (6.13s)
    --- PASS: TestSlot02Batch4/escaped_underscore (7.42s)
=== RUN   TestSlot02Batch5
    slot02_batch5_test.go:75: tailwind/collapse.DesignSystem.HasUtility: 6 consumers with actual runtime capture
    slot02_batch5_test.go:75: tailwind/collapse.findRoots: 6 consumers with actual runtime capture
    slot02_batch5_test.go:75: tailwind/collapse.PropertySort: 6 consumers with actual runtime capture
    slot02_batch5_test.go:118: 157 captured inputs; 2633 distinct texts; 2186 parsed candidates; 5 stores; 1410 sort trees
    slot02_batch5_test.go:147: Actual Go, Node source, emitted JavaScript and sanitized native agree
=== RUN   TestSlot02Batch5/repository_precedence
    slot02_batch5_test.go:201: compiled semantic mutant caught at line 13168: got "utility:false"; Go "utility:true"
=== RUN   TestSlot02Batch5/repository_kind_truth
    slot02_batch5_test.go:201: compiled semantic mutant caught at line 39496: got "utility:true"; Go "utility:false"
=== RUN   TestSlot02Batch5/static_presence
    slot02_batch5_test.go:201: compiled semantic mutant caught at line 11656: got "utility:false"; Go "utility:true"
=== RUN   TestSlot02Batch5/functional_truth
    slot02_batch5_test.go:201: compiled semantic mutant caught at line 11662: got "utility:true"; Go "utility:false"
=== RUN   TestSlot02Batch5/exact_root_first
    slot02_batch5_test.go:201: compiled semantic mutant caught at line 65827: got "calls:0"; Go "calls:1"
=== RUN   TestSlot02Batch5/empty_value_stop
    slot02_batch5_test.go:201: compiled semantic mutant caught at line 75978: got "roots:2"; Go "roots:0"
=== RUN   TestSlot02Batch5/at_fallback_after_dash_stop
    slot02_batch5_test.go:201: compiled semantic mutant caught at line 72358: got "roots:1"; Go "roots:2"
=== RUN   TestSlot02Batch5/at_callback_short_circuit
    slot02_batch5_test.go:201: compiled semantic mutant caught at line 65847: got "calls:3"; Go "calls:2"
=== RUN   TestSlot02Batch5/sort_single_delegation
    slot02_batch5_test.go:201: compiled semantic mutant caught at line 120864: got "trace:2:true"; Go "trace:1:true"
=== RUN   TestSlot02Batch5/sort_count
    slot02_batch5_test.go:201: compiled semantic mutant caught at line 120863: got "sort:1:[]"; Go "sort:0:[]"
=== RUN   TestSlot02Batch5/sort_order_alias
    slot02_batch5_test.go:201: compiled semantic mutant caught at line 120873: got "alias:2:[39]"; Go "alias:2:[1039]"
=== RUN   TestSlot02Batch5/sort_slice_header
    slot02_batch5_test.go:201: compiled semantic mutant caught at line 120874: got "header:0:0:[]"; Go "header:1:1:[1039]"
=== RUN   TestSlot02Batch5/sort_count_value_semantics
    slot02_batch5_test.go:201: compiled semantic mutant caught at line 120865: got "alias:1000:[]"; Go "alias:0:[]"
=== RUN   TestSlot02Batch5/sort_node_identity
    slot02_batch5_test.go:201: compiled semantic mutant caught at line 120872: got "trace:1:false"; Go "trace:1:true"
--- PASS: TestSlot02Batch5 (55.44s)
    --- PASS: TestSlot02Batch5/repository_precedence (3.39s)
    --- PASS: TestSlot02Batch5/repository_kind_truth (3.36s)
    --- PASS: TestSlot02Batch5/static_presence (3.25s)
    --- PASS: TestSlot02Batch5/functional_truth (3.53s)
    --- PASS: TestSlot02Batch5/exact_root_first (3.40s)
    --- PASS: TestSlot02Batch5/empty_value_stop (3.28s)
    --- PASS: TestSlot02Batch5/at_fallback_after_dash_stop (3.41s)
    --- PASS: TestSlot02Batch5/at_callback_short_circuit (3.37s)
    --- PASS: TestSlot02Batch5/sort_single_delegation (3.60s)
    --- PASS: TestSlot02Batch5/sort_count (3.67s)
    --- PASS: TestSlot02Batch5/sort_order_alias (3.82s)
    --- PASS: TestSlot02Batch5/sort_slice_header (4.24s)
    --- PASS: TestSlot02Batch5/sort_count_value_semantics (4.38s)
    --- PASS: TestSlot02Batch5/sort_node_identity (3.54s)
=== RUN   TestSlot02Batch6
    slot02_batch6_test.go:75: tailwind/collapse.*stylesheetCollector.loadFile: 6 consumers with actual runtime capture
    slot02_batch6_test.go:75: tailwind/collapse.*stylesheetCollector.resolveImport: 6 consumers with actual runtime capture
    slot02_batch6_test.go:75: tailwind/collapse.*stylesheetCollector.ingestCustomVariant: 6 consumers with actual runtime capture
    slot02_batch6_test.go:130: 157 captured inputs; 1625 variant params; 1633 import params; 3457 file loads
    slot02_batch6_test.go:159: Actual Go, Node source, emitted JavaScript and sanitized native agree
=== RUN   TestSlot02Batch6/absolute_error_unwrap_cause
    slot02_batch6_test.go:219: compiled semantic mutant caught at line 35777: got "end-error"; Go "error:getwd: no such file or directory"
=== RUN   TestSlot02Batch6/parse_error_cleanup
    slot02_batch6_test.go:219: compiled semantic mutant caught at line 12826: got "state:true:true:true:0"; Go "state:false:false:true:0"
=== RUN   TestSlot02Batch6/empty_specifier_refused
    slot02_batch6_test.go:219: compiled semantic mutant caught at line 4904: got "resolve:1::/repo/styles"; Go "resolve:0::"
=== RUN   TestSlot02Batch6/visiting_is_a_stack
    slot02_batch6_test.go:219: compiled semantic mutant caught at line 12743: got "state:true:true:true:1"; Go "state:false:false:true:1"
=== RUN   TestSlot02Batch6/ingest_sees_visiting
    slot02_batch6_test.go:219: compiled semantic mutant caught at line 12741: got "ingest-state:false:true:true"; Go "ingest-state:true:true:true"
=== RUN   TestSlot02Batch6/stylesheet_append_precedes_ingest
    slot02_batch6_test.go:219: compiled semantic mutant caught at line 12741: got "ingest-state:true:false:true"; Go "ingest-state:true:true:true"
=== RUN   TestSlot02Batch6/read_error_unwrap_cause
    slot02_batch6_test.go:219: compiled semantic mutant caught at line 12748: got "end-error"; Go "error:open /tmp/adamic-gate/slot02-b6-graphs-4007543220/sheet-0.css-missing: no such file or directory"
=== RUN   TestSlot02Batch6/read_error_cleanup
    slot02_batch6_test.go:219: compiled semantic mutant caught at line 12751: got "state:true:true:true:0"; Go "state:false:false:true:0"
=== RUN   TestSlot02Batch6/cycle_guard
    slot02_batch6_test.go:219: compiled semantic mutant caught at line 12753: got "load-call:read:/tmp/adamic-gate/slot02-b6-graphs-4007543220/sheet-0.css"; Go "error:circular @import: /tmp/adamic-gate/slot02-b6-graphs-4007543220/sheet-0.css imports itself"
=== RUN   TestSlot02Batch6/strip_all_edge_quotes
    slot02_batch6_test.go:219: compiled semantic mutant caught at line 4909: got "resolve:1:\"foo.css\":/repo/styles"; Go "resolve:1:foo.css:/repo/styles"
=== RUN   TestSlot02Batch6/source_modifier_accepted
    slot02_batch6_test.go:219: compiled semantic mutant caught at line 4909: got "resolve:0::"; Go "resolve:1:foo.css:/repo/styles"
=== RUN   TestSlot02Batch6/unsupported_modifier_refuses
    slot02_batch6_test.go:219: compiled semantic mutant caught at line 4915: got "resolve:1:foo.css:/repo/styles"; Go "resolve:0::"
=== RUN   TestSlot02Batch6/resolver_error_unwrap_cause
    slot02_batch6_test.go:219: compiled semantic mutant caught at line 4912: got "end-error"; Go "error:fixture resolver unavailable"
=== RUN   TestSlot02Batch6/resolver_argument_order
    slot02_batch6_test.go:219: compiled semantic mutant caught at line 4909: got "resolve:1:/repo/styles:foo.css"; Go "resolve:1:foo.css:/repo/styles"
=== RUN   TestSlot02Batch6/go_whitespace_includes_NEL
    slot02_batch6_test.go:219: compiled semantic mutant caught at line 4828: got "variant:2:1:\u0085dark-*\u0085:32"; Go "variant:2:1:dark-*:32"
=== RUN   TestSlot02Batch6/go_whitespace_excludes_BOM
    slot02_batch6_test.go:219: compiled semantic mutant caught at line 4894: got "variant:2:1:dark-*:32"; Go "variant:2:1:\ufeffdark-*:32"
=== RUN   TestSlot02Batch6/functional_suffix
    slot02_batch6_test.go:219: compiled semantic mutant caught at line 7: got "added:dark-*:true"; Go "added:dark:true"
=== RUN   TestSlot02Batch6/empty_root_skipped
    slot02_batch6_test.go:219: compiled semantic mutant caught at line 1: got "variant:2:1::32"; Go "variant:1:1::32"
--- PASS: TestSlot02Batch6 (133.63s)
    --- PASS: TestSlot02Batch6/absolute_error_unwrap_cause (7.17s)
    --- PASS: TestSlot02Batch6/parse_error_cleanup (6.59s)
    --- PASS: TestSlot02Batch6/empty_specifier_refused (6.88s)
    --- PASS: TestSlot02Batch6/visiting_is_a_stack (6.63s)
    --- PASS: TestSlot02Batch6/ingest_sees_visiting (6.49s)
    --- PASS: TestSlot02Batch6/stylesheet_append_precedes_ingest (6.28s)
    --- PASS: TestSlot02Batch6/read_error_unwrap_cause (7.36s)
    --- PASS: TestSlot02Batch6/read_error_cleanup (6.91s)
    --- PASS: TestSlot02Batch6/cycle_guard (6.97s)
    --- PASS: TestSlot02Batch6/strip_all_edge_quotes (6.67s)
    --- PASS: TestSlot02Batch6/source_modifier_accepted (6.92s)
    --- PASS: TestSlot02Batch6/unsupported_modifier_refuses (7.63s)
    --- PASS: TestSlot02Batch6/resolver_error_unwrap_cause (7.99s)
    --- PASS: TestSlot02Batch6/resolver_argument_order (7.59s)
    --- PASS: TestSlot02Batch6/go_whitespace_includes_NEL (6.79s)
    --- PASS: TestSlot02Batch6/go_whitespace_excludes_BOM (7.00s)
    --- PASS: TestSlot02Batch6/functional_suffix (6.48s)
    --- PASS: TestSlot02Batch6/empty_root_skipped (6.39s)
=== RUN   TestSlot02Batch7
    slot02_batch7_test.go:60: all Unicode scalars verified: 17.0.0, 1512 noncanonical mappings
    slot02_batch7_test.go:119: imports.CallExpressionSource: 5 consumers with actual runtime capture
    slot02_batch7_test.go:119: jsx.MatchIgnoringCase: 4 consumers with actual runtime capture
    slot02_batch7_test.go:119: jsx.HasAttributeNamed: 4 consumers with actual runtime capture
    slot02_batch7_test.go:145: 578 captured inputs; 522 distinct parsed sources; 10571 nodes; 13880 Unicode/name pairs; 623 attribute targets; Unicode 17.0.0
    slot02_batch7_test.go:174: Actual Go, Node source, emitted JavaScript and sanitized native agree
=== RUN   TestSlot02Batch7/require_argument_count
    slot02_batch7_test.go:225: compiled semantic mutant caught at line 24237: got "call:true:111,110,101,"; Go "call:false:"
=== RUN   TestSlot02Batch7/deferred_imports
    slot02_batch7_test.go:225: compiled semantic mutant caught at line 24291: got "call:false:"; Go "call:true:100,101,102,101,114,114,101,100,"
=== RUN   TestSlot02Batch7/template_literal_source
    slot02_batch7_test.go:225: compiled semantic mutant caught at line 24221: got "call:false:"; Go "call:true:116,101,109,112,108,97,116,101,"
=== RUN   TestSlot02Batch7/empty_source_present
    slot02_batch7_test.go:225: compiled semantic mutant caught at line 24217: got "call:false:"; Go "call:true:"
=== RUN   TestSlot02Batch7/Kelvin_fold
    slot02_batch7_test.go:225: compiled semantic mutant caught at line 161: got "fold:false"; Go "fold:true"
=== RUN   TestSlot02Batch7/long_s_fold
    slot02_batch7_test.go:225: compiled semantic mutant caught at line 187: got "fold:false"; Go "fold:true"
=== RUN   TestSlot02Batch7/supplementary_rune_fold
    slot02_batch7_test.go:225: compiled semantic mutant caught at line 9049: got "fold:false"; Go "fold:true"
=== RUN   TestSlot02Batch7/unequal_string_length
    slot02_batch7_test.go:225: compiled semantic mutant caught at line 4: got "fold:true"; Go "fold:false"
=== RUN   TestSlot02Batch7/attribute_matcher_arguments
    slot02_batch7_test.go:225: compiled semantic mutant caught at line 24861: got "attr:false:1::key|"; Go "attr:false:1:key:|"
=== RUN   TestSlot02Batch7/attribute_order
    slot02_batch7_test.go:225: compiled semantic mutant caught at line 27173: got "attr:false:2:key:|x:|"; Go "attr:false:2:x:|key:|"
=== RUN   TestSlot02Batch7/unnamed_attributes
    slot02_batch7_test.go:225: compiled semantic mutant caught at line 24861: got "attr:true:2:key:|:|"; Go "attr:false:1:key:|"
--- PASS: TestSlot02Batch7 (77.43s)
    --- PASS: TestSlot02Batch7/require_argument_count (5.28s)
    --- PASS: TestSlot02Batch7/deferred_imports (6.39s)
    --- PASS: TestSlot02Batch7/template_literal_source (7.11s)
    --- PASS: TestSlot02Batch7/empty_source_present (5.85s)
    --- PASS: TestSlot02Batch7/Kelvin_fold (5.83s)
    --- PASS: TestSlot02Batch7/long_s_fold (5.99s)
    --- PASS: TestSlot02Batch7/supplementary_rune_fold (6.15s)
    --- PASS: TestSlot02Batch7/unequal_string_length (6.24s)
    --- PASS: TestSlot02Batch7/attribute_matcher_arguments (6.19s)
    --- PASS: TestSlot02Batch7/attribute_order (5.92s)
    --- PASS: TestSlot02Batch7/unnamed_attributes (6.18s)
=== RUN   TestSlot02AttributeName
    slot02_test.go:159: github.com/system-inc/cohere/internal/lint/ecmascript/jsx.AttributeName: 21 consumers, 21 test files, 1056 actual captured inputs, 1068 distinct parsed sources with controls, 19610 nodes, 19611 node queries
    slot02_test.go:164: Go, Node source and sanitized native agree
    slot02_test.go:204: compiled semantic mutant caught at line 1140: got true:, Go false:
--- PASS: TestSlot02AttributeName (12.79s)
=== RUN   TestSlot02PropertyName
    slot02_test.go:159: github.com/system-inc/cohere/internal/lint/ecmascript/property.Name: 14 consumers, 15 test files, 3308 actual captured inputs, 3327 distinct parsed sources with controls, 44212 nodes, 44213 node queries
    slot02_test.go:164: Go, Node source and sanitized native agree
    slot02_test.go:204: compiled semantic mutant caught at line 8290: got true:foo, Go false:
--- PASS: TestSlot02PropertyName (28.73s)
=== RUN   TestSlot02ReaderFor
    slot02_test.go:233: 80 cache/binding observations match actual Go on Node and sanitized native
    slot02_test.go:274: compiled cache-key mutant caught at line 2: got fills:0:1:true, Go fills:1:1:true
--- PASS: TestSlot02ReaderFor (6.16s)
PASS
ok  	github.com/system-inc/adamic/stage1/cohere/lint/helpers	477.730s
