=== RUN   TestNativeAgreesWithNode
=== PAUSE TestNativeAgreesWithNode
=== CONT  TestNativeAgreesWithNode
=== RUN   TestNativeAgreesWithNode/internal/oracle/testdata/scout_nullable_objects.a
=== PAUSE TestNativeAgreesWithNode/internal/oracle/testdata/scout_nullable_objects.a
=== RUN   TestNativeAgreesWithNode/internal/oracle/testdata/scout_nullable_object_stale_field.a
=== PAUSE TestNativeAgreesWithNode/internal/oracle/testdata/scout_nullable_object_stale_field.a
=== RUN   TestNativeAgreesWithNode/internal/oracle/testdata/scout_string_number_fields_locals.a
=== PAUSE TestNativeAgreesWithNode/internal/oracle/testdata/scout_string_number_fields_locals.a
=== RUN   TestNativeAgreesWithNode/internal/oracle/testdata/scout_string_number_stale_field.a
=== PAUSE TestNativeAgreesWithNode/internal/oracle/testdata/scout_string_number_stale_field.a
=== CONT  TestNativeAgreesWithNode/internal/oracle/testdata/scout_nullable_objects.a
=== CONT  TestNativeAgreesWithNode/internal/oracle/testdata/scout_string_number_fields_locals.a
=== CONT  TestNativeAgreesWithNode/internal/oracle/testdata/scout_string_number_stale_field.a
=== CONT  TestNativeAgreesWithNode/internal/oracle/testdata/scout_nullable_object_stale_field.a
--- PASS: TestNativeAgreesWithNode (0.02s)
    --- PASS: TestNativeAgreesWithNode/internal/oracle/testdata/scout_string_number_stale_field.a (0.50s)
    --- PASS: TestNativeAgreesWithNode/internal/oracle/testdata/scout_nullable_object_stale_field.a (0.55s)
    --- PASS: TestNativeAgreesWithNode/internal/oracle/testdata/scout_string_number_fields_locals.a (0.61s)
    --- PASS: TestNativeAgreesWithNode/internal/oracle/testdata/scout_nullable_objects.a (0.65s)
PASS
gate cache: native hits=0 misses=10
gate cache: node hits=0 misses=8
gate cache: probe hits=0 misses=0
ok  	github.com/system-inc/adamic/internal/oracle	0.688s
