--- FAIL: TestNativeAgreesWithNode (0.11s)
    --- FAIL: TestNativeAgreesWithNode/internal/oracle/testdata/borrow_element_virtual_store.a (2.02s)
        oracle_test.go:758: the release build: exit codes differ
            sanitized: exit 1, stdout "", stderr "=================================================================\n==2478578==ERROR: AddressSanitizer: heap-use-after-free on address 0x70c65a9e0108 at pc 0x5c0885f6b0c2 bp 0x7fffaacf5310 sp 0x7fffaacf5308\nREAD of size 8 at 0x70c65a9e0108 thread T0\n    #0 0x5c0885f6b0c1 in adamic_function_0_inspect /home/ahra/full-gate/out/b8bcadb2c493-20261009T181932Z/catalog-units/06-biuk35_d/adamic-build-674442917/main.c:84:92\n    #1 0x5c0885f6ab57 in main /home/ahra/full-gate/out/b8bcadb2c493-20261009T181932Z/catalog-units/06-biuk35_d/adamic-build-674442917/main.c:186:2\n    #2 0x74665b82a1c9  (/lib/x86_64-linux-gnu/libc.so.6+0x2a1c9) (BuildId: a4a7992a8e66555c8141ab2a08a8465ff6e0ea65)\n    #3 0x74665b82a28a in __libc_start_main (/lib/x86_64-linux-gnu/libc.so.6+0x2a28a) (BuildId: a4a7992a8e66555c8141ab2a08a8465ff6e0ea65)\n    #4 0x5c0885e84464 in _start (/home/ahra/full-gate/out/b8bcadb2c493-20261009T181932Z/catalog-units/06-biuk35_d/TestNativeAgreesWithNodeinternaloracletestdataborrow_element2621574574/002/program+0x5a464)\n\n0x70c65a9e0108 is located 40 bytes inside of 58-byte region [0x70c65a9e00e0,0x70c65a9e011a)\nfreed by thread T0 here:\n    #0 0x5c0885f26fd6 in free /home/runner/work/llvm-project/llvm-project/compiler-rt/lib/asan/asan_malloc_linux.cpp:51:3\n    #1 0x5c0885f7e20f in deallocate /home/ahra/.cache/adamic/runtime/.build-204418457/heap.c:212:3\n    #2 0x5c0885f7e20f in free_one /home/ahra/.cache/adamic/runtime/.build-204418457/heap.c:351:2\n    #3 0x5c0885f7e20f in release_last /home/ahra/.cache/adamic/runtime/.build-204418457/heap.c:364:3\n    #4 0x5c0885f6b366 in adamic_function_5_Replacer_read /home/ahra/full-gate/out/b8bcadb2c493-20261009T181932Z/catalog-units/06-biuk35_d/adamic-build-674442917/main.c:164:2\n    #5 0x5c0885f6af7e in adamic_virtual_dispatch_2 /home/ahra/full-gate/out/b8bcadb2c493-20261009T181932Z/catalog-units/06-biuk35_d/adamic-build-674442917/main.c:28:17\n    #6 0x5c0885f6af7e in adamic_function_0_inspect /home/ahra/full-gate/out/b8bcadb2c493-20261009T181932Z/catalog-units/06-biuk35_d/adamic-build-674442917/main.c:82:31\n    #7 0x5c0885f6ab57 in main /home/ahra/full-gate/out/b8bcadb2c493-20261009T181932Z/catalog-units/06-biuk35_d/adamic-build-674442917/main.c:186:2\n    #8 0x74665b82a1c9  (/lib/x86_64-linux-gnu/libc.so.6+0x2a1c9) (BuildId: a4a7992a8e66555c8141ab2a08a8465ff6e0ea65)\n    #9 0x74665b82a28a in __libc_start_main (/lib/x86_64-linux-gnu/libc.so.6+0x2a28a) (BuildId: a4a7992a8e66555c8141ab2a08a8465ff6e0ea65)\n    #10 0x5c0885e84464 in _start (/home/ahra/full-gate/out/b8bcadb2c493-20261009T181932Z/catalog-units/06-biuk35_d/TestNativeAgreesWithNodeinternaloracletestdataborrow_element2621574574/002/program+0x5a464)\n\npreviously allocated by thread T0 here:\n    #0 0x5c0885f27274 in malloc /home/runner/work/llvm-project/llvm-project/compiler-rt/lib/asan/asan_malloc_linux.cpp:67:3\n    #1 0x5c0885f7d9bf in adamic_allocate /home/ahra/.cache/adamic/runtime/.build-204418457/heap.c:196:10\n    #2 0x5c0885f6ab57 in main /home/ahra/full-gate/out/b8bcadb2c493-20261009T181932Z/catalog-units/06-biuk35_d/adamic-build-674442917/main.c:186:2\n    #3 0x74665b82a1c9  (/lib/x86_64-linux-gnu/libc.so.6+0x2a1c9) (BuildId: a4a7992a8e66555c8141ab2a08a8465ff6e0ea65)\n    #4 0x74665b82a28a in __libc_start_main (/lib/x86_64-linux-gnu/libc.so.6+0x2a28a) (BuildId: a4a7992a8e66555c8141ab2a08a8465ff6e0ea65)\n    #5 0x5c0885e84464 in _start (/home/ahra/full-gate/out/b8bcadb2c493-20261009T181932Z/catalog-units/06-biuk35_d/TestNativeAgreesWithNodeinternaloracletestdataborrow_element2621574574/002/program+0x5a464)\n\nSUMMARY: AddressSanitizer: heap-use-after-free /home/ahra/full-gate/out/b8bcadb2c493-20261009T181932Z/catalog-units/06-biuk35_d/adamic-build-674442917/main.c:84:92 in adamic_function_0_inspect\nShadow bytes around the buggy address:\n  0x70c65a9dfe80: 00 00 00 00 00 00 00 00 00 00 00 00 00 00 00 00\n  0x70c65a9dff00: 00 00 00 00 00 00 00 00 00 00 00 00 00 00 00 00\n  0x70c65a9dff80: 00 00 00 00 00 00 00 00 00 00 00 00 00 00 00 00\n  0x70c65a9e0000: fa fa fa fa fd fd fd fd fd fd fd fd fa fa fa fa\n  0x70c65a9e0080: fd fd fd fd fd fd fd fa fa fa fa fa fd fd fd fd\n=>0x70c65a9e0100: fd[fd]fd fd fa fa fa fa 00 00 00 00 00 00 00 fa\n  0x70c65a9e0180: fa fa fa fa 00 00 00 00 00 00 00 02 fa fa fa fa\n  0x70c65a9e0200: fa fa fa fa fa fa fa fa fa fa fa fa fa fa fa fa\n  0x70c65a9e0280: fa fa fa fa fa fa fa fa fa fa fa fa fa fa fa fa\n  0x70c65a9e0300: fa fa fa fa fa fa fa fa fa fa fa fa fa fa fa fa\n  0x70c65a9e0380: fa fa fa fa fa fa fa fa fa fa fa fa fa fa fa fa\nShadow byte legend (one shadow byte represents 8 application bytes):\n  Addressable:           00\n  Partially addressable: 01 02 03 04 05 06 07 \n  Heap left redzone:       fa\n  Freed heap region:       fd\n  Stack left redzone:      f1\n  Stack mid redzone:       f2\n  Stack right redzone:     f3\n  Stack after return:      f5\n  Stack use after scope:   f8\n  Global redzone:          f9\n  Global init order:       f6\n  Poisoned by user:        f7\n  Container overflow:      fc\n  Array cookie:            ac\n  Intra object redzone:    bb\n  ASan internal:           fe\n  Left alloca redzone:     ca\n  Right alloca redzone:    cb\n==2478578==ABORTING\n"
            release:   exit 0, stdout "item1\nitem1\n", stderr ""
        oracle_test.go:774: exit codes differ
            node:   exit 0, stdout "item1\nitem1\n", stderr ""
            native: exit 1, stdout "", stderr "=================================================================\n==2478578==ERROR: AddressSanitizer: heap-use-after-free on address 0x70c65a9e0108 at pc 0x5c0885f6b0c2 bp 0x7fffaacf5310 sp 0x7fffaacf5308\nREAD of size 8 at 0x70c65a9e0108 thread T0\n    #0 0x5c0885f6b0c1 in adamic_function_0_inspect /home/ahra/full-gate/out/b8bcadb2c493-20261009T181932Z/catalog-units/06-biuk35_d/adamic-build-674442917/main.c:84:92\n    #1 0x5c0885f6ab57 in main /home/ahra/full-gate/out/b8bcadb2c493-20261009T181932Z/catalog-units/06-biuk35_d/adamic-build-674442917/main.c:186:2\n    #2 0x74665b82a1c9  (/lib/x86_64-linux-gnu/libc.so.6+0x2a1c9) (BuildId: a4a7992a8e66555c8141ab2a08a8465ff6e0ea65)\n    #3 0x74665b82a28a in __libc_start_main (/lib/x86_64-linux-gnu/libc.so.6+0x2a28a) (BuildId: a4a7992a8e66555c8141ab2a08a8465ff6e0ea65)\n    #4 0x5c0885e84464 in _start (/home/ahra/full-gate/out/b8bcadb2c493-20261009T181932Z/catalog-units/06-biuk35_d/TestNativeAgreesWithNodeinternaloracletestdataborrow_element2621574574/002/program+0x5a464)\n\n0x70c65a9e0108 is located 40 bytes inside of 58-byte region [0x70c65a9e00e0,0x70c65a9e011a)\nfreed by thread T0 here:\n    #0 0x5c0885f26fd6 in free /home/runner/work/llvm-project/llvm-project/compiler-rt/lib/asan/asan_malloc_linux.cpp:51:3\n    #1 0x5c0885f7e20f in deallocate /home/ahra/.cache/adamic/runtime/.build-204418457/heap.c:212:3\n    #2 0x5c0885f7e20f in free_one /home/ahra/.cache/adamic/runtime/.build-204418457/heap.c:351:2\n    #3 0x5c0885f7e20f in release_last /home/ahra/.cache/adamic/runtime/.build-204418457/heap.c:364:3\n    #4 0x5c0885f6b366 in adamic_function_5_Replacer_read /home/ahra/full-gate/out/b8bcadb2c493-20261009T181932Z/catalog-units/06-biuk35_d/adamic-build-674442917/main.c:164:2\n    #5 0x5c0885f6af7e in adamic_virtual_dispatch_2 /home/ahra/full-gate/out/b8bcadb2c493-20261009T181932Z/catalog-units/06-biuk35_d/adamic-build-674442917/main.c:28:17\n    #6 0x5c0885f6af7e in adamic_function_0_inspect /home/ahra/full-gate/out/b8bcadb2c493-20261009T181932Z/catalog-units/06-biuk35_d/adamic-build-674442917/main.c:82:31\n    #7 0x5c0885f6ab57 in main /home/ahra/full-gate/out/b8bcadb2c493-20261009T181932Z/catalog-units/06-biuk35_d/adamic-build-674442917/main.c:186:2\n    #8 0x74665b82a1c9  (/lib/x86_64-linux-gnu/libc.so.6+0x2a1c9) (BuildId: a4a7992a8e66555c8141ab2a08a8465ff6e0ea65)\n    #9 0x74665b82a28a in __libc_start_main (/lib/x86_64-linux-gnu/libc.so.6+0x2a28a) (BuildId: a4a7992a8e66555c8141ab2a08a8465ff6e0ea65)\n    #10 0x5c0885e84464 in _start (/home/ahra/full-gate/out/b8bcadb2c493-20261009T181932Z/catalog-units/06-biuk35_d/TestNativeAgreesWithNodeinternaloracletestdataborrow_element2621574574/002/program+0x5a464)\n\npreviously allocated by thread T0 here:\n    #0 0x5c0885f27274 in malloc /home/runner/work/llvm-project/llvm-project/compiler-rt/lib/asan/asan_malloc_linux.cpp:67:3\n    #1 0x5c0885f7d9bf in adamic_allocate /home/ahra/.cache/adamic/runtime/.build-204418457/heap.c:196:10\n    #2 0x5c0885f6ab57 in main /home/ahra/full-gate/out/b8bcadb2c493-20261009T181932Z/catalog-units/06-biuk35_d/adamic-build-674442917/main.c:186:2\n    #3 0x74665b82a1c9  (/lib/x86_64-linux-gnu/libc.so.6+0x2a1c9) (BuildId: a4a7992a8e66555c8141ab2a08a8465ff6e0ea65)\n    #4 0x74665b82a28a in __libc_start_main (/lib/x86_64-linux-gnu/libc.so.6+0x2a28a) (BuildId: a4a7992a8e66555c8141ab2a08a8465ff6e0ea65)\n    #5 0x5c0885e84464 in _start (/home/ahra/full-gate/out/b8bcadb2c493-20261009T181932Z/catalog-units/06-biuk35_d/TestNativeAgreesWithNodeinternaloracletestdataborrow_element2621574574/002/program+0x5a464)\n\nSUMMARY: AddressSanitizer: heap-use-after-free /home/ahra/full-gate/out/b8bcadb2c493-20261009T181932Z/catalog-units/06-biuk35_d/adamic-build-674442917/main.c:84:92 in adamic_function_0_inspect\nShadow bytes around the buggy address:\n  0x70c65a9dfe80: 00 00 00 00 00 00 00 00 00 00 00 00 00 00 00 00\n  0x70c65a9dff00: 00 00 00 00 00 00 00 00 00 00 00 00 00 00 00 00\n  0x70c65a9dff80: 00 00 00 00 00 00 00 00 00 00 00 00 00 00 00 00\n  0x70c65a9e0000: fa fa fa fa fd fd fd fd fd fd fd fd fa fa fa fa\n  0x70c65a9e0080: fd fd fd fd fd fd fd fa fa fa fa fa fd fd fd fd\n=>0x70c65a9e0100: fd[fd]fd fd fa fa fa fa 00 00 00 00 00 00 00 fa\n  0x70c65a9e0180: fa fa fa fa 00 00 00 00 00 00 00 02 fa fa fa fa\n  0x70c65a9e0200: fa fa fa fa fa fa fa fa fa fa fa fa fa fa fa fa\n  0x70c65a9e0280: fa fa fa fa fa fa fa fa fa fa fa fa fa fa fa fa\n  0x70c65a9e0300: fa fa fa fa fa fa fa fa fa fa fa fa fa fa fa fa\n  0x70c65a9e0380: fa fa fa fa fa fa fa fa fa fa fa fa fa fa fa fa\nShadow byte legend (one shadow byte represents 8 application bytes):\n  Addressable:           00\n  Partially addressable: 01 02 03 04 05 06 07 \n  Heap left redzone:       fa\n  Freed heap region:       fd\n  Stack left redzone:      f1\n  Stack mid redzone:       f2\n  Stack right redzone:     f3\n  Stack after return:      f5\n  Stack use after scope:   f8\n  Global redzone:          f9\n  Global init order:       f6\n  Poisoned by user:        f7\n  Container overflow:      fc\n  Array cookie:            ac\n  Intra object redzone:    bb\n  ASan internal:           fe\n  Left alloca redzone:     ca\n  Right alloca redzone:    cb\n==2478578==ABORTING\n"
        oracle_test.go:787: leaks:
            exit 1
            =================================================================
            ==2479063==ERROR: AddressSanitizer: heap-use-after-free on address 0x778f52fe0108 at pc 0x58c34e9060c2 bp 0x7ffc96d26970 sp 0x7ffc96d26968
            READ of size 8 at 0x778f52fe0108 thread T0
                #0 0x58c34e9060c1 in adamic_function_0_inspect /home/ahra/full-gate/out/b8bcadb2c493-20261009T181932Z/catalog-units/06-biuk35_d/adamic-build-674442917/main.c:84:92
                #1 0x58c34e905b57 in main /home/ahra/full-gate/out/b8bcadb2c493-20261009T181932Z/catalog-units/06-biuk35_d/adamic-build-674442917/main.c:186:2
                #2 0x7b2f53e2a1c9  (/lib/x86_64-linux-gnu/libc.so.6+0x2a1c9) (BuildId: a4a7992a8e66555c8141ab2a08a8465ff6e0ea65)
                #3 0x7b2f53e2a28a in __libc_start_main (/lib/x86_64-linux-gnu/libc.so.6+0x2a28a) (BuildId: a4a7992a8e66555c8141ab2a08a8465ff6e0ea65)
                #4 0x58c34e81f464 in _start (/home/ahra/full-gate/out/b8bcadb2c493-20261009T181932Z/catalog-units/06-biuk35_d/TestNativeAgreesWithNodeinternaloracletestdataborrow_element2621574574/002/program+0x5a464)
            
            0x778f52fe0108 is located 40 bytes inside of 58-byte region [0x778f52fe00e0,0x778f52fe011a)
            freed by thread T0 here:
                #0 0x58c34e8c1fd6 in free /home/runner/work/llvm-project/llvm-project/compiler-rt/lib/asan/asan_malloc_linux.cpp:51:3
                #1 0x58c34e91920f in deallocate /home/ahra/.cache/adamic/runtime/.build-204418457/heap.c:212:3
                #2 0x58c34e91920f in free_one /home/ahra/.cache/adamic/runtime/.build-204418457/heap.c:351:2
                #3 0x58c34e91920f in release_last /home/ahra/.cache/adamic/runtime/.build-204418457/heap.c:364:3
                #4 0x58c34e906366 in adamic_function_5_Replacer_read /home/ahra/full-gate/out/b8bcadb2c493-20261009T181932Z/catalog-units/06-biuk35_d/adamic-build-674442917/main.c:164:2
                #5 0x58c34e905f7e in adamic_virtual_dispatch_2 /home/ahra/full-gate/out/b8bcadb2c493-20261009T181932Z/catalog-units/06-biuk35_d/adamic-build-674442917/main.c:28:17
                #6 0x58c34e905f7e in adamic_function_0_inspect /home/ahra/full-gate/out/b8bcadb2c493-20261009T181932Z/catalog-units/06-biuk35_d/adamic-build-674442917/main.c:82:31
                #7 0x58c34e905b57 in main /home/ahra/full-gate/out/b8bcadb2c493-20261009T181932Z/catalog-units/06-biuk35_d/adamic-build-674442917/main.c:186:2
                #8 0x7b2f53e2a1c9  (/lib/x86_64-linux-gnu/libc.so.6+0x2a1c9) (BuildId: a4a7992a8e66555c8141ab2a08a8465ff6e0ea65)
                #9 0x7b2f53e2a28a in __libc_start_main (/lib/x86_64-linux-gnu/libc.so.6+0x2a28a) (BuildId: a4a7992a8e66555c8141ab2a08a8465ff6e0ea65)
                #10 0x58c34e81f464 in _start (/home/ahra/full-gate/out/b8bcadb2c493-20261009T181932Z/catalog-units/06-biuk35_d/TestNativeAgreesWithNodeinternaloracletestdataborrow_element2621574574/002/program+0x5a464)
            
            previously allocated by thread T0 here:
                #0 0x58c34e8c2274 in malloc /home/runner/work/llvm-project/llvm-project/compiler-rt/lib/asan/asan_malloc_linux.cpp:67:3
                #1 0x58c34e9189bf in adamic_allocate /home/ahra/.cache/adamic/runtime/.build-204418457/heap.c:196:10
                #2 0x58c34e905b57 in main /home/ahra/full-gate/out/b8bcadb2c493-20261009T181932Z/catalog-units/06-biuk35_d/adamic-build-674442917/main.c:186:2
                #3 0x7b2f53e2a1c9  (/lib/x86_64-linux-gnu/libc.so.6+0x2a1c9) (BuildId: a4a7992a8e66555c8141ab2a08a8465ff6e0ea65)
                #4 0x7b2f53e2a28a in __libc_start_main (/lib/x86_64-linux-gnu/libc.so.6+0x2a28a) (BuildId: a4a7992a8e66555c8141ab2a08a8465ff6e0ea65)
                #5 0x58c34e81f464 in _start (/home/ahra/full-gate/out/b8bcadb2c493-20261009T181932Z/catalog-units/06-biuk35_d/TestNativeAgreesWithNodeinternaloracletestdataborrow_element2621574574/002/program+0x5a464)
            
            SUMMARY: AddressSanitizer: heap-use-after-free /home/ahra/full-gate/out/b8bcadb2c493-20261009T181932Z/catalog-units/06-biuk35_d/adamic-build-674442917/main.c:84:92 in adamic_function_0_inspect
            Shadow bytes around the buggy address:
              0x778f52fdfe80: 00 00 00 00 00 00 00 00 00 00 00 00 00 00 00 00
              0x778f52fdff00: 00 00 00 00 00 00 00 00 00 00 00 00 00 00 00 00
              0x778f52fdff80: 00 00 00 00 00 00 00 00 00 00 00 00 00 00 00 00
              0x778f52fe0000: fa fa fa fa fd fd fd fd fd fd fd fd fa fa fa fa
              0x778f52fe0080: fd fd fd fd fd fd fd fa fa fa fa fa fd fd fd fd
            =>0x778f52fe0100: fd[fd]fd fd fa fa fa fa 00 00 00 00 00 00 00 fa
              0x778f52fe0180: fa fa fa fa 00 00 00 00 00 00 00 02 fa fa fa fa
              0x778f52fe0200: fa fa fa fa fa fa fa fa fa fa fa fa fa fa fa fa
              0x778f52fe0280: fa fa fa fa fa fa fa fa fa fa fa fa fa fa fa fa
              0x778f52fe0300: fa fa fa fa fa fa fa fa fa fa fa fa fa fa fa fa
              0x778f52fe0380: fa fa fa fa fa fa fa fa fa fa fa fa fa fa fa fa
            Shadow byte legend (one shadow byte represents 8 application bytes):
              Addressable:           00
              Partially addressable: 01 02 03 04 05 06 07 
              Heap left redzone:       fa
              Freed heap region:       fd
              Stack left redzone:      f1
              Stack mid redzone:       f2
              Stack right redzone:     f3
              Stack after return:      f5
              Stack use after scope:   f8
              Global redzone:          f9
              Global init order:       f6
              Poisoned by user:        f7
              Container overflow:      fc
              Array cookie:            ac
              Intra object redzone:    bb
              ASan internal:           fe
              Left alloca redzone:     ca
              Right alloca redzone:    cb
            ==2479063==ABORTING
FAIL
gate cache: native hits=0 misses=3
gate cache: node hits=0 misses=2
gate cache: probe hits=0 misses=0
FAIL	github.com/system-inc/adamic/internal/oracle	2.169s
FAIL
