Capture completed with known external Tailwind/corpus failures; this is not a passing Go rule-package gate.
{
  "symbols": [
    "jsx.IsIntrinsicElementNamed",
    "tailwind.holeEdges",
    "tailwind.*ClassLiteralReader.readClassValues"
  ],
  "rules": [
    "@next/next/google-font-display",
    "@next/next/google-font-preconnect",
    "@next/next/next-script-for-ga",
    "@next/next/no-css-tags",
    "@next/next/no-head-element",
    "@next/next/no-html-link-for-pages",
    "@next/next/no-page-custom-font",
    "@next/next/no-styled-jsx-in-document",
    "@next/next/no-sync-scripts",
    "@next/next/no-unwanted-polyfillio",
    "better-tailwindcss/enforce-canonical-classes",
    "better-tailwindcss/enforce-consistent-class-order",
    "better-tailwindcss/enforce-consistent-important-position",
    "better-tailwindcss/enforce-consistent-variable-syntax",
    "better-tailwindcss/enforce-consistent-variant-order",
    "better-tailwindcss/enforce-shorthand-classes",
    "better-tailwindcss/no-conflicting-classes",
    "better-tailwindcss/no-deprecated-classes",
    "better-tailwindcss/no-duplicate-classes",
    "better-tailwindcss/no-unknown-classes",
    "better-tailwindcss/no-unnecessary-whitespace",
    "react/jsx-no-target-blank"
  ],
  "sources": 717,
  "packages": [
    "./internal/lint/rules/next",
    "./internal/lint/rules/react",
    "./internal/lint/rules/tailwind"
  ],
  "capture_gate_exit": 1,
  "cohere_commit": "715ba94f3608a6500086b1076ce5cb7e51b836db"
}
