=== RUN   TestNativeAgreesWithNode
=== PAUSE TestNativeAgreesWithNode
=== CONT  TestNativeAgreesWithNode
=== RUN   TestNativeAgreesWithNode/internal/oracle/testdata/regexp_literal_freshness.a
=== PAUSE TestNativeAgreesWithNode/internal/oracle/testdata/regexp_literal_freshness.a
=== CONT  TestNativeAgreesWithNode/internal/oracle/testdata/regexp_literal_freshness.a
    oracle_test.go:559: gate cache node miss
    oracle_test.go:559: gate cache node miss
    oracle_test.go:448: gate cache native miss
    oracle_test.go:441: gate cache native miss
    oracle_test.go:580: stdout differs
        node:   exit 0, stdout "0:0:1:a\n1:0:1:a\n2:0:1:a\nstart:0\ncall:0:1:x\nstart:0\ncall:0:1:x\nsame:false:1:1\nsticky:0:0:1:a\nsticky:1:0:1:a\nsticky:2:0:1:a\n", stderr ""
        native: exit 0, stdout "0:0:1:a\n1:1:2:a\nglobal missed\nstart:0\ncall:0:1:x\nstart:1\ncall:1:2:x\nsame:true:2:2\nsticky:0:0:1:a\nsticky:1:1:2:a\nsticky missed\n", stderr ""
    oracle_test.go:455: gate cache native hit
--- FAIL: TestNativeAgreesWithNode (0.09s)
    --- FAIL: TestNativeAgreesWithNode/internal/oracle/testdata/regexp_literal_freshness.a (60.53s)
FAIL
gate cache: native hits=1 misses=2
gate cache: node hits=0 misses=2
gate cache: probe hits=0 misses=0
FAIL	github.com/system-inc/adamic/internal/oracle	60.681s
FAIL
