[compiler/string-brand-proof ca29d315] Prove phantom string brands use the string representation
 49 files changed, 34013 insertions(+), 5 deletions(-)
 create mode 100644 internal/lower/string_brand.go
 create mode 100644 internal/lower/string_brand_test.go
 create mode 100644 internal/oracle/string_brand_test.go
 create mode 100644 internal/oracle/testdata/string_brand_escape.a
 create mode 100644 internal/oracle/testdata/string_brand_map.a
 create mode 100644 internal/oracle/testdata/string_brand_optional.a
 create mode 100644 internal/oracle/testdata/string_brand_plain.a
 create mode 100644 internal/oracle/testdata/string_brand_refused/destructure.a
 create mode 100644 internal/oracle/testdata/string_brand_refused/index.a
 create mode 100644 internal/oracle/testdata/string_brand_refused/read.a
 create mode 100644 internal/oracle/testdata/string_brand_refused/real.a
 create mode 100644 internal/oracle/testdata/string_brand_refused/unknown.a
 create mode 100644 internal/oracle/testdata/string_brand_unescape.a
 create mode 100644 internal/oracle/testdata/string_brand_value.a
 create mode 100644 review/compiler/string-brand-proof/ACCEPTANCE.md
 create mode 100644 review/compiler/string-brand-proof/BASELINE.md
 create mode 100644 review/compiler/string-brand-proof/admission-progress.json
 create mode 100644 review/compiler/string-brand-proof/admission.json
 create mode 100644 review/compiler/string-brand-proof/admission.py
 create mode 100644 review/compiler/string-brand-proof/cast.go.main.txt
 create mode 100644 review/compiler/string-brand-proof/cast_proof.go.main.txt
 create mode 100644 review/compiler/string-brand-proof/clock_generic_returns_t_01_test.go.main.txt
 create mode 100644 review/compiler/string-brand-proof/drop-undefined-overlay.json
 create mode 100644 review/compiler/string-brand-proof/drop-undefined.go.txt
 create mode 100644 review/compiler/string-brand-proof/expression.go.main.txt
 create mode 100644 review/compiler/string-brand-proof/historical-counts.json
 create mode 100644 review/compiler/string-brand-proof/literal-refinement-overlay.json
 create mode 100644 review/compiler/string-brand-proof/literal-refinement.go.txt
 create mode 100644 review/compiler/string-brand-proof/main-optional.c.txt
 create mode 100644 review/compiler/string-brand-proof/main-overlay.json
 create mode 100644 review/compiler/string-brand-proof/main-value.c.txt
 create mode 100644 review/compiler/string-brand-proof/mutants.json
 create mode 100644 review/compiler/string-brand-proof/read-brand-overlay.json
 create mode 100644 review/compiler/string-brand-proof/read-brand.go.txt
 create mode 100644 review/compiler/string-brand-proof/real-field-phantom-overlay.json
 create mode 100644 review/compiler/string-brand-proof/real-field-phantom.go.txt
 create mode 100644 review/compiler/string-brand-proof/refusals.go.main.txt
 create mode 100644 review/compiler/string-brand-proof/run-mutants.py
 create mode 100644 review/compiler/string-brand-proof/types-pin.txt
 create mode 100644 review/compiler/string-brand-proof/unchecked-missing-cast-overlay.json
 create mode 100644 review/compiler/string-brand-proof/unchecked-missing-cast.go.txt
 create mode 100644 review/compiler/string-brand-proof/void-view-probe.a
