Auto-merging docs/0.1.md
Auto-merging docs/memory.md
Auto-merging internal/flow/build.go
CONFLICT (content): Merge conflict in internal/flow/build.go
Auto-merging internal/fresh/fresh.go
Auto-merging internal/ir/ir.go
CONFLICT (content): Merge conflict in internal/ir/ir.go
Auto-merging internal/javascript/javascript.go
Auto-merging internal/lower/class.go
CONFLICT (content): Merge conflict in internal/lower/class.go
Auto-merging internal/lower/class_inheritance.go
Auto-merging internal/lower/class_static.go
Auto-merging internal/lower/class_static_private.go
Auto-merging internal/lower/control.go
CONFLICT (content): Merge conflict in internal/lower/control.go
Auto-merging internal/lower/cycles.go
Auto-merging internal/lower/exceptions.go
CONFLICT (content): Merge conflict in internal/lower/exceptions.go
Auto-merging internal/lower/expression.go
CONFLICT (content): Merge conflict in internal/lower/expression.go
Auto-merging internal/lower/iteration_origin.go
Auto-merging internal/lower/iteration_test.go
Auto-merging internal/lower/library_array.go
Auto-merging internal/lower/library_math_number.go
Auto-merging internal/lower/library_object.go
Auto-merging internal/lower/library_string.go
Auto-merging internal/lower/lower_test.go
Auto-merging internal/lower/object.go
CONFLICT (content): Merge conflict in internal/lower/object.go
Auto-merging internal/lower/prototype.go
Auto-merging internal/lower/refusals.go
CONFLICT (content): Merge conflict in internal/lower/refusals.go
Auto-merging internal/native/borrow.go
Auto-merging internal/native/emit_expressions.go
CONFLICT (content): Merge conflict in internal/native/emit_expressions.go
Auto-merging internal/native/emit_functions.go
Auto-merging internal/native/emit_locals.go
CONFLICT (content): Merge conflict in internal/native/emit_locals.go
Auto-merging internal/native/reuse.go
CONFLICT (content): Merge conflict in internal/native/reuse.go
Auto-merging internal/native/runtime/adamic.h
CONFLICT (content): Merge conflict in internal/native/runtime/adamic.h
Auto-merging internal/native/runtime/array.c
Auto-merging internal/native/runtime/exceptions.c
Auto-merging internal/native/runtime/heap.c
Auto-merging internal/native/runtime/normalize.c
Auto-merging internal/native/runtime/stack.c
Auto-merging internal/native/runtime/union.c
Auto-merging internal/native/union.go
Auto-merging internal/oracle/counts.md
CONFLICT (content): Merge conflict in internal/oracle/counts.md
Auto-merging oracle/adamic.mjs
CONFLICT (content): Merge conflict in oracle/adamic.mjs
Automatic merge failed; fix conflicts and then commit the result.
