01_readFile_utf8.a: Node agrees; native=NotYet; javascript=NotYet
02_readFile_utf16le.a: Node agrees; native=Compiles; javascript=Compiles
03_readFile_utf16be.a: Node agrees; native=Compiles; javascript=Compiles
04_readFile_missing.a: Node agrees; native=Compiles; javascript=Compiles
05_writeFile.a: Node agrees; native=Compiles; javascript=Compiles
06_fileExists.a: Node agrees; native=Compiles; javascript=Compiles
07_directoryExists.a: Node agrees; native=Compiles; javascript=Compiles
08_getDirectories.a: Node agrees; native=Refused; javascript=Refused
09_realpath.a: Node agrees; native=Compiles; javascript=Compiles
10_getModifiedTime.a: Node agrees; native=Compiles; javascript=Compiles
11_setModifiedTime.a: Node agrees; native=Compiles; javascript=Compiles
12_deleteFile.a: Node agrees; native=Compiles; javascript=Compiles
13_createDirectory.a: Node agrees; native=Compiles; javascript=Compiles
14_getCurrentDirectory.a: Node agrees; native=Refused; javascript=Refused
15_getExecutingFilePath.a: Node agrees; native=Compiles; javascript=Compiles
16_getEnvironmentVariable.a: Node agrees; native=Compiles; javascript=Compiles
17_write.a: Node agrees; native=Compiles; javascript=Compiles
18_exit_0.a: Node agrees; native=Compiles; javascript=Compiles
19_exit_1.a: Node agrees; native=Compiles; javascript=Compiles
20_exit_2.a: Node agrees; native=Compiles; javascript=Compiles
21_createHash.a: Node agrees; native=Compiles; javascript=Compiles
22_createHash_fallback.a: Node agrees; native=Compiles; javascript=Compiles
23_newLine.a: Node agrees; native=Compiles; javascript=Compiles
24_useCaseSensitiveFileNames.a: Node agrees; native=NotYet; javascript=NotYet
25_readDirectory.a: Node agrees; native=Refused; javascript=Refused
