=== RUN   TestLibraryErrorCounts
    library_error_test.go:39: Lower: /workspace/adamic/internal/oracle/testdata/library_error_original_probe.a:2:6: Adamic 0.1 refuses a cast the runtime can't check; use a proven upcast, cast a discriminated object union with unique literal or enum tags to members or a sub-union, or downcast along nominal class ancestry (adamic/no-unchecked-cast)
--- FAIL: TestLibraryErrorCounts (0.03s)
=== RUN   TestNonNullStorageReadinessMutants
=== PAUSE TestNonNullStorageReadinessMutants
=== RUN   TestNonNullStorageUnionRemainsRefused
=== PAUSE TestNonNullStorageUnionRemainsRefused
=== RUN   TestWASIHostRuntimeRefusals
=== RUN   TestWASIHostRuntimeRefusals/mkdtemp
    wasi_host_test.go:119: native: wasm32-wasi requires WASI_SYSROOT
=== RUN   TestWASIHostRuntimeRefusals/pid
    wasi_host_test.go:119: native: wasm32-wasi requires WASI_SYSROOT
=== RUN   TestWASIHostRuntimeRefusals/platform
    wasi_host_test.go:119: native: wasm32-wasi requires WASI_SYSROOT
=== RUN   TestWASIHostRuntimeRefusals/columns
    wasi_host_test.go:119: native: wasm32-wasi requires WASI_SYSROOT
=== RUN   TestWASIHostRuntimeRefusals/memory_usage
    wasi_host_test.go:119: native: wasm32-wasi requires WASI_SYSROOT
=== RUN   TestWASIHostRuntimeRefusals/argv
    wasi_host_test.go:119: native: wasm32-wasi requires WASI_SYSROOT
=== RUN   TestWASIHostRuntimeRefusals/open
    wasi_host_test.go:119: native: wasm32-wasi requires WASI_SYSROOT
=== RUN   TestWASIHostRuntimeRefusals/mkdir
    wasi_host_test.go:119: native: wasm32-wasi requires WASI_SYSROOT
=== RUN   TestWASIHostRuntimeRefusals/utimes
    wasi_host_test.go:119: native: wasm32-wasi requires WASI_SYSROOT
--- FAIL: TestWASIHostRuntimeRefusals (0.00s)
    --- FAIL: TestWASIHostRuntimeRefusals/mkdtemp (0.00s)
    --- FAIL: TestWASIHostRuntimeRefusals/pid (0.00s)
    --- FAIL: TestWASIHostRuntimeRefusals/platform (0.00s)
    --- FAIL: TestWASIHostRuntimeRefusals/columns (0.00s)
    --- FAIL: TestWASIHostRuntimeRefusals/memory_usage (0.00s)
    --- FAIL: TestWASIHostRuntimeRefusals/argv (0.00s)
    --- FAIL: TestWASIHostRuntimeRefusals/open (0.00s)
    --- FAIL: TestWASIHostRuntimeRefusals/mkdir (0.00s)
    --- FAIL: TestWASIHostRuntimeRefusals/utimes (0.00s)
=== RUN   TestWASIEmptySymlinkAgreesWithNode
    wasi_symlink_test.go:24: gate cache node miss
=== RUN   TestWASIEmptySymlinkAgreesWithNode/control/
    wasi_symlink_test.go:79: Node and runtime: stdout "ENOENT\n-2\nENOENT: no such file or directory, symlink '' -> 'adamic-empty-symlink-link'\n"
=== RUN   TestWASIEmptySymlinkAgreesWithNode/control/wasm32-wasi
    wasi_symlink_test.go:68: native: wasm32-wasi requires WASI_SYSROOT
=== NAME  TestWASIEmptySymlinkAgreesWithNode
    wasi_symlink_test.go:82: native: wasm32-wasi requires WASI_SYSROOT
--- FAIL: TestWASIEmptySymlinkAgreesWithNode (19.36s)
    --- PASS: TestWASIEmptySymlinkAgreesWithNode/control/ (0.08s)
    --- FAIL: TestWASIEmptySymlinkAgreesWithNode/control/wasm32-wasi (0.00s)
=== CONT  TestNonNullStorageReadinessMutants
=== RUN   TestNonNullStorageReadinessMutants/local
=== PAUSE TestNonNullStorageReadinessMutants/local
=== RUN   TestNonNullStorageReadinessMutants/field
=== PAUSE TestNonNullStorageReadinessMutants/field
=== RUN   TestNonNullStorageReadinessMutants/static
=== PAUSE TestNonNullStorageReadinessMutants/static
=== RUN   TestNonNullStorageReadinessMutants/identifier
=== PAUSE TestNonNullStorageReadinessMutants/identifier
=== CONT  TestNonNullStorageReadinessMutants/local
=== CONT  TestNonNullStorageReadinessMutants/identifier
=== CONT  TestNonNullStorageUnionRemainsRefused
=== CONT  TestNonNullStorageReadinessMutants/static
=== CONT  TestNonNullStorageReadinessMutants/field
=== NAME  TestNonNullStorageReadinessMutants/local
    non_null_storage_test.go:38: gate cache node miss
=== NAME  TestNonNullStorageUnionRemainsRefused
    non_null_storage_test.go:96: gate cache node miss
=== NAME  TestNonNullStorageReadinessMutants/static
    non_null_storage_test.go:38: gate cache node miss
=== NAME  TestNonNullStorageReadinessMutants/field
    non_null_storage_test.go:38: gate cache node miss
=== NAME  TestNonNullStorageReadinessMutants/identifier
    non_null_storage_test.go:38: gate cache node miss
=== NAME  TestNonNullStorageUnionRemainsRefused
    non_null_storage_test.go:102: want unsupported structural union slot refusal, got <nil>
--- FAIL: TestNonNullStorageUnionRemainsRefused (0.30s)
=== NAME  TestNonNullStorageReadinessMutants/local
    non_null_storage_test.go:51: gate cache node miss
=== NAME  TestNonNullStorageReadinessMutants/identifier
    non_null_storage_test.go:51: gate cache node miss
=== NAME  TestNonNullStorageReadinessMutants/static
    non_null_storage_test.go:51: gate cache node miss
=== NAME  TestNonNullStorageReadinessMutants/field
    non_null_storage_test.go:51: gate cache node miss
=== NAME  TestNonNullStorageReadinessMutants/local
    non_null_storage_test.go:85: drop local readiness caught: stdout "before\n0\n", exit 0
=== NAME  TestNonNullStorageReadinessMutants/identifier
    non_null_storage_test.go:85: drop identifier readiness caught: stdout "before\ntrue\n", exit 0
=== NAME  TestNonNullStorageReadinessMutants/field
    non_null_storage_test.go:85: drop field readiness caught: stdout "before\n0\n", exit 0
=== NAME  TestNonNullStorageReadinessMutants/static
    non_null_storage_test.go:85: drop static readiness caught: stdout "before\n0\n", exit 0
--- PASS: TestNonNullStorageReadinessMutants (0.00s)
    --- PASS: TestNonNullStorageReadinessMutants/local (0.73s)
    --- PASS: TestNonNullStorageReadinessMutants/identifier (0.80s)
    --- PASS: TestNonNullStorageReadinessMutants/field (0.82s)
    --- PASS: TestNonNullStorageReadinessMutants/static (0.83s)
FAIL
gate cache: native hits=0 misses=0
gate cache: node hits=0 misses=10
gate cache: probe hits=0 misses=0
FAIL	github.com/system-inc/adamic/internal/oracle	20.245s
FAIL
