=== RUN   TestGateCacheNodeInputs
=== PAUSE TestGateCacheNodeInputs
=== RUN   TestInputAgreesWithNode
=== PAUSE TestInputAgreesWithNode
=== CONT  TestGateCacheNodeInputs
=== CONT  TestInputAgreesWithNode
=== RUN   TestInputAgreesWithNode/internal/oracle/testdata/read_files.a
=== PAUSE TestInputAgreesWithNode/internal/oracle/testdata/read_files.a
=== RUN   TestInputAgreesWithNode/internal/oracle/testdata/utf8_sweep.a
=== PAUSE TestInputAgreesWithNode/internal/oracle/testdata/utf8_sweep.a
=== RUN   TestInputAgreesWithNode/internal/oracle/testdata/arguments.a
=== PAUSE TestInputAgreesWithNode/internal/oracle/testdata/arguments.a
=== RUN   TestInputAgreesWithNode/internal/oracle/testdata/read_arguments.a
=== PAUSE TestInputAgreesWithNode/internal/oracle/testdata/read_arguments.a
=== RUN   TestInputAgreesWithNode/internal/oracle/testdata/write_files.a
=== PAUSE TestInputAgreesWithNode/internal/oracle/testdata/write_files.a
=== RUN   TestInputAgreesWithNode/internal/oracle/testdata/walk.a
=== PAUSE TestInputAgreesWithNode/internal/oracle/testdata/walk.a
=== CONT  TestInputAgreesWithNode/internal/oracle/testdata/read_files.a
=== CONT  TestInputAgreesWithNode/internal/oracle/testdata/read_arguments.a
=== CONT  TestInputAgreesWithNode/internal/oracle/testdata/arguments.a
=== CONT  TestInputAgreesWithNode/internal/oracle/testdata/utf8_sweep.a
=== NAME  TestInputAgreesWithNode/internal/oracle/testdata/read_arguments.a
    input_test.go:110: gate cache probe miss
=== NAME  TestInputAgreesWithNode/internal/oracle/testdata/arguments.a
    input_test.go:110: gate cache probe miss
=== NAME  TestInputAgreesWithNode/internal/oracle/testdata/read_files.a
    input_test.go:110: gate cache probe miss
=== NAME  TestInputAgreesWithNode/internal/oracle/testdata/utf8_sweep.a
    input_test.go:110: gate cache probe miss
--- PASS: TestGateCacheNodeInputs (0.23s)
=== CONT  TestInputAgreesWithNode/internal/oracle/testdata/write_files.a
    input_test.go:110: gate cache probe miss
=== CONT  TestInputAgreesWithNode/internal/oracle/testdata/walk.a
    input_test.go:110: gate cache probe miss
--- PASS: TestInputAgreesWithNode (0.00s)
    --- PASS: TestInputAgreesWithNode/internal/oracle/testdata/read_arguments.a (0.65s)
    --- PASS: TestInputAgreesWithNode/internal/oracle/testdata/arguments.a (0.75s)
    --- PASS: TestInputAgreesWithNode/internal/oracle/testdata/read_files.a (0.76s)
    --- PASS: TestInputAgreesWithNode/internal/oracle/testdata/utf8_sweep.a (0.91s)
    --- PASS: TestInputAgreesWithNode/internal/oracle/testdata/write_files.a (0.85s)
    --- PASS: TestInputAgreesWithNode/internal/oracle/testdata/walk.a (0.56s)
PASS
gate cache: native hits=0 misses=0
gate cache: node hits=0 misses=0
gate cache: probe hits=0 misses=6
ok  	github.com/system-inc/adamic/internal/oracle	1.224s
