
> typescript@6.0.3 build
> npm run build:compiler && npm run build:tests


> typescript@6.0.3 build:compiler
> hereby local

Using /workspace/explicit-any-pristine/Herebyfile.mjs to run local
Starting generate-diagnostics
> /workspace/adamic-tools/bin/node scripts/processDiagnosticMessages.mjs src/compiler/diagnosticMessages.json
Starting lib
Starting shim-compile-cache-tsc
Starting shim-compile-cache-tsserver
Starting shim-compile-cache-typings-installer
Starting bundle-watch-guard
Starting build-watch-guard
Starting generate-types-map
Finished shim-compile-cache-typings-installer in 13ms
Finished shim-compile-cache-tsserver in 13ms
Finished shim-compile-cache-tsc in 14ms
Finished generate-types-map in 15ms
Finished bundle-watch-guard in 16ms
Reading diagnostics from src/compiler/diagnosticMessages.json
Finished lib in 74ms
Finished generate-diagnostics in 87ms
Starting localize
Starting bundle-tsc
Starting build-tsc
Starting bundle-services
Starting build-services
Starting bundle-tsserver
Starting build-tsserver
Starting bundle-typings-installer
Starting build-typings-installer
Starting copy-built-local-diagnostic-messages
Finished localize in 1ms
Finished copy-built-local-diagnostic-messages in 5ms
Finished bundle-typings-installer in 18ms
Finished bundle-tsserver in 127ms
Finished build-watch-guard in 395ms
Finished build-tsc in 311ms
Finished build-services in 311ms
Finished build-tsserver in 311ms
Finished build-typings-installer in 311ms
Starting dts-services
Finished dts-services in 1ms
Starting dts-lssl
Finished dts-lssl in 1ms
Finished bundle-tsc in 625ms
Finished bundle-services in 627ms
Starting lssl
Finished lssl in 1ms
Completed local in 716ms

> typescript@6.0.3 build:tests
> hereby tests

Using /workspace/explicit-any-pristine/Herebyfile.mjs to run tests
Starting lib
Starting generate-diagnostics
> /workspace/adamic-tools/bin/node scripts/processDiagnosticMessages.mjs src/compiler/diagnosticMessages.json
Reading diagnostics from src/compiler/diagnosticMessages.json
Finished lib in 76ms
Finished generate-diagnostics in 80ms
Starting bundle-tests
Starting build-tests
Finished build-tests in 238ms
Finished bundle-tests in 587ms
Completed tests in 668ms
