1/50 stage3/census/repro/r01/main.a NotYet 0.044s
2/50 stage3/census/repro/r02/main.a NotYet 0.035s
3/50 stage3/census/repro/r03/main.a checker 0.032s
4/50 stage3/census/repro/r04/main.a Refused 0.032s
5/50 stage3/census/repro/r05/main.a Refused 0.037s
6/50 stage3/census/repro/r06/main.a checker 0.038s
7/50 stage3/census/repro/r07/main.a Refused 0.031s
8/50 stage3/census/repro/r08/main.a Refused 0.036s
9/50 stage3/census/repro/r09/main.a checker 0.028s
10/50 stage3/census/repro/r10/main.a checker 0.031s
11/50 stage3/census/repro/r11/main.a Refused 0.033s
12/50 stage3/census/repro/r12/main.a NotYet 0.032s
13/50 stage3/census/repro/r13/main.a checker 0.033s
14/50 stage3/census/repro/r14/main.a checker 0.047s
15/50 stage3/census/repro/r15/main.a checker 0.033s
16/50 stage3/census/repro/r16/main.a Refused 0.036s
17/50 stage3/census/repro/r17/main.a checker 0.035s
18/50 stage3/census/repro/r18/main.a checker 0.029s
19/50 stage3/census/repro/r19/main.a checker 0.031s
20/50 stage3/census/repro/r20/main.a checker 0.037s
21/50 stage3/census/repro/r21/main.a Refused 0.042s
22/50 stage3/census/repro/r22/main.a checker 0.037s
23/50 stage3/census/repro/r23/main.a Refused 0.032s
24/50 stage3/census/repro/r24/main.a Refused 0.030s
25/50 stage3/census/repro/r25/main.a checker 0.036s
26/50 stage3/census/repro/r26/main.a checker 0.032s
27/50 stage3/census/repro/r27/main.a Refused 0.030s
28/50 stage3/census/repro/r28/main.a checker 0.041s
29/50 stage3/census/repro/r29/main.a Refused 0.030s
30/50 stage3/census/repro/r30/main.a checker 0.034s
31/50 stage3/census/repro/r31/main.a checker 0.034s
32/50 stage3/census/repro/r32/main.a Refused 0.032s
33/50 stage3/census/repro/r33/main.a Refused 0.034s
34/50 stage3/census/repro/r34/main.a Refused 0.038s
35/50 stage3/census/repro/r35/main.a NotYet 0.039s
36/50 stage3/census/repro/r36/main.a Refused 0.037s
37/50 stage3/census/repro/r37/main.a Refused 0.035s
38/50 stage3/census/repro/r38/main.a Refused 0.030s
39/50 stage3/census/repro/r39/main.a Refused 0.031s
40/50 stage3/census/repro/r40/main.a checker 0.034s
41/50 stage3/census/repro/r41/main.a checker 0.029s
42/50 stage3/census/repro/r42/main.a checker 0.034s
43/50 stage3/census/repro/r43/main.a checker 0.042s
44/50 stage3/census/repro/r44/main.a checker 0.031s
45/50 stage3/census/repro/r45/main.a checker 0.034s
46/50 stage3/census/repro/r46/main.a checker 0.036s
47/50 stage3/census/repro/r47/main.a checker 0.033s
48/50 stage3/census/repro/r48/main.a checker 0.032s
49/50 stage3/census/repro/r49/main.a checker 0.033s
50/50 stage3/census/repro/support.a accepted 0.039s
whole program: 50 roots checker 0.044s
