=== RUN   TestMutants
=== RUN   TestMutants/no-caller-property
    lint_test.go:759: no-caller-property caught on Node: case 145 line 2738: port "/tmp/adamic-gate/TestMutantsno-caller-property2734548123/016/no-caller-0.ts:3:34", Go "/tmp/adamic-gate/TestMutantsno-caller-property2734548123/016/no-caller-0.ts:2:29"
        Go context:
          no-return-assign  This return statement assigns rather than returns a value it already has, so it does two things at once and the assignment is the one the reader is likeliest to miss. It is usually a `==` typed as `=`, and where it is deliberate it reads as a value being returned rather than as a write happening on the way out. Assign on its own line and return the variable, or wrap the assignment in its own parentheses to say the write was meant.
        
        range 643 661 returnAssignment 			643 661
        fixed	interface Bare { n: number }; interface WrongType { value: number }; type Alias = string; const Choice={Yes:'Yes'} as const; function guard(x: unknown): x is string { return true; } console.log('one'); console['warn']('two'); let count=0; count++; for(let i=0;i<3;i++){count++;} interface CallableType { method(value: string): number; readonly property: (value: string) => number; } enum Direction { Left=1, Right=Left|2, Other=compute() } let boxed: Number; class Thing implements Boolean {} if(!flag){doOne();}else{doTwo();} const chosen=!flag?left:right; const assigning=()=>left=right; const wrapped=()=>(left=right); function returning(){return left=right;}\u000a
        case 145
        /tmp/adamic-gate/TestMutantsno-caller-property2734548123/016/no-caller-0.ts:2:29
          no-caller  This uses `arguments.callee`. Both properties throw in strict mode, which every module and class body already is, and they prevent engines from optimizing functions whose callers would otherwise be statically known. Name the function and refer to it by name instead.
        
        range 62 68 noCaller 			62 68
        /tmp/adamic-gate/TestMutantsno-caller-property2734548123/016/no-caller-0.ts:3:34
    lint_test.go:759: no-caller-property caught on emitted JavaScript: case 145 line 2738: port "/tmp/adamic-gate/TestMutantsno-caller-property2734548123/016/no-caller-0.ts:3:34", Go "/tmp/adamic-gate/TestMutantsno-caller-property2734548123/016/no-caller-0.ts:2:29"
        Go context:
          no-return-assign  This return statement assigns rather than returns a value it already has, so it does two things at once and the assignment is the one the reader is likeliest to miss. It is usually a `==` typed as `=`, and where it is deliberate it reads as a value being returned rather than as a write happening on the way out. Assign on its own line and return the variable, or wrap the assignment in its own parentheses to say the write was meant.
        
        range 643 661 returnAssignment 			643 661
        fixed	interface Bare { n: number }; interface WrongType { value: number }; type Alias = string; const Choice={Yes:'Yes'} as const; function guard(x: unknown): x is string { return true; } console.log('one'); console['warn']('two'); let count=0; count++; for(let i=0;i<3;i++){count++;} interface CallableType { method(value: string): number; readonly property: (value: string) => number; } enum Direction { Left=1, Right=Left|2, Other=compute() } let boxed: Number; class Thing implements Boolean {} if(!flag){doOne();}else{doTwo();} const chosen=!flag?left:right; const assigning=()=>left=right; const wrapped=()=>(left=right); function returning(){return left=right;}\u000a
        case 145
        /tmp/adamic-gate/TestMutantsno-caller-property2734548123/016/no-caller-0.ts:2:29
          no-caller  This uses `arguments.callee`. Both properties throw in strict mode, which every module and class body already is, and they prevent engines from optimizing functions whose callers would otherwise be statically known. Name the function and refer to it by name instead.
        
        range 62 68 noCaller 			62 68
        /tmp/adamic-gate/TestMutantsno-caller-property2734548123/016/no-caller-0.ts:3:34
    lint_test.go:759: no-caller-property caught on native: case 145 line 2738: port "/tmp/adamic-gate/TestMutantsno-caller-property2734548123/016/no-caller-0.ts:3:34", Go "/tmp/adamic-gate/TestMutantsno-caller-property2734548123/016/no-caller-0.ts:2:29"
        Go context:
          no-return-assign  This return statement assigns rather than returns a value it already has, so it does two things at once and the assignment is the one the reader is likeliest to miss. It is usually a `==` typed as `=`, and where it is deliberate it reads as a value being returned rather than as a write happening on the way out. Assign on its own line and return the variable, or wrap the assignment in its own parentheses to say the write was meant.
        
        range 643 661 returnAssignment 			643 661
        fixed	interface Bare { n: number }; interface WrongType { value: number }; type Alias = string; const Choice={Yes:'Yes'} as const; function guard(x: unknown): x is string { return true; } console.log('one'); console['warn']('two'); let count=0; count++; for(let i=0;i<3;i++){count++;} interface CallableType { method(value: string): number; readonly property: (value: string) => number; } enum Direction { Left=1, Right=Left|2, Other=compute() } let boxed: Number; class Thing implements Boolean {} if(!flag){doOne();}else{doTwo();} const chosen=!flag?left:right; const assigning=()=>left=right; const wrapped=()=>(left=right); function returning(){return left=right;}\u000a
        case 145
        /tmp/adamic-gate/TestMutantsno-caller-property2734548123/016/no-caller-0.ts:2:29
          no-caller  This uses `arguments.callee`. Both properties throw in strict mode, which every module and class body already is, and they prevent engines from optimizing functions whose callers would otherwise be statically known. Name the function and refer to it by name instead.
        
        range 62 68 noCaller 			62 68
        /tmp/adamic-gate/TestMutantsno-caller-property2734548123/016/no-caller-0.ts:3:34
--- PASS: TestMutants (62.61s)
    --- PASS: TestMutants/no-caller-property (29.65s)
PASS
ok  	github.com/system-inc/adamic/stage1/cohere/lint	62.623s
