=== RUN   TestCheckedViewCallableCanonicalWitness
=== RUN   TestCheckedViewCallableCanonicalWitness/wrong-result
    checked_views_callable_canonical_test.go:18: gate cache node miss
    checked_views_callable_canonical_test.go:27: gate cache node miss
    checked_views_callable_canonical_test.go:39: backend 0: oracle.run{stdout:[]uint8{}, stderr:[]uint8{}, exitCode:-1} want "adamic: panic: field read failed: newProgram.getCanonicalFileName expected GetCanonicalFileName, found function with incompatible result representation\n"
--- FAIL: TestCheckedViewCallableCanonicalWitness (17.97s)
    --- FAIL: TestCheckedViewCallableCanonicalWitness/wrong-result (17.97s)
=== RUN   TestCheckedViewCallableWatcherWitness
=== RUN   TestCheckedViewCallableWatcherWitness/wrong-result
    checked_views_callable_canonical_test.go:57: gate cache node miss
    checked_views_callable_canonical_test.go:70: gate cache node miss
    checked_views_callable_canonical_test.go:82: backend 0 oracle.run{stdout:[]uint8{}, stderr:[]uint8{}, exitCode:0} want "adamic: panic: field read failed: watcher.close expected () => void, found function with incompatible result representation\n"
--- FAIL: TestCheckedViewCallableWatcherWitness (0.45s)
    --- FAIL: TestCheckedViewCallableWatcherWitness/wrong-result (0.45s)
FAIL
gate cache: native hits=0 misses=0
gate cache: node hits=0 misses=4
gate cache: probe hits=0 misses=0
FAIL	github.com/system-inc/adamic/internal/oracle	18.443s
FAIL
