=== RUN   TestNodeLibraryNamesUnimplementedMembers
=== RUN   TestNodeLibraryNamesUnimplementedMembers/node:fs.copyFileSync
    library_node_test.go:26: Load: load: node:* imports require @types/node 25.3.3 installed in stage3/api/node_modules/@types/node
=== RUN   TestNodeLibraryNamesUnimplementedMembers/node:fs.readFile
    library_node_test.go:26: Load: load: node:* imports require @types/node 25.3.3 installed in stage3/api/node_modules/@types/node
=== RUN   TestNodeLibraryNamesUnimplementedMembers/node:path.toNamespacedPath
    library_node_test.go:26: Load: load: node:* imports require @types/node 25.3.3 installed in stage3/api/node_modules/@types/node
=== RUN   TestNodeLibraryNamesUnimplementedMembers/node:os.userInfo
    library_node_test.go:26: Load: load: node:* imports require @types/node 25.3.3 installed in stage3/api/node_modules/@types/node
=== RUN   TestNodeLibraryNamesUnimplementedMembers/node:crypto.randomUUID
    library_node_test.go:26: Load: load: node:* imports require @types/node 25.3.3 installed in stage3/api/node_modules/@types/node
=== RUN   TestNodeLibraryNamesUnimplementedMembers/node:buffer.BufferConstructor.byteLength
    library_node_test.go:26: Load: load: node:* imports require @types/node 25.3.3 installed in stage3/api/node_modules/@types/node
=== RUN   TestNodeLibraryNamesUnimplementedMembers/node:path.sep
    library_node_test.go:26: Load: load: node:* imports require @types/node 25.3.3 installed in stage3/api/node_modules/@types/node
=== RUN   TestNodeLibraryNamesUnimplementedMembers/node:fs.readFile#01
    library_node_test.go:26: Load: load: node:* imports require @types/node 25.3.3 installed in stage3/api/node_modules/@types/node
--- FAIL: TestNodeLibraryNamesUnimplementedMembers (0.05s)
    --- FAIL: TestNodeLibraryNamesUnimplementedMembers/node:fs.copyFileSync (0.01s)
    --- FAIL: TestNodeLibraryNamesUnimplementedMembers/node:fs.readFile (0.01s)
    --- FAIL: TestNodeLibraryNamesUnimplementedMembers/node:path.toNamespacedPath (0.01s)
    --- FAIL: TestNodeLibraryNamesUnimplementedMembers/node:os.userInfo (0.01s)
    --- FAIL: TestNodeLibraryNamesUnimplementedMembers/node:crypto.randomUUID (0.01s)
    --- FAIL: TestNodeLibraryNamesUnimplementedMembers/node:buffer.BufferConstructor.byteLength (0.01s)
    --- FAIL: TestNodeLibraryNamesUnimplementedMembers/node:path.sep (0.01s)
    --- FAIL: TestNodeLibraryNamesUnimplementedMembers/node:fs.readFile#01 (0.01s)
=== RUN   TestNodeLibraryDoesNotRefuseTypeOnlyOrUserNames
    library_node_test.go:40: Load: load: node:* imports require @types/node 25.3.3 installed in stage3/api/node_modules/@types/node
--- FAIL: TestNodeLibraryDoesNotRefuseTypeOnlyOrUserNames (0.01s)
=== RUN   TestNodeLibraryDistinguishesReceiverOwners
    library_node_test.go:54: load: node:* imports require @types/node 25.3.3 installed in stage3/api/node_modules/@types/node
--- FAIL: TestNodeLibraryDistinguishesReceiverOwners (0.01s)
=== RUN   TestNodeLibraryQualifiedTypeAssertion
    library_node_test.go:77: Load: load: node:* imports require @types/node 25.3.3 installed in stage3/api/node_modules/@types/node
--- FAIL: TestNodeLibraryQualifiedTypeAssertion (0.01s)
FAIL
FAIL	github.com/system-inc/adamic/internal/lower	0.079s
FAIL
