-24
-24
-1
-1
-1
-1
-1
-1
0
0
1
1
-1
-1
-1
-1
0
0
1
1
-1
-1
-1
-1
0
0
1
1
-1
-1
-1
-1
0
0
1
1
-1
-1
-1
-1
0
0
1
1
-1
-1
-1
-1
0
0
1
1
-1
-1
-1
-1
0
0
1
1
-1
-1
-1
-1
0
0
1
1
-1
-1
-1
-1
0
0
1
1
-1
-1
-1
-1
0
0
1
1
-1
-1
-1
-1
0
0
1
1
-1
-1
-1
-1
0
0
1
1
-1
-1
-1
-1
0
0
1
1
-1
-1
-1
-1
0
0
1
1
-1
-1
-1
-1
0
0
1
1
-1
-1
-1
-1
0
0
1
1
-1
-1
-1
-1
0
0
1
1
-1
-1
-1
-1
0
0
1
1
-1
-1
-1
-1
0
0
1
1
-1
-1
-1
-1
0
0
1
1
-1
-1
-1
-1
0
0
1
1
-1
-1
-1
-1
0
0
1
1
-1
-1
-1
-1
0
0
1
1
-1
-1
-1
-1
0
0
1
1
-1
-1
-1
-1
0
0
1
1
-1
-1
-1
-1
0
0
1
1
-1
-1
-1
-1
0
0
1
1
-1
-1
-1
-1
0
0
1
1
-1
-1
-1
-1
0
0
1
1
-1
-1
-1
-1
0
0
1
1
-1
-1
-1
-1
0
0
1
1
-1
-1
-1
-1
0
0
1
1
-1
-1
-1
-1
0
0
1
1
-1
-1
-1
-1
0
0
1
1
-1
-1
-1
-1
0
0
1
1
-1
-1
-1
-1
0
0
1
1
-1
-1
-1
-1
0
0
1
1
-1
-1
-1
-1
0
0
1
1
-1
-1
-1
-1
0
0
1
1
-1
-1
-1
-1
0
0
1
1
-1
-1
-1
-1
0
0
1
1
-1
-1
-1
-1
0
0
1
1
-1
-1
-1
-1
0
0
1
1
-1
-1
-1
-1
0
0
1
1
-1
-1
-1
-1
0
0
1
1
-1
-1
-1
-1
0
0
1
1
-1
-1
-1
-1
0
0
1
1
-1
-1
-1
-1
0
0
1
1
-1
-1
-1
-1
0
0
1
1
-1
-1
-1
-1
0
0
1
1
-1
-1
-1
-1
0
0
1
1
-1
-1
-1
-1
0
0
1
1
-1
-1
-1
-1
0
0
1
1
-1
-1
-1
-1
0
0
1
1
-1
-1
-1
-1
0
0
1
1
-1
-1
-1
-1
0
0
1
1
-1
-1
-1
-1
0
0
1
1
-1
-1
-1
-1
0
0
1
1
-1
-1
-1
-1
0
0
1
1
-1
-1
-1
-1
0
0
1
1
-1
-1
-1
-1
0
0
1
1
-1
-1
-1
-1
0
0
1
1
-1
-1
-1
-1
0
0
1
1
-1
-1
-1
-1
0
0
1
1
-1
-1
-1
-1
0
0
1
1
-1
-1
-1
-1
0
0
1
1
-1
-1
-1
-1
0
0
1
1
-1
-1
-1
-1
0
0
1
1
-1
-1
-1
-1
0
0
1
1
-1
-1
-1
-1
0
0
1
1
-1
-1
-1
-1
0
0
1
1
-1
-1
-1
-1
0
0
1
1
-1
-1
-1
-1
0
0
1
1
-1
-1
-1
-1
0
0
1
1
-1
-1
-1
-1
0
0
1
1
-1
-1
-1
-1
0
0
1
1
-1
-1
-1
-1
0
0
1
1
-1
-1
-1
-1
0
0
1
1
-1
-1
-1
-1
0
0
1
1
-1
-1
-1
-1
0
0
1
1
-1
-1
-1
-1
0
0
1
1
-1
-1
-1
-1
0
0
1
1
-1
-1
-1
-1
0
0
1
1
-1
-1
-1
-1
0
0
1
1
-1
-1
-1
-1
0
0
1
1
-1
-1
-1
-1
0
0
1
1
-1
-1
-1
-1
0
0
1
1
-1
-1
-1
-1
0
0
1
1
-1
-1
-1
-1
0
0
1
1
-1
-1
-1
-1
0
0
1
1
-1
-1
-1
-1
0
0
1
1
-1
-1
-1
-1
0
0
1
1
-1
-1
-1
-1
0
0
1
1
-1
-1
-1
-1
0
0
1
1
-1
-1
-1
-1
0
0
1
1
-1
-1
-1
-1
0
0
1
1
-1
-1
-1
-1
0
0
1
1
-1
-1
-1
-1
0
0
1
1
-1
-1
-1
-1
0
0
1
1
-1
-1
-1
-1
0
0
1
1
-1
-1
-1
-1
0
0
1
1
-1
-1
-1
-1
0
0
1
1
-1
-1
-1
-1
0
0
1
1
-1
-1
-1
-1
0
0
1
1
-1
-1
-1
-1
0
0
1
1
-1
-1
-1
-1
0
0
1
1
-1
-1
-1
-1
0
0
1
1
-1
-1
-1
-1
0
0
1
1
-1
-1
-1
-1
0
0
1
1
-1
-1
-1
-1
0
0
1
1
-1
-1
-1
-1
0
0
1
1
-1
-1
-1
-1
0
0
1
1
-1
-1
-1
-1
0
0
1
1
-1
-1
-1
-1
0
0
1
1
-1
-1
-1
-1
0
0
1
1
-1
-1
-1
-1
0
0
1
1
-1
-1
-1
-1
0
0
1
1
-1
-1
-1
-1
0
0
1
1
-1
-1
-1
-1
0
0
1
1
-1
-1
-1
-1
0
0
1
1
-1
-1
-1
-1
0
0
1
1
-1
-1
-1
-1
0
0
1
1
-1
-1
-1
-1
0
0
1
1
-1
-1
-1
-1
0
0
1
1
-1
-1
-1
-1
0
0
1
1
-1
-1
-1
-1
0
0
1
1
-1
-1
-1
-1
0
0
1
1
-1
-1
-1
-1
0
0
1
1
-1
-1
-1
-1
0
0
1
1
-1
-1
-1
-1
0
0
1
1
-1
-1
-1
-1
0
0
1
1
-1
-1
-1
-1
0
0
1
1
-1
-1
-1
-1
0
0
1
1
-1
-1
-1
-1
0
0
1
1
-1
-1
-1
-1
0
0
1
1
-1
-1
-1
-1
0
0
1
1
-1
-1
-1
-1
0
0
1
1
-1
-1
-1
-1
0
0
1
1
-1
-1
-1
-1
0
0
1
1
-1
-1
-1
-1
0
0
1
1
-1
-1
-1
-1
0
0
1
1
-1
-1
-1
-1
0
0
1
1
-1
-1
-1
-1
0
0
1
1
-1
-1
-1
-1
0
0
1
1
-1
-1
-1
-1
0
0
1
1
-1
-1
-1
-1
0
0
1
1
-1
-1
-1
-1
0
0
1
1
-1
-1
-1
-1
0
0
1
1
-1
-1
-1
-1
0
0
1
1
-1
-1
-1
-1
0
0
1
1
-1
-1
-1
-1
0
0
1
1
-1
-1
-1
-1
0
0
1
1
-1
-1
-1
-1
0
0
1
1
-1
-1
-1
-1
0
0
1
1
-1
-1
-1
-1
0
0
1
1
-1
-1
-1
-1
0
0
1
1
-1
-1
-1
-1
0
0
1
1
-1
-1
-1
-1
0
0
1
1
-1
-1
-1
-1
0
0
1
1
-1
-1
-1
-1
0
0
1
1
-1
-1
-1
-1
0
0
1
1
-1
-1
-1
-1
0
0
1
1
-1
-1
-1
-1
0
0
1
1
-1
-1
-1
-1
0
0
1
1
-1
-1
-1
-1
0
0
1
1
-1
-1
-1
-1
0
0
1
1
-1
-1
-1
-1
0
0
1
1
-1
-1
-1
-1
0
0
1
1
-1
-1
-1
-1
0
0
1
1
-1
-1
-1
-1
0
0
1
1
-1
-1
-1
-1
0
0
1
1
-1
-1
-1
-1
0
0
1
1
-1
-1
-1
-1
0
0
1
1
-1
-1
-1
-1
0
0
1
1
-1
-1
-1
-1
0
0
1
1
-1
-1
-1
-1
0
0
1
1
-1
-1
-1
-1
0
0
1
1
-1
-1
-1
-1
0
0
1
1
-1
-1
-1
-1
0
0
1
1
-1
-1
-1
-1
0
0
1
1
-1
-1
-1
-1
0
0
1
1
-1
-1
-1
-1
0
0
1
1
-1
-1
-1
-1
0
0
1
1
-1
-1
-1
-1
0
0
1
1
-1
-1
-1
-1
0
0
1
1
-1
-1
-1
-1
0
0
1
1
-1
-1
-1
-1
0
0
1
1
-1
-1
-1
-1
0
0
1
1
-1
-1
-1
-1
0
0
1
1
-1
-1
-1
-1
0
0
1
1
-1
-1
-1
-1
0
0
1
1
-1
-1
-1
-1
0
0
1
1
-1
-1
-1
-1
0
0
1
1
-1
-1
-1
-1
0
0
1
1
-1
-1
-1
-1
0
0
1
1
-1
-1
-1
-1
0
0
1
1
-1
-1
-1
-1
0
0
1
1
-1
-1
-1
-1
0
0
1
1
-1
-1
-1
-1
0
0
1
1
-1
-1
-1
-1
0
0
1
1
-1
-1
-1
-1
0
0
1
1
-1
-1
-1
-1
0
0
1
1
-1
-1
-1
-1
0
0
1
1
-1
-1
-1
-1
0
0
1
1
-1
-1
-1
-1
0
0
1
1
-1
-1
-1
-1
0
0
1
1
-1
-1
-1
-1
0
0
1
1
-1
-1
-1
-1
0
0
1
1
-1
-1
-1
-1
0
0
1
1
-1
-1
-1
-1
0
0
1
1
-1
-1
-1
-1
0
0
1
1
-1
-1
-1
-1
0
0
1
1
-1
-1
-1
-1
0
0
1
1
-1
-1
-1
-1
0
0
1
1
-1
-1
-1
-1
0
0
1
1
-1
-1
-1
-1
0
0
1
1
-1
-1
-1
-1
0
0
1
1
-1
-1
-1
-1
0
0
1
1
-1
-1
-1
-1
0
0
1
1
-1
-1
-1
-1
0
0
1
1
-1
-1
-1
-1
0
0
1
1
-1
-1
-1
-1
0
0
1
1
-1
-1
-1
-1
0
0
1
1
-1
-1
-1
-1
0
0
1
1
-1
-1
-1
-1
0
0
1
1
-1
-1
-1
-1
0
0
1
1
-1
-1
-1
-1
0
0
1
1
-1
-1
-1
-1
0
0
1
1
-1
-1
-1
-1
0
0
1
1
-1
-1
-1
-1
0
0
1
1
-1
-1
-1
-1
0
0
1
1
-1
-1
-1
-1
0
0
1
1
-1
-1
-1
-1
0
0
1
1
-1
-1
-1
-1
0
0
1
1
-1
-1
-1
-1
0
0
1
1
-1
-1
-1
-1
0
0
1
1
-1
-1
-1
-1
0
0
1
1
-1
-1
-1
-1
0
0
1
1
-1
-1
-1
-1
0
0
1
1
-1
-1
-1
-1
0
0
1
1
-1
-1
-1
-1
0
0
1
1
-1
-1
-1
-1
0
0
1
1
-1
-1
-1
-1
0
0
1
1
-1
-1
-1
-1
0
0
1
1
-1
-1
-1
-1
0
0
1
1
-1
-1
-1
-1
0
0
1
1
-1
-1
-1
-1
0
0
1
1
-1
-1
-1
-1
0
0
1
1
-1
-1
-1
-1
0
0
1
1
-1
-1
-1
-1
0
0
1
1
-1
-1
-1
-1
0
0
1
1
-1
-1
-1
-1
0
0
1
1
-1
-1
-1
-1
0
0
1
1
-1
-1
-1
-1
0
0
1
1
-1
-1
-1
-1
0
0
1
1
-1
-1
-1
-1
0
0
1
1
-1
-1
-1
-1
0
0
1
1
-1
-1
-1
-1
0
0
1
1
-1
-1
-1
-1
0
0
1
1
-1
-1
-1
-1
0
0
1
1
-1
-1
-1
-1
0
0
1
1
-1
-1
-1
-1
0
0
1
1
-1
-1
-1
-1
0
0
1
1
-1
-1
-1
-1
0
0
1
1
-1
-1
-1
-1
0
0
1
1
-1
-1
-1
-1
0
0
1
1
-1
-1
-1
-1
0
0
1
1
-1
-1
-1
-1
0
0
1
1
-1
-1
-1
-1
0
0
1
1
-1
-1
-1
-1
0
0
1
1
-1
-1
-1
-1
0
0
1
1
-1
-1
-1
-1
0
0
1
1
-1
-1
-1
-1
0
0
1
1
-1
-1
-1
-1
0
0
1
1
-1
-1
-1
-1
0
0
1
1
-1
-1
-1
-1
0
0
1
1
-1
-1
-1
-1
0
0
1
1
-1
-1
-1
-1
0
0
1
1
-1
-1
-1
-1
0
0
1
1
-1
-1
-1
-1
0
0
1
1
-1
-1
-1
-1
0
0
1
1
-1
-1
-1
-1
0
0
1
1
-1
-1
-1
-1
0
0
1
1
-1
-1
-1
-1
0
0
1
1
-1
-1
-1
-1
0
0
1
1
-1
-1
-1
-1
0
0
1
1
-1
-1
-1
-1
0
0
1
1
-1
-1
-1
-1
0
0
1
1
-1
-1
-1
-1
0
0
1
1
-1
-1
-1
-1
0
0
1
1
-1
-1
-1
-1
0
0
1
1
-1
-1
-1
-1
0
0
1
1
-1
-1
-1
-1
0
0
1
1
-1
-1
-1
-1
0
0
1
1
-1
-1
-1
-1
0
0
1
1
-1
-1
-1
-1
0
0
1
1
-1
-1
-1
-1
0
0
1
1
-1
-1
-1
-1
0
0
1
1
-1
-1
-1
-1
0
0
1
1
-1
-1
-1
-1
0
0
1
1
-1
-1
-1
-1
0
0
1
1
-1
-1
-1
-1
0
0
1
1
-1
-1
-1
-1
0
0
1
1
-1
-1
-1
-1
0
0
1
1
-1
-1
-1
-1
0
0
1
1
-1
-1
-1
-1
0
0
1
1
-1
-1
-1
-1
0
0
1
1
-1
-1
-1
-1
0
0
1
1
-1
-1
-1
-1
0
0
1
1
-1
-1
-1
-1
0
0
1
1
-1
-1
-1
-1
0
0
1
1
-1
-1
-1
-1
0
0
1
1
-1
-1
-1
-1
0
0
1
1
-1
-1
-1
-1
0
0
1
1
-1
-1
-1
-1
0
0
1
1
-1
-1
-1
-1
0
0
1
1
-1
-1
-1
-1
0
0
1
1
-1
-1
-1
-1
0
0
1
1
-1
-1
-1
-1
0
0
1
1
-1
-1
-1
-1
0
0
1
1
-1
-1
-1
-1
0
0
1
1
-1
-1
-1
-1
0
0
1
1
-1
-1
-1
-1
0
0
1
1
-1
-1
-1
-1
0
0
1
1
-1
-1
-1
-1
0
0
1
1
-1
-1
-1
-1
0
0
1
1
-1
-1
-1
-1
0
0
1
1
-1
-1
-1
-1
0
0
1
1
-1
-1
-1
-1
0
0
1
1
-1
-1
-1
-1
0
0
1
1
-1
-1
-1
-1
0
0
1
1
-1
-1
-1
-1
0
0
1
1
-1
-1
-1
-1
0
0
1
1
-1
-1
-1
-1
0
0
1
1
-1
-1
-1
-1
0
0
1
1
-1
-1
-1
-1
0
0
1
1
-1
-1
-1
-1
0
0
1
1
-1
-1
-1
-1
0
0
1
1
-1
-1
-1
-1
0
0
1
1
-1
-1
-1
-1
0
0
1
1
-1
-1
-1
-1
0
0
1
1
-1
-1
-1
-1
0
0
1
1
-1
-1
-1
-1
0
0
1
1
-1
-1
-1
-1
0
0
1
1
-1
-1
-1
-1
0
0
1
1
-1
-1
-1
-1
0
0
1
1
-1
-1
-1
-1
0
0
1
1
-1
-1
-1
-1
0
0
1
1
-1
-1
-1
-1
0
0
1
1
-1
-1
-1
-1
0
0
1
1
-1
-1
-1
-1
0
0
1
1
-1
-1
-1
-1
0
0
1
1
-1
-1
-1
-1
0
0
1
1
-1
-1
-1
-1
0
0
1
1
-1
-1
-1
-1
0
0
1
1
-1
-1
-1
-1
0
0
1
1
-1
-1
-1
-1
0
0
1
1
-1
-1
-1
-1
0
0
1
1
-1
-1
-1
-1
0
0
1
1
-1
-1
-1
-1
0
0
1
1
-1
-1
-1
-1
0
0
1
1
-1
-1
-1
-1
0
0
1
1
-1
-1
-1
-1
0
0
1
1
-1
-1
-1
-1
0
0
1
1
-1
-1
-1
-1
0
0
1
1
-1
-1
-1
-1
0
0
1
1
-1
-1
-1
-1
0
0
1
1
-1
-1
-1
-1
0
0
1
1
-1
-1
-1
-1
0
0
1
1
-1
-1
-1
-1
0
0
1
1
-1
-1
-1
-1
0
0
1
1
-1
-1
-1
-1
0
0
1
1
-1
-1
-1
-1
0
0
1
1
-1
-1
-1
-1
0
0
1
1
-1
-1
-1
-1
0
0
1
1
-1
-1
-1
-1
0
0
1
1
-1
-1
-1
-1
0
0
1
1
-1
-1
-1
-1
0
0
1
1
-1
-1
-1
-1
0
0
1
1
-1
-1
-1
-1
0
0
1
1
-1
-1
-1
-1
0
0
1
1
-1
-1
-1
-1
0
0
1
1
-1
-1
-1
-1
0
0
1
1
-1
-1
-1
-1
0
0
1
1
-1
-1
-1
-1
0
0
1
1
-1
-1
-1
-1
0
0
1
1
-1
-1
-1
-1
0
0
1
1
-1
-1
-1
-1
0
0
1
1
-1
-1
-1
-1
0
0
1
1
-1
-1
-1
-1
0
0
1
1
-1
-1
-1
-1
0
0
1
1
-1
-1
-1
-1
0
0
1
1
-1
-1
-1
-1
0
0
1
1
-1
-1
-1
-1
0
0
1
1
-1
-1
-1
-1
0
0
1
1
-1
-1
-1
-1
0
0
1
1
-1
-1
-1
-1
0
0
1
1
-1
-1
-1
-1
0
0
1
1
-1
-1
-1
-1
0
0
1
1
-1
-1
-1
-1
0
0
1
1
-1
-1
-1
-1
0
0
1
1
-1
-1
-1
-1
0
0
1
1
-1
-1
-1
-1
0
0
1
1
-1
-1
-1
-1
0
0
1
1
-1
-1
-1
-1
0
0
1
1
-1
-1
-1
-1
0
0
1
1
-1
-1
-1
-1
0
0
1
1
-1
-1
-1
-1
0
0
1
1
-1
-1
-1
-1
0
0
1
1
-1
-1
-1
-1
0
0
1
1
-1
-1
-1
-1
0
0
1
1
-1
-1
-1
-1
0
0
1
1
-1
-1
-1
-1
0
0
1
1
-1
-1
-1
-1
0
0
1
1
-1
-1
-1
-1
0
0
1
1
-1
-1
-1
-1
0
0
1
1
-1
-1
-1
-1
0
0
1
1
-1
-1
-1
-1
0
0
1
1
-1
-1
-1
-1
0
0
1
1
-1
-1
-1
-1
0
0
1
1
-1
-1
-1
-1
0
0
1
1
-1
-1
-1
-1
0
0
1
1
-1
-1
-1
-1
0
0
1
1
-1
-1
-1
-1
0
0
1
1
-1
-1
-1
-1
0
0
1
1
-1
-1
-1
-1
0
0
1
1
-1
-1
-1
-1
0
0
1
1
-1
-1
-1
-1
0
0
1
1
-1
-1
-1
-1
0
0
1
1
-1
-1
-1
-1
0
0
1
1
-1
-1
-1
-1
0
0
1
1
-1
-1
-1
-1
0
0
1
1
-1
-1
-1
-1
0
0
1
1
-1
-1
-1
-1
0
0
1
1
-1
-1
-1
-1
0
0
1
1
-1
-1
-1
-1
0
0
1
1
-1
-1
-1
-1
0
0
1
1
-1
-1
-1
-1
0
0
1
1
-1
-1
-1
-1
0
0
1
1
-1
-1
-1
-1
0
0
1
1
-1
-1
-1
-1
0
0
1
1
-1
-1
-1
-1
0
0
1
1
-1
-1
-1
-1
0
0
1
1
-1
-1
-1
-1
0
0
1
1
-1
-1
-1
-1
0
0
1
1
-1
-1
-1
-1
0
0
1
1
-1
-1
-1
-1
0
0
1
1
-1
-1
-1
-1
0
0
1
1
-1
-1
-1
-1
0
0
1
1
-1
-1
-1
-1
0
0
1
1
-1
-1
-1
-1
0
0
1
1
-1
-1
-1
-1
0
0
1
1
-1
-1
-1
-1
0
0
1
1
-1
-1
-1
-1
0
0
1
1
-1
-1
-1
-1
0
0
1
1
-1
-1
-1
-1
0
0
1
1
-1
-1
-1
-1
0
0
1
1
-1
-1
-1
-1
0
0
1
1
-1
-1
-1
-1
0
0
1
1
-1
-1
-1
-1
0
0
1
1
-1
-1
-1
-1
0
0
1
1
-1
-1
-1
-1
0
0
1
1
-1
-1
-1
-1
0
0
1
1
-1
-1
-1
-1
0
0
1
1
-1
-1
-1
-1
0
0
1
1
-1
-1
-1
-1
0
0
1
1
-1
-1
-1
-1
0
0
1
1
-1
-1
-1
-1
0
0
1
1
-1
-1
-1
-1
0
0
1
1
-1
-1
-1
-1
0
0
1
1
-1
-1
-1
-1
0
0
1
1
-1
-1
-1
-1
0
0
1
1
-1
-1
-1
-1
0
0
1
1
-1
-1
-1
-1
0
0
1
1
-1
-1
-1
-1
0
0
1
1
-1
-1
-1
-1
0
0
1
1
-1
-1
-1
-1
0
0
1
1
-1
-1
-1
-1
0
0
1
1
-1
-1
-1
-1
0
0
1
1
-1
-1
-1
-1
0
0
1
1
-1
-1
-1
-1
0
0
1
1
-1
-1
-1
-1
0
0
1
1
-1
-1
-1
-1
0
0
1
1
-1
-1
-1
-1
0
0
1
1
-1
-1
-1
-1
0
0
1
1
-1
-1
-1
-1
0
0
1
1
-1
-1
-1
-1
0
0
1
1
-1
-1
-1
-1
0
0
1
1
-1
-1
-1
-1
0
0
1
1
-1
-1
-1
-1
0
0
1
1
-1
-1
-1
-1
0
0
1
1
-1
-1
-1
-1
0
0
1
1
-1
-1
-1
-1
0
0
1
1
-1
-1
-1
-1
0
0
1
1
-1
-1
-1
-1
0
0
1
1
-1
-1
-1
-1
0
0
1
1
-1
-1
-1
-1
0
0
1
1
-1
-1
-1
-1
0
0
1
1
-1
-1
-1
-1
0
0
1
1
-1
-1
-1
-1
0
0
1
1
-1
-1
-1
-1
0
0
1
1
-1
-1
-1
-1
0
0
1
1
-1
-1
-1
-1
0
0
1
1
-1
-1
-1
-1
0
0
1
1
-1
-1
-1
-1
0
0
1
1
-1
-1
-1
-1
0
0
1
1
-1
-1
-1
-1
0
0
1
1
-1
-1
-1
-1
0
0
1
1
-1
-1
-1
-1
0
0
1
1
-1
-1
-1
-1
0
0
1
1
-1
-1
-1
-1
0
0
1
1
-1
-1
-1
-1
0
0
1
1
-1
-1
-1
-1
0
0
1
1
-1
-1
-1
-1
0
0
1
1
-1
-1
-1
-1
0
0
1
1
-1
-1
-1
-1
0
0
1
1
-1
-1
-1
-1
0
0
1
1
-1
-1
-1
-1
0
0
1
1
-1
-1
-1
-1
0
0
1
1
-1
-1
-1
-1
0
0
1
1
-1
-1
-1
-1
0
0
1
1
-1
-1
-1
-1
0
0
1
1
-1
-1
-1
-1
0
0
1
1
-1
-1
-1
-1
0
0
1
1
-1
-1
-1
-1
0
0
1
1
-1
-1
-1
-1
0
0
1
1
-1
-1
-1
-1
0
0
1
1
-1
-1
-1
-1
0
0
1
1
-1
-1
-1
-1
0
0
1
1
-1
-1
-1
-1
0
0
1
1
-1
-1
-1
-1
0
0
1
1
-1
-1
-1
-1
0
0
1
1
-1
-1
-1
-1
0
0
1
1
-1
-1
-1
-1
0
0
1
1
-1
-1
-1
-1
0
0
1
1
-1
-1
-1
-1
0
0
1
1
-1
-1
-1
-1
0
0
1
1
-1
-1
-1
-1
0
0
1
1
-1
-1
-1
-1
0
0
1
1
-1
-1
-1
-1
0
0
1
1
-1
-1
-1
-1
0
0
1
1
-1
-1
-1
-1
0
0
1
1
-1
-1
-1
-1
0
0
1
1
-1
-1
-1
-1
0
0
1
1
-1
-1
-1
-1
0
0
1
1
-1
-1
-1
-1
0
0
1
1
-1
-1
-1
-1
0
0
1
1
-1
-1
-1
-1
0
0
1
1
-1
-1
-1
-1
0
0
1
1
-1
-1
-1
-1
0
0
1
1
-1
-1
-1
-1
0
0
1
1
-1
-1
-1
-1
0
0
1
1
-1
-1
-1
-1
0
0
1
1
-1
-1
-1
-1
0
0
1
1
-1
-1
-1
-1
0
0
1
1
-1
-1
-1
-1
0
0
1
1
-1
-1
-1
-1
0
0
1
1
-1
-1
-1
-1
0
0
1
1
-1
-1
-1
-1
0
0
1
1
-1
-1
-1
-1
0
0
1
1
-1
-1
-1
-1
0
0
1
1
-1
-1
-1
-1
0
0
1
1
-1
-1
-1
-1
0
0
1
1
-1
-1
-1
-1
0
0
1
1
-1
-1
-1
-1
0
0
1
1
-1
-1
-1
-1
0
0
1
1
-1
-1
-1
-1
0
0
1
1
-1
-1
-1
-1
0
0
1
1
-1
-1
-1
-1
0
0
1
1
-1
-1
-1
-1
0
0
1
1
-1
-1
-1
-1
0
0
1
1
-1
-1
-1
-1
0
0
1
1
-1
-1
-1
-1
0
0
1
1
-1
-1
-1
-1
0
0
1
1
-1
-1
-1
-1
0
0
1
1
-1
-1
-1
-1
0
0
1
1
-1
-1
-1
-1
0
0
1
1
-1
-1
-1
-1
0
0
1
1
-1
-1
-1
-1
0
0
1
1
-1
-1
-1
-1
0
0
1
1
-1
-1
-1
-1
0
0
1
1
-1
-1
-1
-1
0
0
1
1
-1
-1
-1
-1
0
0
1
1
-1
-1
-1
-1
0
0
1
1
-1
-1
-1
-1
0
0
1
1
-1
-1
-1
-1
0
0
1
1
-1
-1
-1
-1
0
0
1
1
-1
-1
-1
-1
0
0
1
1
-1
-1
-1
-1
0
0
1
1
-1
-1
-1
-1
0
0
1
1
-1
-1
-1
-1
0
0
1
1
-1
-1
-1
-1
0
0
1
1
-1
-1
-1
-1
0
0
1
1
-1
-1
-1
-1
0
0
1
1
-1
-1
-1
-1
0
0
1
1
-1
-1
-1
-1
0
0
1
1
-1
-1
-1
-1
0
0
1
1
-1
-1
-1
-1
0
0
1
1
-1
-1
-1
-1
0
0
1
1
-1
-1
-1
-1
0
0
1
1
-1
-1
-1
-1
0
0
1
1
-1
-1
-1
-1
0
0
1
1
-1
-1
-1
-1
0
0
1
1
-1
-1
-1
-1
0
0
1
1
-1
-1
-1
-1
0
0
1
1
-1
-1
-1
-1
0
0
1
1
-1
-1
-1
-1
0
0
1
1
-1
-1
-1
-1
0
0
1
1
-1
-1
-1
-1
0
0
1
1
-1
-1
-1
-1
0
0
1
1
-1
-1
-1
-1
0
0
1
1
-1
-1
-1
-1
0
0
1
1
-1
-1
-1
-1
0
0
1
1
-1
-1
-1
-1
0
0
1
1
-1
-1
-1
-1
0
0
1
1
-1
-1
-1
-1
0
0
1
1
-1
-1
-1
-1
0
0
1
1
-1
-1
-1
-1
0
0
1
1
-1
-1
-1
-1
0
0
1
1
-1
-1
-1
-1
0
0
1
1
-1
-1
-1
-1
0
0
1
1
-1
-1
-1
-1
0
0
1
1
-1
-1
-1
-1
0
0
1
1
-1
-1
-1
-1
0
0
1
1
-1
-1
-1
-1
0
0
1
1
-1
-1
-1
-1
0
0
1
1
-1
-1
-1
-1
0
0
1
1
-1
-1
-1
-1
0
0
1
1
-1
-1
-1
-1
0
0
1
1
-1
-1
-1
-1
0
0
1
1
-1
-1
-1
-1
0
0
1
1
-1
-1
-1
-1
0
0
1
1
-1
-1
-1
-1
0
0
1
1
-1
-1
-1
-1
0
0
1
1
-1
-1
-1
-1
0
0
1
1
-1
-1
-1
-1
0
0
1
1
-1
-1
-1
-1
0
0
1
1
-1
-1
-1
-1
0
0
1
1
-1
-1
-1
-1
0
0
1
1
-1
-1
-1
-1
0
0
1
1
-1
-1
-1
-1
0
0
1
1
-1
-1
-1
-1
0
0
1
1
-1
-1
-1
-1
0
0
1
1
-1
-1
-1
-1
0
0
1
1
-1
-1
-1
-1
0
0
1
1
-1
-1
-1
-1
0
0
1
1
-1
-1
-1
-1
0
0
1
1
-1
-1
-1
-1
0
0
1
1
-1
-1
-1
-1
0
0
1
1
-1
-1
-1
-1
0
0
1
1
-1
-1
-1
-1
0
0
1
1
-1
-1
-1
-1
0
0
1
1
-1
-1
-1
-1
0
0
1
1
-1
-1
-1
-1
0
0
1
1
-1
-1
-1
-1
0
0
1
1
-1
-1
-1
-1
0
0
1
1
-1
-1
-1
-1
0
0
1
1
-1
-1
-1
-1
0
0
1
1
-1
-1
-1
-1
0
0
1
1
-1
-1
-1
-1
0
0
1
1
-1
-1
-1
-1
0
0
1
1
-1
-1
-1
-1
0
0
1
1
-1
-1
-1
-1
0
0
1
1
-1
-1
-1
-1
0
0
1
1
-1
-1
-1
-1
0
0
1
1
-1
-1
-1
-1
0
0
1
1
-1
-1
-1
-1
0
0
1
1
-1
-1
-1
-1
0
0
1
1
-1
-1
-1
-1
0
0
1
1
-1
-1
-1
-1
0
0
1
1
-1
-1
-1
-1
0
0
1
1
-1
-1
-1
-1
0
0
1
1
-1
-1
-1
-1
0
0
1
1
-1
-1
-1
-1
0
0
1
1
-1
-1
-1
-1
0
0
1
1
-1
-1
-1
-1
0
0
1
1
-1
-1
-1
-1
0
0
1
1
-1
-1
-1
-1
0
0
1
1
-1
-1
-1
-1
0
0
1
1
-1
-1
-1
-1
0
0
1
1
-1
-1
-1
-1
0
0
1
1
-1
-1
-1
-1
0
0
1
1
-1
-1
-1
-1
0
0
1
1
-1
-1
-1
-1
0
0
1
1
-1
-1
-1
-1
0
0
1
1
-1
-1
-1
-1
0
0
1
1
-1
-1
-1
-1
0
0
1
1
-1
-1
-1
-1
0
0
1
1
-1
-1
-1
-1
0
0
1
1
-1
-1
-1
-1
0
0
1
1
-1
-1
-1
-1
0
0
1
1
-1
-1
-1
-1
0
0
1
1
-1
-1
-1
-1
0
0
1
1
-1
-1
-1
-1
0
0
1
1
-1
-1
-1
-1
0
0
1
1
-1
-1
-1
-1
0
0
1
1
-1
-1
-1
-1
0
0
1
1
-1
-1
-1
-1
0
0
1
1
-1
-1
-1
-1
0
0
1
1
-1
-1
-1
-1
0
0
1
1
-1
-1
-1
-1
0
0
1
1
-1
-1
-1
-1
0
0
1
1
-1
-1
-1
-1
0
0
1
1
-1
-1
-1
-1
0
0
1
1
-1
-1
-1
-1
0
0
1
1
-1
-1
-1
-1
0
0
1
1
-1
-1
-1
-1
0
0
1
1
-1
-1
-1
-1
0
0
1
1
-1
-1
-1
-1
0
0
1
1
-1
-1
-1
-1
0
0
1
1
-1
-1
-1
-1
0
0
1
1
-1
-1
-1
-1
0
0
1
1
-1
-1
-1
-1
0
0
1
1
-1
-1
-1
-1
0
0
1
1
-1
-1
-1
-1
0
0
1
1
-1
-1
-1
-1
0
0
1
1
-1
-1
-1
-1
0
0
1
1
-1
-1
-1
-1
0
0
1
1
-1
-1
-1
-1
0
0
1
1
-1
-1
-1
-1
0
0
1
1
-1
-1
-1
-1
0
0
1
1
-1
-1
-1
-1
0
0
1
1
-1
-1
-1
-1
0
0
1
1
-1
-1
-1
-1
0
0
1
1
-1
-1
-1
-1
0
0
1
1
-1
-1
-1
-1
0
0
1
1
-1
-1
-1
-1
0
0
1
1
-1
-1
-1
-1
0
0
1
1
-1
-1
-1
-1
0
0
1
1
-1
-1
-1
-1
0
0
1
1
-1
-1
-1
-1
0
0
1
1
-1
-1
-1
-1
0
0
1
1
-1
-1
-1
-1
0
0
1
1
-1
-1
-1
-1
0
0
1
1
-1
-1
-1
-1
0
0
1
1
-1
-1
-1
-1
0
0
1
1
-1
-1
-1
-1
0
0
1
1
-1
-1
-1
-1
0
0
1
1
-1
-1
-1
-1
0
0
1
1
-1
-1
-1
-1
0
0
1
1
-1
-1
-1
-1
0
0
1
1
-1
-1
-1
-1
0
0
1
1
-1
-1
-1
-1
0
0
1
1
-1
-1
-1
-1
0
0
1
1
-1
-1
-1
-1
0
0
1
1
-1
-1
-1
-1
0
0
1
1
-1
-1
-1
-1
0
0
1
1
-1
-1
-1
-1
0
0
1
1
-1
-1
-1
-1
0
0
1
1
-1
-1
-1
-1
0
0
1
1
-1
-1
-1
-1
0
0
1
1
-1
-1
-1
-1
0
0
1
1
-1
-1
-1
-1
0
0
1
1
-1
-1
-1
-1
0
0
1
1
-1
-1
-1
-1
0
0
1
1
-1
-1
-1
-1
0
0
1
1
-1
-1
-1
-1
0
0
1
1
-1
-1
-1
-1
0
0
1
1
-1
-1
-1
-1
0
0
1
1
-1
-1
-1
-1
0
0
1
1
-1
-1
-1
-1
0
0
1
1
-1
-1
-1
-1
0
0
1
1
-1
-1
-1
-1
0
0
1
1
-1
-1
-1
-1
0
0
1
1
-1
-1
-1
-1
0
0
1
1
-1
-1
-1
-1
0
0
1
1
-1
-1
-1
-1
0
0
1
1
-1
-1
-1
-1
0
0
1
1
-1
-1
-1
-1
0
0
1
1
-1
-1
-1
-1
0
0
1
1
-1
-1
-1
-1
0
0
1
1
-1
-1
-1
-1
0
0
1
1
-1
-1
-1
-1
0
0
1
1
-1
-1
-1
-1
0
0
1
1
-1
-1
-1
-1
0
0
1
1
-1
-1
-1
-1
0
0
1
1
-1
-1
-1
-1
0
0
1
1
-1
-1
-1
-1
0
0
1
1
-1
-1
-1
-1
0
0
1
1
-1
-1
-1
-1
0
0
1
1
-1
-1
-1
-1
0
0
1
1
-1
-1
-1
-1
0
0
1
1
-1
-1
-1
-1
0
0
1
1
-1
-1
-1
-1
0
0
1
1
-1
-1
-1
-1
0
0
1
1
-1
-1
-1
-1
0
0
1
1
-1
-1
-1
-1
0
0
1
1
-1
-1
-1
-1
0
0
1
1
-1
-1
-1
-1
0
0
1
1
-1
-1
-1
-1
0
0
1
1
-1
-1
-1
-1
0
0
1
1
-1
-1
-1
-1
0
0
1
1
-1
-1
-1
-1
0
0
1
1
-1
-1
-1
-1
0
0
1
1
-1
-1
-1
-1
0
0
1
1
-1
-1
-1
-1
0
0
1
1
-1
-1
-1
-1
0
0
1
1
-1
-1
-1
-1
0
0
1
1
-1
-1
-1
-1
0
0
1
1
-1
-1
-1
-1
0
0
1
1
-1
-1
-1
-1
0
0
1
1
-1
-1
-1
-1
0
0
1
1
-1
-1
-1
-1
0
0
1
1
-1
-1
-1
-1
0
0
1
1
-1
-1
-1
-1
0
0
1
1
-1
-1
-1
-1
0
0
1
1
-1
-1
-1
-1
0
0
1
1
-1
-1
-1
-1
0
0
1
1
-1
-1
-1
-1
0
0
1
1
-1
-1
-1
-1
0
0
1
1
-1
-1
-1
-1
0
0
1
1
-1
-1
-1
-1
0
0
1
1
-1
-1
-1
-1
0
0
1
1
-1
-1
-1
-1
0
0
1
1
-1
-1
-1
-1
0
0
1
1
-1
-1
-1
-1
0
0
1
1
-1
-1
-1
-1
0
0
1
1
-1
-1
-1
-1
0
0
1
1
-1
-1
-1
-1
0
0
1
1
-1
-1
-1
-1
0
0
1
1
-1
-1
-1
-1
0
0
1
1
-1
-1
-1
-1
0
0
1
1
-1
-1
-1
-1
0
0
1
1
-1
-1
-1
-1
0
0
1
1
-1
-1
-1
-1
0
0
1
1
-1
-1
-1
-1
0
0
1
1
-1
-1
-1
-1
0
0
1
1
-1
-1
-1
-1
0
0
1
1
-1
-1
-1
-1
0
0
1
1
-1
-1
-1
-1
0
0
1
1
-1
-1
-1
-1
0
0
1
1
-1
-1
-1
-1
0
0
1
1
-1
-1
-1
-1
0
0
1
1
-1
-1
-1
-1
0
0
1
1
-1
-1
-1
-1
0
0
1
1
-1
-1
-1
-1
0
0
1
1
-1
-1
-1
-1
0
0
1
1
-1
-1
-1
-1
0
0
1
1
-1
-1
-1
-1
0
0
1
1
-1
-1
-1
-1
0
0
1
1
-1
-1
-1
-1
0
0
1
1
-1
-1
-1
-1
0
0
1
1
-1
-1
-1
-1
0
0
1
1
-1
-1
-1
-1
0
0
1
1
-1
-1
-1
-1
0
0
1
1
-1
-1
-1
-1
0
0
1
1
-1
-1
-1
-1
0
0
1
1
-1
-1
-1
-1
0
0
1
1
-1
-1
-1
-1
0
0
1
1
-1
-1
-1
-1
0
0
1
1
-1
-1
-1
-1
0
0
1
1
-1
-1
-1
-1
0
0
1
1
-1
-1
-1
-1
0
0
1
1
-1
-1
-1
-1
0
0
1
1
-1
-1
-1
-1
0
0
1
1
-1
-1
-1
-1
0
0
1
1
-1
-1
-1
-1
0
0
1
1
-1
-1
-1
-1
0
0
1
1
-1
-1
-1
-1
0
0
1
1
-1
-1
-1
-1
0
0
1
1
-1
-1
-1
-1
0
0
1
1
-1
-1
-1
-1
0
0
1
1
-1
-1
-1
-1
0
0
1
1
-1
-1
-1
-1
0
0
1
1
-1
-1
-1
-1
0
0
1
1
-1
-1
-1
-1
0
0
1
1
-1
-1
-1
-1
0
0
1
1
-1
-1
-1
-1
0
0
1
1
-1
-1
-1
-1
0
0
1
1
-1
-1
-1
-1
0
0
1
1
-1
-1
-1
-1
0
0
1
1
-1
-1
-1
-1
0
0
1
1
-1
-1
-1
-1
0
0
1
1
-1
-1
-1
-1
0
0
1
1
-1
-1
-1
-1
0
0
1
1
-1
-1
-1
-1
0
0
1
1
-1
-1
-1
-1
0
0
1
1
-1
-1
-1
-1
0
0
1
1
-1
-1
-1
-1
0
0
1
1
-1
-1
-1
-1
0
0
1
1
-1
-1
-1
-1
0
0
1
1
-1
-1
-1
-1
0
0
1
1
-1
-1
-1
-1
0
0
1
1
-1
-1
-1
-1
0
0
1
1
-1
-1
-1
-1
0
0
1
1
-1
-1
-1
-1
0
0
1
1
-1
-1
-1
-1
0
0
1
1
-1
-1
-1
-1
0
0
1
1
-1
-1
-1
-1
0
0
1
1
-1
-1
-1
-1
0
0
1
1
-1
-1
-1
-1
0
0
1
1
-1
-1
-1
-1
0
0
1
1
-1
-1
-1
-1
0
0
1
1
-1
-1
-1
-1
0
0
1
1
-1
-1
-1
-1
0
0
1
1
-1
-1
-1
-1
0
0
1
1
-1
-1
-1
-1
0
0
1
1
-1
-1
-1
-1
0
0
1
1
-1
-1
-1
-1
0
0
1
1
-1
-1
-1
-1
0
0
1
1
-1
-1
-1
-1
0
0
1
1
-1
-1
-1
-1
0
0
1
1
-1
-1
-1
-1
0
0
1
1
-1
-1
-1
-1
0
0
1
1
-1
-1
-1
-1
0
0
1
1
-1
-1
-1
-1
0
0
1
1
-1
-1
-1
-1
0
0
1
1
-1
-1
-1
-1
0
0
1
1
-1
-1
-1
-1
0
0
1
1
-1
-1
-1
-1
0
0
1
1
-1
-1
-1
-1
0
0
1
1
-1
-1
-1
-1
0
0
1
1
-1
-1
-1
-1
0
0
1
1
-1
-1
-1
-1
0
0
1
1
-1
-1
-1
-1
0
0
-1
-1
-1
-1
-1
-1
0
0
1
1
-1
-1
-1
-1
0
0
1
1
-1
-1
-1
-1
0
0
1
1
-1
-1
-1
-1
0
0
1
1
-1
-1
-1
-1
0
0
1
1
-1
-1
-1
-1
0
0
1
1
-1
-1
-1
-1
0
0
1
1
-1
-1
-1
-1
0
0
1
1
-1
-1
-1
-1
0
0
1
1
-1
-1
-1
-1
0
0
1
1
-1
-1
-1
-1
0
0
1
1
-1
-1
-1
-1
0
0
1
1
-1
-1
-1
-1
0
0
1
1
-1
-1
-1
-1
0
0
1
1
-1
-1
-1
-1
0
0
1
1
-1
-1
-1
-1
0
0
1
1
-1
-1
-1
-1
0
0
1
1
-1
-1
-1
-1
0
0
1
1
-1
-1
-1
-1
0
0
1
1
-1
-1
-1
-1
0
0
1
1
-1
-1
-1
-1
0
0
1
1
-1
-1
-1
-1
0
0
1
1
-1
-1
-1
-1
0
0
1
1
-1
-1
-1
-1
0
0
1
1
-1
-1
-1
-1
0
0
1
1
-1
-1
-1
-1
0
0
1
1
-1
-1
-1
-1
0
0
1
1
-1
-1
-1
-1
0
0
1
1
-1
-1
-1
-1
0
0
1
1
-1
-1
-1
-1
0
0
1
1
-1
-1
-1
-1
0
0
1
1
-1
-1
-1
-1
0
0
1
1
-1
-1
-1
-1
0
0
1
1
-1
-1
-1
-1
0
0
1
1
-1
-1
-1
-1
0
0
1
1
-1
-1
-1
-1
0
0
1
1
-1
-1
-1
-1
0
0
1
1
-1
-1
-1
-1
0
0
1
1
-1
-1
-1
-1
0
0
1
1
-1
-1
-1
-1
0
0
1
1
-1
-1
-1
-1
0
0
1
1
-1
-1
-1
-1
0
0
1
1
-1
-1
-1
-1
0
0
1
1
-1
-1
-1
-1
0
0
1
1
-1
-1
-1
-1
0
0
1
1
-1
-1
-1
-1
0
0
1
1
-1
-1
-1
-1
0
0
1
1
-1
-1
-1
-1
0
0
1
1
-1
-1
-1
-1
0
0
1
1
-1
-1
-1
-1
0
0
1
1
-1
-1
-1
-1
0
0
1
1
-1
-1
-1
-1
0
0
1
1
-1
-1
-1
-1
0
0
1
1
-1
-1
-1
-1
0
0
1
1
-1
-1
-1
-1
0
0
1
1
-1
-1
-1
-1
0
0
1
1
-1
-1
-1
-1
0
0
1
1
-1
-1
-1
-1
0
0
1
1
-1
-1
-1
-1
0
0
1
1
-1
-1
-1
-1
0
0
1
1
-1
-1
-1
-1
0
0
1
1
-1
-1
-1
-1
0
0
1
1
-1
-1
-1
-1
0
0
1
1
-1
-1
-1
-1
0
0
1
1
-1
-1
-1
-1
0
0
1
1
-1
-1
-1
-1
0
0
1
1
-1
-1
-1
-1
0
0
1
1
-1
-1
-1
-1
0
0
1
1
-1
-1
-1
-1
0
0
1
1
-1
-1
-1
-1
0
0
1
1
-1
-1
-1
-1
0
0
1
1
-1
-1
-1
-1
0
0
1
1
-1
-1
-1
-1
0
0
1
1
-1
-1
-1
-1
0
0
1
1
-1
-1
-1
-1
0
0
1
1
-1
-1
-1
-1
0
0
1
1
-1
-1
-1
-1
0
0
1
1
-1
-1
-1
-1
0
0
1
1
-1
-1
-1
-1
0
0
1
1
-1
-1
-1
-1
0
0
1
1
-1
-1
-1
-1
0
0
1
1
-1
-1
-1
-1
0
0
1
1
-1
-1
-1
-1
0
0
1
1
-1
-1
-1
-1
0
0
1
1
-1
-1
-1
-1
0
0
1
1
-1
-1
-1
-1
0
0
1
1
-1
-1
-1
-1
0
0
1
1
-1
-1
-1
-1
0
0
1
1
-1
-1
-1
-1
0
0
1
1
-1
-1
-1
-1
0
0
1
1
-1
-1
-1
-1
0
0
1
1
-1
-1
-1
-1
0
0
1
1
-1
-1
-1
-1
0
0
1
1
-1
-1
-1
-1
0
0
1
1
-1
-1
-1
-1
0
0
1
1
-1
-1
-1
-1
0
0
1
1
-1
-1
-1
-1
0
0
1
1
-1
-1
-1
-1
0
0
1
1
-1
-1
-1
-1
0
0
1
1
-1
-1
-1
-1
0
0
1
1
-1
-1
-1
-1
0
0
1
1
-1
-1
-1
-1
0
0
1
1
-1
-1
-1
-1
0
0
1
1
-1
-1
-1
-1
0
0
1
1
-1
-1
-1
-1
0
0
1
1
-1
-1
-1
-1
0
0
1
1
-1
-1
-1
-1
0
0
1
1
-1
-1
-1
-1
0
0
1
1
-1
-1
-1
-1
0
0
1
1
-1
-1
-1
-1
0
0
1
1
-1
-1
-1
-1
0
0
1
1
-1
-1
-1
-1
0
0
1
1
-1
-1
-1
-1
0
0
1
1
-1
-1
-1
-1
0
0
1
1
-1
-1
-1
-1
0
0
1
1
-1
-1
-1
-1
0
0
1
1
-1
-1
-1
-1
0
0
1
1
-1
-1
-1
-1
0
0
1
1
-1
-1
-1
-1
0
0
1
1
-1
-1
-1
-1
0
0
1
1
-1
-1
-1
-1
0
0
1
1
-1
-1
-1
-1
0
0
1
1
-1
-1
-1
-1
0
0
1
1
-1
-1
-1
-1
0
0
1
1
-1
-1
-1
-1
0
0
1
1
-1
-1
-1
-1
0
0
1
1
-1
-1
-1
-1
0
0
1
1
-1
-1
-1
-1
0
0
1
1
-1
-1
-1
-1
0
0
1
1
-1
-1
-1
-1
0
0
1
1
-1
-1
-1
-1
0
0
1
1
-1
-1
-1
-1
0
0
1
1
-1
-1
-1
-1
0
0
1
1
-1
-1
-1
-1
0
0
1
1
-1
-1
-1
-1
0
0
1
1
-1
-1
-1
-1
0
0
1
1
-1
-1
-1
-1
0
0
1
1
-1
-1
-1
-1
0
0
1
1
-1
-1
-1
-1
0
0
1
1
-1
-1
-1
-1
0
0
1
1
-1
-1
-1
-1
0
0
1
1
-1
-1
-1
-1
0
0
1
1
-1
-1
-1
-1
0
0
1
1
-1
-1
-1
-1
0
0
1
1
-1
-1
-1
-1
0
0
1
1
-1
-1
-1
-1
0
0
1
1
-1
-1
-1
-1
0
0
1
1
-1
-1
-1
-1
0
0
1
1
-1
-1
-1
-1
0
0
1
1
-1
-1
-1
-1
0
0
1
1
-1
-1
-1
-1
0
0
1
1
-1
-1
-1
-1
0
0
1
1
-1
-1
-1
-1
0
0
1
1
-1
-1
-1
-1
0
0
1
1
-1
-1
-1
-1
0
0
1
1
-1
-1
-1
-1
0
0
1
1
-1
-1
-1
-1
0
0
1
1
-1
-1
-1
-1
0
0
1
1
-1
-1
-1
-1
0
0
1
1
-1
-1
-1
-1
0
0
1
1
-1
-1
-1
-1
0
0
1
1
-1
-1
-1
-1
0
0
1
1
-1
-1
-1
-1
0
0
1
1
-1
-1
-1
-1
0
0
1
1
-1
-1
-1
-1
0
0
1
1
-1
-1
-1
-1
0
0
1
1
-1
-1
-1
-1
0
0
1
1
-1
-1
-1
-1
0
0
1
1
-1
-1
-1
-1
0
0
1
1
-1
-1
-1
-1
0
0
1
1
-1
-1
-1
-1
0
0
1
1
-1
-1
-1
-1
0
0
1
1
-1
-1
-1
-1
0
0
1
1
-1
-1
-1
-1
0
0
1
1
-1
-1
-1
-1
0
0
1
1
-1
-1
-1
-1
0
0
1
1
-1
-1
-1
-1
0
0
1
1
-1
-1
-1
-1
0
0
1
1
-1
-1
-1
-1
0
0
1
1
-1
-1
-1
-1
0
0
1
1
-1
-1
-1
-1
0
0
1
1
-1
-1
-1
-1
0
0
1
1
-1
-1
-1
-1
0
0
1
1
-1
-1
-1
-1
0
0
1
1
-1
-1
-1
-1
0
0
1
1
-1
-1
-1
-1
0
0
1
1
-1
-1
-1
-1
0
0
1
1
-1
-1
-1
-1
0
0
1
1
-1
-1
-1
-1
0
0
1
1
-1
-1
-1
-1
0
0
1
1
-1
-1
-1
-1
0
0
1
1
-1
-1
-1
-1
0
0
1
1
-1
-1
-1
-1
0
0
1
1
-1
-1
-1
-1
0
0
1
1
-1
-1
-1
-1
0
0
1
1
-1
-1
-1
-1
0
0
1
1
-1
-1
-1
-1
0
0
1
1
-1
-1
-1
-1
0
0
1
1
-1
-1
-1
-1
0
0
1
1
-1
-1
-1
-1
0
0
1
1
-1
-1
-1
-1
0
0
1
1
-1
-1
-1
-1
0
0
1
1
-1
-1
-1
-1
0
0
1
1
-1
-1
-1
-1
0
0
1
1
-1
-1
-1
-1
0
0
1
1
-1
-1
-1
-1
0
0
1
1
-1
-1
-1
-1
0
0
1
1
-1
-1
-1
-1
0
0
1
1
-1
-1
-1
-1
0
0
1
1
-1
-1
-1
-1
0
0
1
1
-1
-1
-1
-1
0
0
1
1
-1
-1
-1
-1
0
0
1
1
-1
-1
-1
-1
0
0
1
1
-1
-1
-1
-1
0
0
1
1
-1
-1
-1
-1
0
0
1
1
-1
-1
-1
-1
0
0
1
1
-1
-1
-1
-1
0
0
1
1
-1
-1
-1
-1
0
0
1
1
-1
-1
-1
-1
0
0
1
1
-1
-1
-1
-1
0
0
1
1
-1
-1
-1
-1
0
0
1
1
-1
-1
-1
-1
0
0
1
1
-1
-1
-1
-1
0
0
1
1
-1
-1
-1
-1
0
0
1
1
-1
-1
-1
-1
0
0
1
1
-1
-1
-1
-1
0
0
1
1
-1
-1
-1
-1
0
0
1
1
-1
-1
-1
-1
0
0
1
1
-1
-1
-1
-1
0
0
1
1
-1
-1
-1
-1
0
0
1
1
-1
-1
-1
-1
0
0
1
1
-1
-1
-1
-1
0
0
1
1
-1
-1
-1
-1
0
0
1
1
-1
-1
-1
-1
0
0
1
1
-1
-1
-1
-1
0
0
1
1
-1
-1
-1
-1
0
0
1
1
-1
-1
-1
-1
0
0
1
1
-1
-1
-1
-1
0
0
1
1
-1
-1
-1
-1
0
0
1
1
-1
-1
-1
-1
0
0
1
1
-1
-1
-1
-1
0
0
1
1
-1
-1
-1
-1
0
0
1
1
-1
-1
-1
-1
0
0
1
1
-1
-1
-1
-1
0
0
1
1
-1
-1
-1
-1
0
0
1
1
-1
-1
-1
-1
0
0
1
1
-1
-1
-1
-1
0
0
1
1
-1
-1
-1
-1
0
0
1
1
-1
-1
-1
-1
0
0
1
1
-1
-1
-1
-1
0
0
1
1
-1
-1
-1
-1
0
0
1
1
-1
-1
-1
-1
0
0
1
1
-1
-1
-1
-1
0
0
1
1
-1
-1
-1
-1
0
0
1
1
-1
-1
-1
-1
0
0
1
1
-1
-1
-1
-1
0
0
1
1
-1
-1
-1
-1
0
0
1
1
-1
-1
-1
-1
0
0
1
1
-1
-1
-1
-1
0
0
1
1
-1
-1
-1
-1
0
0
1
1
-1
-1
-1
-1
0
0
1
1
-1
-1
-1
-1
0
0
1
1
-1
-1
-1
-1
0
0
1
1
-1
-1
-1
-1
0
0
1
1
-1
-1
-1
-1
0
0
1
1
-1
-1
-1
-1
0
0
1
1
-1
-1
-1
-1
0
0
1
1
-1
-1
-1
-1
0
0
1
1
-1
-1
-1
-1
0
0
1
1
-1
-1
-1
-1
0
0
1
1
-1
-1
-1
-1
0
0
1
1
-1
-1
-1
-1
0
0
1
1
-1
-1
-1
-1
0
0
1
1
-1
-1
-1
-1
0
0
1
1
-1
-1
-1
-1
0
0
1
1
-1
-1
-1
-1
0
0
1
1
-1
-1
-1
-1
0
0
1
1
-1
-1
-1
-1
0
0
1
1
-1
-1
-1
-1
0
0
1
1
-1
-1
-1
-1
0
0
1
1
-1
-1
-1
-1
0
0
1
1
-1
-1
-1
-1
0
0
1
1
-1
-1
-1
-1
0
0
1
1
-1
-1
-1
-1
0
0
1
1
-1
-1
-1
-1
0
0
1
1
-1
-1
-1
-1
0
0
1
1
-1
-1
-1
-1
0
0
1
1
-1
-1
-1
-1
0
0
1
1
-1
-1
-1
-1
0
0
1
1
-1
-1
-1
-1
0
0
1
1
-1
-1
-1
-1
0
0
1
1
-1
-1
-1
-1
0
0
1
1
-1
-1
-1
-1
0
0
1
1
-1
-1
-1
-1
0
0
1
1
-1
-1
-1
-1
0
0
1
1
-1
-1
-1
-1
0
0
1
1
-1
-1
-1
-1
0
0
1
1
-1
-1
-1
-1
0
0
1
1
-1
-1
-1
-1
0
0
1
1
-1
-1
-1
-1
0
0
1
1
-1
-1
-1
-1
0
0
1
1
-1
-1
-1
-1
0
0
1
1
-1
-1
-1
-1
0
0
1
1
-1
-1
-1
-1
0
0
1
1
-1
-1
-1
-1
0
0
1
1
-1
-1
-1
-1
0
0
1
1
-1
-1
-1
-1
0
0
1
1
-1
-1
-1
-1
0
0
1
1
-1
-1
-1
-1
0
0
1
1
-1
-1
-1
-1
0
0
1
1
-1
-1
-1
-1
0
0
1
1
-1
-1
-1
-1
0
0
1
1
-1
-1
-1
-1
0
0
1
1
-1
-1
-1
-1
0
0
1
1
-1
-1
-1
-1
0
0
1
1
-1
-1
-1
-1
0
0
1
1
-1
-1
-1
-1
0
0
1
1
-1
-1
-1
-1
0
0
1
1
-1
-1
-1
-1
0
0
1
1
-1
-1
-1
-1
0
0
1
1
-1
-1
-1
-1
0
0
1
1
-1
-1
-1
-1
0
0
1
1
-1
-1
-1
-1
0
0
1
1
-1
-1
-1
-1
0
0
1
1
-1
-1
-1
-1
0
0
1
1
-1
-1
-1
-1
0
0
1
1
-1
-1
-1
-1
0
0
1
1
-1
-1
-1
-1
0
0
1
1
-1
-1
-1
-1
0
0
1
1
-1
-1
-1
-1
0
0
1
1
-1
-1
-1
-1
0
0
1
1
-1
-1
-1
-1
0
0
1
1
-1
-1
-1
-1
0
0
1
1
-1
-1
-1
-1
0
0
1
1
-1
-1
-1
-1
0
0
1
1
-1
-1
-1
-1
0
0
1
1
-1
-1
-1
-1
0
0
1
1
-1
-1
-1
-1
0
0
1
1
-1
-1
-1
-1
0
0
1
1
-1
-1
-1
-1
0
0
1
1
-1
-1
-1
-1
0
0
1
1
-1
-1
-1
-1
0
0
1
1
-1
-1
-1
-1
0
0
1
1
-1
-1
-1
-1
0
0
1
1
-1
-1
-1
-1
0
0
1
1
-1
-1
-1
-1
0
0
1
1
-1
-1
-1
-1
0
0
1
1
-1
-1
-1
-1
0
0
1
1
-1
-1
-1
-1
0
0
1
1
-1
-1
-1
-1
0
0
1
1
-1
-1
-1
-1
0
0
1
1
-1
-1
-1
-1
0
0
1
1
-1
-1
-1
-1
0
0
1
1
-1
-1
-1
-1
0
0
1
1
-1
-1
-1
-1
0
0
1
1
-1
-1
-1
-1
0
0
1
1
-1
-1
-1
-1
0
0
1
1
-1
-1
-1
-1
0
0
1
1
-1
-1
-1
-1
0
0
1
1
-1
-1
-1
-1
0
0
1
1
-1
-1
-1
-1
0
0
1
1
-1
-1
-1
-1
0
0
1
1
-1
-1
-1
-1
0
0
1
1
-1
-1
-1
-1
0
0
1
1
-1
-1
-1
-1
0
0
1
1
-1
-1
-1
-1
0
0
1
1
-1
-1
-1
-1
0
0
1
1
-1
-1
-1
-1
0
0
1
1
-1
-1
-1
-1
0
0
1
1
-1
-1
-1
-1
0
0
1
1
-1
-1
-1
-1
0
0
1
1
-1
-1
-1
-1
0
0
1
1
-1
-1
-1
-1
0
0
1
1
-1
-1
-1
-1
0
0
1
1
-1
-1
-1
-1
0
0
1
1
-1
-1
-1
-1
0
0
1
1
-1
-1
-1
-1
0
0
1
1
-1
-1
-1
-1
0
0
1
1
-1
-1
-1
-1
0
0
1
1
-1
-1
-1
-1
0
0
1
1
-1
-1
-1
-1
0
0
1
1
-1
-1
-1
-1
0
0
1
1
-1
-1
-1
-1
0
0
1
1
-1
-1
-1
-1
0
0
1
1
-1
-1
-1
-1
0
0
1
1
-1
-1
-1
-1
0
0
1
1
-1
-1
-1
-1
0
0
1
1
-1
-1
-1
-1
0
0
1
1
-1
-1
-1
-1
0
0
1
1
-1
-1
-1
-1
0
0
1
1
-1
-1
-1
-1
0
0
1
1
-1
-1
-1
-1
0
0
1
1
-1
-1
-1
-1
0
0
1
1
-1
-1
-1
-1
0
0
1
1
-1
-1
-1
-1
0
0
1
1
-1
-1
-1
-1
0
0
1
1
-1
-1
-1
-1
0
0
1
1
-1
-1
-1
-1
0
0
1
1
-1
-1
-1
-1
0
0
1
1
-1
-1
-1
-1
0
0
1
1
-1
-1
-1
-1
0
0
1
1
-1
-1
-1
-1
0
0
1
1
-1
-1
-1
-1
0
0
1
1
-1
-1
-1
-1
0
0
1
1
-1
-1
-1
-1
0
0
1
1
-1
-1
-1
-1
0
0
1
1
-1
-1
-1
-1
0
0
1
1
-1
-1
-1
-1
0
0
1
1
-1
-1
-1
-1
0
0
1
1
-1
-1
-1
-1
0
0
1
1
-1
-1
-1
-1
0
0
1
1
-1
-1
-1
-1
0
0
1
1
-1
-1
-1
-1
0
0
1
1
-1
-1
-1
-1
0
0
1
1
-1
-1
-1
-1
0
0
1
1
-1
-1
-1
-1
0
0
1
1
-1
-1
-1
-1
0
0
1
1
-1
-1
-1
-1
0
0
1
1
-1
-1
-1
-1
0
0
1
1
-1
-1
-1
-1
0
0
1
1
-1
-1
-1
-1
0
0
1
1
-1
-1
-1
-1
0
0
1
1
-1
-1
-1
-1
0
0
1
1
-1
-1
-1
-1
0
0
1
1
-1
-1
-1
-1
0
0
1
1
-1
-1
-1
-1
0
0
1
1
-1
-1
-1
-1
0
0
1
1
-1
-1
-1
-1
0
0
1
1
-1
-1
-1
-1
0
0
1
1
-1
-1
-1
-1
0
0
1
1
-1
-1
-1
-1
0
0
1
1
-1
-1
-1
-1
0
0
1
1
-1
-1
-1
-1
0
0
1
1
-1
-1
-1
-1
0
0
1
1
-42
42
-1
-1
0
0
1
1
1
1
-1
-1
0
0
1
1
1
1
-1
-1
0
0
1
1
1
1
-1
-1
0
0
1
1
1
1
-1
-1
0
0
1
1
1
1
-1
-1
0
0
1
1
1
1
-1
-1
0
0
1
1
1
1
-1
-1
0
0
1
1
1
1
-1
-1
0
0
1
1
1
1
-1
-1
0
0
1
1
1
1
-1
-1
0
0
1
1
1
1
-1
-1
0
0
1
1
1
1
-1
-1
0
0
1
1
1
1
-1
-1
0
0
1
1
1
1
-1
-1
0
0
1
1
1
1
-1
-1
0
0
1
1
1
1
-1
-1
0
0
1
1
1
1
-1
-1
0
0
1
1
1
1
-1
-1
0
0
1
1
1
1
-1
-1
0
0
1
1
1
1
-1
-1
0
0
1
1
1
1
-1
-1
0
0
1
1
1
1
-1
-1
0
0
1
1
1
1
-1
-1
0
0
1
1
1
1
-1
-1
0
0
1
1
1
1
-1
-1
0
0
1
1
1
1
-1
-1
0
0
1
1
1
1
-1
-1
0
0
1
1
1
1
-1
-1
0
0
1
1
1
1
-1
-1
0
0
1
1
1
1
-1
-1
0
0
1
1
1
1
-1
-1
0
0
1
1
344159465788071569
-344159465788071569
-1
-1
0
0
1
1
1
1
-1
-1
0
0
1
1
8563919357085
-8563919357085
-1
-1
0
0
1
1
1
1
-1
-1
0
0
1
1
865200144027
-865200144027
-1
-1
0
0
1
1
1
1
-1
-1
0
0
1
1
1
1
-1
-1
0
0
1
1
1
1
-1
-1
0
0
1
1
1984465832208908276
-1984465832208908276
-1
-1
0
0
1
1
1
1
-1
-1
0
0
1
1
-2809478070662264178
2809478070662264178
-1
-1
0
0
1
1
1
1
-1
-1
0
0
1
1
6956674458437767026
-6956674458437767026
-1
-1
0
0
1
1
1
1
-1
-1
0
0
1
1
5620528134549632698
-5620528134549632698
-1
-1
0
0
1
1
1
1
-1
-1
0
0
1
1
1
1
-1
-1
0
0
1
1
5736144516468357239
-5736144516468357239
-1
-1
0
0
1
1
1234381
-1234381
-1
-1
0
0
1
1
1
1
-1
-1
0
0
1
1
1
1
-1
-1
0
0
1
1
1
1
-1
-1
0
0
1
1
1
1
-1
-1
0
0
1
1
1
1
-1
-1
0
0
1
1
1
1
-1
-1
0
0
1
1
8029849423739299623
-8029849423739299623
-1
-1
0
0
1
1
1
1
-1
-1
0
0
1
1
-454986593153970019
454986593153970019
-1
-1
0
0
1
1
1
1
-1
-1
0
0
1
1
-2613673760906782575
2613673760906782575
-1
-1
0
0
1
1
-1878509755690938386
1878509755690938386
-1
-1
0
0
1
1
1037217545150351533
-1037217545150351533
-1
-1
0
0
1
1
1
1
-1
-1
0
0
1
1
1
1
-1
-1
0
0
1
1
1
1
-1
-1
0
0
1
1
1
1
-1
-1
0
0
1
1
1
1
-1
-1
0
0
1
1
1
1
-1
-1
0
0
1
1
1
1
-1
-1
0
0
1
1
1
1
-1
-1
0
0
1
1
1
1
-1
-1
0
0
1
1
1
1
-1
-1
0
0
1
1
1
1
-1
-1
0
0
1
1
1
1
-1
-1
0
0
1
1
1
1
-1
-1
0
0
1
1
1
1
-1
-1
0
0
1
1
1
1
-1
-1
0
0
1
1
1
1
-1
-1
0
0
1
1
1
1
-1
-1
0
0
1
1
5903713301092283927
-5903713301092283927
-1
-1
0
0
1
1
-1100192328946950542
1100192328946950542
-1
-1
0
0
1
1
-40
40
-1
-1
0
0
1
1
1
1
-1
-1
0
0
1
1
1
1
-1
-1
0
0
1
1
1
1
-1
-1
0
0
1
1
1
1
-1
-1
0
0
1
1
1
1
-1
-1
0
0
1
1
1
1
-1
-1
0
0
1
1
1
1
-1
-1
0
0
1
1
1
1
-1
-1
0
0
1
1
1
1
-1
-1
0
0
1
1
5354192912417528671
-5354192912417528671
-1
-1
0
0
1
1
1
1
-1
-1
0
0
1
1
1
1
-1
-1
0
0
1
1
-2708678878972762593
2708678878972762593
-1
-1
0
0
1
1
1
1
-1
-1
0
0
1
1
1
1
-1
-1
0
0
1
1
1
1
-1
-1
0
0
1
1
1
1
-1
-1
0
0
1
1
1
1
-1
-1
0
0
1
1
1
1
-1
-1
0
0
1
1
1
1
-1
-1
0
0
1
1
1
1
-1
-1
0
0
1
1
1
1
-1
-1
0
0
1
1
1
1
-1
-1
0
0
1
1
1
1
-1
-1
0
0
1
1
1
1
-1
-1
0
0
1
1
1
1
-1
-1
0
0
1
1
1
1
-1
-1
0
0
1
1
6133157656058415823
-6133157656058415823
-1
-1
0
0
1
1
1
1
-1
-1
0
0
1
1
1678648709399031134
-1678648709399031134
-1
-1
0
0
1
1
-1553232661854587078
1553232661854587078
-1
-1
0
0
1
1
1
1
-1
-1
0
0
1
1
1
1
-1
-1
0
0
1
1
1
1
-1
-1
0
0
1
1
1
1
-1
-1
0
0
1
1
1
1
-1
-1
0
0
1
1
1
1
-1
-1
0
0
1
1
1
1
-1
-1
0
0
1
1
1
1
-1
-1
0
0
1
1
1
1
-1
-1
0
0
1
1
1
1
-1
-1
0
0
1
1
1
1
-1
-1
0
0
1
1
-263449325071213870
263449325071213870
-1
-1
0
0
1
1
1
1
-1
-1
0
0
1
1
1
1
-1
-1
0
0
1
1
1
1
-1
-1
0
0
1
1
1
1
-1
-1
0
0
1
1
1
1
-1
-1
0
0
1
1
1
1
-1
-1
0
0
1
1
1
1
-1
-1
0
0
1
1
1
1
-1
-1
0
0
1
1
1822727248836326492
-1822727248836326492
-1
-1
0
0
1
1
1
1
-1
-1
0
0
1
1
1
1
-1
-1
0
0
1
1
1
1
-1
-1
0
0
1
1
1
1
-1
-1
0
0
1
1
1
1
-1
-1
0
0
1
1
1
1
-1
-1
0
0
1
1
7819056739499198679
-7819056739499198679
-1
-1
0
0
1
1
1
1
-1
-1
0
0
1
1
-2540118149635633299
2540118149635633299
-1
-1
0
0
1
1
1
1
-1
-1
0
0
1
1
1
1
-1
-1
0
0
1
1
1
1
-1
-1
0
0
1
1
1
1
-1
-1
0
0
1
1
1
1
-1
-1
0
0
1
1
1
1
-1
-1
0
0
1
1
1
1
-1
-1
0
0
1
1
1
1
-1
-1
0
0
1
1
1
1
-1
-1
0
0
1
1
1
1
-1
-1
0
0
1
1
1
1
-1
-1
0
0
1
1
1
1
-1
-1
0
0
1
1
1
1
-1
-1
0
0
1
1
1
1
-1
-1
0
0
1
1
1
1
-1
-1
0
0
1
1
2847446779478288468
-2847446779478288468
-1
-1
0
0
1
1
1
1
-1
-1
0
0
1
1
1
1
-1
-1
0
0
1
1
1
1
-1
-1
0
0
1
1
1
1
-1
-1
0
0
1
1
1
1
-1
-1
0
0
1
1
-5860396297352381353
5860396297352381353
-1
-1
0
0
1
1
1
1
-1
-1
0
0
1
1
1
1
-1
-1
0
0
1
1
1
1
-1
-1
0
0
1
1
1
1
-1
-1
0
0
1
1
1
1
-1
-1
0
0
1
1
1518060131832455749
-1518060131832455749
-1
-1
0
0
1
1
5112993461892564801
-5112993461892564801
-1
-1
0
0
1
1
1
1
-1
-1
0
0
1
1
1
1
-1
-1
0
0
1
1
1
1
-1
-1
0
0
1
1
1
1
-1
-1
0
0
1
1
1
1
-1
-1
0
0
1
1
1
1
-1
-1
0
0
1
1
1
1
-1
-1
0
0
1
1
1
1
-1
-1
0
0
1
1
1
1
-1
-1
0
0
1
1
1
1
-1
-1
0
0
1
1
1
1
-1
-1
0
0
1
1
1
1
-1
-1
0
0
1
1
1
1
-1
-1
0
0
1
1
1
1
-1
-1
0
0
1
1
513241305661550861
-513241305661550861
-1
-1
0
0
1
1
1
1
-1
-1
0
0
1
1
6020929271549038586
-6020929271549038586
-1
-1
0
0
1
1
6063160065318181019
-6063160065318181019
-1
-1
0
0
1
1
1
1
-1
-1
0
0
1
1
1
1
-1
-1
0
0
1
1
1
1
-1
-1
0
0
1
1
1
1
-1
-1
0
0
1
1
1
1
-1
-1
0
0
1
1
1
1
-1
-1
0
0
1
1
1
1
-1
-1
0
0
1
1
1
1
-1
-1
0
0
1
1
1
1
-1
-1
0
0
1
1
1
1
-1
-1
0
0
1
1
1
1
-1
-1
0
0
1
1
1
1
-1
-1
0
0
1
1
4131827725919496896
-4131827725919496896
-1
-1
0
0
1
1
1
1
-1
-1
0
0
1
1
3244762111240607323
-3244762111240607323
-1
-1
0
0
1
1
8174654198464382473
-8174654198464382473
-1
-1
0
0
1
1
1
1
-1
-1
0
0
1
1
1
1
-1
-1
0
0
1
1
-1286720160388358763
1286720160388358763
-1
-1
0
0
1
1
-7615185151001925247
7615185151001925247
-1
-1
0
0
1
1
1
1
-1
-1
0
0
1
1
1
1
-1
-1
0
0
1
1
1
1
-1
-1
0
0
1
1
1
1
-1
-1
0
0
1
1
1
1
-1
-1
0
0
1
1
1
1
-1
-1
0
0
1
1
1
1
-1
-1
0
0
1
1
-1844742384915725675
1844742384915725675
-1
-1
0
0
1
1
1
1
-1
-1
0
0
1
1
-3506100917324096288
3506100917324096288
-1
-1
0
0
1
1
1
1
-1
-1
0
0
1
1
1
1
-1
-1
0
0
1
1
1
1
-1
-1
0
0
1
1
1
1
-1
-1
0
0
1
1
1
1
-1
-1
0
0
1
1
1
1
-1
-1
0
0
1
1
1
1
-1
-1
0
0
1
1
1
1
-1
-1
0
0
1
1
1
1
-1
-1
0
0
1
1
52236362
-52236362
-1
-1
0
0
1
1
5953952623892897963
-5953952623892897963
-1
-1
0
0
1
1
1
1
-1
-1
0
0
1
1
1
1
-1
-1
0
0
1
1
1
1
-1
-1
0
0
1
1
1
1
-1
-1
0
0
1
1
-265128273452612384
265128273452612384
-1
-1
0
0
1
1
1
1
-1
-1
0
0
1
1
2514682713055731443
-2514682713055731443
-1
-1
0
0
1
1
-4746670299575700100
4746670299575700100
-1
-1
0
0
1
1
1
1
-1
-1
0
0
1
1
-7289536367304680334
7289536367304680334
-1
-1
0
0
1
1
1
1
-1
-1
0
0
1
1
1
1
-1
-1
0
0
1
1
1
1
-1
-1
0
0
1
1
1
1
-1
-1
0
0
1
1
1
1
-1
-1
0
0
1
1
1
1
-1
-1
0
0
1
1
1
1
-1
-1
0
0
1
1
-5008327933782522805
5008327933782522805
-1
-1
0
0
1
1
16
-16
-1
-1
0
0
1
1
1
1
-1
-1
0
0
1
1
1
1
-1
-1
0
0
1
1
1
1
-1
-1
0
0
1
1
-4042691633284763426
4042691633284763426
-1
-1
0
0
1
1
-249184677016637040
249184677016637040
-1
-1
0
0
1
1
1
1
-1
-1
0
0
1
1
-6955423471999228354
6955423471999228354
-1
-1
0
0
1
1
1
1
-1
-1
0
0
1
1
4368019030645672823
-4368019030645672823
-1
-1
0
0
1
1
1
1
-1
-1
0
0
1
1
7774845950572945687
-7774845950572945687
-1
-1
0
0
1
1
1
1
-1
-1
0
0
1
1
1
1
-1
-1
0
0
1
1
-4709386658659802363
4709386658659802363
-1
-1
0
0
1
1
1
1
-1
-1
0
0
1
1
1
1
-1
-1
0
0
1
1
1
1
-1
-1
0
0
1
1
1
1
-1
-1
0
0
1
1
-5539167923587969827
5539167923587969827
-1
-1
0
0
1
1
1
1
-1
-1
0
0
1
1
1
1
-1
-1
0
0
1
1
1
1
-1
-1
0
0
1
1
1
1
-1
-1
0
0
1
1
1
1
-1
-1
0
0
1
1
1
1
-1
-1
0
0
1
1
1
1
-1
-1
0
0
1
1
-5783636356872306612
5783636356872306612
-1
-1
0
0
1
1
1
1
-1
-1
0
0
1
1
63208829902
-63208829902
-1
-1
0
0
1
1
1
1
-1
-1
0
0
1
1
1
1
-1
-1
0
0
1
1
6295015575378294376
-6295015575378294376
-1
-1
0
0
1
1
1
1
-1
-1
0
0
1
1
3026138452214818821
-3026138452214818821
-1
-1
0
0
1
1
1
1
-1
-1
0
0
1
1
1
1
-1
-1
0
0
1
1
1
1
-1
-1
0
0
1
1
1
1
-1
-1
0
0
1
1
1
1
-1
-1
0
0
1
1
1
1
-1
-1
0
0
1
1
1
1
-1
-1
0
0
1
1
1
1
-1
-1
0
0
1
1
1
1
-1
-1
0
0
1
1
1
1
-1
-1
0
0
1
1
1
1
-1
-1
0
0
1
1
-7449363124395732739
7449363124395732739
-1
-1
0
0
1
1
-5363320569042907684
5363320569042907684
-1
-1
0
0
1
1
1
1
-1
-1
0
0
1
1
4651599286617578666
-4651599286617578666
-1
-1
0
0
1
1
1
1
-1
-1
0
0
1
1
1
1
-1
-1
0
0
1
1
1
1
-1
-1
0
0
1
1
1
1
-1
-1
0
0
1
1
-4511426329659385074
4511426329659385074
-1
-1
0
0
1
1
1
1
-1
-1
0
0
1
1
-5223329128489038624
5223329128489038624
-1
-1
0
0
1
1
-8655382036394198590
8655382036394198590
-1
-1
0
0
1
1
1
1
-1
-1
0
0
1
1
1
1
-1
-1
0
0
1
1
71262841
-71262841
-1
-1
0
0
1
1
1
1
-1
-1
0
0
1
1
1
1
-1
-1
0
0
1
1
1
1
-1
-1
0
0
1
1
6544801436067755795
-6544801436067755795
-1
-1
0
0
1
1
1
1
-1
-1
0
0
1
1
1
1
-1
-1
0
0
1
1
1
1
-1
-1
0
0
1
1
1
1
-1
-1
0
0
1
1
1
1
-1
-1
0
0
1
1
1
1
-1
-1
0
0
1
1
1
1
-1
-1
0
0
1
1
1
1
-1
-1
0
0
1
1
5727614781733427010
-5727614781733427010
-1
-1
0
0
1
1
1
1
-1
-1
0
0
1
1
1
1
-1
-1
0
0
1
1
7111513404277359231
-7111513404277359231
-1
-1
0
0
1
1
1
1
-1
-1
0
0
1
1
3460763899812328074
-3460763899812328074
-1
-1
0
0
1
1
-2336390410501010869
2336390410501010869
-1
-1
0
0
1
1
1
1
-1
-1
0
0
1
1
1
1
-1
-1
0
0
1
1
1
1
-1
-1
0
0
1
1
1
1
-1
-1
0
0
1
1
1
1
-1
-1
0
0
1
1
1
1
-1
-1
0
0
1
1
-7050010287812765614
7050010287812765614
-1
-1
0
0
1
1
1
1
-1
-1
0
0
1
1
5021210123794571386
-5021210123794571386
-1
-1
0
0
1
1
-3139948673992445710
3139948673992445710
-1
-1
0
0
1
1
1
1
-1
-1
0
0
1
1
1
1
-1
-1
0
0
1
1
8047026431106954
-8047026431106954
-1
-1
0
0
1
1
1
1
-1
-1
0
0
1
1
1
1
-1
-1
0
0
1
1
1
1
-1
-1
0
0
1
1
1
1
-1
-1
0
0
1
1
1
1
-1
-1
0
0
1
1
1
1
-1
-1
0
0
1
1
1
1
-1
-1
0
0
1
1
1
1
-1
-1
0
0
1
1
1
1
-1
-1
0
0
1
1
1
1
-1
-1
0
0
1
1
7293480549347140630
-7293480549347140630
-1
-1
0
0
1
1
4575324764177334429
-4575324764177334429
-1
-1
0
0
1
1
1
1
-1
-1
0
0
1
1
1
1
-1
-1
0
0
1
1
1
1
-1
-1
0
0
1
1
1
1
-1
-1
0
0
1
1
1
1
-1
-1
0
0
1
1
1
1
-1
-1
0
0
1
1
1
1
-1
-1
0
0
1
1
1
1
-1
-1
0
0
1
1
1
1
-1
-1
0
0
1
1
1
1
-1
-1
0
0
1
1
8530486661
-8530486661
-1
-1
0
0
1
1
1
1
-1
-1
0
0
1
1
1
1
-1
-1
0
0
1
1
4353385252746591100
-4353385252746591100
-1
-1
0
0
1
1
1
1
-1
-1
0
0
1
1
1
1
-1
-1
0
0
1
1
1
1
-1
-1
0
0
1
1
1
1
-1
-1
0
0
1
1
1
1
-1
-1
0
0
1
1
1
1
-1
-1
0
0
1
1
8698740451
-8698740451
-1
-1
0
0
1
1
1
1
-1
-1
0
0
1
1
1
1
-1
-1
0
0
1
1
1
1
-1
-1
0
0
1
1
-5830927472187770545
5830927472187770545
-1
-1
0
0
1
1
1
1
-1
-1
0
0
1
1
1
1
-1
-1
0
0
1
1
1
1
-1
-1
0
0
1
1
1
1
-1
-1
0
0
1
1
1
1
-1
-1
0
0
1
1
1
1
-1
-1
0
0
1
1
1
1
-1
-1
0
0
1
1
1
1
-1
-1
0
0
1
1
1
1
-1
-1
0
0
1
1
1358980499305816964
-1358980499305816964
-1
-1
0
0
1
1
1
1
-1
-1
0
0
1
1
349545557240903196
-349545557240903196
-1
-1
0
0
1
1
1
1
-1
-1
0
0
1
1
1
1
-1
-1
0
0
1
1
1
1
-1
-1
0
0
1
1
-4511454454805663404
4511454454805663404
-1
-1
0
0
1
1
1
1
-1
-1
0
0
1
1
-9171036902349296880
9171036902349296880
-1
-1
0
0
1
1
-2492853518454982139
2492853518454982139
-1
-1
0
0
1
1
4209661878469670368
-4209661878469670368
-1
-1
0
0
1
1
9165555431332303
-9165555431332303
-1
-1
0
0
1
1
1
1
-1
-1
0
0
1
1
1
1
-1
-1
0
0
1
1
1
1
-1
-1
0
0
1
1
1
1
-1
-1
0
0
1
1
1
1
-1
-1
0
0
1
1
1
1
-1
-1
0
0
1
1
1
1
-1
-1
0
0
1
1
1
1
-1
-1
0
0
1
1
1
1
-1
-1
0
0
1
1
1
1
-1
-1
0
0
1
1
1
1
-1
-1
0
0
1
1
-8552701519203628644
8552701519203628644
-1
-1
0
0
1
1
1
1
-1
-1
0
0
1
1
1
1
-1
-1
0
0
1
1
1
1
-1
-1
0
0
1
1
1
1
-1
-1
0
0
1
1
939944695102092
-939944695102092
-1
-1
0
0
1
1
1
1
-1
-1
0
0
1
1
1
1
-1
-1
0
0
1
1
1
1
-1
-1
0
0
1
1
1
1
-1
-1
0
0
1
1
1
1
-1
-1
0
0
1
1
1
1
-1
-1
0
0
1
1
1
1
-1
-1
0
0
1
1
1
1
-1
-1
0
0
1
1
1
1
-1
-1
0
0
1
1
1
1
-1
-1
0
0
1
1
1
1
-1
-1
0
0
1
1
1
1
-1
-1
0
0
1
1
1
1
-1
-1
0
0
1
1
1
1
-1
-1
0
0
1
1
1
1
-1
-1
0
0
1
1
1
1
-1
-1
0
0
1
1
1
1
-1
-1
0
0
1
1
1
1
-1
-1
0
0
1
1
1
1
-1
-1
0
0
1
1
1
1
-1
-1
0
0
42
-42
-1
-1
-1
-1
0
0
6088403117632334931
-6088403117632334931
-1
-1
-1
-1
0
0
1
1
1
1
4928031971494665213
-4928031971494665213
0
0
1
1
1
1
-1
-1
0
0
-164836625503565162
164836625503565162
-1
-1
-1
-1
0
0
1
1
1
1
-4791620611813615686
4791620611813615686
0
0
1
1
1
1
-8876443704233497228
8876443704233497228
0
0
1
1
1
1
-3179257060179671425
3179257060179671425
0
0
1
1
1
1
-1
-1
0
0
1
1
1
1
1
1
0
0
1
1
1
1
1
1
0
0
1
1
1
1
1
1
0
0
1
1
1
1
1
1
0
0
1
1
1
1
1
1
0
0
1
1
1
1
-1
-1
0
0
1
1
1
1
5104737204498199558
-5104737204498199558
0
0
1
1
1
1
-1
-1
0
0
1
1
1
1
-1
-1
0
0
1
1
1
1
-1
-1
0
0
1
1
1
1
-843252717762488871
843252717762488871
0
0
1
1
1
1
1233880906501421625
-1233880906501421625
0
0
1
1
1
1
1
1
0
0
1
1
1
1
8688973310300587704
-8688973310300587704
0
0
1
1
1
1
1
1
0
0
6429908168968984960
-6429908168968984960
-1
-1
-1
-1
0
0
1
1
1
1
-1
-1
0
0
1
1
1
1
6373038492009888476
-6373038492009888476
0
0
1
1
1
1
-1
-1
0
0
1
1
1
1
-6522080040889770188
6522080040889770188
0
0
1
1
1
1
1
1
0
0
1
1
1
1
1
1
0
0
1
1
1
1
-7193229131777488658
7193229131777488658
0
0
1
1
1
1
-1
-1
0
0
1
1
1
1
-1
-1
0
0
5290429496572942552
-5290429496572942552
-1
-1
-1
-1
0
0
1
1
1
1
1
1
0
0
4973713658634301743
-4973713658634301743
-1
-1
-1
-1
0
0
1977828137891421519
-1977828137891421519
-1
-1
-1
-1
0
0
1
1
1
1
1910279949560340302
-1910279949560340302
0
0
1
1
1
1
1
1
0
0
-1164516912138859
1164516912138859
-1
-1
-1
-1
0
0
1
1
1
1
-728174699167939883
728174699167939883
0
0
30
-30
-1
-1
-1
-1
0
0
-5983310271480983889
5983310271480983889
-1
-1
-1
-1
0
0
1
1
1
1
-1
-1
0
0
1
1
1
1
1
1
0
0
1
1
1
1
-2204369198298902322
2204369198298902322
0
0
1
1
1
1
-14015955903447
14015955903447
0
0
4414897796306099569
-4414897796306099569
-1
-1
-1
-1
0
0
1
1
1
1
-1
-1
0
0
1
1
1
1
-1
-1
0
0
1
1
1
1
-1
-1
0
0
1
1
1
1
1
1
0
0
1
1
1
1
-1457819451
1457819451
0
0
1
1
1
1
-1
-1
0
0
1
1
1
1
-9026300345416853466
9026300345416853466
0
0
1
1
1
1
7726864978484798466
-7726864978484798466
0
0
-8599160189720738592
8599160189720738592
-1
-1
-1
-1
0
0
1
1
1
1
-7910788656676508778
7910788656676508778
0
0
1
1
1
1
6302963338054759487
-6302963338054759487
0
0
1
1
1
1
-1
-1
0
0
1
1
1
1
1
1
0
0
1
1
1
1
-1
-1
0
0
8321901621285244615
-8321901621285244615
-1
-1
-1
-1
0
0
1
1
1
1
1
1
0
0
1
1
1
1
-1
-1
0
0
-4164425066268701677
4164425066268701677
-1
-1
-1
-1
0
0
1
1
1
1
-1
-1
0
0
1
1
1
1
-1
-1
0
0
1
1
1
1
43
-43
0
0
1
1
1
1
42
-42
0
0
1
1
1
1
41
-41
0
0
1
1
1
1
40
-40
0
0
1
1
1
1
39
-39
0
0
1
1
1
1
38
-38
0
0
1
1
1
1
37
-37
0
0
1
1
1
1
1
1
0
0
1
1
1
1
-1
-1
0
0
1
1
1
1
1
1
0
0
1
1
1
1
4879253112452552118
-4879253112452552118
0
0
1
1
1
1
38
-38
0
0
1
1
1
1
1
1
0
0
-1794316769488710153
1794316769488710153
-1
-1
-1
-1
0
0
1
1
1
1
1
1
0
0
1
1
1
1
-206798340508
206798340508
0
0
1
1
1
1
-1
-1
0
0
7472058734513431032
-7472058734513431032
-1
-1
-1
-1
0
0
1
1
1
1
-2147483605
2147483605
0
0
1
1
1
1
-2147483606
2147483606
0
0
1
1
1
1
-2147483607
2147483607
0
0
1
1
1
1
-2147483608
2147483608
0
0
1
1
1
1
-2147483609
2147483609
0
0
1
1
1
1
-2147483610
2147483610
0
0
1
1
1
1
-2147483611
2147483611
0
0
8909859066586489100
-8909859066586489100
-1
-1
-1
-1
0
0
-221775967501985412
221775967501985412
-1
-1
-1
-1
0
0
1
1
1
1
1
1
0
0
2358042114874533942
-2358042114874533942
-1
-1
-1
-1
0
0
-4321290737043455795
4321290737043455795
-1
-1
-1
-1
0
0
3835304884009163934
-3835304884009163934
-1
-1
-1
-1
0
0
1
1
1
1
-230311780655
230311780655
0
0
1
1
1
1
-1563920881363262710
1563920881363262710
0
0
1
1
1
1
-2375436454184847660
2375436454184847660
0
0
4969235749536736064
-4969235749536736064
-1
-1
-1
-1
0
0
1
1
1
1
-1
-1
0
0
-42215100393535643
42215100393535643
-1
-1
-1
-1
0
0
6662814970859600890
-6662814970859600890
-1
-1
-1
-1
0
0
1
1
1
1
-1
-1
0
0
1
1
1
1
-1
-1
0
0
1
1
1
1
1
1
0
0
1
1
1
1
-1
-1
0
0
1
1
1
1
5009017099646834406
-5009017099646834406
0
0
1
1
1
1
1
1
0
0
7826522933522973822
-7826522933522973822
-1
-1
-1
-1
0
0
1
1
1
1
-1
-1
0
0
-7455794989974173064
7455794989974173064
-1
-1
-1
-1
0
0
1
1
1
1
-1
-1
0
0
5897395961771267521
-5897395961771267521
-1
-1
-1
-1
0
0
-6724116465884728298
6724116465884728298
-1
-1
-1
-1
0
0
-5318074018869359598
5318074018869359598
-1
-1
-1
-1
0
0
1
1
1
1
1
1
0
0
1
1
1
1
1
1
0
0
1
1
1
1
1
1
0
0
-6637392252289543576
6637392252289543576
-1
-1
-1
-1
0
0
1
1
1
1
-66833142227175483
66833142227175483
0
0
1
1
1
1
-7995325076402814072
7995325076402814072
0
0
1
1
1
1
1
1
0
0
-4778981876684781873
4778981876684781873
-1
-1
-1
-1
0
0
-29240848149135667
29240848149135667
-1
-1
-1
-1
0
0
3930727391886302699
-3930727391886302699
-1
-1
-1
-1
0
0
-333124963227897536
333124963227897536
-1
-1
-1
-1
0
0
1
1
1
1
-1
-1
0
0
1
1
1
1
7318792174856443896
-7318792174856443896
0
0
1
1
1
1
-1
-1
0
0
1
1
1
1
1
1
0
0
-32652887715445
32652887715445
-1
-1
-1
-1
0
0
1
1
1
1
1
1
0
0
1
1
1
1
-5778727649412634003
5778727649412634003
0
0
1
1
1
1
-1
-1
0
0
1
1
1
1
-1
-1
0
0
1
1
1
1
-1
-1
0
0
1
1
1
1
1
1
0
0
-33937396249635
33937396249635
-1
-1
-1
-1
0
0
1
1
1
1
-5453263212508523626
5453263212508523626
0
0
1
1
1
1
-1
-1
0
0
1
1
1
1
-1
-1
0
0
7777382586887612891
-7777382586887612891
-1
-1
-1
-1
0
0
1
1
1
1
1
1
0
0
1
1
1
1
-1824444822502932659
1824444822502932659
0
0
1
1
1
1
-1
-1
0
0
1
1
1
1
1
1
0
0
1
1
1
1
1037417515244204998
-1037417515244204998
0
0
-2064594267271482290
2064594267271482290
-1
-1
-1
-1
0
0
-2302496833244163713
2302496833244163713
-1
-1
-1
-1
0
0
1
1
1
1
1
1
0
0
1
1
1
1
-1
-1
0
0
1
1
1
1
43
-43
0
0
1
1
1
1
42
-42
0
0
1
1
1
1
41
-41
0
0
1
1
1
1
40
-40
0
0
1
1
1
1
39
-39
0
0
1
1
1
1
38
-38
0
0
1
1
1
1
37
-37
0
0
1
1
1
1
-1
-1
0
0
1
1
1
1
7931647686935290960
-7931647686935290960
0
0
-372652752995149273
372652752995149273
-1
-1
-1
-1
0
0
1
1
1
1
2681468297512771321
-2681468297512771321
0
0
-3702523994178070261
3702523994178070261
-1
-1
-1
-1
0
0
1
1
1
1
1
1
0
0
-380401287493
380401287493
-1
-1
-1
-1
0
0
1
1
1
1
1
1
0
0
1
1
1
1
7411301975966066793
-7411301975966066793
0
0
1
1
1
1
-8766622080068061085
8766622080068061085
0
0
1
1
1
1
0
0
0
0
1
1
1
1
1
1
0
0
-4025259558978806
4025259558978806
-1
-1
-1
-1
0
0
1
1
1
1
-2261248565273975502
2261248565273975502
0
0
1
1
1
1
6719175040006354112
-6719175040006354112
0
0
2640212107325976579
-2640212107325976579
-1
-1
-1
-1
0
0
1
1
1
1
0
0
0
0
1
1
1
1
7873746481125205663
-7873746481125205663
0
0
-4104099
4104099
-1
-1
-1
-1
0
0
1
1
1
1
-6831406031358111435
6831406031358111435
0
0
1
1
1
1
1
1
0
0
1
1
1
1
-6001248184787051641
6001248184787051641
0
0
-4921747507202442601
4921747507202442601
-1
-1
-1
-1
0
0
1
1
1
1
1
1
0
0
-4714370362547034767
4714370362547034767
-1
-1
-1
-1
0
0
1
1
1
1
-4294967253
4294967253
0
0
1
1
1
1
-4294967254
4294967254
0
0
1
1
1
1
-4294967255
4294967255
0
0
1
1
1
1
-4294967256
4294967256
0
0
1
1
1
1
-4294967257
4294967257
0
0
1
1
1
1
-4294967258
4294967258
0
0
1
1
1
1
-4294967259
4294967259
0
0
1
1
1
1
-1
-1
0
0
1
1
1
1
1
1
0
0
1
1
1
1
1
1
0
0
-8554919150503624480
8554919150503624480
-1
-1
-1
-1
0
0
1
1
1
1
1
1
0
0
1
1
1
1
-6054615397477146473
6054615397477146473
0
0
1
1
1
1
-1
-1
0
0
2359582789310148216
-2359582789310148216
-1
-1
-1
-1
0
0
-3768430930128610627
3768430930128610627
-1
-1
-1
-1
0
0
-8021433141892384851
8021433141892384851
-1
-1
-1
-1
0
0
1
1
1
1
1
1
0
0
1
1
1
1
1
1
0
0
1
1
1
1
-1
-1
0
0
1
1
1
1
1
1
0
0
-5737120021381746936
5737120021381746936
-1
-1
-1
-1
0
0
1
1
1
1
1
1
0
0
1
1
1
1
-1
-1
0
0
1
1
1
1
-1
-1
0
0
4600455649725145668
-4600455649725145668
-1
-1
-1
-1
0
0
1
1
1
1
1
1
0
0
1
1
1
1
1
1
0
0
1
1
1
1
1
1
0
0
1
1
1
1
1
1
0
0
1
1
1
1
-1
-1
0
0
1
1
1
1
1
1
0
0
-6010202687459247687
6010202687459247687
-1
-1
-1
-1
0
0
1
1
1
1
1
1
0
0
6266389953760207137
-6266389953760207137
-1
-1
-1
-1
0
0
1
1
1
1
7269835322550063902
-7269835322550063902
0
0
1
1
1
1
-484869
484869
0
0
1
1
1
1
-1
-1
0
0
1
1
1
1
1
1
0
0
1
1
1
1
1
1
0
0
-493542
493542
-1
-1
-1
-1
0
0
1
1
1
1
1
1
0
0
-50256
50256
-1
-1
-1
-1
0
0
1
1
1
1
1
1
0
0
6780878882600341763
-6780878882600341763
-1
-1
-1
-1
0
0
1
1
1
1
1
1
0
0
1
1
1
1
-1826480791008652681
1826480791008652681
0
0
1
1
1
1
1
1
0
0
1
1
1
1
3572488852521570771
-3572488852521570771
0
0
1
1
1
1
-1
-1
0
0
-1216643289802520070
1216643289802520070
-1
-1
-1
-1
0
0
1
1
1
1
-1
-1
0
0
1
1
1
1
-1
-1
0
0
1
1
1
1
1
1
0
0
1
1
1
1
-1
-1
0
0
1
1
1
1
6003306541578483492
-6003306541578483492
0
0
1
1
1
1
1
1
0
0
3058746397270959610
-3058746397270959610
-1
-1
-1
-1
0
0
1
1
1
1
-6031956439257776759
6031956439257776759
0
0
-5717189991908661533
5717189991908661533
-1
-1
-1
-1
0
0
1
1
1
1
1
1
0
0
1
1
1
1
-1
-1
0
0
1
1
1
1
-1
-1
0
0
3036156889492137169
-3036156889492137169
-1
-1
-1
-1
0
0
-2532572093467918265
2532572093467918265
-1
-1
-1
-1
0
0
1
1
1
1
-1
-1
0
0
1
1
1
1
-1
-1
0
0
1
1
1
1
-587051729601540836
587051729601540836
0
0
726244198053372855
-726244198053372855
-1
-1
-1
-1
0
0
1
1
1
1
-2320332043859039036
2320332043859039036
0
0
1
1
1
1
34
-34
0
0
1
1
1
1
1
1
0
0
1
1
1
1
-1
-1
0
0
1
1
1
1
1
1
0
0
1001547780883227149
-1001547780883227149
-1
-1
-1
-1
0
0
1
1
1
1
-3566735481833391608
3566735481833391608
0
0
1
1
1
1
-1
-1
0
0
1
1
1
1
-1
-1
0
0
1
1
1
1
-3460261408664203557
3460261408664203557
0
0
3770496570875044419
-3770496570875044419
-1
-1
-1
-1
0
0
642851426728378666
-642851426728378666
-1
-1
-1
-1
0
0
1
1
1
1
1
1
0
0
1
1
1
1
-62923377
62923377
0
0
1
1
1
1
-629365941261000941
629365941261000941
0
0
1
1
1
1
-1
-1
0
0
1
1
1
1
-351479047672991582
351479047672991582
0
0
1
1
1
1
-63124000158520
63124000158520
0
0
7871362209570672035
-7871362209570672035
-1
-1
-1
-1
0
0
1
1
1
1
-1
-1
0
0
-8896320965956109929
8896320965956109929
-1
-1
-1
-1
0
0
1
1
1
1
1
1
0
0
5831121287646773559
-5831121287646773559
-1
-1
-1
-1
0
0
1
1
1
1
-1
-1
0
0
610864163806840658
-610864163806840658
-1
-1
-1
-1
0
0
1
1
1
1
1
1
0
0
1
1
1
1
-1347762871931186813
1347762871931186813
0
0
1
1
1
1
-24
24
0
0
2469403008088455997
-2469403008088455997
-1
-1
-1
-1
0
0
-8773723152682927600
8773723152682927600
-1
-1
-1
-1
0
0
1
1
1
1
-1
-1
0
0
1
1
1
1
1
1
0
0
-971139736081519407
971139736081519407
-1
-1
-1
-1
0
0
1
1
1
1
1
1
0
0
1
1
1
1
-1
-1
0
0
-8474918495595957684
8474918495595957684
-1
-1
-1
-1
0
0
1
1
1
1
-1
-1
0
0
1
1
1
1
-1
-1
0
0
1
1
1
1
-1
-1
0
0
1
1
1
1
1
1
0
0
1
1
1
1
-1
-1
0
0
1
1
1
1
-1
-1
0
0
1
1
1
1
2844243774112122591
-2844243774112122591
0
0
1
1
1
1
-3901776164298246086
3901776164298246086
0
0
1
1
1
1
-1
-1
0
0
1
1
1
1
-1
-1
0
0
1
1
1
1
-1
-1
0
0
334321792575429754
-334321792575429754
-1
-1
-1
-1
0
0
1
1
1
1
-1
-1
0
0
1
1
1
1
-1
-1
0
0
1
1
1
1
996108508383483718
-996108508383483718
0
0
1
1
1
1
1
1
0
0
1
1
1
1
1
1
0
0
1
1
1
1
1
1
0
0
1
1
1
1
-1
-1
0
0
1
1
1
1
1
1
0
0
1
1
1
1
-1
-1
0
0
1
1
1
1
-1
-1
0
0
1
1
1
1
-1
-1
0
0
1
1
1
1
-1
-1
0
0
1
1
1
1
-1
-1
0
0
1
1
1
1
-1
-1
0
0
1
1
1
1
-7223447167320
7223447167320
0
0
1
1
1
1
-3235541150524141903
3235541150524141903
0
0
-5185249629545157700
5185249629545157700
-1
-1
-1
-1
0
0
1
1
1
1
-729591040
729591040
0
0
1
1
1
1
-73192964061
73192964061
0
0
1
1
1
1
1
1
0
0
1
1
1
1
1
1
0
0
-3071123220658605430
3071123220658605430
-1
-1
-1
-1
0
0
-9214338909770920275
9214338909770920275
-1
-1
-1
-1
0
0
1
1
1
1
-1
-1
0
0
1
1
1
1
1
1
0
0
1
1
1
1
1
1
0
0
1
1
1
1
1
1
0
0
1
1
1
1
1
1
0
0
1
1
1
1
-1
-1
0
0
1
1
1
1
-1
-1
0
0
1
1
1
1
1
1
0
0
1
1
1
1
-542343002070854488
542343002070854488
0
0
1
1
1
1
-1
-1
0
0
1
1
1
1
1
1
0
0
-2282589666851313535
2282589666851313535
-1
-1
-1
-1
0
0
1
1
1
1
1
1
0
0
-7929019335888232581
7929019335888232581
-1
-1
-1
-1
0
0
1
1
1
1
4355415959313565475
-4355415959313565475
0
0
1
1
1
1
8365398489874166818
-8365398489874166818
0
0
1
1
1
1
1
1
0
0
1
1
1
1
1
1
0
0
1
1
1
1
1
1
0
0
1
1
1
1
-5604245269619914037
5604245269619914037
0
0
1
1
1
1
6737083444307578670
-6737083444307578670
0
0
1
1
1
1
-939095731128771072
939095731128771072
0
0
1
1
1
1
1
1
0
0
1
1
1
1
-1
-1
0
0
1
1
1
1
1
1
0
0
1
1
1
1
1
1
0
0
1
1
1
1
-5612072222486083155
5612072222486083155
0
0
1
1
1
1
-1
-1
0
0
1
1
1
1
-1
-1
0
0
1
1
1
1
1
1
0
0
1
1
1
1
1
1
0
0
1
1
1
1
1
1
0
0
1
1
1
1
-1
-1
0
0
1
1
1
1
-1263728282412698414
1263728282412698414
0
0
6220474285934351443
-6220474285934351443
-1
-1
-1
-1
0
0
8546182027109918085
-8546182027109918085
-1
-1
-1
-1
0
0
1
1
1
1
1
1
0
0
1
1
1
1
-2595557310404573625
2595557310404573625
0
0
1
1
1
1
-7417436959723797473
7417436959723797473
0
0
7525620577467665000
-7525620577467665000
-1
-1
-1
-1
0
0
1
1
1
1
1
1
0
0
1
1
1
1
272350354130404802
-272350354130404802
0
0
-1522033686389429918
1522033686389429918
-1
-1
-1
-1
0
0
1
1
1
1
-9007199254740949
9007199254740949
0
0
1
1
1
1
-9007199254740950
9007199254740950
0
0
1
1
1
1
-9007199254740951
9007199254740951
0
0
1
1
1
1
-9007199254740952
9007199254740952
0
0
1
1
1
1
-9007199254740953
9007199254740953
0
0
1
1
1
1
-9007199254740954
9007199254740954
0
0
1
1
1
1
-9007199254740955
9007199254740955
0
0
1
1
1
1
-1
-1
0
0
-8141922474333124009
8141922474333124009
-1
-1
-1
-1
0
0
1
1
1
1
-1
-1
0
0
1
1
1
1
1
1
0
0
1
1
1
1
1
1
0
0
1
1
1
1
-1
-1
0
0
1
1
1
1
-3809048151995494990
3809048151995494990
0
0
1
1
1
1
-9223372036854775765
9223372036854775765
0
0
1
1
1
1
-9223372036854775766
9223372036854775766
0
0
1
1
1
1
-9223372036854775767
9223372036854775767
0
0
1
1
1
1
-9223372036854775768
9223372036854775768
0
0
1
1
1
1
-9223372036854775769
9223372036854775769
0
0
1
1
1
1
-9223372036854775770
9223372036854775770
0
0
1
1
1
1
-9223372036854775771
9223372036854775771
0
0
1
1
1
1
1
1
0
0
1
1
1
1
1
1
0
0
1
1
1
1
1
1
0
0
1
1
1
1
-9234327351728
9234327351728
0
0
1
1
1
1
-1
-1
0
0
1
1
1
1
-1
-1
0
0
-5179402737094410303
5179402737094410303
-1
-1
-1
-1
0
0
4776479638390639780
-4776479638390639780
-1
-1
-1
-1
0
0
-5814386758792455207
5814386758792455207
-1
-1
-1
-1
0
0
1
1
1
1
1
1
0
0
1
1
1
1
-1
-1
0
0
5378054992365186955
-5378054992365186955
-1
-1
-1
-1
0
0
1
1
1
1
-1
-1
0
0
1
1
1
1
1
1
0
0
-2468400776984766242
2468400776984766242
-1
-1
-1
-1
0
0
1
1
1
1
1
1
0
0
1
1
1
1
-2032523348366601282
2032523348366601282
0
0
1
1
1
1
1
1
0
0
1
1
1
1
1
1
0
0
1
1
1
1
-3498699419366414742
3498699419366414742
0
0
-960326721515613
960326721515613
-1
-1
-1
-1
0
0
1
1
1
1
-1
-1
0
0
1
1
1
1
1
1
0
0
1
1
1
1
1
1
0
0
1
1
1
1
1
1
0
0
1
1
1
1
-1
-1
0
0
1
1
1
1
-1
-1
0
0
-5140075404674022567
5140075404674022567
-1
-1
-1
-1
0
0
1
1
1
1
6841987385422650394
-6841987385422650394
0
0
1
1
1
1
-1
-1
0
0
1
1
1
1
-2913645267849507158
2913645267849507158
0
0
1
1
1
1
-577438977025272500
577438977025272500
0
0
1
1
1
1
1
1
0
0
9091221090988271312
-9091221090988271312
-1
-1
-1
-1
0
0
1
1
1
1
-1
-1
0
0
1
1
1
1
-1
-1
0
0
1
1
1
1
-1
-1
0
0
1
1
1
1
-1
-1
0
0
1
1
1
1
-1
-1
0
0
1
1
1
1
-1
-1
0
0
1
1
1
1
-1
-1
0
0
1
1
1
1
-1
-1
0
0
1
1
1
1
-1
-1
0
0
1
1
1
1
-1
-1
0
0
1
1
1
1
-1
-1
0
0
1
1
1
1
-1
-1
0
0
1
1
1
1
-1
-1
0
0
1
1
1
1
-1
-1
0
0
1
1
1
1
-1
-1
0
0
1
1
1
1
-1
-1
0
0
1
1
1
1
-1
-1
0
0
1
1
1
1
-1
-1
0
0
1
1
1
1
-1
-1
0
0
1
1
1
1
-1
-1
0
0
1
1
1
1
-1
-1
0
0
1
1
1
1
-1
-1
0
0
1
1
1
1
-1
-1
0
0
1
1
1
1
-1
-1
0
0
1
1
1
1
-1
-1
0
0
1
1
1
1
-1
-1
0
0
1
1
1
1
-1
-1
0
0
1
1
1
1
-1
-1
0
0
1
1
1
1
-1
-1
0
0
1
1
1
1
-1
-1
0
0
1
1
1
1
-1
-1
0
0
1
1
1
1
-1
-1
0
0
1
1
1
1
-1
-1
0
0
1
1
1
1
-1
-1
0
0
1
1
1
1
-1
-1
0
0
1
1
1
1
-1
-1
0
0
1
1
1
1
-1
-1
0
0
1
1
1
1
-1
-1
0
0
1
1
1
1
-1
-1
0
0
1
1
1
1
-1
-1
0
0
1
1
1
1
-1
-1
0
0
1
1
1
1
-1
-1
0
0
1
1
1
1
-1
-1
0
0
1
1
1
1
-1
-1
0
0
1
1
1
1
-1
-1
0
0
1
1
1
1
-1
-1
0
0
1
1
1
1
-1
-1
0
0
1
1
1
1
-1
-1
0
0
1
1
1
1
-1
-1
0
0
1
1
1
1
-1
-1
0
0
1
1
1
1
-1
-1
0
0
1
1
1
1
-1
-1
0
0
1
1
1
1
-1
-1
0
0
1
1
1
1
-1
-1
0
0
1
1
1
1
-1
-1
0
0
1
1
1
1
-1
-1
0
0
1
1
1
1
-1
-1
0
0
1
1
1
1
-1
-1
0
0
1
1
1
1
-1
-1
0
0
1
1
1
1
-1
-1
0
0
1
1
1
1
-1
-1
0
0
1
1
1
1
-1
-1
0
0
1
1
1
1
-1
-1
0
0
1
1
1
1
-1
-1
0
0
1
1
1
1
-1
-1
0
0
1
1
1
1
-1
-1
0
0
1
1
1
1
-1
-1
0
0
1
1
1
1
-1
-1
0
0
1
1
1
1
-1
-1
0
0
1
1
1
1
-1
-1
0
0
1
1
1
1
-1
-1
0
0
1
1
1
1
-1
-1
0
0
1
1
1
1
-1
-1
0
0
1
1
1
1
-1
-1
0
0
1
1
1
1
-1
-1
0
0
1
1
1
1
-1
-1
0
0
1
1
1
1
-1
-1
0
0
1
1
1
1
-1
-1
0
0
1
1
1
1
-1
-1
0
0
1
1
1
1
-1
-1
0
0
1
1
1
1
-1
-1
0
0
1
1
1
1
-1
-1
0
0
1
1
1
1
-1
-1
0
0
1
1
1
1
-1
-1
0
0
1
1
1
1
-1
-1
0
0
1
1
1
1
-1
-1
0
0
1
1
1
1
-1
-1
0
0
1
1
1
1
-1
-1
0
0
1
1
1
1
-1
-1
0
0
1
1
1
1
-1
-1
0
0
1
1
1
1
-1
-1
0
0
1
1
1
1
-1
-1
0
0
1
1
1
1
-1
-1
0
0
1
1
1
1
-1
-1
0
0
1
1
1
1
-1
-1
0
0
1
1
1
1
-1
-1
0
0
1
1
1
1
-1
-1
0
0
1
1
1
1
-1
-1
0
0
1
1
1
1
-1
-1
0
0
1
1
1
1
-1
-1
0
0
1
1
1
1
-1
-1
0
0
1
1
1
1
-1
-1
0
0
1
1
1
1
-1
-1
0
0
1
1
1
1
-1
-1
0
0
1
1
1
1
-1
-1
0
0
1
1
1
1
-1
-1
0
0
1
1
1
1
-1
-1
0
0
1
1
1
1
-1
-1
0
0
1
1
1
1
-1
-1
0
0
1
1
1
1
-1
-1
0
0
1
1
1
1
-1
-1
0
0
1
1
1
1
-1
-1
0
0
1
1
1
1
-1
-1
0
0
1
1
1
1
-1
-1
0
0
1
1
1
1
-1
-1
0
0
1
1
1
1
-1
-1
0
0
1
1
1
1
-1
-1
0
0
1
1
1
1
-1
-1
0
0
1
1
1
1
-1
-1
0
0
1
1
1
1
-1
-1
0
0
1
1
1
1
-1
-1
0
0
1
1
1
1
-1
-1
0
0
1
1
1
1
-1
-1
0
0
1
1
1
1
-1
-1
0
0
1
1
1
1
-1
-1
0
0
1
1
1
1
-1
-1
0
0
1
1
1
1
-1
-1
0
0
1
1
1
1
-1
-1
0
0
1
1
1
1
-1
-1
0
0
1
1
1
1
-1
-1
0
0
1
1
1
1
-1
-1
0
0
1
1
1
1
-1
-1
0
0
1
1
1
1
-1
-1
0
0
1
1
1
1
-1
-1
0
0
1
1
1
1
-1
-1
0
0
1
1
1
1
-1
-1
0
0
1
1
1
1
-1
-1
0
0
1
1
1
1
-1
-1
0
0
1
1
1
1
-1
-1
0
0
1
1
1
1
-1
-1
0
0
1
1
1
1
-1
-1
0
0
1
1
1
1
-1
-1
0
0
1
1
1
1
-1
-1
0
0
1
1
1
1
-1
-1
0
0
1
1
1
1
-1
-1
0
0
1
1
1
1
-1
-1
0
0
1
1
1
1
-1
-1
0
0
1
1
1
1
-1
-1
0
0
1
1
1
1
-1
-1
0
0
1
1
1
1
-1
-1
0
0
1
1
1
1
-1
-1
0
0
1
1
1
1
-1
-1
0
0
1
1
1
1
-1
-1
0
0
1
1
1
1
-1
-1
0
0
1
1
1
1
-1
-1
0
0
1
1
1
1
-1
-1
0
0
1
1
1
1
-1
-1
0
0
1
1
1
1
-1
-1
0
0
1
1
1
1
-1
-1
0
0
1
1
1
1
-1
-1
0
0
1
1
1
1
-1
-1
0
0
1
1
1
1
-1
-1
0
0
1
1
1
1
-1
-1
0
0
1
1
1
1
-1
-1
0
0
1
1
1
1
-1
-1
0
0
1
1
1
1
-1
-1
0
0
1
1
1
1
-1
-1
0
0
1
1
1
1
-1
-1
0
0
1
1
1
1
-1
-1
0
0
1
1
1
1
-1
-1
0
0
1
1
1
1
-1
-1
0
0
1
1
1
1
-1
-1
0
0
1
1
1
1
-1
-1
0
0
1
1
1
1
-1
-1
0
0
1
1
1
1
-1
-1
0
0
1
1
1
1
-1
-1
0
0
1
1
1
1
-1
-1
0
0
1
1
1
1
-1
-1
0
0
1
1
1
1
-1
-1
0
0
1
1
1
1
-1
-1
0
0
1
1
1
1
-1
-1
0
0
1
1
1
1
-1
-1
0
0
1
1
1
1
-1
-1
0
0
1
1
1
1
-1
-1
0
0
1
1
1
1
-1
-1
0
0
1
1
1
1
-1
-1
0
0
1
1
1
1
-1
-1
0
0
1
1
1
1
-1
-1
0
0
1
1
1
1
-1
-1
0
0
1
1
1
1
-1
-1
0
0
1
1
1
1
-1
-1
0
0
1
1
1
1
-1
-1
0
0
1
1
1
1
-1
-1
0
0
1
1
1
1
-1
-1
0
0
1
1
1
1
-1
-1
0
0
1
1
1
1
-1
-1
0
0
1
1
1
1
-1
-1
0
0
1
1
1
1
-1
-1
0
0
1
1
1
1
-1
-1
0
0
1
1
1
1
-1
-1
0
0
1
1
1
1
-1
-1
0
0
1
1
1
1
-1
-1
0
0
1
1
1
1
-1
-1
0
0
1
1
1
1
-1
-1
0
0
1
1
1
1
-1
-1
0
0
1
1
1
1
-1
-1
0
0
1
1
1
1
-1
-1
0
0
1
1
1
1
-1
-1
0
0
1
1
1
1
-1
-1
0
0
1
1
1
1
-1
-1
0
0
1
1
1
1
-1
-1
0
0
1
1
1
1
-1
-1
0
0
1
1
1
1
-1
-1
0
0
1
1
1
1
-1
-1
0
0
1
1
1
1
-1
-1
0
0
1
1
1
1
-1
-1
0
0
1
1
1
1
-1
-1
0
0
1
1
1
1
-1
-1
0
0
1
1
1
1
-1
-1
0
0
1
1
1
1
-1
-1
0
0
1
1
1
1
-1
-1
0
0
1
1
1
1
-1
-1
0
0
1
1
1
1
-1
-1
0
0
1
1
1
1
-1
-1
0
0
1
1
1
1
-1
-1
0
0
1
1
1
1
-1
-1
0
0
1
1
1
1
-1
-1
0
0
1
1
1
1
-1
-1
0
0
1
1
1
1
-1
-1
0
0
1
1
1
1
-1
-1
0
0
1
1
1
1
-1
-1
0
0
1
1
1
1
-1
-1
0
0
1
1
1
1
-1
-1
0
0
1
1
1
1
-1
-1
0
0
1
1
1
1
-1
-1
0
0
1
1
1
1
-1
-1
0
0
1
1
1
1
-1
-1
0
0
1
1
1
1
-1
-1
0
0
1
1
1
1
-1
-1
0
0
1
1
1
1
-1
-1
0
0
1
1
1
1
-1
-1
0
0
1
1
1
1
-1
-1
0
0
1
1
1
1
-1
-1
0
0
1
1
1
1
-1
-1
0
0
1
1
1
1
-1
-1
0
0
1
1
1
1
-1
-1
0
0
1
1
1
1
-1
-1
0
0
1
1
1
1
-1
-1
0
0
1
1
1
1
-1
-1
0
0
1
1
1
1
-1
-1
0
0
1
1
1
1
-1
-1
0
0
1
1
1
1
-1
-1
0
0
1
1
1
1
-1
-1
0
0
1
1
1
1
-1
-1
0
0
1
1
1
1
-1
-1
0
0
1
1
1
1
-1
-1
0
0
1
1
1
1
-1
-1
0
0
1
1
1
1
-1
-1
0
0
1
1
1
1
-1
-1
0
0
1
1
1
1
-1
-1
0
0
1
1
1
1
-1
-1
0
0
1
1
1
1
-1
-1
0
0
1
1
1
1
-1
-1
0
0
1
1
1
1
-1
-1
0
0
1
1
1
1
-1
-1
0
0
1
1
1
1
-1
-1
0
0
1
1
1
1
-1
-1
0
0
1
1
1
1
-1
-1
0
0
1
1
1
1
-1
-1
0
0
1
1
1
1
-1
-1
0
0
1
1
1
1
-1
-1
0
0
1
1
1
1
-1
-1
0
0
1
1
1
1
-1
-1
0
0
1
1
1
1
-1
-1
0
0
1
1
1
1
-1
-1
0
0
1
1
1
1
-1
-1
0
0
1
1
1
1
-1
-1
0
0
1
1
1
1
-1
-1
0
0
1
1
1
1
-1
-1
0
0
1
1
1
1
-1
-1
0
0
1
1
1
1
-1
-1
0
0
1
1
1
1
-1
-1
0
0
1
1
1
1
-1
-1
0
0
1
1
1
1
-1
-1
0
0
1
1
1
1
-1
-1
0
0
1
1
1
1
-1
-1
0
0
1
1
1
1
-1
-1
0
0
1
1
1
1
-1
-1
0
0
1
1
1
1
-1
-1
0
0
1
1
1
1
-1
-1
0
0
1
1
1
1
-1
-1
0
0
1
1
1
1
-1
-1
0
0
1
1
1
1
-1
-1
0
0
1
1
1
1
-1
-1
0
0
1
1
1
1
-1
-1
0
0
1
1
1
1
-1
-1
0
0
1
1
1
1
-1
-1
0
0
1
1
1
1
-1
-1
0
0
1
1
1
1
-1
-1
0
0
1
1
1
1
-1
-1
0
0
1
1
1
1
-1
-1
0
0
1
1
1
1
-1
-1
0
0
1
1
1
1
-1
-1
0
0
1
1
1
1
-1
-1
0
0
1
1
1
1
-1
-1
0
0
1
1
1
1
-1
-1
0
0
1
1
1
1
-1
-1
0
0
1
1
1
1
-1
-1
0
0
1
1
1
1
-1
-1
0
0
1
1
1
1
-1
-1
0
0
1
1
1
1
-1
-1
0
0
1
1
1
1
-1
-1
0
0
1
1
1
1
-1
-1
0
0
1
1
1
1
-1
-1
0
0
1
1
1
1
-1
-1
0
0
1
1
1
1
-1
-1
0
0
1
1
1
1
-1
-1
0
0
1
1
1
1
-1
-1
0
0
1
1
1
1
-1
-1
0
0
1
1
1
1
-1
-1
0
0
1
1
1
1
-1
-1
0
0
1
1
1
1
-1
-1
0
0
1
1
1
1
-1
-1
0
0
1
1
1
1
-1
-1
0
0
1
1
1
1
-1
-1
0
0
1
1
1
1
-1
-1
0
0
1
1
1
1
-1
-1
0
0
1
1
1
1
-1
-1
0
0
1
1
1
1
-1
-1
0
0
1
1
1
1
-1
-1
0
0
1
1
1
1
-1
-1
0
0
1
1
1
1
-1
-1
0
0
1
1
1
1
-1
-1
0
0
1
1
1
1
1
1
0
0
1
1
1
1
1
1
0
0
1
1
1
1
1
1
0
0
1
1
1
1
1
1
0
0
1
1
1
1
1
1
0
0
1
1
1
1
1
1
0
0
1
1
1
1
1
1
0
0
1
1
1
1
1
1
0
0
1
1
1
1
1
1
0
0
1
1
1
1
1
1
0
0
1
1
1
1
1
1
0
0
1
1
1
1
1
1
0
0
1
1
1
1
1
1
0
0
1
1
1
1
1
1
0
0
1
1
1
1
1
1
0
0
1
1
1
1
1
1
0
0
1
1
1
1
1
1
0
0
1
1
1
1
1
1
0
0
1
1
1
1
1
1
0
0
1
1
1
1
1
1
0
0
1
1
1
1
1
1
0
0
1
1
1
1
1
1
0
0
1
1
1
1
1
1
0
0
1
1
1
1
1
1
0
0
1
1
1
1
1
1
0
0
1
1
1
1
1
1
0
0
1
1
1
1
1
1
0
0
1
1
1
1
1
1
0
0
1
1
1
1
1
1
0
0
1
1
1
1
1
1
0
0
1
1
1
1
1
1
0
0
1
1
1
1
1
1
0
0
1
1
1
1
1
1
0
0
1
1
1
1
1
1
0
0
1
1
1
1
1
1
0
0
1
1
1
1
1
1
0
0
1
1
1
1
1
1
0
0
1
1
1
1
1
1
0
0
1
1
1
1
1
1
0
0
1
1
1
1
1
1
0
0
1
1
1
1
1
1
0
0
1
1
1
1
1
1
0
0
1
1
1
1
-1
-1
0
0
1
1
1
1
-1
-1
0
0
1
1
1
1
-1
-1
0
0
1
1
1
1
-1
-1
0
0
1
1
1
1
0
0
0
0
1
1
1
1
-1
-1
0
0
1
1
1
1
40
-40
0
0
1
1
1
1
-1
-1
0
0
1
1
1
1
1
1
0
0
1
1
1
1
1
1
0
0
1
1
1
1
1
1
0
0
1
1
1
1
1
1
0
0
1
1
1
1
1
1
0
0
1
1
1
1
1
1
0
0
1
1
1
1
-1
-1
0
0
1
1
1
1
-1
-1
0
0
1
1
-1
-1
-1
1
-1
1
1
1
-1
1
-1
1
-1
-1
-1
1
1
1
1
-1
1
-1
1
-1
1
-1
1
-1
1
1
1
-1
1
-1
1
1
-1
-1
-1
1
-1
1
-1
-1
1
-1
1
1
1
-1
-1
-1
-1
-1
1
1
-1
-1
1
1
1
-1
-1
1
-1
-1
-1
1
1
1
-1
-1
1
1
-1
-1
1
1
1
1
-1
1
-1
1
-1
1
-1
1
-1
-1
1
4246503643515506613
-1
-1
-1
1
-1
-1
1
-1
1
-1
1
1
1
-1
1
1
-1
1
1
-1
-1
-1
1
1
-1
-8709709268571084572
1
1
1
1
1
1
1
1
1
-1
-1
1
-1
8688973310300587665
-1
-1
-1
6765051780142877964
-1
-7595894372660335045
-1
1
-1
1
-1
-1
1
-1
-1
-1
-1
-1
-1
1
-1
1
1
1
-1
-1
1
-1
1
4906506272029162654
4219524040482810774
-1
-1
1
-1
-1
1
1
-1
-1
-1
1
1
-1
1
1
1
1
1
1
-6898947913148414427
1
-1
1
-1
-1
1
-1
1
1
-1
-7140907055607355152
-1
1
1
1
1
-1
1
-1
-1
1
1
-1
1
1
-1
1
-1
1
1
-1
-1
-1
1
-1
-1
1
1
1
1
1
1
1
1
1
-1
1
1615751389667634794
1
-1
1
1
1
1
1
1
1
-1
1
1
1
-1
1
-1
-1
1
-1
-1
1
-2360027505798937109
-1
-1
-1
1
-1
1
1
5051787064874104354
1
1
-1
1
1
-1
-1
1
-1
-1
1
1
1
-1
-1
-1
1
1
1
1
-1
4294967296
1
1
-1
-1
1
1
-1
-1
-1
1
-1
-1
-1
1
1
-1
1
-1
1
-1
-1
1
-1
-1
1
1
1
1
1
-1
1
1
-1
-1
1
1
1
1
1
-1
-1
-1
1
-1
1
-1
-1
-1
-1
1
-1
1
-1
-1
-1
-1
-1
1
-7492667993943823321
1
3497695384683244635
1
-1
-1
1
1
1
-1
1
1
-1
1
-1
1
-1
1
-1
-1
-1
-1
9178686009299853768
-1
-1
1
1
-1
-1
1
-1
-1
-1
-1
-1
1
-1
-1
1
1
-1
1
1
-1
-1
-1
-1
1
3551934300433222566
1
-1
-1
-1
1
-1
1
-1
1
-1
-1
-1
1
1
-1
1
1
1
1
-1
1
-1
1
-1
1
1
-1
1
-1
1
-1
-1
1
1
-1
1
1
-1
-1
1
1
-1
1
1
1
-1
-1
-1
-1
1
1
1
1
1
1
-1
-1
1
1
-1
1
-1
-1
1
-1
1
-1
1
-1
-8320632906425723280
-1
-1
1
1
-1
-1
-1
1
1
-1
1
-1
1
-1
-1
1
1
1
1
1
-8183328726434710196
1
-1
-1
-1
1
-1
-1
-1
-1
1
1
-1
-1
1
-1
1
-1
1
1
-1
-1
-1
-1
1
-1
-1
1
1
-1
1
1
1
1
1
1
-1
-1
1
1
1
1
1
1
1
-1
1
1
1
-1
-898368526056174184
1
1
-1
1
-1
1
-1
1
-1
-1
-1
-1
-1
1
-1
1
-1
-1
1
-1
-1
-1
-1
-1
-1
1
-1
1
1
-1
-1
-1
1
-1
-1
-1
-7006860273166666827
1
-1
-1
-1
1
3628818390005590967
1
1
-1
1
1
-1
-1
1
1
1
-1
-1
-1
1
-1
1
-1
-1
-1
1
1
-1
1
1
1
1
-1
-1
1
1
1
1
1
-1
1
1
-1
1
-1
1
-1
1
-1
-1
-1
1
-1
1
-1
1
1
-1
-1
-1
-1
-1
1
1
1
1
-1
-1
-1
-6509951162397589494
-1
1
1
1
-1
1
-1
1
-1
1
-1
1
1
1
1
1
-1
1
1
-1
-1
-1
1
1
-1
-1
-1
1
1
1
1
-1
1
1
-1
-1
1
1
-1
1
1
1
1
-1
-1
1
1
-1
1
-1
1
1
1
1
-1
1
-1
-1
-1
1
-1
-1
-1
-1
1
-1
1
-1
-1
-1
-1
1
1
1
-1
1
1
1
1
8563918122704
1
1
1
-1
1
-1
1
1
-1
1
1
1
-2009493878105097142
1
1
-1
-1
-1
1
-1
1
1
1
-1
1
1
-1
-1
-1
-1
1
1
-1
-1
-1
-1
1
1
-1
1
1
-1
-1
1
-1
1
1
-1
-1
-1
-1
1
-1
1
-1
-1
-1
1
1
1
-1
1
1
-1
-1
1
1
1
-1
-1
1
1
1
-1
-1
-1
1
-1
1
-1
1
1
1
-1
1
1
-1
-1
-899139015300239802
1
-1
1
1
1
1
1
-1
1
-1
-1
-1
-1
1
1
1
-1
1
-1
1
-1
-1
1
-1
-1
1
-1
1
-1
-1
-1
1
1
1
1
1
1
-1
1
-1
1
1
1
-1
-1
1
1
1
-1
1
1
-1
1
-1
-1
-1
-1
1
-1
-1
1
1
-1
1
-1
-1
1
1
-1
-1159957967593929096
1
-1
-1
-1
1
1
1
1
-1
1
1
1
1
-1
1
-1
1
-1
-1
-1
-1
6409395563364047100
-1
-1
-1
-1
-1
1
-1
1
-1
1
-1
-1
-1
1
1
-1
1
1
-1
1
-1
1
1
1
1
1
-1
1
1
1
-1
-1
1
-1
1
-1
1
-1
1
-1
1
1
-1
-1
1
1
1
1
1
-1
3415463519815883059
1
1
1
-1
1
-1
1
-1
1
-1
-1
1
1
1
1
-1
-1
-1
1
1
-1
1
-1
-1
1
1
-1
1
-1
1
1
1
-1
1
1
1
1
-1
1
1
-1
-1
-1
-1
-1
1
1
1
1
1
1
7116839548570935108
1
1
-1
-1
1
-1
1
1
1
1
1
-1405247518888670260
-1
-1
-1
1
1
-1
1
1
1
-1
-1
-1592387235630868288
1
1
1
-1
-1
-1
1
-1
1
-1
1
1
1
1
-1
-1
-1
-1
1
-1
1
-1
1
1
-1
-1
-1
-1
1
-1
1
1
1
1
-1
-1
1
1
1
-1
1
1
1
-1
1
-1
-1
1
1
-1
1
-1
1
1
-1
1
1
-1
1
-1
1
1
1
-1
-1
-1
1
1
1
1
-1
1
-1
1
-1
-1
1
-1
-1
1
-1
1
-1
1
-1
-1
-1
1
-1
1
1
-1
-1
-1
1
-1
-1
1
-1
1
-1
-1
1
1
1
-1
-1
-1
-1
-1
-1
-1
1
-1
1
1
-1
-1
1
1
-1
1
-1
1
1
-1
1
1
1
1
-1
-1
1
1
-1
1
-1
-1
1
1
-1
-1
-1
-1
1
1
8453459904411569586
265128273523875225
-1
1
1
-1
-1
-1
-3793506956268126386
-1
-1
1
1
-1
-1
-1
1
-1
-1
1
-1
-1
1
-1
-1
1
-1
1
-1
1
1
1
-1
6171527319637608493
1
1
-1
1
1
1
-1
1
1
1
-1
1
-1
1
-1
-1
-1
1
1
1
1
-1
-1
-1
-1
1
1
1
1
-1
-1
1
-1
-1245923107058043694
-1
1
1
-1
1
-1
-1
1
1
-1
1
1
1
-1
-1
1
1
1
-6818912540558950624
-1
-1
1
-1
-1
1
1
-1
-1
1
-1
9197741169302894863
-1
1
1
1
-1
-1
-1
1
1
1
-1
1
-1
1
1
-1
-1
-1
-1
1
-1
1
-1
1
7505956186674392973
-1
1
-1
1
-1
1
-1
-1
1
-1
1
-1
-1
-1
1
-1
-1
-1
1
-1
-1
1
-1
1
-1
-1
1
1
-1
1
-1
-1
-1
-1
1
1
1
1
-1
1
1
1
1
1
1
-1
1
1
1
1
1
1
-1
-1
1
-1
1
-1
-1
-1
-1
1
1
-1
1
-1
1
2249437313495060515
-1
-3261878207814344231
-1
1
1
1
-1
1
-1
1
-1
-1
-1
-1
-1
-1
1
1
-1
1
-1
1
-1
1
1
1
-1
1
1
-1
1
-1
1
1
-1
-1
1
-1
-1
1
-1
1
-1
-1
1
1
1
1
-1
1
-1
1
1
-1
1
-1
1
-1
-1
-1
-1
-1
-1
-1
-1
1
-1
1
1
1
-1
-1
1
-1
-1
-1
1
-1
-1
-1
-1
1
1
-1
-1
-1
1
1
1
-1
-1
-1
-1
-1
-1
1
1
1
-1
-1
1
-1
1
-1
-1
-1
-1
1
-1
-1
1
1
-1
-1
1
1
1
-1
-1
-1
1
1
-1
1
1
1
-1
1
1
-1
1
1
-1
-1
