=== RUN   TestSlice6AcceptedCycleSafety
=== RUN   TestSlice6AcceptedCycleSafety/fxspptb_aee89b2_alias_fill.a
    runtime_slice7_baseline_test.go:36: Node exit 0 stdout "100\n" stderr ""; native exit 0 stdout "100\n" stderr ""; counted adamic: graph region: live 2 bytes 132 reachable 1 bytes 56 unreachable 1 bytes 76 metadata 96
        adamic: graph region: live 2 bytes 164 reachable 2 bytes 164 unreachable 0 bytes 0 metadata 96
        adamic: graph region: live 2 bytes 132 reachable 1 bytes 56 unreachable 1 bytes 76 metadata 96
        adamic: graph region: live 2 bytes 164 reachable 2 bytes 164 unreachable 0 bytes 0 metadata 96
        adamic: graph region: live 2 bytes 132 reachable 1 bytes 56 unreachable 1 bytes 76 metadata 96
        adamic: graph region: live 2 bytes 164 reachable 2 bytes 164 unreachable 0 bytes 0 metadata 96
        adamic: graph region: live 2 bytes 132 reachable 1 bytes 56 unreachable 1 bytes 76 metadata 96
        adamic: graph region: live 2 bytes 164 reachable 2 bytes 164 unreachable 0 bytes 0 metadata 96
        adamic: graph region: live 2 bytes 132 reachable 1 bytes 56 unreachable 1 bytes 76 metadata 96
        adamic: graph region: live 2 bytes 164 reachable 2 bytes 164 unreachable 0 bytes 0 metadata 96
        adamic: graph region: live 2 bytes 132 reachable 1 bytes 56 unreachable 1 bytes 76 metadata 96
        adamic: graph region: live 2 bytes 164 reachable 2 bytes 164 unreachable 0 bytes 0 metadata 96
        adamic: graph region: live 2 bytes 132 reachable 1 bytes 56 unreachable 1 bytes 76 metadata 96
        adamic: graph region: live 2 bytes 164 reachable 2 bytes 164 unreachable 0 bytes 0 metadata 96
        adamic: graph region: live 2 bytes 132 reachable 1 bytes 56 unreachable 1 bytes 76 metadata 96
        adamic: graph region: live 2 bytes 164 reachable 2 bytes 164 unreachable 0 bytes 0 metadata 96
        adamic: graph region: live 2 bytes 132 reachable 1 bytes 56 unreachable 1 bytes 76 metadata 96
        adamic: graph region: live 2 bytes 164 reachable 2 bytes 164 unreachable 0 bytes 0 metadata 96
        adamic: graph region: live 2 bytes 132 reachable 1 bytes 56 unreachable 1 bytes 76 metadata 96
        adamic: graph region: live 2 bytes 164 reachable 2 bytes 164 unreachable 0 bytes 0 metadata 96
        adamic: graph region: live 2 bytes 132 reachable 1 bytes 56 unreachable 1 bytes 76 metadata 96
        adamic: graph region: live 2 bytes 164 reachable 2 bytes 164 unreachable 0 bytes 0 metadata 96
        adamic: graph region: live 2 bytes 132 reachable 1 bytes 56 unreachable 1 bytes 76 metadata 96
        adamic: graph region: live 2 bytes 164 reachable 2 bytes 164 unreachable 0 bytes 0 metadata 96
        adamic: graph region: live 2 bytes 132 reachable 1 bytes 56 unreachable 1 bytes 76 metadata 96
        adamic: graph region: live 2 bytes 164 reachable 2 bytes 164 unreachable 0 bytes 0 metadata 96
        adamic: graph region: live 2 bytes 132 reachable 1 bytes 56 unreachable 1 bytes 76 metadata 96
        adamic: graph region: live 2 bytes 164 reachable 2 bytes 164 unreachable 0 bytes 0 metadata 96
        adamic: graph region: live 2 bytes 132 reachable 1 bytes 56 unreachable 1 bytes 76 metadata 96
        adamic: graph region: live 2 bytes 164 reachable 2 bytes 164 unreachable 0 bytes 0 metadata 96
        adamic: graph region: live 2 bytes 132 reachable 1 bytes 56 unreachable 1 bytes 76 metadata 96
        adamic: graph region: live 2 bytes 164 reachable 2 bytes 164 unreachable 0 bytes 0 metadata 96
        adamic: graph region: live 2 bytes 132 reachable 1 bytes 56 unreachable 1 bytes 76 metadata 96
        adamic: graph region: live 2 bytes 164 reachable 2 bytes 164 unreachable 0 bytes 0 metadata 96
        adamic: graph region: live 2 bytes 132 reachable 1 bytes 56 unreachable 1 bytes 76 metadata 96
        adamic: graph region: live 2 bytes 164 reachable 2 bytes 164 unreachable 0 bytes 0 metadata 96
        adamic: graph region: live 2 bytes 132 reachable 1 bytes 56 unreachable 1 bytes 76 metadata 96
        adamic: graph region: live 2 bytes 164 reachable 2 bytes 164 unreachable 0 bytes 0 metadata 96
        adamic: graph region: live 2 bytes 132 reachable 1 bytes 56 unreachable 1 bytes 76 metadata 96
        adamic: graph region: live 2 bytes 164 reachable 2 bytes 164 unreachable 0 bytes 0 metadata 96
        adamic: graph region: live 2 bytes 132 reachable 1 bytes 56 unreachable 1 bytes 76 metadata 96
        adamic: graph region: live 2 bytes 164 reachable 2 bytes 164 unreachable 0 bytes 0 metadata 96
        adamic: graph region: live 2 bytes 132 reachable 1 bytes 56 unreachable 1 bytes 76 metadata 96
        adamic: graph region: live 2 bytes 164 reachable 2 bytes 164 unreachable 0 bytes 0 metadata 96
        adamic: graph region: live 2 bytes 132 reachable 1 bytes 56 unreachable 1 bytes 76 metadata 96
        adamic: graph region: live 2 bytes 164 reachable 2 bytes 164 unreachable 0 bytes 0 metadata 96
        adamic: graph region: live 2 bytes 132 reachable 1 bytes 56 unreachable 1 bytes 76 metadata 96
        adamic: graph region: live 2 bytes 164 reachable 2 bytes 164 unreachable 0 bytes 0 metadata 96
        adamic: graph region: live 2 bytes 132 reachable 1 bytes 56 unreachable 1 bytes 76 metadata 96
        adamic: graph region: live 2 bytes 164 reachable 2 bytes 164 unreachable 0 bytes 0 metadata 96
        adamic: graph region: live 2 bytes 132 reachable 1 bytes 56 unreachable 1 bytes 76 metadata 96
        adamic: graph region: live 2 bytes 164 reachable 2 bytes 164 unreachable 0 bytes 0 metadata 96
        adamic: graph region: live 2 bytes 132 reachable 1 bytes 56 unreachable 1 bytes 76 metadata 96
        adamic: graph region: live 2 bytes 164 reachable 2 bytes 164 unreachable 0 bytes 0 metadata 96
        adamic: graph region: live 2 bytes 132 reachable 1 bytes 56 unreachable 1 bytes 76 metadata 96
        adamic: graph region: live 2 bytes 164 reachable 2 bytes 164 unreachable 0 bytes 0 metadata 96
        adamic: graph region: live 2 bytes 132 reachable 1 bytes 56 unreachable 1 bytes 76 metadata 96
        adamic: graph region: live 2 bytes 164 reachable 2 bytes 164 unreachable 0 bytes 0 metadata 96
        adamic: graph region: live 2 bytes 132 reachable 1 bytes 56 unreachable 1 bytes 76 metadata 96
        adamic: graph region: live 2 bytes 164 reachable 2 bytes 164 unreachable 0 bytes 0 metadata 96
        adamic: graph region: live 2 bytes 132 reachable 1 bytes 56 unreachable 1 bytes 76 metadata 96
        adamic: graph region: live 2 bytes 164 reachable 2 bytes 164 unreachable 0 bytes 0 metadata 96
        adamic: graph region: live 2 bytes 132 reachable 1 bytes 56 unreachable 1 bytes 76 metadata 96
        adamic: graph region: live 2 bytes 164 reachable 2 bytes 164 unreachable 0 bytes 0 metadata 96
        adamic: graph region: live 2 bytes 132 reachable 1 bytes 56 unreachable 1 bytes 76 metadata 96
        adamic: graph region: live 2 bytes 164 reachable 2 bytes 164 unreachable 0 bytes 0 metadata 96
        adamic: graph region: live 2 bytes 132 reachable 1 bytes 56 unreachable 1 bytes 76 metadata 96
        adamic: graph region: live 2 bytes 164 reachable 2 bytes 164 unreachable 0 bytes 0 metadata 96
        adamic: graph region: live 2 bytes 132 reachable 1 bytes 56 unreachable 1 bytes 76 metadata 96
        adamic: graph region: live 2 bytes 164 reachable 2 bytes 164 unreachable 0 bytes 0 metadata 96
        adamic: graph region: live 2 bytes 132 reachable 1 bytes 56 unreachable 1 bytes 76 metadata 96
        adamic: graph region: live 2 bytes 164 reachable 2 bytes 164 unreachable 0 bytes 0 metadata 96
        adamic: graph region: live 2 bytes 132 reachable 1 bytes 56 unreachable 1 bytes 76 metadata 96
        adamic: graph region: live 2 bytes 164 reachable 2 bytes 164 unreachable 0 bytes 0 metadata 96
        adamic: graph region: live 2 bytes 132 reachable 1 bytes 56 unreachable 1 bytes 76 metadata 96
        adamic: graph region: live 2 bytes 164 reachable 2 bytes 164 unreachable 0 bytes 0 metadata 96
        adamic: graph region: live 2 bytes 132 reachable 1 bytes 56 unreachable 1 bytes 76 metadata 96
        adamic: graph region: live 2 bytes 164 reachable 2 bytes 164 unreachable 0 bytes 0 metadata 96
        adamic: graph region: live 2 bytes 132 reachable 1 bytes 56 unreachable 1 bytes 76 metadata 96
        adamic: graph region: live 2 bytes 164 reachable 2 bytes 164 unreachable 0 bytes 0 metadata 96
        adamic: graph region: live 2 bytes 132 reachable 1 bytes 56 unreachable 1 bytes 76 metadata 96
        adamic: graph region: live 2 bytes 164 reachable 2 bytes 164 unreachable 0 bytes 0 metadata 96
        adamic: graph region: live 2 bytes 132 reachable 1 bytes 56 unreachable 1 bytes 76 metadata 96
        adamic: graph region: live 2 bytes 164 reachable 2 bytes 164 unreachable 0 bytes 0 metadata 96
        adamic: graph region: live 2 bytes 132 reachable 1 bytes 56 unreachable 1 bytes 76 metadata 96
        adamic: graph region: live 2 bytes 164 reachable 2 bytes 164 unreachable 0 bytes 0 metadata 96
        adamic: graph region: live 2 bytes 132 reachable 1 bytes 56 unreachable 1 bytes 76 metadata 96
        adamic: graph region: live 2 bytes 164 reachable 2 bytes 164 unreachable 0 bytes 0 metadata 96
        adamic: graph region: live 2 bytes 132 reachable 1 bytes 56 unreachable 1 bytes 76 metadata 96
        adamic: graph region: live 2 bytes 164 reachable 2 bytes 164 unreachable 0 bytes 0 metadata 96
        adamic: graph region: live 2 bytes 132 reachable 1 bytes 56 unreachable 1 bytes 76 metadata 96
        adamic: graph region: live 2 bytes 164 reachable 2 bytes 164 unreachable 0 bytes 0 metadata 96
        adamic: graph region: live 2 bytes 132 reachable 1 bytes 56 unreachable 1 bytes 76 metadata 96
        adamic: graph region: live 2 bytes 164 reachable 2 bytes 164 unreachable 0 bytes 0 metadata 96
        adamic: graph region: live 2 bytes 132 reachable 1 bytes 56 unreachable 1 bytes 76 metadata 96
        adamic: graph region: live 2 bytes 164 reachable 2 bytes 164 unreachable 0 bytes 0 metadata 96
        adamic: graph region: live 2 bytes 132 reachable 1 bytes 56 unreachable 1 bytes 76 metadata 96
        adamic: graph region: live 2 bytes 164 reachable 2 bytes 164 unreachable 0 bytes 0 metadata 96
        adamic: graph region: live 2 bytes 132 reachable 1 bytes 56 unreachable 1 bytes 76 metadata 96
        adamic: graph region: live 2 bytes 164 reachable 2 bytes 164 unreachable 0 bytes 0 metadata 96
        adamic: graph region: live 2 bytes 132 reachable 1 bytes 56 unreachable 1 bytes 76 metadata 96
        adamic: graph region: live 2 bytes 164 reachable 2 bytes 164 unreachable 0 bytes 0 metadata 96
        adamic: graph region: live 2 bytes 132 reachable 1 bytes 56 unreachable 1 bytes 76 metadata 96
        adamic: graph region: live 2 bytes 164 reachable 2 bytes 164 unreachable 0 bytes 0 metadata 96
        adamic: graph region: live 2 bytes 132 reachable 1 bytes 56 unreachable 1 bytes 76 metadata 96
        adamic: graph region: live 2 bytes 164 reachable 2 bytes 164 unreachable 0 bytes 0 metadata 96
        adamic: graph region: live 2 bytes 132 reachable 1 bytes 56 unreachable 1 bytes 76 metadata 96
        adamic: graph region: live 2 bytes 164 reachable 2 bytes 164 unreachable 0 bytes 0 metadata 96
        adamic: graph region: live 2 bytes 132 reachable 1 bytes 56 unreachable 1 bytes 76 metadata 96
        adamic: graph region: live 2 bytes 164 reachable 2 bytes 164 unreachable 0 bytes 0 metadata 96
        adamic: graph region: live 2 bytes 132 reachable 1 bytes 56 unreachable 1 bytes 76 metadata 96
        adamic: graph region: live 2 bytes 164 reachable 2 bytes 164 unreachable 0 bytes 0 metadata 96
        adamic: graph region: live 2 bytes 132 reachable 1 bytes 56 unreachable 1 bytes 76 metadata 96
        adamic: graph region: live 2 bytes 164 reachable 2 bytes 164 unreachable 0 bytes 0 metadata 96
        adamic: graph region: live 2 bytes 132 reachable 1 bytes 56 unreachable 1 bytes 76 metadata 96
        adamic: graph region: live 2 bytes 164 reachable 2 bytes 164 unreachable 0 bytes 0 metadata 96
        adamic: graph region: live 2 bytes 132 reachable 1 bytes 56 unreachable 1 bytes 76 metadata 96
        adamic: graph region: live 2 bytes 164 reachable 2 bytes 164 unreachable 0 bytes 0 metadata 96
        adamic: graph region: live 2 bytes 132 reachable 1 bytes 56 unreachable 1 bytes 76 metadata 96
        adamic: graph region: live 2 bytes 164 reachable 2 bytes 164 unreachable 0 bytes 0 metadata 96
        adamic: graph region: live 2 bytes 132 reachable 1 bytes 56 unreachable 1 bytes 76 metadata 96
        adamic: graph region: live 2 bytes 164 reachable 2 bytes 164 unreachable 0 bytes 0 metadata 96
        adamic: graph region: live 2 bytes 132 reachable 1 bytes 56 unreachable 1 bytes 76 metadata 96
        adamic: graph region: live 2 bytes 164 reachable 2 bytes 164 unreachable 0 bytes 0 metadata 96
        adamic: graph region: live 2 bytes 132 reachable 1 bytes 56 unreachable 1 bytes 76 metadata 96
        adamic: graph region: live 2 bytes 164 reachable 2 bytes 164 unreachable 0 bytes 0 metadata 96
        adamic: graph region: live 2 bytes 132 reachable 1 bytes 56 unreachable 1 bytes 76 metadata 96
        adamic: graph region: live 2 bytes 164 reachable 2 bytes 164 unreachable 0 bytes 0 metadata 96
        adamic: graph region: live 2 bytes 132 reachable 1 bytes 56 unreachable 1 bytes 76 metadata 96
        adamic: graph region: live 2 bytes 164 reachable 2 bytes 164 unreachable 0 bytes 0 metadata 96
        adamic: graph region: live 2 bytes 132 reachable 1 bytes 56 unreachable 1 bytes 76 metadata 96
        adamic: graph region: live 2 bytes 164 reachable 2 bytes 164 unreachable 0 bytes 0 metadata 96
        adamic: graph region: live 2 bytes 132 reachable 1 bytes 56 unreachable 1 bytes 76 metadata 96
        adamic: graph region: live 2 bytes 164 reachable 2 bytes 164 unreachable 0 bytes 0 metadata 96
        adamic: graph region: live 2 bytes 132 reachable 1 bytes 56 unreachable 1 bytes 76 metadata 96
        adamic: graph region: live 2 bytes 164 reachable 2 bytes 164 unreachable 0 bytes 0 metadata 96
        adamic: graph region: live 2 bytes 132 reachable 1 bytes 56 unreachable 1 bytes 76 metadata 96
        adamic: graph region: live 2 bytes 164 reachable 2 bytes 164 unreachable 0 bytes 0 metadata 96
        adamic: graph region: live 2 bytes 132 reachable 1 bytes 56 unreachable 1 bytes 76 metadata 96
        adamic: graph region: live 2 bytes 164 reachable 2 bytes 164 unreachable 0 bytes 0 metadata 96
        adamic: graph region: live 2 bytes 132 reachable 1 bytes 56 unreachable 1 bytes 76 metadata 96
        adamic: graph region: live 2 bytes 164 reachable 2 bytes 164 unreachable 0 bytes 0 metadata 96
        adamic: graph region: live 2 bytes 132 reachable 1 bytes 56 unreachable 1 bytes 76 metadata 96
        adamic: graph region: live 2 bytes 164 reachable 2 bytes 164 unreachable 0 bytes 0 metadata 96
        adamic: graph region: live 2 bytes 132 reachable 1 bytes 56 unreachable 1 bytes 76 metadata 96
        adamic: graph region: live 2 bytes 164 reachable 2 bytes 164 unreachable 0 bytes 0 metadata 96
        adamic: graph region: live 2 bytes 132 reachable 1 bytes 56 unreachable 1 bytes 76 metadata 96
        adamic: graph region: live 2 bytes 164 reachable 2 bytes 164 unreachable 0 bytes 0 metadata 96
        adamic: graph region: live 2 bytes 132 reachable 1 bytes 56 unreachable 1 bytes 76 metadata 96
        adamic: graph region: live 2 bytes 164 reachable 2 bytes 164 unreachable 0 bytes 0 metadata 96
        adamic: graph region: live 2 bytes 132 reachable 1 bytes 56 unreachable 1 bytes 76 metadata 96
        adamic: graph region: live 2 bytes 164 reachable 2 bytes 164 unreachable 0 bytes 0 metadata 96
        adamic: graph region: live 2 bytes 132 reachable 1 bytes 56 unreachable 1 bytes 76 metadata 96
        adamic: graph region: live 2 bytes 164 reachable 2 bytes 164 unreachable 0 bytes 0 metadata 96
        adamic: graph region: live 2 bytes 132 reachable 1 bytes 56 unreachable 1 bytes 76 metadata 96
        adamic: graph region: live 2 bytes 164 reachable 2 bytes 164 unreachable 0 bytes 0 metadata 96
        adamic: graph region: live 2 bytes 132 reachable 1 bytes 56 unreachable 1 bytes 76 metadata 96
        adamic: graph region: live 2 bytes 164 reachable 2 bytes 164 unreachable 0 bytes 0 metadata 96
        adamic: graph region: live 2 bytes 132 reachable 1 bytes 56 unreachable 1 bytes 76 metadata 96
        adamic: graph region: live 2 bytes 164 reachable 2 bytes 164 unreachable 0 bytes 0 metadata 96
        adamic: graph region: live 2 bytes 132 reachable 1 bytes 56 unreachable 1 bytes 76 metadata 96
        adamic: graph region: live 2 bytes 164 reachable 2 bytes 164 unreachable 0 bytes 0 metadata 96
        adamic: graph region: live 2 bytes 132 reachable 1 bytes 56 unreachable 1 bytes 76 metadata 96
        adamic: graph region: live 2 bytes 164 reachable 2 bytes 164 unreachable 0 bytes 0 metadata 96
        adamic: graph region: live 2 bytes 132 reachable 1 bytes 56 unreachable 1 bytes 76 metadata 96
        adamic: graph region: live 2 bytes 164 reachable 2 bytes 164 unreachable 0 bytes 0 metadata 96
        adamic: graph region: live 2 bytes 132 reachable 1 bytes 56 unreachable 1 bytes 76 metadata 96
        adamic: graph region: live 2 bytes 164 reachable 2 bytes 164 unreachable 0 bytes 0 metadata 96
        adamic: graph region: live 2 bytes 132 reachable 1 bytes 56 unreachable 1 bytes 76 metadata 96
        adamic: graph region: live 2 bytes 164 reachable 2 bytes 164 unreachable 0 bytes 0 metadata 96
        adamic: graph region: live 2 bytes 132 reachable 1 bytes 56 unreachable 1 bytes 76 metadata 96
        adamic: graph region: live 2 bytes 164 reachable 2 bytes 164 unreachable 0 bytes 0 metadata 96
        adamic: graph region: live 2 bytes 132 reachable 1 bytes 56 unreachable 1 bytes 76 metadata 96
        adamic: graph region: live 2 bytes 164 reachable 2 bytes 164 unreachable 0 bytes 0 metadata 96
        adamic: graph region: live 2 bytes 132 reachable 1 bytes 56 unreachable 1 bytes 76 metadata 96
        adamic: graph region: live 2 bytes 164 reachable 2 bytes 164 unreachable 0 bytes 0 metadata 96
        adamic: graph region: live 2 bytes 132 reachable 1 bytes 56 unreachable 1 bytes 76 metadata 96
        adamic: graph region: live 2 bytes 164 reachable 2 bytes 164 unreachable 0 bytes 0 metadata 96
        adamic: graph region: live 2 bytes 132 reachable 1 bytes 56 unreachable 1 bytes 76 metadata 96
        adamic: graph region: live 2 bytes 164 reachable 2 bytes 164 unreachable 0 bytes 0 metadata 96
        adamic: graph region: live 2 bytes 132 reachable 1 bytes 56 unreachable 1 bytes 76 metadata 96
        adamic: graph region: live 2 bytes 164 reachable 2 bytes 164 unreachable 0 bytes 0 metadata 96
        adamic: graph region: live 2 bytes 132 reachable 1 bytes 56 unreachable 1 bytes 76 metadata 96
        adamic: graph region: live 2 bytes 164 reachable 2 bytes 164 unreachable 0 bytes 0 metadata 96
        adamic: graph region: live 2 bytes 132 reachable 1 bytes 56 unreachable 1 bytes 76 metadata 96
        adamic: graph region: live 2 bytes 164 reachable 2 bytes 164 unreachable 0 bytes 0 metadata 96
        adamic: graph region: live 2 bytes 132 reachable 1 bytes 56 unreachable 1 bytes 76 metadata 96
        adamic: graph region: live 2 bytes 164 reachable 2 bytes 164 unreachable 0 bytes 0 metadata 96
        adamic: graph region: live 2 bytes 132 reachable 1 bytes 56 unreachable 1 bytes 76 metadata 96
        adamic: graph region: live 2 bytes 164 reachable 2 bytes 164 unreachable 0 bytes 0 metadata 96
        adamic: graph region: live 2 bytes 132 reachable 1 bytes 56 unreachable 1 bytes 76 metadata 96
        adamic: graph region: live 2 bytes 164 reachable 2 bytes 164 unreachable 0 bytes 0 metadata 96
        adamic: graph region: live 2 bytes 132 reachable 1 bytes 56 unreachable 1 bytes 76 metadata 96
        adamic: graph region: live 2 bytes 164 reachable 2 bytes 164 unreachable 0 bytes 0 metadata 96
        adamic: graph region: live 2 bytes 132 reachable 1 bytes 56 unreachable 1 bytes 76 metadata 96
        adamic: graph region: live 2 bytes 164 reachable 2 bytes 164 unreachable 0 bytes 0 metadata 96
        adamic: graph region: live 2 bytes 132 reachable 1 bytes 56 unreachable 1 bytes 76 metadata 96
        adamic: graph region: live 2 bytes 164 reachable 2 bytes 164 unreachable 0 bytes 0 metadata 96
        adamic: graph region: live 2 bytes 132 reachable 1 bytes 56 unreachable 1 bytes 76 metadata 96
        adamic: graph region: live 2 bytes 164 reachable 2 bytes 164 unreachable 0 bytes 0 metadata 96
        adamic: graph counts: regions 200 merges 200
        adamic: counts: allocations 603 frees 603 retains 500 releases 904 peak 6 regions 0
--- PASS: TestSlice6AcceptedCycleSafety (0.49s)
    --- PASS: TestSlice6AcceptedCycleSafety/fxspptb_aee89b2_alias_fill.a (0.49s)
PASS
gate cache: native hits=0 misses=0
gate cache: node hits=0 misses=1
gate cache: probe hits=0 misses=0
