/tmp/tsc-latent-adapted/src/compiler/_namespaces/ts.moduleSpecifiers.ts 1 1 measured on a checker-rejected program
/tmp/tsc-latent-adapted/src/compiler/_namespaces/ts.performance.ts 1 1 measured on a checker-rejected program
/tmp/tsc-latent-adapted/src/compiler/_namespaces/ts.ts 77 75 measured on a checker-rejected program
/tmp/tsc-latent-adapted/src/compiler/binder.ts 16 11 measured on a checker-rejected program
/tmp/tsc-latent-adapted/src/compiler/builder.ts 85 73 measured on a checker-rejected program
/tmp/tsc-latent-adapted/src/compiler/builderPublic.ts 16 7 measured on a checker-rejected program
/tmp/tsc-latent-adapted/src/compiler/builderState.ts 5 20 measured on a checker-rejected program
/tmp/tsc-latent-adapted/src/compiler/builderStatePublic.ts 3 0 measured on a checker-rejected program
/tmp/tsc-latent-adapted/src/compiler/checker.ts 51 27 measured on a checker-rejected program
/tmp/tsc-latent-adapted/src/compiler/commandLineParser.ts 166 163 measured on a checker-rejected program
/tmp/tsc-latent-adapted/src/compiler/core.ts 259 227 measured on a checker-rejected program
/tmp/tsc-latent-adapted/src/compiler/corePublic.ts 9 1 measured on a checker-rejected program
/tmp/tsc-latent-adapted/src/compiler/debug.ts 5 75 measured on a checker-rejected program
/tmp/tsc-latent-adapted/src/compiler/diagnosticInformationMap.generated.ts 3 1 measured on a checker-rejected program
/tmp/tsc-latent-adapted/src/compiler/emitter.ts 50 36 measured on a checker-rejected program
/tmp/tsc-latent-adapted/src/compiler/executeCommandLine.ts 50 55 measured on a checker-rejected program
/tmp/tsc-latent-adapted/src/compiler/expressionToTypeNode.ts 9 3 measured on a checker-rejected program
/tmp/tsc-latent-adapted/src/compiler/factory/baseNodeFactory.ts 3 1 measured on a checker-rejected program
/tmp/tsc-latent-adapted/src/compiler/factory/emitHelpers.ts 45 3 measured on a checker-rejected program
/tmp/tsc-latent-adapted/src/compiler/factory/emitNode.ts 41 38 measured on a checker-rejected program
/tmp/tsc-latent-adapted/src/compiler/factory/nodeChildren.ts 6 6 measured on a checker-rejected program
/tmp/tsc-latent-adapted/src/compiler/factory/nodeConverters.ts 3 12 measured on a checker-rejected program
/tmp/tsc-latent-adapted/src/compiler/factory/nodeFactory.ts 26 19 measured on a checker-rejected program
/tmp/tsc-latent-adapted/src/compiler/factory/nodeTests.ts 228 227 measured on a checker-rejected program
/tmp/tsc-latent-adapted/src/compiler/factory/parenthesizerRules.ts 3 3 measured on a checker-rejected program
/tmp/tsc-latent-adapted/src/compiler/factory/utilities.ts 108 158 measured on a checker-rejected program
/tmp/tsc-latent-adapted/src/compiler/factory/utilitiesPublic.ts 4 3 measured on a checker-rejected program
/tmp/tsc-latent-adapted/src/compiler/moduleNameResolver.ts 163 151 measured on a checker-rejected program
/tmp/tsc-latent-adapted/src/compiler/moduleSpecifiers.ts 49 44 measured on a checker-rejected program
/tmp/tsc-latent-adapted/src/compiler/parser.ts 75 239 measured on a checker-rejected program
/tmp/tsc-latent-adapted/src/compiler/path.ts 81 41 measured on a checker-rejected program
/tmp/tsc-latent-adapted/src/compiler/performance.ts 24 10 measured on a checker-rejected program
/tmp/tsc-latent-adapted/src/compiler/performanceCore.ts 11 3 measured on a checker-rejected program
/tmp/tsc-latent-adapted/src/compiler/program.ts 84 83 measured on a checker-rejected program
/tmp/tsc-latent-adapted/src/compiler/programDiagnostics.ts 5 0 measured on a checker-rejected program
/tmp/tsc-latent-adapted/src/compiler/resolutionCache.ts 31 14 measured on a checker-rejected program
/tmp/tsc-latent-adapted/src/compiler/scanner.ts 84 45 measured on a checker-rejected program
/tmp/tsc-latent-adapted/src/compiler/semver.ts 29 8 measured on a checker-rejected program
/tmp/tsc-latent-adapted/src/compiler/sourcemap.ts 31 30 measured on a checker-rejected program
/tmp/tsc-latent-adapted/src/compiler/symbolWalker.ts 2 8 measured on a checker-rejected program
/tmp/tsc-latent-adapted/src/compiler/sys.ts 57 51 measured on a checker-rejected program
/tmp/tsc-latent-adapted/src/compiler/tracing.ts 7 11 measured on a checker-rejected program
/tmp/tsc-latent-adapted/src/compiler/transformer.ts 17 10 measured on a checker-rejected program
/tmp/tsc-latent-adapted/src/compiler/transformers/classFields.ts 23 7 measured on a checker-rejected program
/tmp/tsc-latent-adapted/src/compiler/transformers/classThis.ts 7 6 measured on a checker-rejected program
/tmp/tsc-latent-adapted/src/compiler/transformers/declarations.ts 14 11 measured on a checker-rejected program
/tmp/tsc-latent-adapted/src/compiler/transformers/declarations/diagnostics.ts 8 14 measured on a checker-rejected program
/tmp/tsc-latent-adapted/src/compiler/transformers/destructuring.ts 22 33 measured on a checker-rejected program
/tmp/tsc-latent-adapted/src/compiler/transformers/es2015.ts 13 0 measured on a checker-rejected program
/tmp/tsc-latent-adapted/src/compiler/transformers/es2016.ts 2 12 measured on a checker-rejected program
/tmp/tsc-latent-adapted/src/compiler/transformers/es2017.ts 6 2 measured on a checker-rejected program
/tmp/tsc-latent-adapted/src/compiler/transformers/es2018.ts 4 0 measured on a checker-rejected program
/tmp/tsc-latent-adapted/src/compiler/transformers/es2019.ts 2 2 measured on a checker-rejected program
/tmp/tsc-latent-adapted/src/compiler/transformers/es2020.ts 2 0 measured on a checker-rejected program
/tmp/tsc-latent-adapted/src/compiler/transformers/es2021.ts 2 1 measured on a checker-rejected program
/tmp/tsc-latent-adapted/src/compiler/transformers/esDecorators.ts 9 0 measured on a checker-rejected program
/tmp/tsc-latent-adapted/src/compiler/transformers/esnext.ts 9 1 measured on a checker-rejected program
/tmp/tsc-latent-adapted/src/compiler/transformers/generators.ts 16 2 measured on a checker-rejected program
/tmp/tsc-latent-adapted/src/compiler/transformers/jsx.ts 3 0 measured on a checker-rejected program
/tmp/tsc-latent-adapted/src/compiler/transformers/legacyDecorators.ts 2 0 measured on a checker-rejected program
/tmp/tsc-latent-adapted/src/compiler/transformers/module/esnextAnd2015.ts 2 0 measured on a checker-rejected program
/tmp/tsc-latent-adapted/src/compiler/transformers/module/impliedNodeFormatDependent.ts 2 1 measured on a checker-rejected program
/tmp/tsc-latent-adapted/src/compiler/transformers/module/module.ts 3 0 measured on a checker-rejected program
/tmp/tsc-latent-adapted/src/compiler/transformers/module/system.ts 2 0 measured on a checker-rejected program
/tmp/tsc-latent-adapted/src/compiler/transformers/namedEvaluation.ts 21 20 measured on a checker-rejected program
/tmp/tsc-latent-adapted/src/compiler/transformers/taggedTemplate.ts 5 6 measured on a checker-rejected program
/tmp/tsc-latent-adapted/src/compiler/transformers/ts.ts 5 0 measured on a checker-rejected program
/tmp/tsc-latent-adapted/src/compiler/transformers/typeSerializer.ts 6 0 measured on a checker-rejected program
/tmp/tsc-latent-adapted/src/compiler/transformers/utilities.ts 50 78 measured on a checker-rejected program
/tmp/tsc-latent-adapted/src/compiler/tsbuild.ts 5 1 measured on a checker-rejected program
/tmp/tsc-latent-adapted/src/compiler/tsbuildPublic.ts 106 153 measured on a checker-rejected program
/tmp/tsc-latent-adapted/src/compiler/types.ts 875 7 measured on a checker-rejected program
/tmp/tsc-latent-adapted/src/compiler/utilities.ts 892 878 measured on a checker-rejected program
/tmp/tsc-latent-adapted/src/compiler/utilitiesPublic.ts 251 266 measured on a checker-rejected program
/tmp/tsc-latent-adapted/src/compiler/visitorPublic.ts 41 57 measured on a checker-rejected program
/tmp/tsc-latent-adapted/src/compiler/watch.ts 46 83 measured on a checker-rejected program
/tmp/tsc-latent-adapted/src/compiler/watchPublic.ts 25 13 measured on a checker-rejected program
/tmp/tsc-latent-adapted/src/compiler/watchUtilities.ts 26 12 measured on a checker-rejected program
