=== RUN   TestMarkdownUnicodeWidths
    width_test.go:78: original dependencies exit 1 stderr node:internal/modules/esm/resolve:271
            throw new ERR_MODULE_NOT_FOUND(
                  ^
        
        Error [ERR_MODULE_NOT_FOUND]: Cannot find module '/tmp/adamic-w4-main-empty-width-deps/node_modules/emoji-regex/index.js' imported from /tmp/adamic-w4-plain-main/stage1/cohere/markdownblocks/testdata/width_library.mjs
            at finalizeResolution (node:internal/modules/esm/resolve:271:11)
            at moduleResolve (node:internal/modules/esm/resolve:865:10)
            at defaultResolve (node:internal/modules/esm/resolve:992:11)
            at #cachedDefaultResolve (node:internal/modules/esm/loader:701:20)
            at #resolveAndMaybeBlockOnLoaderThread (node:internal/modules/esm/loader:721:38)
            at ModuleLoader.resolveSync (node:internal/modules/esm/loader:759:56)
            at #resolve (node:internal/modules/esm/loader:683:17)
            at ModuleLoader.getOrCreateModuleJob (node:internal/modules/esm/loader:603:35)
            at node:internal/modules/esm/loader:632:32
            at TracingChannel.tracePromise (node:diagnostics_channel:362:14) {
          code: 'ERR_MODULE_NOT_FOUND',
          url: 'file:///tmp/adamic-w4-main-empty-width-deps/node_modules/emoji-regex/index.js'
        }
        
        Node.js v24.19.0
--- FAIL: TestMarkdownUnicodeWidths (9.66s)
FAIL
FAIL	github.com/system-inc/adamic/stage1/cohere/markdownblocks	9.707s
FAIL
