--- FAIL: TestCheckedViewCallableLaterRankedFamilies (4.40s)
    --- FAIL: TestCheckedViewCallableLaterRankedFamilies/module-block/wrong-arity (0.58s)
        checked_views_callable_later_ranked_test.go:105: gate cache node miss
        checked_views_callable_later_ranked_test.go:125: gate cache node miss
        checked_views_callable_later_ranked_test.go:145: backend0 exit 0 stdout "9\n" stderr "" want "createModuleBlock" and "found function with arity 0"; sanitized exit 0 stderr ""
    --- FAIL: TestCheckedViewCallableLaterRankedFamilies/reflect-get/wrong-arity (0.48s)
        checked_views_callable_later_ranked_test.go:105: gate cache node miss
        checked_views_callable_later_ranked_test.go:125: gate cache node miss
        checked_views_callable_later_ranked_test.go:145: backend0 exit 0 stdout "9\n" stderr "" want "createReflectGetCall" and "found function with arity 0"; sanitized exit 0 stderr ""
    --- FAIL: TestCheckedViewCallableLaterRankedFamilies/type-operator/wrong-arity (0.53s)
        checked_views_callable_later_ranked_test.go:105: gate cache node miss
        checked_views_callable_later_ranked_test.go:125: gate cache node miss
        checked_views_callable_later_ranked_test.go:145: backend0 exit 0 stdout "9\n" stderr "" want "createTypeOperatorNode" and "found function with arity 0"; sanitized exit 0 stderr ""
    --- FAIL: TestCheckedViewCallableLaterRankedFamilies/type-parameter/wrong-arity (0.65s)
        checked_views_callable_later_ranked_test.go:105: gate cache node miss
        checked_views_callable_later_ranked_test.go:125: gate cache node miss
        checked_views_callable_later_ranked_test.go:145: backend0 exit 0 stdout "9\n" stderr "" want "createTypeParameterDeclaration" and "found function with arity 0"; sanitized exit 0 stderr ""
    --- FAIL: TestCheckedViewCallableLaterRankedFamilies/function-update/wrong-arity (0.62s)
        checked_views_callable_later_ranked_test.go:105: gate cache node miss
        checked_views_callable_later_ranked_test.go:125: gate cache node miss
        checked_views_callable_later_ranked_test.go:145: backend0 exit 0 stdout "9\n" stderr "" want "updateFunctionDeclaration" and "found function with arity 0"; sanitized exit 0 stderr ""
    --- FAIL: TestCheckedViewCallableLaterRankedFamilies/import-update/wrong-arity (0.56s)
        checked_views_callable_later_ranked_test.go:105: gate cache node miss
        checked_views_callable_later_ranked_test.go:125: gate cache node miss
        checked_views_callable_later_ranked_test.go:145: backend0 exit 0 stdout "9\n" stderr "" want "updateImportDeclaration" and "found function with arity 0"; sanitized exit 0 stderr ""
    --- FAIL: TestCheckedViewCallableLaterRankedFamilies/program-directory/wrong-arity (0.50s)
        checked_views_callable_later_ranked_test.go:105: gate cache node miss
        checked_views_callable_later_ranked_test.go:125: gate cache node miss
        checked_views_callable_later_ranked_test.go:145: backend0 exit 0 stdout "9\n" stderr "" want "getCurrentDirectory" and "found function with arity 1"; sanitized exit 0 stderr ""
    --- FAIL: TestCheckedViewCallableLaterRankedFamilies/system-directory/wrong-arity (0.44s)
        checked_views_callable_later_ranked_test.go:105: gate cache node miss
        checked_views_callable_later_ranked_test.go:125: gate cache node miss
        checked_views_callable_later_ranked_test.go:145: backend0 exit 0 stdout "9\n" stderr "" want "getCurrentDirectory" and "found function with arity 1"; sanitized exit 0 stderr ""
FAIL
gate cache: native hits=0 misses=0
gate cache: node hits=0 misses=16
gate cache: probe hits=0 misses=0
FAIL	github.com/system-inc/adamic/internal/oracle	4.410s
FAIL
