=== RUN   TestNativeAgreesWithNode
=== PAUSE TestNativeAgreesWithNode
=== CONT  TestNativeAgreesWithNode
=== RUN   TestNativeAgreesWithNode/internal/oracle/testdata/indexing.a
=== PAUSE TestNativeAgreesWithNode/internal/oracle/testdata/indexing.a
=== RUN   TestNativeAgreesWithNode/internal/oracle/testdata/string_index.a
=== PAUSE TestNativeAgreesWithNode/internal/oracle/testdata/string_index.a
=== RUN   TestNativeAgreesWithNode/internal/oracle/testdata/narrowed_reads.a
=== PAUSE TestNativeAgreesWithNode/internal/oracle/testdata/narrowed_reads.a
=== RUN   TestNativeAgreesWithNode/internal/oracle/testdata/narrowed_numbers.a
=== PAUSE TestNativeAgreesWithNode/internal/oracle/testdata/narrowed_numbers.a
=== CONT  TestNativeAgreesWithNode/internal/oracle/testdata/indexing.a
=== CONT  TestNativeAgreesWithNode/internal/oracle/testdata/narrowed_reads.a
=== CONT  TestNativeAgreesWithNode/internal/oracle/testdata/narrowed_numbers.a
=== CONT  TestNativeAgreesWithNode/internal/oracle/testdata/string_index.a
=== NAME  TestNativeAgreesWithNode/internal/oracle/testdata/narrowed_numbers.a
    oracle_test.go:729: gate cache node miss
=== NAME  TestNativeAgreesWithNode/internal/oracle/testdata/string_index.a
    oracle_test.go:729: gate cache node miss
=== NAME  TestNativeAgreesWithNode/internal/oracle/testdata/narrowed_reads.a
    oracle_test.go:729: gate cache node miss
=== NAME  TestNativeAgreesWithNode/internal/oracle/testdata/indexing.a
    oracle_test.go:729: gate cache node miss
=== NAME  TestNativeAgreesWithNode/internal/oracle/testdata/narrowed_numbers.a
    oracle_test.go:729: gate cache node miss
=== NAME  TestNativeAgreesWithNode/internal/oracle/testdata/string_index.a
    oracle_test.go:729: gate cache node miss
=== NAME  TestNativeAgreesWithNode/internal/oracle/testdata/narrowed_reads.a
    oracle_test.go:729: gate cache node miss
=== NAME  TestNativeAgreesWithNode/internal/oracle/testdata/indexing.a
    oracle_test.go:729: gate cache node miss
=== NAME  TestNativeAgreesWithNode/internal/oracle/testdata/narrowed_numbers.a
    oracle_test.go:576: gate cache native miss
=== NAME  TestNativeAgreesWithNode/internal/oracle/testdata/string_index.a
    oracle_test.go:576: gate cache native miss
=== NAME  TestNativeAgreesWithNode/internal/oracle/testdata/narrowed_reads.a
    oracle_test.go:576: gate cache native miss
=== NAME  TestNativeAgreesWithNode/internal/oracle/testdata/indexing.a
    oracle_test.go:576: gate cache native miss
=== NAME  TestNativeAgreesWithNode/internal/oracle/testdata/narrowed_numbers.a
    oracle_test.go:569: gate cache native miss
=== NAME  TestNativeAgreesWithNode/internal/oracle/testdata/narrowed_reads.a
    oracle_test.go:569: gate cache native miss
=== NAME  TestNativeAgreesWithNode/internal/oracle/testdata/string_index.a
    oracle_test.go:569: gate cache native miss
=== NAME  TestNativeAgreesWithNode/internal/oracle/testdata/indexing.a
    oracle_test.go:569: gate cache native miss
=== NAME  TestNativeAgreesWithNode/internal/oracle/testdata/string_index.a
    oracle_test.go:583: gate cache native hit
=== NAME  TestNativeAgreesWithNode/internal/oracle/testdata/indexing.a
    oracle_test.go:583: gate cache native hit
--- PASS: TestNativeAgreesWithNode (0.01s)
    --- PASS: TestNativeAgreesWithNode/internal/oracle/testdata/narrowed_numbers.a (0.43s)
    --- PASS: TestNativeAgreesWithNode/internal/oracle/testdata/narrowed_reads.a (0.44s)
    --- PASS: TestNativeAgreesWithNode/internal/oracle/testdata/string_index.a (0.47s)
    --- PASS: TestNativeAgreesWithNode/internal/oracle/testdata/indexing.a (0.47s)
PASS
gate cache: native hits=2 misses=8
gate cache: node hits=0 misses=8
gate cache: probe hits=0 misses=0
ok  	github.com/system-inc/adamic/internal/oracle	0.488s
