=== RUN   TestNativeAgreesWithNode
=== PAUSE TestNativeAgreesWithNode
=== CONT  TestNativeAgreesWithNode
=== RUN   TestNativeAgreesWithNode/internal/oracle/testdata/typeof_null.a
=== PAUSE TestNativeAgreesWithNode/internal/oracle/testdata/typeof_null.a
=== RUN   TestNativeAgreesWithNode/internal/oracle/testdata/library_globals_typeof.a
=== PAUSE TestNativeAgreesWithNode/internal/oracle/testdata/library_globals_typeof.a
=== RUN   TestNativeAgreesWithNode/internal/oracle/testdata/indexing.a
=== PAUSE TestNativeAgreesWithNode/internal/oracle/testdata/indexing.a
=== RUN   TestNativeAgreesWithNode/internal/oracle/testdata/string_index.a
=== PAUSE TestNativeAgreesWithNode/internal/oracle/testdata/string_index.a
=== RUN   TestNativeAgreesWithNode/internal/oracle/testdata/narrowed_reads.a
=== PAUSE TestNativeAgreesWithNode/internal/oracle/testdata/narrowed_reads.a
=== RUN   TestNativeAgreesWithNode/internal/oracle/testdata/narrowed_numbers.a
=== PAUSE TestNativeAgreesWithNode/internal/oracle/testdata/narrowed_numbers.a
=== RUN   TestNativeAgreesWithNode/internal/oracle/testdata/unions.a
=== PAUSE TestNativeAgreesWithNode/internal/oracle/testdata/unions.a
=== RUN   TestNativeAgreesWithNode/internal/oracle/testdata/regexp.a
=== PAUSE TestNativeAgreesWithNode/internal/oracle/testdata/regexp.a
=== RUN   TestNativeAgreesWithNode/internal/oracle/testdata/regexp_matchall_nonglobal.a
=== PAUSE TestNativeAgreesWithNode/internal/oracle/testdata/regexp_matchall_nonglobal.a
=== RUN   TestNativeAgreesWithNode/internal/oracle/testdata/regexp_replaceall_nonglobal.a
=== PAUSE TestNativeAgreesWithNode/internal/oracle/testdata/regexp_replaceall_nonglobal.a
=== RUN   TestNativeAgreesWithNode/internal/oracle/testdata/regexp_null_narrowed.a
=== PAUSE TestNativeAgreesWithNode/internal/oracle/testdata/regexp_null_narrowed.a
=== RUN   TestNativeAgreesWithNode/internal/oracle/testdata/regexp_replace.a
=== PAUSE TestNativeAgreesWithNode/internal/oracle/testdata/regexp_replace.a
=== RUN   TestNativeAgreesWithNode/internal/oracle/testdata/regexp_split.a
=== PAUSE TestNativeAgreesWithNode/internal/oracle/testdata/regexp_split.a
=== RUN   TestNativeAgreesWithNode/internal/oracle/testdata/regexp_exec.a
=== PAUSE TestNativeAgreesWithNode/internal/oracle/testdata/regexp_exec.a
=== RUN   TestNativeAgreesWithNode/internal/oracle/testdata/regexp_match.a
=== PAUSE TestNativeAgreesWithNode/internal/oracle/testdata/regexp_match.a
=== RUN   TestNativeAgreesWithNode/internal/oracle/testdata/regexp_search.a
=== PAUSE TestNativeAgreesWithNode/internal/oracle/testdata/regexp_search.a
=== RUN   TestNativeAgreesWithNode/internal/oracle/testdata/regexp_unicode.a
=== PAUSE TestNativeAgreesWithNode/internal/oracle/testdata/regexp_unicode.a
=== RUN   TestNativeAgreesWithNode/internal/oracle/testdata/regexp_split_pair_pattern.a
=== PAUSE TestNativeAgreesWithNode/internal/oracle/testdata/regexp_split_pair_pattern.a
=== RUN   TestNativeAgreesWithNode/internal/oracle/testdata/generic_instance_key_typeof.a
=== PAUSE TestNativeAgreesWithNode/internal/oracle/testdata/generic_instance_key_typeof.a
=== RUN   TestNativeAgreesWithNode/internal/oracle/testdata/047cb0d_n_typeof.a
=== PAUSE TestNativeAgreesWithNode/internal/oracle/testdata/047cb0d_n_typeof.a
=== RUN   TestNativeAgreesWithNode/internal/oracle/testdata/regexp_cycle_fields.a
=== PAUSE TestNativeAgreesWithNode/internal/oracle/testdata/regexp_cycle_fields.a
=== RUN   TestNativeAgreesWithNode/internal/oracle/testdata/regexp_cycle_collections.a
=== PAUSE TestNativeAgreesWithNode/internal/oracle/testdata/regexp_cycle_collections.a
=== RUN   TestNativeAgreesWithNode/internal/oracle/testdata/regexp_cycle_closures.a
=== PAUSE TestNativeAgreesWithNode/internal/oracle/testdata/regexp_cycle_closures.a
=== RUN   TestNativeAgreesWithNode/internal/oracle/testdata/regexp_cycle_weak.a
=== PAUSE TestNativeAgreesWithNode/internal/oracle/testdata/regexp_cycle_weak.a
=== RUN   TestNativeAgreesWithNode/internal/oracle/testdata/typeof_dispatch.a
=== PAUSE TestNativeAgreesWithNode/internal/oracle/testdata/typeof_dispatch.a
=== RUN   TestNativeAgreesWithNode/internal/oracle/testdata/typeof_string_literal.a
=== PAUSE TestNativeAgreesWithNode/internal/oracle/testdata/typeof_string_literal.a
=== RUN   TestNativeAgreesWithNode/internal/oracle/testdata/typeof_null_compare.a
=== PAUSE TestNativeAgreesWithNode/internal/oracle/testdata/typeof_null_compare.a
=== RUN   TestNativeAgreesWithNode/internal/oracle/testdata/typeof_null_switch.a
=== PAUSE TestNativeAgreesWithNode/internal/oracle/testdata/typeof_null_switch.a
=== RUN   TestNativeAgreesWithNode/internal/oracle/testdata/typeof_null_slots.a
=== PAUSE TestNativeAgreesWithNode/internal/oracle/testdata/typeof_null_slots.a
=== RUN   TestNativeAgreesWithNode/internal/oracle/testdata/typeof_null_roll.a
=== PAUSE TestNativeAgreesWithNode/internal/oracle/testdata/typeof_null_roll.a
=== CONT  TestNativeAgreesWithNode/internal/oracle/testdata/typeof_null.a
=== CONT  TestNativeAgreesWithNode/internal/oracle/testdata/regexp_search.a
=== CONT  TestNativeAgreesWithNode/internal/oracle/testdata/regexp_matchall_nonglobal.a
=== CONT  TestNativeAgreesWithNode/internal/oracle/testdata/narrowed_reads.a
=== CONT  TestNativeAgreesWithNode/internal/oracle/testdata/regexp_match.a
=== CONT  TestNativeAgreesWithNode/internal/oracle/testdata/string_index.a
=== CONT  TestNativeAgreesWithNode/internal/oracle/testdata/indexing.a
=== CONT  TestNativeAgreesWithNode/internal/oracle/testdata/library_globals_typeof.a
=== CONT  TestNativeAgreesWithNode/internal/oracle/testdata/regexp.a
=== CONT  TestNativeAgreesWithNode/internal/oracle/testdata/unions.a
=== CONT  TestNativeAgreesWithNode/internal/oracle/testdata/narrowed_numbers.a
=== CONT  TestNativeAgreesWithNode/internal/oracle/testdata/regexp_replace.a
=== CONT  TestNativeAgreesWithNode/internal/oracle/testdata/regexp_exec.a
=== CONT  TestNativeAgreesWithNode/internal/oracle/testdata/regexp_split.a
=== CONT  TestNativeAgreesWithNode/internal/oracle/testdata/regexp_cycle_closures.a
=== CONT  TestNativeAgreesWithNode/internal/oracle/testdata/typeof_null_roll.a
=== CONT  TestNativeAgreesWithNode/internal/oracle/testdata/typeof_null_slots.a
=== CONT  TestNativeAgreesWithNode/internal/oracle/testdata/typeof_null_switch.a
=== CONT  TestNativeAgreesWithNode/internal/oracle/testdata/typeof_null_compare.a
=== CONT  TestNativeAgreesWithNode/internal/oracle/testdata/typeof_string_literal.a
=== CONT  TestNativeAgreesWithNode/internal/oracle/testdata/typeof_dispatch.a
=== CONT  TestNativeAgreesWithNode/internal/oracle/testdata/regexp_cycle_weak.a
=== CONT  TestNativeAgreesWithNode/internal/oracle/testdata/regexp_replaceall_nonglobal.a
=== CONT  TestNativeAgreesWithNode/internal/oracle/testdata/regexp_null_narrowed.a
=== CONT  TestNativeAgreesWithNode/internal/oracle/testdata/generic_instance_key_typeof.a
=== CONT  TestNativeAgreesWithNode/internal/oracle/testdata/regexp_cycle_collections.a
=== CONT  TestNativeAgreesWithNode/internal/oracle/testdata/regexp_cycle_fields.a
=== CONT  TestNativeAgreesWithNode/internal/oracle/testdata/047cb0d_n_typeof.a
=== CONT  TestNativeAgreesWithNode/internal/oracle/testdata/regexp_unicode.a
=== CONT  TestNativeAgreesWithNode/internal/oracle/testdata/regexp_split_pair_pattern.a
--- PASS: TestNativeAgreesWithNode (0.02s)
    --- PASS: TestNativeAgreesWithNode/internal/oracle/testdata/typeof_null.a (4.48s)
    --- PASS: TestNativeAgreesWithNode/internal/oracle/testdata/narrowed_reads.a (4.50s)
    --- PASS: TestNativeAgreesWithNode/internal/oracle/testdata/regexp_matchall_nonglobal.a (4.55s)
    --- PASS: TestNativeAgreesWithNode/internal/oracle/testdata/regexp_match.a (4.61s)
    --- PASS: TestNativeAgreesWithNode/internal/oracle/testdata/regexp_search.a (4.82s)
    --- PASS: TestNativeAgreesWithNode/internal/oracle/testdata/indexing.a (0.95s)
    --- PASS: TestNativeAgreesWithNode/internal/oracle/testdata/string_index.a (1.07s)
    --- PASS: TestNativeAgreesWithNode/internal/oracle/testdata/library_globals_typeof.a (1.16s)
    --- PASS: TestNativeAgreesWithNode/internal/oracle/testdata/narrowed_numbers.a (0.95s)
    --- PASS: TestNativeAgreesWithNode/internal/oracle/testdata/unions.a (1.73s)
    --- PASS: TestNativeAgreesWithNode/internal/oracle/testdata/regexp_exec.a (1.07s)
    --- PASS: TestNativeAgreesWithNode/internal/oracle/testdata/regexp_replace.a (1.33s)
    --- PASS: TestNativeAgreesWithNode/internal/oracle/testdata/typeof_null_roll.a (1.01s)
    --- PASS: TestNativeAgreesWithNode/internal/oracle/testdata/regexp_cycle_closures.a (1.36s)
    --- PASS: TestNativeAgreesWithNode/internal/oracle/testdata/regexp_split.a (1.51s)
    --- PASS: TestNativeAgreesWithNode/internal/oracle/testdata/typeof_null_slots.a (1.11s)
    --- PASS: TestNativeAgreesWithNode/internal/oracle/testdata/regexp.a (3.64s)
    --- PASS: TestNativeAgreesWithNode/internal/oracle/testdata/typeof_null_switch.a (1.11s)
    --- PASS: TestNativeAgreesWithNode/internal/oracle/testdata/typeof_string_literal.a (1.15s)
    --- PASS: TestNativeAgreesWithNode/internal/oracle/testdata/typeof_null_compare.a (1.37s)
    --- PASS: TestNativeAgreesWithNode/internal/oracle/testdata/typeof_dispatch.a (1.31s)
    --- PASS: TestNativeAgreesWithNode/internal/oracle/testdata/regexp_cycle_weak.a (1.25s)
    --- PASS: TestNativeAgreesWithNode/internal/oracle/testdata/regexp_replaceall_nonglobal.a (1.28s)
    --- PASS: TestNativeAgreesWithNode/internal/oracle/testdata/regexp_null_narrowed.a (1.20s)
    --- PASS: TestNativeAgreesWithNode/internal/oracle/testdata/generic_instance_key_typeof.a (1.47s)
    --- PASS: TestNativeAgreesWithNode/internal/oracle/testdata/regexp_cycle_collections.a (1.90s)
    --- PASS: TestNativeAgreesWithNode/internal/oracle/testdata/regexp_cycle_fields.a (2.07s)
    --- PASS: TestNativeAgreesWithNode/internal/oracle/testdata/047cb0d_n_typeof.a (1.40s)
    --- PASS: TestNativeAgreesWithNode/internal/oracle/testdata/regexp_split_pair_pattern.a (1.29s)
    --- PASS: TestNativeAgreesWithNode/internal/oracle/testdata/regexp_unicode.a (1.80s)
PASS
gate cache: native hits=0 misses=85
gate cache: node hits=0 misses=60
gate cache: probe hits=0 misses=0
ok  	github.com/system-inc/adamic/internal/oracle	12.089s
