--- FAIL: TestNativeAgreesWithNode (0.03s)
    --- FAIL: TestNativeAgreesWithNode/internal/oracle/testdata/borrow_defined_lent.a (0.45s)
        oracle_test.go:758: the release build: exit codes differ
            sanitized: exit 1, stdout "", stderr "=================================================================\n==86391==ERROR: AddressSanitizer: heap-use-after-free on address 0x7b6aca5e0048 at pc 0x5559ca1d8cba bp 0x7ffeb42002b0 sp 0x7ffeb42002a8\nREAD of size 8 at 0x7b6aca5e0048 thread T0\n    #0 0x5559ca1d8cb9 in adamic_function_1_show /tmp/loom-units/loom-unit-2774619467/workspace/loom-out/phase/catalog-units/00-x1cgwf8q/adamic-build-789193312/main.c:42:90\n    #1 0x5559ca1d8cb9 in main /tmp/loom-units/loom-unit-2774619467/workspace/loom-out/phase/catalog-units/00-x1cgwf8q/adamic-build-789193312/main.c:72:42\n    #2 0x7f0acb2b6ca7  (/lib/x86_64-linux-gnu/libc.so.6+0x29ca7) (BuildId: c495b62edadd6c356265942ec1282d98058a7b41)\n    #3 0x7f0acb2b6d64 in __libc_start_main (/lib/x86_64-linux-gnu/libc.so.6+0x29d64) (BuildId: c495b62edadd6c356265942ec1282d98058a7b41)\n    #4 0x5559ca0f2460 in _start (/tmp/loom-units/loom-unit-2774619467/workspace/loom-out/phase/catalog-units/00-x1cgwf8q/TestNativeAgreesWithNodeinternaloracletestdataborrow_defined2267273409/002/program+0x59460)\n\n0x7b6aca5e0048 is located 40 bytes inside of 58-byte region [0x7b6aca5e0020,0x7b6aca5e005a)\nfreed by thread T0 here:\n    #0 0x5559ca194fd6 in free /home/runner/work/llvm-project/llvm-project/compiler-rt/lib/asan/asan_malloc_linux.cpp:51:3\n    #1 0x5559ca1eba2f in deallocate /home/agent/.cache/adamic/runtime/.build-1080538234/heap.c:212:3\n    #2 0x5559ca1eba2f in free_one /home/agent/.cache/adamic/runtime/.build-1080538234/heap.c:351:2\n    #3 0x5559ca1eba2f in release_last /home/agent/.cache/adamic/runtime/.build-1080538234/heap.c:364:3\n    #4 0x7f0acb2b6ca7  (/lib/x86_64-linux-gnu/libc.so.6+0x29ca7) (BuildId: c495b62edadd6c356265942ec1282d98058a7b41)\n\npreviously allocated by thread T0 here:\n    #0 0x5559ca195274 in malloc /home/runner/work/llvm-project/llvm-project/compiler-rt/lib/asan/asan_malloc_linux.cpp:67:3\n    #1 0x5559ca1eb1df in adamic_allocate /home/agent/.cache/adamic/runtime/.build-1080538234/heap.c:196:10\n    #2 0x7f0acb2b6ca7  (/lib/x86_64-linux-gnu/libc.so.6+0x29ca7) (BuildId: c495b62edadd6c356265942ec1282d98058a7b41)\n\nSUMMARY: AddressSanitizer: heap-use-after-free /tmp/loom-units/loom-unit-2774619467/workspace/loom-out/phase/catalog-units/00-x1cgwf8q/adamic-build-789193312/main.c:42:90 in adamic_function_1_show\nShadow bytes around the buggy address:\n  0x7b6aca5dfd80: 00 00 00 00 00 00 00 00 00 00 00 00 00 00 00 00\n  0x7b6aca5dfe00: 00 00 00 00 00 00 00 00 00 00 00 00 00 00 00 00\n  0x7b6aca5dfe80: 00 00 00 00 00 00 00 00 00 00 00 00 00 00 00 00\n  0x7b6aca5dff00: 00 00 00 00 00 00 00 00 00 00 00 00 00 00 00 00\n  0x7b6aca5dff80: 00 00 00 00 00 00 00 00 00 00 00 00 00 00 00 00\n=>0x7b6aca5e0000: fa fa fa fa fd fd fd fd fd[fd]fd fd fa fa fa fa\n  0x7b6aca5e0080: 00 00 00 00 00 00 00 02 fa fa fa fa fa fa fa fa\n  0x7b6aca5e0100: fa fa fa fa fa fa fa fa fa fa fa fa fa fa fa fa\n  0x7b6aca5e0180: fa fa fa fa fa fa fa fa fa fa fa fa fa fa fa fa\n  0x7b6aca5e0200: fa fa fa fa fa fa fa fa fa fa fa fa fa fa fa fa\n  0x7b6aca5e0280: fa fa fa fa fa fa fa fa fa fa fa fa fa fa fa fa\nShadow byte legend (one shadow byte represents 8 application bytes):\n  Addressable:           00\n  Partially addressable: 01 02 03 04 05 06 07 \n  Heap left redzone:       fa\n  Freed heap region:       fd\n  Stack left redzone:      f1\n  Stack mid redzone:       f2\n  Stack right redzone:     f3\n  Stack after return:      f5\n  Stack use after scope:   f8\n  Global redzone:          f9\n  Global init order:       f6\n  Poisoned by user:        f7\n  Container overflow:      fc\n  Array cookie:            ac\n  Intra object redzone:    bb\n  ASan internal:           fe\n  Left alloca redzone:     ca\n  Right alloca redzone:    cb\n==86391==ABORTING\n"
            release:   exit 0, stdout "a1\x000\n", stderr ""
        oracle_test.go:774: exit codes differ
            node:   exit 0, stdout "a10\n", stderr ""
            native: exit 1, stdout "", stderr "=================================================================\n==86391==ERROR: AddressSanitizer: heap-use-after-free on address 0x7b6aca5e0048 at pc 0x5559ca1d8cba bp 0x7ffeb42002b0 sp 0x7ffeb42002a8\nREAD of size 8 at 0x7b6aca5e0048 thread T0\n    #0 0x5559ca1d8cb9 in adamic_function_1_show /tmp/loom-units/loom-unit-2774619467/workspace/loom-out/phase/catalog-units/00-x1cgwf8q/adamic-build-789193312/main.c:42:90\n    #1 0x5559ca1d8cb9 in main /tmp/loom-units/loom-unit-2774619467/workspace/loom-out/phase/catalog-units/00-x1cgwf8q/adamic-build-789193312/main.c:72:42\n    #2 0x7f0acb2b6ca7  (/lib/x86_64-linux-gnu/libc.so.6+0x29ca7) (BuildId: c495b62edadd6c356265942ec1282d98058a7b41)\n    #3 0x7f0acb2b6d64 in __libc_start_main (/lib/x86_64-linux-gnu/libc.so.6+0x29d64) (BuildId: c495b62edadd6c356265942ec1282d98058a7b41)\n    #4 0x5559ca0f2460 in _start (/tmp/loom-units/loom-unit-2774619467/workspace/loom-out/phase/catalog-units/00-x1cgwf8q/TestNativeAgreesWithNodeinternaloracletestdataborrow_defined2267273409/002/program+0x59460)\n\n0x7b6aca5e0048 is located 40 bytes inside of 58-byte region [0x7b6aca5e0020,0x7b6aca5e005a)\nfreed by thread T0 here:\n    #0 0x5559ca194fd6 in free /home/runner/work/llvm-project/llvm-project/compiler-rt/lib/asan/asan_malloc_linux.cpp:51:3\n    #1 0x5559ca1eba2f in deallocate /home/agent/.cache/adamic/runtime/.build-1080538234/heap.c:212:3\n    #2 0x5559ca1eba2f in free_one /home/agent/.cache/adamic/runtime/.build-1080538234/heap.c:351:2\n    #3 0x5559ca1eba2f in release_last /home/agent/.cache/adamic/runtime/.build-1080538234/heap.c:364:3\n    #4 0x7f0acb2b6ca7  (/lib/x86_64-linux-gnu/libc.so.6+0x29ca7) (BuildId: c495b62edadd6c356265942ec1282d98058a7b41)\n\npreviously allocated by thread T0 here:\n    #0 0x5559ca195274 in malloc /home/runner/work/llvm-project/llvm-project/compiler-rt/lib/asan/asan_malloc_linux.cpp:67:3\n    #1 0x5559ca1eb1df in adamic_allocate /home/agent/.cache/adamic/runtime/.build-1080538234/heap.c:196:10\n    #2 0x7f0acb2b6ca7  (/lib/x86_64-linux-gnu/libc.so.6+0x29ca7) (BuildId: c495b62edadd6c356265942ec1282d98058a7b41)\n\nSUMMARY: AddressSanitizer: heap-use-after-free /tmp/loom-units/loom-unit-2774619467/workspace/loom-out/phase/catalog-units/00-x1cgwf8q/adamic-build-789193312/main.c:42:90 in adamic_function_1_show\nShadow bytes around the buggy address:\n  0x7b6aca5dfd80: 00 00 00 00 00 00 00 00 00 00 00 00 00 00 00 00\n  0x7b6aca5dfe00: 00 00 00 00 00 00 00 00 00 00 00 00 00 00 00 00\n  0x7b6aca5dfe80: 00 00 00 00 00 00 00 00 00 00 00 00 00 00 00 00\n  0x7b6aca5dff00: 00 00 00 00 00 00 00 00 00 00 00 00 00 00 00 00\n  0x7b6aca5dff80: 00 00 00 00 00 00 00 00 00 00 00 00 00 00 00 00\n=>0x7b6aca5e0000: fa fa fa fa fd fd fd fd fd[fd]fd fd fa fa fa fa\n  0x7b6aca5e0080: 00 00 00 00 00 00 00 02 fa fa fa fa fa fa fa fa\n  0x7b6aca5e0100: fa fa fa fa fa fa fa fa fa fa fa fa fa fa fa fa\n  0x7b6aca5e0180: fa fa fa fa fa fa fa fa fa fa fa fa fa fa fa fa\n  0x7b6aca5e0200: fa fa fa fa fa fa fa fa fa fa fa fa fa fa fa fa\n  0x7b6aca5e0280: fa fa fa fa fa fa fa fa fa fa fa fa fa fa fa fa\nShadow byte legend (one shadow byte represents 8 application bytes):\n  Addressable:           00\n  Partially addressable: 01 02 03 04 05 06 07 \n  Heap left redzone:       fa\n  Freed heap region:       fd\n  Stack left redzone:      f1\n  Stack mid redzone:       f2\n  Stack right redzone:     f3\n  Stack after return:      f5\n  Stack use after scope:   f8\n  Global redzone:          f9\n  Global init order:       f6\n  Poisoned by user:        f7\n  Container overflow:      fc\n  Array cookie:            ac\n  Intra object redzone:    bb\n  ASan internal:           fe\n  Left alloca redzone:     ca\n  Right alloca redzone:    cb\n==86391==ABORTING\n"
        oracle_test.go:787: leaks:
            exit 1
            =================================================================
            ==86398==ERROR: AddressSanitizer: heap-use-after-free on address 0x7bc856be0048 at pc 0x55c38d49dcba bp 0x7ffe3866caf0 sp 0x7ffe3866cae8
            READ of size 8 at 0x7bc856be0048 thread T0
                #0 0x55c38d49dcb9 in adamic_function_1_show /tmp/loom-units/loom-unit-2774619467/workspace/loom-out/phase/catalog-units/00-x1cgwf8q/adamic-build-789193312/main.c:42:90
                #1 0x55c38d49dcb9 in main /tmp/loom-units/loom-unit-2774619467/workspace/loom-out/phase/catalog-units/00-x1cgwf8q/adamic-build-789193312/main.c:72:42
                #2 0x7f685794dca7  (/lib/x86_64-linux-gnu/libc.so.6+0x29ca7) (BuildId: c495b62edadd6c356265942ec1282d98058a7b41)
                #3 0x7f685794dd64 in __libc_start_main (/lib/x86_64-linux-gnu/libc.so.6+0x29d64) (BuildId: c495b62edadd6c356265942ec1282d98058a7b41)
                #4 0x55c38d3b7460 in _start (/tmp/loom-units/loom-unit-2774619467/workspace/loom-out/phase/catalog-units/00-x1cgwf8q/TestNativeAgreesWithNodeinternaloracletestdataborrow_defined2267273409/002/program+0x59460)
            
            0x7bc856be0048 is located 40 bytes inside of 58-byte region [0x7bc856be0020,0x7bc856be005a)
            freed by thread T0 here:
                #0 0x55c38d459fd6 in free /home/runner/work/llvm-project/llvm-project/compiler-rt/lib/asan/asan_malloc_linux.cpp:51:3
                #1 0x55c38d4b0a2f in deallocate /home/agent/.cache/adamic/runtime/.build-1080538234/heap.c:212:3
                #2 0x55c38d4b0a2f in free_one /home/agent/.cache/adamic/runtime/.build-1080538234/heap.c:351:2
                #3 0x55c38d4b0a2f in release_last /home/agent/.cache/adamic/runtime/.build-1080538234/heap.c:364:3
                #4 0x7f685794dca7  (/lib/x86_64-linux-gnu/libc.so.6+0x29ca7) (BuildId: c495b62edadd6c356265942ec1282d98058a7b41)
            
            previously allocated by thread T0 here:
                #0 0x55c38d45a274 in malloc /home/runner/work/llvm-project/llvm-project/compiler-rt/lib/asan/asan_malloc_linux.cpp:67:3
                #1 0x55c38d4b01df in adamic_allocate /home/agent/.cache/adamic/runtime/.build-1080538234/heap.c:196:10
                #2 0x7f685794dca7  (/lib/x86_64-linux-gnu/libc.so.6+0x29ca7) (BuildId: c495b62edadd6c356265942ec1282d98058a7b41)
            
            SUMMARY: AddressSanitizer: heap-use-after-free /tmp/loom-units/loom-unit-2774619467/workspace/loom-out/phase/catalog-units/00-x1cgwf8q/adamic-build-789193312/main.c:42:90 in adamic_function_1_show
            Shadow bytes around the buggy address:
              0x7bc856bdfd80: 00 00 00 00 00 00 00 00 00 00 00 00 00 00 00 00
              0x7bc856bdfe00: 00 00 00 00 00 00 00 00 00 00 00 00 00 00 00 00
              0x7bc856bdfe80: 00 00 00 00 00 00 00 00 00 00 00 00 00 00 00 00
              0x7bc856bdff00: 00 00 00 00 00 00 00 00 00 00 00 00 00 00 00 00
              0x7bc856bdff80: 00 00 00 00 00 00 00 00 00 00 00 00 00 00 00 00
            =>0x7bc856be0000: fa fa fa fa fd fd fd fd fd[fd]fd fd fa fa fa fa
              0x7bc856be0080: 00 00 00 00 00 00 00 02 fa fa fa fa fa fa fa fa
              0x7bc856be0100: fa fa fa fa fa fa fa fa fa fa fa fa fa fa fa fa
              0x7bc856be0180: fa fa fa fa fa fa fa fa fa fa fa fa fa fa fa fa
              0x7bc856be0200: fa fa fa fa fa fa fa fa fa fa fa fa fa fa fa fa
              0x7bc856be0280: fa fa fa fa fa fa fa fa fa fa fa fa fa fa fa fa
            Shadow byte legend (one shadow byte represents 8 application bytes):
              Addressable:           00
              Partially addressable: 01 02 03 04 05 06 07 
              Heap left redzone:       fa
              Freed heap region:       fd
              Stack left redzone:      f1
              Stack mid redzone:       f2
              Stack right redzone:     f3
              Stack after return:      f5
              Stack use after scope:   f8
              Global redzone:          f9
              Global init order:       f6
              Poisoned by user:        f7
              Container overflow:      fc
              Array cookie:            ac
              Intra object redzone:    bb
              ASan internal:           fe
              Left alloca redzone:     ca
              Right alloca redzone:    cb
            ==86398==ABORTING
FAIL
gate cache: native hits=0 misses=3
gate cache: node hits=0 misses=2
gate cache: probe hits=0 misses=0
FAIL	github.com/system-inc/adamic/internal/oracle	0.487s
FAIL
