=== RUN   TestCheckedViewUntaggedCandidatePairs
=== RUN   TestCheckedViewUntaggedCandidatePairs/20/good
    checked_views_untagged_unions_test.go:322: gate cache node miss
    checked_views_untagged_unions_test.go:330: Node: exit=0 stdout="true\ntrue\n" stderr=""
    checked_views_untagged_unions_test.go:332: gate cache node miss
    checked_views_untagged_unions_test.go:333: native: exit=0 stdout="true\ntrue\n" stderr=""
    checked_views_untagged_unions_test.go:333: javascript: exit=0 stdout="true\ntrue\n" stderr=""
=== RUN   TestCheckedViewUntaggedCandidatePairs/20/wrong
    checked_views_untagged_unions_test.go:322: gate cache node miss
    checked_views_untagged_unions_test.go:330: Node: exit=0 stdout="true\n" stderr=""
    checked_views_untagged_unions_test.go:332: gate cache node miss
    checked_views_untagged_unions_test.go:333: native: exit=70 stdout="" stderr="adamic: panic: field read failed: view0.elements is not a ArrayTarget; expected ArrayTarget, found boolean\n"
    checked_views_untagged_unions_test.go:333: javascript: exit=70 stdout="" stderr="adamic: panic: field read failed: view0.elements is not a ArrayTarget; expected ArrayTarget, found boolean\n"
=== RUN   TestCheckedViewUntaggedCandidatePairs/20/nested
    checked_views_untagged_unions_test.go:322: gate cache node miss
    checked_views_untagged_unions_test.go:330: Node: exit=0 stdout="true\n" stderr=""
    checked_views_untagged_unions_test.go:332: gate cache node miss
    checked_views_untagged_unions_test.go:333: native: exit=70 stdout="" stderr="adamic: panic: field read failed: item0.payload.label is not a string; expected string, found boolean\n"
    checked_views_untagged_unions_test.go:333: javascript: exit=70 stdout="" stderr="adamic: panic: field read failed: item0.payload.label is not a string; expected string, found boolean\n"
=== RUN   TestCheckedViewUntaggedCandidatePairs/20/empty
    checked_views_untagged_unions_test.go:322: gate cache node miss
    checked_views_untagged_unions_test.go:330: Node: exit=0 stdout="true\n" stderr=""
    checked_views_untagged_unions_test.go:332: gate cache node miss
    checked_views_untagged_unions_test.go:333: native: exit=0 stdout="true\n" stderr=""
    checked_views_untagged_unions_test.go:333: javascript: exit=0 stdout="true\n" stderr=""
=== RUN   TestCheckedViewUntaggedCandidatePairs/105/good
    checked_views_untagged_unions_test.go:322: gate cache node miss
    checked_views_untagged_unions_test.go:330: Node: exit=0 stdout="true\ntrue\n" stderr=""
    checked_views_untagged_unions_test.go:332: gate cache node miss
    checked_views_untagged_unions_test.go:333: native: exit=0 stdout="true\ntrue\n" stderr=""
    checked_views_untagged_unions_test.go:333: javascript: exit=0 stdout="true\ntrue\n" stderr=""
=== RUN   TestCheckedViewUntaggedCandidatePairs/105/wrong
    checked_views_untagged_unions_test.go:322: gate cache node miss
    checked_views_untagged_unions_test.go:330: Node: exit=0 stdout="true\n" stderr=""
    checked_views_untagged_unions_test.go:332: gate cache node miss
    checked_views_untagged_unions_test.go:333: native: exit=70 stdout="" stderr="adamic: panic: field read failed: view0.parameters is not a ArrayTarget; expected ArrayTarget, found boolean\n"
    checked_views_untagged_unions_test.go:333: javascript: exit=70 stdout="" stderr="adamic: panic: field read failed: view0.parameters is not a ArrayTarget; expected ArrayTarget, found boolean\n"
=== RUN   TestCheckedViewUntaggedCandidatePairs/105/nested
    checked_views_untagged_unions_test.go:322: gate cache node miss
    checked_views_untagged_unions_test.go:330: Node: exit=0 stdout="true\n" stderr=""
    checked_views_untagged_unions_test.go:332: gate cache node miss
    checked_views_untagged_unions_test.go:333: javascript: exit=70 stdout="" stderr="adamic: panic: field read failed: item0.payload.label is not a string; expected string, found boolean\n"
    checked_views_untagged_unions_test.go:333: native: exit=70 stdout="" stderr="adamic: panic: field read failed: item0.payload.label is not a string; expected string, found boolean\n"
=== RUN   TestCheckedViewUntaggedCandidatePairs/105/empty
    checked_views_untagged_unions_test.go:322: gate cache node miss
    checked_views_untagged_unions_test.go:330: Node: exit=0 stdout="true\n" stderr=""
    checked_views_untagged_unions_test.go:332: gate cache node miss
    checked_views_untagged_unions_test.go:333: javascript: exit=0 stdout="true\n" stderr=""
    checked_views_untagged_unions_test.go:333: native: exit=0 stdout="true\n" stderr=""
=== RUN   TestCheckedViewUntaggedCandidatePairs/175/good
    checked_views_untagged_unions_test.go:322: gate cache node miss
    checked_views_untagged_unions_test.go:330: Node: exit=0 stdout="true\ntrue\n" stderr=""
    checked_views_untagged_unions_test.go:332: gate cache node miss
    checked_views_untagged_unions_test.go:333: native: exit=0 stdout="true\ntrue\n" stderr=""
    checked_views_untagged_unions_test.go:333: javascript: exit=0 stdout="true\ntrue\n" stderr=""
=== RUN   TestCheckedViewUntaggedCandidatePairs/175/wrong
    checked_views_untagged_unions_test.go:322: gate cache node miss
    checked_views_untagged_unions_test.go:330: Node: exit=0 stdout="true\n" stderr=""
    checked_views_untagged_unions_test.go:332: gate cache node miss
    checked_views_untagged_unions_test.go:333: native: exit=70 stdout="" stderr="adamic: panic: field read failed: view0.members is not a ArrayTarget; expected ArrayTarget, found boolean\n"
    checked_views_untagged_unions_test.go:333: javascript: exit=70 stdout="" stderr="adamic: panic: field read failed: view0.members is not a ArrayTarget; expected ArrayTarget, found boolean\n"
=== RUN   TestCheckedViewUntaggedCandidatePairs/175/nested
    checked_views_untagged_unions_test.go:322: gate cache node miss
    checked_views_untagged_unions_test.go:330: Node: exit=0 stdout="true\n" stderr=""
    checked_views_untagged_unions_test.go:332: gate cache node miss
    checked_views_untagged_unions_test.go:333: native: exit=70 stdout="" stderr="adamic: panic: field read failed: item0.payload.label is not a string; expected string, found boolean\n"
    checked_views_untagged_unions_test.go:333: javascript: exit=70 stdout="" stderr="adamic: panic: field read failed: item0.payload.label is not a string; expected string, found boolean\n"
=== RUN   TestCheckedViewUntaggedCandidatePairs/175/empty
    checked_views_untagged_unions_test.go:322: gate cache node miss
    checked_views_untagged_unions_test.go:330: Node: exit=0 stdout="true\n" stderr=""
    checked_views_untagged_unions_test.go:332: gate cache node miss
    checked_views_untagged_unions_test.go:333: native: exit=0 stdout="true\n" stderr=""
    checked_views_untagged_unions_test.go:333: javascript: exit=0 stdout="true\n" stderr=""
=== RUN   TestCheckedViewUntaggedCandidatePairs/199/good
    checked_views_untagged_unions_test.go:322: gate cache node miss
    checked_views_untagged_unions_test.go:330: Node: exit=0 stdout="true\ntrue\n" stderr=""
    checked_views_untagged_unions_test.go:332: gate cache node miss
    checked_views_untagged_unions_test.go:333: native: exit=0 stdout="true\ntrue\n" stderr=""
    checked_views_untagged_unions_test.go:333: javascript: exit=0 stdout="true\ntrue\n" stderr=""
=== RUN   TestCheckedViewUntaggedCandidatePairs/199/wrong
    checked_views_untagged_unions_test.go:322: gate cache node miss
    checked_views_untagged_unions_test.go:330: Node: exit=0 stdout="true\n" stderr=""
    checked_views_untagged_unions_test.go:332: gate cache node miss
    checked_views_untagged_unions_test.go:333: native: exit=70 stdout="" stderr="adamic: panic: field read failed: view0.parameters is not a ArrayTarget; expected ArrayTarget, found boolean\n"
    checked_views_untagged_unions_test.go:333: javascript: exit=70 stdout="" stderr="adamic: panic: field read failed: view0.parameters is not a ArrayTarget; expected ArrayTarget, found boolean\n"
=== RUN   TestCheckedViewUntaggedCandidatePairs/199/nested
    checked_views_untagged_unions_test.go:322: gate cache node miss
    checked_views_untagged_unions_test.go:330: Node: exit=0 stdout="true\n" stderr=""
    checked_views_untagged_unions_test.go:332: gate cache node miss
    checked_views_untagged_unions_test.go:333: native: exit=70 stdout="" stderr="adamic: panic: field read failed: item0.payload.label is not a string; expected string, found boolean\n"
    checked_views_untagged_unions_test.go:333: javascript: exit=70 stdout="" stderr="adamic: panic: field read failed: item0.payload.label is not a string; expected string, found boolean\n"
=== RUN   TestCheckedViewUntaggedCandidatePairs/199/empty
    checked_views_untagged_unions_test.go:322: gate cache node miss
    checked_views_untagged_unions_test.go:330: Node: exit=0 stdout="true\n" stderr=""
    checked_views_untagged_unions_test.go:332: gate cache node miss
    checked_views_untagged_unions_test.go:333: javascript: exit=0 stdout="true\n" stderr=""
    checked_views_untagged_unions_test.go:333: native: exit=0 stdout="true\n" stderr=""
=== RUN   TestCheckedViewUntaggedCandidatePairs/204/good
    checked_views_untagged_unions_test.go:322: gate cache node miss
    checked_views_untagged_unions_test.go:330: Node: exit=0 stdout="true\ntrue\ntrue\ntrue\ntrue\ntrue\n" stderr=""
    checked_views_untagged_unions_test.go:332: gate cache node miss
    checked_views_untagged_unions_test.go:333: native: exit=0 stdout="true\ntrue\ntrue\ntrue\ntrue\ntrue\n" stderr=""
    checked_views_untagged_unions_test.go:333: javascript: exit=0 stdout="true\ntrue\ntrue\ntrue\ntrue\ntrue\n" stderr=""
=== RUN   TestCheckedViewUntaggedCandidatePairs/204/wrong
    checked_views_untagged_unions_test.go:322: gate cache node miss
    checked_views_untagged_unions_test.go:330: Node: exit=0 stdout="true\n" stderr=""
    checked_views_untagged_unions_test.go:332: gate cache node miss
    checked_views_untagged_unions_test.go:333: javascript: exit=70 stdout="" stderr="adamic: panic: field read failed: view0.parent matches no member of CandidateTarget; expected CandidateTarget, found object\n"
    checked_views_untagged_unions_test.go:333: native: exit=70 stdout="" stderr="adamic: panic: field read failed: view0.parent matches no member of CandidateTarget; expected CandidateTarget, found object\n"
=== RUN   TestCheckedViewUntaggedCandidatePairs/204/nested
    checked_views_untagged_unions_test.go:322: gate cache node miss
    checked_views_untagged_unions_test.go:330: Node: exit=0 stdout="true\n" stderr=""
    checked_views_untagged_unions_test.go:332: gate cache node miss
    checked_views_untagged_unions_test.go:333: native: exit=70 stdout="" stderr="adamic: panic: field read failed: value0.payload.label is not a string; expected string, found boolean\n"
    checked_views_untagged_unions_test.go:333: javascript: exit=70 stdout="" stderr="adamic: panic: field read failed: value0.payload.label is not a string; expected string, found boolean\n"
=== RUN   TestCheckedViewUntaggedCandidatePairs/205/good
    checked_views_untagged_unions_test.go:322: gate cache node miss
    checked_views_untagged_unions_test.go:330: Node: exit=0 stdout="true\ntrue\n" stderr=""
    checked_views_untagged_unions_test.go:332: gate cache node miss
    checked_views_untagged_unions_test.go:333: native: exit=0 stdout="true\ntrue\n" stderr=""
    checked_views_untagged_unions_test.go:333: javascript: exit=0 stdout="true\ntrue\n" stderr=""
=== RUN   TestCheckedViewUntaggedCandidatePairs/205/wrong
    checked_views_untagged_unions_test.go:322: gate cache node miss
    checked_views_untagged_unions_test.go:330: Node: exit=0 stdout="true\n" stderr=""
    checked_views_untagged_unions_test.go:332: gate cache node miss
    checked_views_untagged_unions_test.go:333: native: exit=70 stdout="" stderr="adamic: panic: field read failed: view0.items[0] matches no member of CandidateTarget; expected CandidateTarget, found object\n"
    checked_views_untagged_unions_test.go:333: javascript: exit=70 stdout="" stderr="adamic: panic: field read failed: view0.items[0] matches no member of CandidateTarget; expected CandidateTarget, found object\n"
=== RUN   TestCheckedViewUntaggedCandidatePairs/205/nested
    checked_views_untagged_unions_test.go:322: gate cache node miss
    checked_views_untagged_unions_test.go:330: Node: exit=0 stdout="true\n" stderr=""
    checked_views_untagged_unions_test.go:332: gate cache node miss
    checked_views_untagged_unions_test.go:333: native: exit=70 stdout="" stderr="adamic: panic: field read failed: value0.payload.label is not a string; expected string, found boolean\n"
    checked_views_untagged_unions_test.go:333: javascript: exit=70 stdout="" stderr="adamic: panic: field read failed: value0.payload.label is not a string; expected string, found boolean\n"
=== RUN   TestCheckedViewUntaggedCandidatePairs/206/good
    checked_views_untagged_unions_test.go:322: gate cache node miss
    checked_views_untagged_unions_test.go:330: Node: exit=0 stdout="true\ntrue\n" stderr=""
    checked_views_untagged_unions_test.go:332: gate cache node miss
    checked_views_untagged_unions_test.go:333: native: exit=0 stdout="true\ntrue\n" stderr=""
    checked_views_untagged_unions_test.go:333: javascript: exit=0 stdout="true\ntrue\n" stderr=""
=== RUN   TestCheckedViewUntaggedCandidatePairs/206/wrong
    checked_views_untagged_unions_test.go:322: gate cache node miss
    checked_views_untagged_unions_test.go:330: Node: exit=0 stdout="true\n" stderr=""
    checked_views_untagged_unions_test.go:332: gate cache node miss
    checked_views_untagged_unions_test.go:333: native: exit=70 stdout="" stderr="adamic: panic: field read failed: view0.body matches no member of ConciseBody | undefined; expected ConciseBody | undefined, found object\n"
    checked_views_untagged_unions_test.go:333: javascript: exit=70 stdout="" stderr="adamic: panic: field read failed: view0.body matches no member of ConciseBody | undefined; expected ConciseBody | undefined, found object\n"
=== RUN   TestCheckedViewUntaggedCandidatePairs/206/nested
    checked_views_untagged_unions_test.go:322: gate cache node miss
    checked_views_untagged_unions_test.go:330: Node: exit=0 stdout="true\n" stderr=""
    checked_views_untagged_unions_test.go:332: gate cache node miss
    checked_views_untagged_unions_test.go:333: native: exit=70 stdout="" stderr="adamic: panic: field read failed: value0.payload.label is not a string; expected string, found boolean\n"
    checked_views_untagged_unions_test.go:333: javascript: exit=70 stdout="" stderr="adamic: panic: field read failed: value0.payload.label is not a string; expected string, found boolean\n"
=== RUN   TestCheckedViewUntaggedCandidatePairs/206/absent
    checked_views_untagged_unions_test.go:322: gate cache node miss
    checked_views_untagged_unions_test.go:330: Node: exit=0 stdout="true\n" stderr=""
    checked_views_untagged_unions_test.go:332: gate cache node miss
    checked_views_untagged_unions_test.go:333: native: exit=0 stdout="true\n" stderr=""
    checked_views_untagged_unions_test.go:333: javascript: exit=0 stdout="true\n" stderr=""
=== RUN   TestCheckedViewUntaggedCandidatePairs/213/good
    checked_views_untagged_unions_test.go:322: gate cache node miss
    checked_views_untagged_unions_test.go:330: Node: exit=0 stdout="true\ntrue\ntrue\ntrue\n" stderr=""
    checked_views_untagged_unions_test.go:332: gate cache node miss
    checked_views_untagged_unions_test.go:333: native: exit=0 stdout="true\ntrue\ntrue\ntrue\n" stderr=""
    checked_views_untagged_unions_test.go:333: javascript: exit=0 stdout="true\ntrue\ntrue\ntrue\n" stderr=""
=== RUN   TestCheckedViewUntaggedCandidatePairs/213/wrong
    checked_views_untagged_unions_test.go:322: gate cache node miss
    checked_views_untagged_unions_test.go:330: Node: exit=0 stdout="true\n" stderr=""
    checked_views_untagged_unions_test.go:332: gate cache node miss
    checked_views_untagged_unions_test.go:333: native: exit=70 stdout="" stderr="adamic: panic: field read failed: view0.elements is not a ArrayTarget; expected ArrayTarget, found boolean\n"
    checked_views_untagged_unions_test.go:333: javascript: exit=70 stdout="" stderr="adamic: panic: field read failed: view0.elements is not a ArrayTarget; expected ArrayTarget, found boolean\n"
=== RUN   TestCheckedViewUntaggedCandidatePairs/213/nested
    checked_views_untagged_unions_test.go:322: gate cache node miss
    checked_views_untagged_unions_test.go:330: Node: exit=0 stdout="true\n" stderr=""
    checked_views_untagged_unions_test.go:332: gate cache node miss
    checked_views_untagged_unions_test.go:333: native: exit=70 stdout="" stderr="adamic: panic: field read failed: item0.payload.label is not a string; expected string, found boolean\n"
    checked_views_untagged_unions_test.go:333: javascript: exit=70 stdout="" stderr="adamic: panic: field read failed: item0.payload.label is not a string; expected string, found boolean\n"
=== RUN   TestCheckedViewUntaggedCandidatePairs/213/empty
    checked_views_untagged_unions_test.go:322: gate cache node miss
    checked_views_untagged_unions_test.go:330: Node: exit=0 stdout="true\n" stderr=""
    checked_views_untagged_unions_test.go:332: gate cache node miss
    checked_views_untagged_unions_test.go:333: native: exit=0 stdout="true\n" stderr=""
    checked_views_untagged_unions_test.go:333: javascript: exit=0 stdout="true\n" stderr=""
=== RUN   TestCheckedViewUntaggedCandidatePairs/224/good
    checked_views_untagged_unions_test.go:322: gate cache node miss
    checked_views_untagged_unions_test.go:330: Node: exit=0 stdout="true\ntrue\n" stderr=""
    checked_views_untagged_unions_test.go:332: gate cache node miss
    checked_views_untagged_unions_test.go:333: native: exit=0 stdout="true\ntrue\n" stderr=""
    checked_views_untagged_unions_test.go:333: javascript: exit=0 stdout="true\ntrue\n" stderr=""
=== RUN   TestCheckedViewUntaggedCandidatePairs/224/wrong
    checked_views_untagged_unions_test.go:322: gate cache node miss
    checked_views_untagged_unions_test.go:330: Node: exit=0 stdout="true\n" stderr=""
    checked_views_untagged_unions_test.go:332: gate cache node miss
    checked_views_untagged_unions_test.go:333: native: exit=70 stdout="" stderr="adamic: panic: field read failed: view0.members is not a ArrayTarget; expected ArrayTarget, found boolean\n"
    checked_views_untagged_unions_test.go:333: javascript: exit=70 stdout="" stderr="adamic: panic: field read failed: view0.members is not a ArrayTarget; expected ArrayTarget, found boolean\n"
=== RUN   TestCheckedViewUntaggedCandidatePairs/224/nested
    checked_views_untagged_unions_test.go:322: gate cache node miss
    checked_views_untagged_unions_test.go:330: Node: exit=0 stdout="true\n" stderr=""
    checked_views_untagged_unions_test.go:332: gate cache node miss
    checked_views_untagged_unions_test.go:333: native: exit=70 stdout="" stderr="adamic: panic: field read failed: item0.payload.label is not a string; expected string, found boolean\n"
    checked_views_untagged_unions_test.go:333: javascript: exit=70 stdout="" stderr="adamic: panic: field read failed: item0.payload.label is not a string; expected string, found boolean\n"
=== RUN   TestCheckedViewUntaggedCandidatePairs/224/empty
    checked_views_untagged_unions_test.go:322: gate cache node miss
    checked_views_untagged_unions_test.go:330: Node: exit=0 stdout="true\n" stderr=""
    checked_views_untagged_unions_test.go:332: gate cache node miss
    checked_views_untagged_unions_test.go:333: javascript: exit=0 stdout="true\n" stderr=""
    checked_views_untagged_unions_test.go:333: native: exit=0 stdout="true\n" stderr=""
=== RUN   TestCheckedViewUntaggedCandidatePairs/226/good
    checked_views_untagged_unions_test.go:322: gate cache node miss
    checked_views_untagged_unions_test.go:330: Node: exit=0 stdout="true\ntrue\n" stderr=""
    checked_views_untagged_unions_test.go:332: gate cache node miss
    checked_views_untagged_unions_test.go:333: native: exit=0 stdout="true\ntrue\n" stderr=""
    checked_views_untagged_unions_test.go:333: javascript: exit=0 stdout="true\ntrue\n" stderr=""
=== RUN   TestCheckedViewUntaggedCandidatePairs/226/wrong
    checked_views_untagged_unions_test.go:322: gate cache node miss
    checked_views_untagged_unions_test.go:330: Node: exit=0 stdout="true\n" stderr=""
    checked_views_untagged_unions_test.go:332: gate cache node miss
    checked_views_untagged_unions_test.go:333: native: exit=70 stdout="" stderr="adamic: panic: field read failed: view0.fileInfos is not a ArrayTarget; expected ArrayTarget, found boolean\n"
    checked_views_untagged_unions_test.go:333: javascript: exit=70 stdout="" stderr="adamic: panic: field read failed: view0.fileInfos is not a ArrayTarget; expected ArrayTarget, found boolean\n"
=== RUN   TestCheckedViewUntaggedCandidatePairs/226/nested
    checked_views_untagged_unions_test.go:322: gate cache node miss
    checked_views_untagged_unions_test.go:330: Node: exit=0 stdout="true\n" stderr=""
    checked_views_untagged_unions_test.go:332: gate cache node miss
    checked_views_untagged_unions_test.go:333: native: exit=70 stdout="" stderr="adamic: panic: field read failed: item0.payload.label is not a string; expected string, found boolean\n"
    checked_views_untagged_unions_test.go:333: javascript: exit=70 stdout="" stderr="adamic: panic: field read failed: item0.payload.label is not a string; expected string, found boolean\n"
=== RUN   TestCheckedViewUntaggedCandidatePairs/226/empty
    checked_views_untagged_unions_test.go:322: gate cache node miss
    checked_views_untagged_unions_test.go:330: Node: exit=0 stdout="true\n" stderr=""
    checked_views_untagged_unions_test.go:332: gate cache node miss
    checked_views_untagged_unions_test.go:333: native: exit=0 stdout="true\n" stderr=""
    checked_views_untagged_unions_test.go:333: javascript: exit=0 stdout="true\n" stderr=""
--- PASS: TestCheckedViewUntaggedCandidatePairs (8.43s)
    --- PASS: TestCheckedViewUntaggedCandidatePairs/20/good (0.28s)
    --- PASS: TestCheckedViewUntaggedCandidatePairs/20/wrong (0.22s)
    --- PASS: TestCheckedViewUntaggedCandidatePairs/20/nested (0.22s)
    --- PASS: TestCheckedViewUntaggedCandidatePairs/20/empty (0.22s)
    --- PASS: TestCheckedViewUntaggedCandidatePairs/105/good (0.23s)
    --- PASS: TestCheckedViewUntaggedCandidatePairs/105/wrong (0.21s)
    --- PASS: TestCheckedViewUntaggedCandidatePairs/105/nested (0.21s)
    --- PASS: TestCheckedViewUntaggedCandidatePairs/105/empty (0.21s)
    --- PASS: TestCheckedViewUntaggedCandidatePairs/175/good (0.22s)
    --- PASS: TestCheckedViewUntaggedCandidatePairs/175/wrong (0.21s)
    --- PASS: TestCheckedViewUntaggedCandidatePairs/175/nested (0.21s)
    --- PASS: TestCheckedViewUntaggedCandidatePairs/175/empty (0.20s)
    --- PASS: TestCheckedViewUntaggedCandidatePairs/199/good (0.21s)
    --- PASS: TestCheckedViewUntaggedCandidatePairs/199/wrong (0.21s)
    --- PASS: TestCheckedViewUntaggedCandidatePairs/199/nested (0.21s)
    --- PASS: TestCheckedViewUntaggedCandidatePairs/199/empty (0.21s)
    --- PASS: TestCheckedViewUntaggedCandidatePairs/204/good (0.25s)
    --- PASS: TestCheckedViewUntaggedCandidatePairs/204/wrong (0.21s)
    --- PASS: TestCheckedViewUntaggedCandidatePairs/204/nested (0.21s)
    --- PASS: TestCheckedViewUntaggedCandidatePairs/205/good (0.22s)
    --- PASS: TestCheckedViewUntaggedCandidatePairs/205/wrong (0.21s)
    --- PASS: TestCheckedViewUntaggedCandidatePairs/205/nested (0.21s)
    --- PASS: TestCheckedViewUntaggedCandidatePairs/206/good (0.21s)
    --- PASS: TestCheckedViewUntaggedCandidatePairs/206/wrong (0.20s)
    --- PASS: TestCheckedViewUntaggedCandidatePairs/206/nested (0.23s)
    --- PASS: TestCheckedViewUntaggedCandidatePairs/206/absent (0.22s)
    --- PASS: TestCheckedViewUntaggedCandidatePairs/213/good (0.25s)
    --- PASS: TestCheckedViewUntaggedCandidatePairs/213/wrong (0.21s)
    --- PASS: TestCheckedViewUntaggedCandidatePairs/213/nested (0.22s)
    --- PASS: TestCheckedViewUntaggedCandidatePairs/213/empty (0.22s)
    --- PASS: TestCheckedViewUntaggedCandidatePairs/224/good (0.31s)
    --- PASS: TestCheckedViewUntaggedCandidatePairs/224/wrong (0.24s)
    --- PASS: TestCheckedViewUntaggedCandidatePairs/224/nested (0.21s)
    --- PASS: TestCheckedViewUntaggedCandidatePairs/224/empty (0.22s)
    --- PASS: TestCheckedViewUntaggedCandidatePairs/226/good (0.22s)
    --- PASS: TestCheckedViewUntaggedCandidatePairs/226/wrong (0.21s)
    --- PASS: TestCheckedViewUntaggedCandidatePairs/226/nested (0.22s)
    --- PASS: TestCheckedViewUntaggedCandidatePairs/226/empty (0.22s)
PASS
gate cache: native hits=0 misses=0
gate cache: node hits=0 misses=76
gate cache: probe hits=0 misses=0
ok  	github.com/system-inc/adamic/internal/oracle	8.439s
