=== RUN   TestCheckedViewUntaggedCandidatePairs
=== RUN   TestCheckedViewUntaggedCandidatePairs/8/wrong
    checked_views_untagged_unions_test.go:330: Node: exit=0 stdout="true\n" stderr=""
    checked_views_untagged_unions_test.go:333: native: exit=0 stdout="true\n" stderr=""
    checked_views_untagged_unions_test.go:344: native: exit codes differ; got oracle.run{stdout:[]uint8{0x74, 0x72, 0x75, 0x65, 0xa}, stderr:[]uint8{}, exitCode:0}
    checked_views_untagged_unions_test.go:333: javascript: exit=70 stdout="" stderr="adamic: panic: field read failed: view0.body matches no member of ConciseBody | undefined; expected ConciseBody | undefined, found object\n"
=== RUN   TestCheckedViewUntaggedCandidatePairs/83/wrong
    checked_views_untagged_unions_test.go:330: Node: exit=0 stdout="true\n" stderr=""
    checked_views_untagged_unions_test.go:333: native: exit=0 stdout="true\n" stderr=""
    checked_views_untagged_unions_test.go:344: native: exit codes differ; got oracle.run{stdout:[]uint8{0x74, 0x72, 0x75, 0x65, 0xa}, stderr:[]uint8{}, exitCode:0}
    checked_views_untagged_unions_test.go:333: javascript: exit=70 stdout="" stderr="adamic: panic: field read failed: view0.initializer matches no member of ForInitializer; expected ForInitializer, found object\n"
=== RUN   TestCheckedViewUntaggedCandidatePairs/84/wrong
    checked_views_untagged_unions_test.go:330: Node: exit=0 stdout="true\n" stderr=""
    checked_views_untagged_unions_test.go:333: javascript: exit=70 stdout="" stderr="adamic: panic: field read failed: view0.parent matches no member of CandidateTarget; expected CandidateTarget, found object\n"
    checked_views_untagged_unions_test.go:333: native: exit=0 stdout="true\n" stderr=""
    checked_views_untagged_unions_test.go:344: native: exit codes differ; got oracle.run{stdout:[]uint8{0x74, 0x72, 0x75, 0x65, 0xa}, stderr:[]uint8{}, exitCode:0}
=== RUN   TestCheckedViewUntaggedCandidatePairs/108/wrong
    checked_views_untagged_unions_test.go:330: Node: exit=0 stdout="true\n" stderr=""
    checked_views_untagged_unions_test.go:333: native: exit=0 stdout="true\n" stderr=""
    checked_views_untagged_unions_test.go:344: native: exit codes differ; got oracle.run{stdout:[]uint8{0x74, 0x72, 0x75, 0x65, 0xa}, stderr:[]uint8{}, exitCode:0}
    checked_views_untagged_unions_test.go:333: javascript: exit=70 stdout="" stderr="adamic: panic: field read failed: view0.antecedent matches no member of FlowNode; expected FlowNode, found object\n"
=== RUN   TestCheckedViewUntaggedCandidatePairs/138/wrong
    checked_views_untagged_unions_test.go:330: Node: exit=0 stdout="true\n" stderr=""
    checked_views_untagged_unions_test.go:333: native: exit=0 stdout="true\n" stderr=""
    checked_views_untagged_unions_test.go:344: native: exit codes differ; got oracle.run{stdout:[]uint8{0x74, 0x72, 0x75, 0x65, 0xa}, stderr:[]uint8{}, exitCode:0}
    checked_views_untagged_unions_test.go:333: javascript: exit=70 stdout="" stderr="adamic: panic: field read failed: view0.parent matches no member of CandidateTarget; expected CandidateTarget, found object\n"
=== RUN   TestCheckedViewUntaggedCandidatePairs/178/wrong
    checked_views_untagged_unions_test.go:330: Node: exit=0 stdout="true\n" stderr=""
    checked_views_untagged_unions_test.go:333: native: exit=0 stdout="true\n" stderr=""
    checked_views_untagged_unions_test.go:344: native: exit codes differ; got oracle.run{stdout:[]uint8{0x74, 0x72, 0x75, 0x65, 0xa}, stderr:[]uint8{}, exitCode:0}
    checked_views_untagged_unions_test.go:333: javascript: exit=70 stdout="" stderr="adamic: panic: field read failed: view0.flowNode matches no member of FlowNode | undefined; expected FlowNode | undefined, found object\n"
=== RUN   TestCheckedViewUntaggedCandidatePairs/228/wrong
    checked_views_untagged_unions_test.go:330: Node: exit=0 stdout="true\n" stderr=""
    checked_views_untagged_unions_test.go:333: native: exit=0 stdout="true\n" stderr=""
    checked_views_untagged_unions_test.go:344: native: exit codes differ; got oracle.run{stdout:[]uint8{0x74, 0x72, 0x75, 0x65, 0xa}, stderr:[]uint8{}, exitCode:0}
    checked_views_untagged_unions_test.go:333: javascript: exit=70 stdout="" stderr="adamic: panic: field read failed: view0.expression matches no member of CandidateTarget; expected CandidateTarget, found object\n"
--- FAIL: TestCheckedViewUntaggedCandidatePairs (1.58s)
    --- FAIL: TestCheckedViewUntaggedCandidatePairs/8/wrong (0.26s)
    --- FAIL: TestCheckedViewUntaggedCandidatePairs/83/wrong (0.22s)
    --- FAIL: TestCheckedViewUntaggedCandidatePairs/84/wrong (0.22s)
    --- FAIL: TestCheckedViewUntaggedCandidatePairs/108/wrong (0.21s)
    --- FAIL: TestCheckedViewUntaggedCandidatePairs/138/wrong (0.22s)
    --- FAIL: TestCheckedViewUntaggedCandidatePairs/178/wrong (0.23s)
    --- FAIL: TestCheckedViewUntaggedCandidatePairs/228/wrong (0.22s)
FAIL
gate cache: native hits=0 misses=0
gate cache: node hits=0 misses=14
gate cache: probe hits=0 misses=0
FAIL	github.com/system-inc/adamic/internal/oracle	1.593s
FAIL
