=== RUN   TestViewUnionDiscriminantOverlaps
--- PASS: TestViewUnionDiscriminantOverlaps (0.00s)
PASS
ok  	github.com/system-inc/adamic/internal/ir	0.014s
=== RUN   TestUntaggedViewMemberTags
--- PASS: TestUntaggedViewMemberTags (0.00s)
=== RUN   TestUntaggedViewStructuralFallback
--- PASS: TestUntaggedViewStructuralFallback (0.00s)
PASS
ok  	github.com/system-inc/adamic/internal/lower	0.016s
testing: warning: no tests to run
PASS
ok  	github.com/system-inc/adamic/internal/native	0.011s [no tests to run]
testing: warning: no tests to run
PASS
ok  	github.com/system-inc/adamic/internal/javascript	0.002s [no tests to run]
=== RUN   TestCheckedViewUntaggedSourceDispatch
=== RUN   TestCheckedViewUntaggedSourceDispatch/binding-name/good
    checked_views_untagged_unions_test.go:232: gate cache node miss
    checked_views_untagged_unions_test.go:233: Node: exit=0 stdout="true\ntrue\ntrue\ntrue\ntrue\ntrue\ntrue\ntrue\ntrue\ntrue\ntrue\ntrue\n" stderr=""
    checked_views_untagged_unions_test.go:234: gate cache node miss
    checked_views_untagged_unions_test.go:235: javascript: exit=0 stdout="true\ntrue\ntrue\ntrue\ntrue\ntrue\ntrue\ntrue\ntrue\ntrue\ntrue\ntrue\n" stderr=""
    checked_views_untagged_unions_test.go:235: native: exit=0 stdout="true\ntrue\ntrue\ntrue\ntrue\ntrue\ntrue\ntrue\ntrue\ntrue\ntrue\ntrue\n" stderr=""
=== RUN   TestCheckedViewUntaggedSourceDispatch/binding-name/wrong
    checked_views_untagged_unions_test.go:232: gate cache node miss
    checked_views_untagged_unions_test.go:233: Node: exit=0 stdout="true\n" stderr=""
    checked_views_untagged_unions_test.go:234: gate cache node miss
    checked_views_untagged_unions_test.go:235: native: exit=70 stdout="" stderr="adamic: panic: field read failed: view.value matches no member of Target; expected Target, found object\n"
    checked_views_untagged_unions_test.go:235: javascript: exit=70 stdout="" stderr="adamic: panic: field read failed: view.value matches no member of Target; expected Target, found object\n"
=== RUN   TestCheckedViewUntaggedSourceDispatch/binding-name/nested
    checked_views_untagged_unions_test.go:232: gate cache node miss
    checked_views_untagged_unions_test.go:233: Node: exit=0 stdout="true\n" stderr=""
    checked_views_untagged_unions_test.go:234: gate cache node miss
    checked_views_untagged_unions_test.go:235: native: exit=70 stdout="" stderr="adamic: panic: field read failed: value.payload matches no member of { readonly label: string; } | { readonly label: string; } | { readonly label: string; } | { readonly label: string; } | { readonly label: string; } | { readonly label: string; } | { readonly label: string; } | ... 4 more ... | ...; expected { readonly label: string; } | { readonly label: string; } | { readonly label: string; } | { readonly label: string; } | { readonly label: string; } | { readonly label: string; } | { readonly label: string; } | ... 4 more ... | ..., found object\n"
    checked_views_untagged_unions_test.go:235: javascript: exit=70 stdout="" stderr="adamic: panic: field read failed: value.payload matches no member of { readonly label: string; } | { readonly label: string; } | { readonly label: string; } | { readonly label: string; } | { readonly label: string; } | { readonly label: string; } | { readonly label: string; } | ... 4 more ... | ...; expected { readonly label: string; } | { readonly label: string; } | { readonly label: string; } | { readonly label: string; } | { readonly label: string; } | { readonly label: string; } | { readonly label: string; } | ... 4 more ... | ..., found object\n"
=== RUN   TestCheckedViewUntaggedSourceDispatch/binding-name/absent
    checked_views_untagged_unions_test.go:232: gate cache node miss
    checked_views_untagged_unions_test.go:233: Node: exit=0 stdout="true\n" stderr=""
    checked_views_untagged_unions_test.go:234: gate cache node miss
    checked_views_untagged_unions_test.go:235: javascript: exit=0 stdout="true\n" stderr=""
    checked_views_untagged_unions_test.go:235: native: exit=0 stdout="true\n" stderr=""
=== RUN   TestCheckedViewUntaggedSourceDispatch/option-element/good
    checked_views_untagged_unions_test.go:232: gate cache node miss
    checked_views_untagged_unions_test.go:233: Node: exit=0 stdout="true\ntrue\ntrue\ntrue\ntrue\n" stderr=""
    checked_views_untagged_unions_test.go:234: gate cache node miss
    checked_views_untagged_unions_test.go:235: native: exit=0 stdout="true\ntrue\ntrue\ntrue\ntrue\n" stderr=""
    checked_views_untagged_unions_test.go:235: javascript: exit=0 stdout="true\ntrue\ntrue\ntrue\ntrue\n" stderr=""
=== RUN   TestCheckedViewUntaggedSourceDispatch/option-element/wrong
    checked_views_untagged_unions_test.go:232: gate cache node miss
    checked_views_untagged_unions_test.go:233: Node: exit=0 stdout="true\n" stderr=""
    checked_views_untagged_unions_test.go:234: gate cache node miss
    checked_views_untagged_unions_test.go:235: native: exit=70 stdout="" stderr="adamic: panic: field read failed: view.value matches no member of Target; expected Target, found object\n"
    checked_views_untagged_unions_test.go:235: javascript: exit=70 stdout="" stderr="adamic: panic: field read failed: view.value matches no member of Target; expected Target, found object\n"
=== RUN   TestCheckedViewUntaggedSourceDispatch/option-element/nested
    checked_views_untagged_unions_test.go:232: gate cache node miss
    checked_views_untagged_unions_test.go:233: Node: exit=0 stdout="true\n" stderr=""
    checked_views_untagged_unions_test.go:234: gate cache node miss
    checked_views_untagged_unions_test.go:235: native: exit=70 stdout="" stderr="adamic: panic: field read failed: value.payload matches no member of { readonly label: string; } | { readonly label: string; } | { readonly label: string; } | { readonly label: string; } | { readonly label: string; }; expected { readonly label: string; } | { readonly label: string; } | { readonly label: string; } | { readonly label: string; } | { readonly label: string; }, found object\n"
    checked_views_untagged_unions_test.go:235: javascript: exit=70 stdout="" stderr="adamic: panic: field read failed: value.payload matches no member of { readonly label: string; } | { readonly label: string; } | { readonly label: string; } | { readonly label: string; } | { readonly label: string; }; expected { readonly label: string; } | { readonly label: string; } | { readonly label: string; } | { readonly label: string; } | { readonly label: string; }, found object\n"
=== RUN   TestCheckedViewUntaggedSourceDispatch/option-element/absent
    checked_views_untagged_unions_test.go:232: gate cache node miss
    checked_views_untagged_unions_test.go:233: Node: exit=0 stdout="true\n" stderr=""
    checked_views_untagged_unions_test.go:234: gate cache node miss
    checked_views_untagged_unions_test.go:235: native: exit=0 stdout="true\n" stderr=""
    checked_views_untagged_unions_test.go:235: javascript: exit=0 stdout="true\n" stderr=""
=== RUN   TestCheckedViewUntaggedSourceDispatch/structural/good
    checked_views_untagged_unions_test.go:232: gate cache node miss
    checked_views_untagged_unions_test.go:233: Node: exit=0 stdout="true\ntrue\n" stderr=""
    checked_views_untagged_unions_test.go:234: gate cache node miss
    checked_views_untagged_unions_test.go:235: native: exit=0 stdout="true\ntrue\n" stderr=""
    checked_views_untagged_unions_test.go:235: javascript: exit=0 stdout="true\ntrue\n" stderr=""
=== RUN   TestCheckedViewUntaggedSourceDispatch/structural/wrong
    checked_views_untagged_unions_test.go:232: gate cache node miss
    checked_views_untagged_unions_test.go:233: Node: exit=0 stdout="true\n" stderr=""
    checked_views_untagged_unions_test.go:234: gate cache node miss
    checked_views_untagged_unions_test.go:235: native: exit=70 stdout="" stderr="adamic: panic: field read failed: view.value matches no member of Target; expected Target, found object\n"
    checked_views_untagged_unions_test.go:235: javascript: exit=70 stdout="" stderr="adamic: panic: field read failed: view.value matches no member of Target; expected Target, found object\n"
=== RUN   TestCheckedViewUntaggedSourceDispatch/structural/nested
    checked_views_untagged_unions_test.go:232: gate cache node miss
    checked_views_untagged_unions_test.go:233: Node: exit=0 stdout="true\n" stderr=""
    checked_views_untagged_unions_test.go:234: gate cache node miss
    checked_views_untagged_unions_test.go:235: native: exit=70 stdout="" stderr="adamic: panic: field read failed: view.value matches no member of Target; expected Target, found object\n"
    checked_views_untagged_unions_test.go:235: javascript: exit=70 stdout="" stderr="adamic: panic: field read failed: view.value matches no member of Target; expected Target, found object\n"
=== RUN   TestCheckedViewUntaggedSourceDispatch/structural/absent
    checked_views_untagged_unions_test.go:232: gate cache node miss
    checked_views_untagged_unions_test.go:233: Node: exit=0 stdout="true\n" stderr=""
    checked_views_untagged_unions_test.go:234: gate cache node miss
    checked_views_untagged_unions_test.go:235: native: exit=0 stdout="true\n" stderr=""
    checked_views_untagged_unions_test.go:235: javascript: exit=0 stdout="true\n" stderr=""
--- PASS: TestCheckedViewUntaggedSourceDispatch (2.93s)
    --- PASS: TestCheckedViewUntaggedSourceDispatch/binding-name/good (0.45s)
    --- PASS: TestCheckedViewUntaggedSourceDispatch/binding-name/wrong (0.21s)
    --- PASS: TestCheckedViewUntaggedSourceDispatch/binding-name/nested (0.24s)
    --- PASS: TestCheckedViewUntaggedSourceDispatch/binding-name/absent (0.21s)
    --- PASS: TestCheckedViewUntaggedSourceDispatch/option-element/good (0.23s)
    --- PASS: TestCheckedViewUntaggedSourceDispatch/option-element/wrong (0.22s)
    --- PASS: TestCheckedViewUntaggedSourceDispatch/option-element/nested (0.22s)
    --- PASS: TestCheckedViewUntaggedSourceDispatch/option-element/absent (0.21s)
    --- PASS: TestCheckedViewUntaggedSourceDispatch/structural/good (0.21s)
    --- PASS: TestCheckedViewUntaggedSourceDispatch/structural/wrong (0.20s)
    --- PASS: TestCheckedViewUntaggedSourceDispatch/structural/nested (0.20s)
    --- PASS: TestCheckedViewUntaggedSourceDispatch/structural/absent (0.21s)
=== RUN   TestCheckedViewUntaggedSourceFlows
=== RUN   TestCheckedViewUntaggedSourceFlows/helper/good
    checked_views_untagged_unions_test.go:278: gate cache node hit
    checked_views_untagged_unions_test.go:284: gate cache node hit
    checked_views_untagged_unions_test.go:285: native: exit=0 stdout="true\n" stderr=""
    checked_views_untagged_unions_test.go:285: javascript: exit=0 stdout="true\n" stderr=""
=== RUN   TestCheckedViewUntaggedSourceFlows/helper/wrong
    checked_views_untagged_unions_test.go:278: gate cache node hit
    checked_views_untagged_unions_test.go:284: gate cache node hit
    checked_views_untagged_unions_test.go:285: native: exit=70 stdout="" stderr="adamic: panic: field read failed: holder.value matches no member of Target; expected Target, found object\n"
    checked_views_untagged_unions_test.go:285: javascript: exit=70 stdout="" stderr="adamic: panic: field read failed: holder.value matches no member of Target; expected Target, found object\n"
=== RUN   TestCheckedViewUntaggedSourceFlows/generic/good
    checked_views_untagged_unions_test.go:278: gate cache node hit
    checked_views_untagged_unions_test.go:284: gate cache node hit
    checked_views_untagged_unions_test.go:285: native: exit=0 stdout="true\n" stderr=""
    checked_views_untagged_unions_test.go:285: javascript: exit=0 stdout="true\n" stderr=""
=== RUN   TestCheckedViewUntaggedSourceFlows/generic/wrong
    checked_views_untagged_unions_test.go:278: gate cache node hit
    checked_views_untagged_unions_test.go:284: gate cache node hit
    checked_views_untagged_unions_test.go:285: native: exit=70 stdout="" stderr="adamic: panic: field read failed: holder.value matches no member of Target; expected Target, found object\n"
    checked_views_untagged_unions_test.go:285: javascript: exit=70 stdout="" stderr="adamic: panic: field read failed: holder.value matches no member of Target; expected Target, found object\n"
=== RUN   TestCheckedViewUntaggedSourceFlows/callback/good
    checked_views_untagged_unions_test.go:278: gate cache node hit
    checked_views_untagged_unions_test.go:284: gate cache node hit
    checked_views_untagged_unions_test.go:285: native: exit=0 stdout="true\n" stderr=""
    checked_views_untagged_unions_test.go:285: javascript: exit=0 stdout="true\n" stderr=""
=== RUN   TestCheckedViewUntaggedSourceFlows/callback/wrong
    checked_views_untagged_unions_test.go:278: gate cache node hit
    checked_views_untagged_unions_test.go:284: gate cache node hit
    checked_views_untagged_unions_test.go:285: native: exit=70 stdout="" stderr="adamic: panic: field read failed: holder.value matches no member of Target; expected Target, found object\n"
    checked_views_untagged_unions_test.go:285: javascript: exit=70 stdout="" stderr="adamic: panic: field read failed: holder.value matches no member of Target; expected Target, found object\n"
=== RUN   TestCheckedViewUntaggedSourceFlows/stored/good
    checked_views_untagged_unions_test.go:278: gate cache node hit
    checked_views_untagged_unions_test.go:284: gate cache node hit
    checked_views_untagged_unions_test.go:285: native: exit=0 stdout="true\n" stderr=""
    checked_views_untagged_unions_test.go:285: javascript: exit=0 stdout="true\n" stderr=""
=== RUN   TestCheckedViewUntaggedSourceFlows/stored/wrong
    checked_views_untagged_unions_test.go:278: gate cache node hit
    checked_views_untagged_unions_test.go:284: gate cache node hit
    checked_views_untagged_unions_test.go:285: native: exit=70 stdout="" stderr="adamic: panic: field read failed: holder.value matches no member of Target; expected Target, found object\n"
    checked_views_untagged_unions_test.go:285: javascript: exit=70 stdout="" stderr="adamic: panic: field read failed: holder.value matches no member of Target; expected Target, found object\n"
--- PASS: TestCheckedViewUntaggedSourceFlows (0.81s)
    --- PASS: TestCheckedViewUntaggedSourceFlows/helper/good (0.10s)
    --- PASS: TestCheckedViewUntaggedSourceFlows/helper/wrong (0.10s)
    --- PASS: TestCheckedViewUntaggedSourceFlows/generic/good (0.10s)
    --- PASS: TestCheckedViewUntaggedSourceFlows/generic/wrong (0.10s)
    --- PASS: TestCheckedViewUntaggedSourceFlows/callback/good (0.10s)
    --- PASS: TestCheckedViewUntaggedSourceFlows/callback/wrong (0.10s)
    --- PASS: TestCheckedViewUntaggedSourceFlows/stored/good (0.10s)
    --- PASS: TestCheckedViewUntaggedSourceFlows/stored/wrong (0.11s)
PASS
gate cache: native hits=0 misses=0
gate cache: node hits=16 misses=24
gate cache: probe hits=0 misses=0
ok  	github.com/system-inc/adamic/internal/oracle	3.753s
