=== RUN   TestCheckedViewUntaggedRecursive
=== RUN   TestCheckedViewUntaggedRecursive/good
    checked_views_untagged_unions_test.go:393: gate cache node miss
    checked_views_untagged_unions_test.go:401: gate cache node miss
    checked_views_untagged_unions_test.go:402: native: exit=0 stdout="true\n" stderr=""
    checked_views_untagged_unions_test.go:402: javascript: exit=0 stdout="true\n" stderr=""
=== RUN   TestCheckedViewUntaggedRecursive/absent
    checked_views_untagged_unions_test.go:393: gate cache node miss
    checked_views_untagged_unions_test.go:401: gate cache node miss
    checked_views_untagged_unions_test.go:402: javascript: exit=0 stdout="true\n" stderr=""
    checked_views_untagged_unions_test.go:402: native: exit=0 stdout="true\n" stderr=""
=== RUN   TestCheckedViewUntaggedRecursive/wrong
    checked_views_untagged_unions_test.go:393: gate cache node miss
    checked_views_untagged_unions_test.go:401: gate cache node miss
    checked_views_untagged_unions_test.go:402: native: exit=70 stdout="" stderr="adamic: panic: field read failed: view.value matches no member of Target; expected Target, found object\n"
    checked_views_untagged_unions_test.go:402: javascript: exit=70 stdout="" stderr="adamic: panic: field read failed: view.value matches no member of Target; expected Target, found object\n"
=== RUN   TestCheckedViewUntaggedRecursive/nested
    checked_views_untagged_unions_test.go:393: gate cache node miss
    checked_views_untagged_unions_test.go:401: gate cache node miss
    checked_views_untagged_unions_test.go:402: javascript: exit=70 stdout="" stderr="adamic: panic: field read failed: view.value matches no member of Target; expected Target, found object\n"
    checked_views_untagged_unions_test.go:402: native: exit=70 stdout="" stderr="adamic: panic: field read failed: view.value matches no member of Target; expected Target, found object\n"
--- PASS: TestCheckedViewUntaggedRecursive (1.05s)
    --- PASS: TestCheckedViewUntaggedRecursive/good (0.28s)
    --- PASS: TestCheckedViewUntaggedRecursive/absent (0.28s)
    --- PASS: TestCheckedViewUntaggedRecursive/wrong (0.25s)
    --- PASS: TestCheckedViewUntaggedRecursive/nested (0.23s)
PASS
gate cache: native hits=0 misses=0
gate cache: node hits=0 misses=8
gate cache: probe hits=0 misses=0
ok  	github.com/system-inc/adamic/internal/oracle	1.063s
