1/82 /tmp/stage3-meter-d72728e5/stage3-meter.HZgljE/area-adapted/src/compiler/_namespaces/ts.moduleSpecifiers.ts checker 11.786s
2/82 /tmp/stage3-meter-d72728e5/stage3-meter.HZgljE/area-adapted/src/compiler/_namespaces/ts.performance.ts checker 9.250s
3/82 /tmp/stage3-meter-d72728e5/stage3-meter.HZgljE/area-adapted/src/compiler/_namespaces/ts.ts checker 8.436s
4/82 /tmp/stage3-meter-d72728e5/stage3-meter.HZgljE/area-adapted/src/compiler/binder.ts checker 9.323s
5/82 /tmp/stage3-meter-d72728e5/stage3-meter.HZgljE/area-adapted/src/compiler/builder.ts checker 8.933s
6/82 /tmp/stage3-meter-d72728e5/stage3-meter.HZgljE/area-adapted/src/compiler/builderPublic.ts checker 9.061s
7/82 /tmp/stage3-meter-d72728e5/stage3-meter.HZgljE/area-adapted/src/compiler/builderState.ts checker 11.148s
8/82 /tmp/stage3-meter-d72728e5/stage3-meter.HZgljE/area-adapted/src/compiler/builderStatePublic.ts checker 8.537s
9/82 /tmp/stage3-meter-d72728e5/stage3-meter.HZgljE/area-adapted/src/compiler/checker.ts checker 8.630s
10/82 /tmp/stage3-meter-d72728e5/stage3-meter.HZgljE/area-adapted/src/compiler/commandLineParser.ts checker 11.390s
11/82 /tmp/stage3-meter-d72728e5/stage3-meter.HZgljE/area-adapted/src/compiler/core.ts checker 5.786s
12/82 /tmp/stage3-meter-d72728e5/stage3-meter.HZgljE/area-adapted/src/compiler/corePublic.ts Refused 0.170s
13/82 /tmp/stage3-meter-d72728e5/stage3-meter.HZgljE/area-adapted/src/compiler/debug.ts checker 4.777s
14/82 /tmp/stage3-meter-d72728e5/stage3-meter.HZgljE/area-adapted/src/compiler/diagnosticInformationMap.generated.ts checker 7.127s
15/82 /tmp/stage3-meter-d72728e5/stage3-meter.HZgljE/area-adapted/src/compiler/diagnosticMessages.generated.json error 0.000s
16/82 /tmp/stage3-meter-d72728e5/stage3-meter.HZgljE/area-adapted/src/compiler/diagnosticMessages.json error 0.000s
17/82 /tmp/stage3-meter-d72728e5/stage3-meter.HZgljE/area-adapted/src/compiler/emitter.ts checker 5.739s
18/82 /tmp/stage3-meter-d72728e5/stage3-meter.HZgljE/area-adapted/src/compiler/executeCommandLine.ts checker 7.583s
19/82 /tmp/stage3-meter-d72728e5/stage3-meter.HZgljE/area-adapted/src/compiler/expressionToTypeNode.ts checker 6.365s
20/82 /tmp/stage3-meter-d72728e5/stage3-meter.HZgljE/area-adapted/src/compiler/factory/baseNodeFactory.ts checker 6.838s
21/82 /tmp/stage3-meter-d72728e5/stage3-meter.HZgljE/area-adapted/src/compiler/factory/emitHelpers.ts checker 5.022s
22/82 /tmp/stage3-meter-d72728e5/stage3-meter.HZgljE/area-adapted/src/compiler/factory/emitNode.ts checker 5.332s
23/82 /tmp/stage3-meter-d72728e5/stage3-meter.HZgljE/area-adapted/src/compiler/factory/nodeChildren.ts checker 6.651s
24/82 /tmp/stage3-meter-d72728e5/stage3-meter.HZgljE/area-adapted/src/compiler/factory/nodeConverters.ts checker 4.530s
25/82 /tmp/stage3-meter-d72728e5/stage3-meter.HZgljE/area-adapted/src/compiler/factory/nodeFactory.ts checker 5.749s
26/82 /tmp/stage3-meter-d72728e5/stage3-meter.HZgljE/area-adapted/src/compiler/factory/nodeTests.ts checker 4.100s
27/82 /tmp/stage3-meter-d72728e5/stage3-meter.HZgljE/area-adapted/src/compiler/factory/parenthesizerRules.ts checker 5.601s
28/82 /tmp/stage3-meter-d72728e5/stage3-meter.HZgljE/area-adapted/src/compiler/factory/utilities.ts checker 4.881s
29/82 /tmp/stage3-meter-d72728e5/stage3-meter.HZgljE/area-adapted/src/compiler/factory/utilitiesPublic.ts checker 5.770s
30/82 /tmp/stage3-meter-d72728e5/stage3-meter.HZgljE/area-adapted/src/compiler/hostErrors.ts Refused 0.078s
31/82 /tmp/stage3-meter-d72728e5/stage3-meter.HZgljE/area-adapted/src/compiler/moduleNameResolver.ts checker 5.445s
32/82 /tmp/stage3-meter-d72728e5/stage3-meter.HZgljE/area-adapted/src/compiler/moduleSpecifiers.ts checker 4.616s
33/82 /tmp/stage3-meter-d72728e5/stage3-meter.HZgljE/area-adapted/src/compiler/parser.ts checker 4.898s
34/82 /tmp/stage3-meter-d72728e5/stage3-meter.HZgljE/area-adapted/src/compiler/path.ts checker 4.214s
35/82 /tmp/stage3-meter-d72728e5/stage3-meter.HZgljE/area-adapted/src/compiler/performance.ts checker 3.957s
36/82 /tmp/stage3-meter-d72728e5/stage3-meter.HZgljE/area-adapted/src/compiler/performanceCore.ts checker 5.648s
37/82 /tmp/stage3-meter-d72728e5/stage3-meter.HZgljE/area-adapted/src/compiler/program.ts checker 4.098s
38/82 /tmp/stage3-meter-d72728e5/stage3-meter.HZgljE/area-adapted/src/compiler/programDiagnostics.ts checker 3.779s
39/82 /tmp/stage3-meter-d72728e5/stage3-meter.HZgljE/area-adapted/src/compiler/resolutionCache.ts checker 3.741s
40/82 /tmp/stage3-meter-d72728e5/stage3-meter.HZgljE/area-adapted/src/compiler/scanner.ts checker 3.959s
41/82 /tmp/stage3-meter-d72728e5/stage3-meter.HZgljE/area-adapted/src/compiler/semver.ts checker 4.022s
42/82 /tmp/stage3-meter-d72728e5/stage3-meter.HZgljE/area-adapted/src/compiler/sourcemap.ts checker 3.612s
43/82 /tmp/stage3-meter-d72728e5/stage3-meter.HZgljE/area-adapted/src/compiler/symbolWalker.ts checker 3.435s
44/82 /tmp/stage3-meter-d72728e5/stage3-meter.HZgljE/area-adapted/src/compiler/sys.ts checker 5.319s
45/82 /tmp/stage3-meter-d72728e5/stage3-meter.HZgljE/area-adapted/src/compiler/tracing.ts checker 3.196s
46/82 /tmp/stage3-meter-d72728e5/stage3-meter.HZgljE/area-adapted/src/compiler/transformer.ts checker 4.876s
47/82 /tmp/stage3-meter-d72728e5/stage3-meter.HZgljE/area-adapted/src/compiler/transformers/classFields.ts checker 4.278s
48/82 /tmp/stage3-meter-d72728e5/stage3-meter.HZgljE/area-adapted/src/compiler/transformers/classThis.ts checker 3.352s
49/82 /tmp/stage3-meter-d72728e5/stage3-meter.HZgljE/area-adapted/src/compiler/transformers/declarations.ts checker 4.502s
50/82 /tmp/stage3-meter-d72728e5/stage3-meter.HZgljE/area-adapted/src/compiler/transformers/declarations/diagnostics.ts checker 4.273s
51/82 /tmp/stage3-meter-d72728e5/stage3-meter.HZgljE/area-adapted/src/compiler/transformers/destructuring.ts checker 3.396s
52/82 /tmp/stage3-meter-d72728e5/stage3-meter.HZgljE/area-adapted/src/compiler/transformers/es2015.ts checker 7.937s
53/82 /tmp/stage3-meter-d72728e5/stage3-meter.HZgljE/area-adapted/src/compiler/transformers/es2016.ts checker 8.956s
54/82 /tmp/stage3-meter-d72728e5/stage3-meter.HZgljE/area-adapted/src/compiler/transformers/es2017.ts checker 4.694s
55/82 /tmp/stage3-meter-d72728e5/stage3-meter.HZgljE/area-adapted/src/compiler/transformers/es2018.ts checker 4.330s
56/82 /tmp/stage3-meter-d72728e5/stage3-meter.HZgljE/area-adapted/src/compiler/transformers/es2019.ts checker 5.118s
57/82 /tmp/stage3-meter-d72728e5/stage3-meter.HZgljE/area-adapted/src/compiler/transformers/es2020.ts checker 4.291s
58/82 /tmp/stage3-meter-d72728e5/stage3-meter.HZgljE/area-adapted/src/compiler/transformers/es2021.ts checker 5.165s
59/82 /tmp/stage3-meter-d72728e5/stage3-meter.HZgljE/area-adapted/src/compiler/transformers/esDecorators.ts checker 6.656s
60/82 /tmp/stage3-meter-d72728e5/stage3-meter.HZgljE/area-adapted/src/compiler/transformers/esnext.ts checker 7.542s
61/82 /tmp/stage3-meter-d72728e5/stage3-meter.HZgljE/area-adapted/src/compiler/transformers/generators.ts checker 4.986s
62/82 /tmp/stage3-meter-d72728e5/stage3-meter.HZgljE/area-adapted/src/compiler/transformers/jsx.ts checker 6.104s
63/82 /tmp/stage3-meter-d72728e5/stage3-meter.HZgljE/area-adapted/src/compiler/transformers/legacyDecorators.ts checker 4.081s
64/82 /tmp/stage3-meter-d72728e5/stage3-meter.HZgljE/area-adapted/src/compiler/transformers/module/esnextAnd2015.ts checker 8.340s
65/82 /tmp/stage3-meter-d72728e5/stage3-meter.HZgljE/area-adapted/src/compiler/transformers/module/impliedNodeFormatDependent.ts checker 4.764s
66/82 /tmp/stage3-meter-d72728e5/stage3-meter.HZgljE/area-adapted/src/compiler/transformers/module/module.ts checker 6.825s
67/82 /tmp/stage3-meter-d72728e5/stage3-meter.HZgljE/area-adapted/src/compiler/transformers/module/system.ts checker 4.289s
68/82 /tmp/stage3-meter-d72728e5/stage3-meter.HZgljE/area-adapted/src/compiler/transformers/namedEvaluation.ts checker 9.224s
69/82 /tmp/stage3-meter-d72728e5/stage3-meter.HZgljE/area-adapted/src/compiler/transformers/taggedTemplate.ts checker 7.208s
70/82 /tmp/stage3-meter-d72728e5/stage3-meter.HZgljE/area-adapted/src/compiler/transformers/ts.ts checker 6.546s
71/82 /tmp/stage3-meter-d72728e5/stage3-meter.HZgljE/area-adapted/src/compiler/transformers/typeSerializer.ts checker 6.287s
72/82 /tmp/stage3-meter-d72728e5/stage3-meter.HZgljE/area-adapted/src/compiler/transformers/utilities.ts checker 10.352s
73/82 /tmp/stage3-meter-d72728e5/stage3-meter.HZgljE/area-adapted/src/compiler/tsbuild.ts checker 6.438s
74/82 /tmp/stage3-meter-d72728e5/stage3-meter.HZgljE/area-adapted/src/compiler/tsbuildPublic.ts checker 8.017s
75/82 /tmp/stage3-meter-d72728e5/stage3-meter.HZgljE/area-adapted/src/compiler/tsconfig.json error 0.000s
76/82 /tmp/stage3-meter-d72728e5/stage3-meter.HZgljE/area-adapted/src/compiler/types.ts checker 7.326s
77/82 /tmp/stage3-meter-d72728e5/stage3-meter.HZgljE/area-adapted/src/compiler/utilities.ts checker 7.948s
78/82 /tmp/stage3-meter-d72728e5/stage3-meter.HZgljE/area-adapted/src/compiler/utilitiesPublic.ts checker 5.746s
79/82 /tmp/stage3-meter-d72728e5/stage3-meter.HZgljE/area-adapted/src/compiler/visitorPublic.ts checker 5.084s
80/82 /tmp/stage3-meter-d72728e5/stage3-meter.HZgljE/area-adapted/src/compiler/watch.ts checker 6.307s
81/82 /tmp/stage3-meter-d72728e5/stage3-meter.HZgljE/area-adapted/src/compiler/watchPublic.ts checker 8.972s
82/82 /tmp/stage3-meter-d72728e5/stage3-meter.HZgljE/area-adapted/src/compiler/watchUtilities.ts checker 4.471s
whole program: 79 roots checker 6.645s
