Auto-merging docs/0.1.md
CONFLICT (content): Merge conflict in docs/0.1.md
Auto-merging internal/flow/build.go
CONFLICT (content): Merge conflict in internal/flow/build.go
Auto-merging internal/ir/ir.go
CONFLICT (content): Merge conflict in internal/ir/ir.go
Auto-merging internal/javascript/javascript.go
CONFLICT (content): Merge conflict in internal/javascript/javascript.go
Auto-merging internal/load/load.go
CONFLICT (content): Merge conflict in internal/load/load.go
Auto-merging internal/load/load_test.go
CONFLICT (content): Merge conflict in internal/load/load_test.go
Auto-merging internal/lower/functions.go
Auto-merging internal/lower/object.go
Auto-merging internal/lower/refusals.go
CONFLICT (content): Merge conflict in internal/lower/refusals.go
Auto-merging internal/lower/statements.go
CONFLICT (content): Merge conflict in internal/lower/statements.go
Auto-merging internal/native/emit.go
Auto-merging internal/native/emit_functions.go
Auto-merging internal/native/emit_statements.go
CONFLICT (content): Merge conflict in internal/native/emit_statements.go
Auto-merging internal/oracle/counts.md
CONFLICT (content): Merge conflict in internal/oracle/counts.md
Auto-merging tsconfig.json
CONFLICT (content): Merge conflict in tsconfig.json
Automatic merge failed; fix conflicts and then commit the result.
