
> typescript@6.0.3 clean
> hereby clean

Using /tmp/sys-stat-before-tree/Herebyfile.mjs to run clean
Starting clean-built
Starting clean-diagnostics
Finished clean-diagnostics in 7ms
Finished clean-built in 68ms
Completed clean in 68ms

> typescript@6.0.3 build
> npm run build:compiler && npm run build:tests


> typescript@6.0.3 build:compiler
> hereby local

Using /tmp/sys-stat-before-tree/Herebyfile.mjs to run local
Starting generate-diagnostics
> /workspace/adamic-tools/bin/node scripts/processDiagnosticMessages.mjs src/compiler/diagnosticMessages.json
Starting lib
Starting shim-compile-cache-tsc
Starting shim-compile-cache-tsserver
Starting shim-compile-cache-typings-installer
Starting bundle-watch-guard
Starting build-watch-guard
Starting generate-types-map
Finished shim-compile-cache-tsc in 15ms
Finished shim-compile-cache-typings-installer in 15ms
Finished shim-compile-cache-tsserver in 15ms
Finished bundle-watch-guard in 17ms
Finished generate-types-map in 16ms
Reading diagnostics from src/compiler/diagnosticMessages.json
Finished lib in 119ms
Finished generate-diagnostics in 285ms
Starting localize
> /workspace/adamic-tools/bin/node scripts/generateLocalizedDiagnosticMessages.mjs src/loc/lcl built/local src/compiler/diagnosticMessages.generated.json
Starting bundle-tsc
Starting build-tsc
Starting bundle-services
Starting build-services
Starting bundle-tsserver
Starting build-tsserver
Starting bundle-typings-installer
Starting build-typings-installer
Starting copy-built-local-diagnostic-messages
Finished copy-built-local-diagnostic-messages in 42ms
Finished bundle-typings-installer in 334ms
Finished bundle-tsserver in 748ms
Finished build-watch-guard in 1.8s
Finished bundle-tsc in 1.7s
Finished bundle-services in 2.3s
Finished localize in 3.1s
Finished build-tsc in 29.5s
Finished build-services in 29.5s
Finished build-tsserver in 29.5s
Finished build-typings-installer in 29.5s
Starting dts-services
> /workspace/adamic-tools/bin/node ./scripts/dtsBundler.mjs --entrypoint ./built/local/typescript/typescript.d.ts --output ./built/local/typescript.d.ts
Starting lssl
Finished lssl in 1ms
Bundling ./built/local/typescript/typescript.d.ts to ./built/local/typescript.d.ts and ./built/local/typescript.internal.d.ts
Finished dts-services in 4.1s
Starting dts-lssl
Finished dts-lssl in 6ms
Completed local in 33.9s

> typescript@6.0.3 build:tests
> hereby tests

Using /tmp/sys-stat-before-tree/Herebyfile.mjs to run tests
Starting lib
Starting generate-diagnostics
> /workspace/adamic-tools/bin/node scripts/processDiagnosticMessages.mjs src/compiler/diagnosticMessages.json
Reading diagnostics from src/compiler/diagnosticMessages.json
Finished generate-diagnostics in 108ms
Starting bundle-tests
Starting build-tests
Finished lib in 267ms
Finished bundle-tests in 1.7s
Finished build-tests in 10s
Completed tests in 10.1s
