--- FAIL: TestNativeAgreesWithNode (0.03s)
    --- FAIL: TestNativeAgreesWithNode/internal/oracle/testdata/borrow_element_virtual_store.a (0.42s)
        oracle_test.go:758: the release build: exit codes differ
            sanitized: exit 1, stdout "", stderr "=================================================================\n==169321==ERROR: AddressSanitizer: heap-use-after-free on address 0x7c5743be0108 at pc 0x55784a9770c2 bp 0x7fffa8a7dd10 sp 0x7fffa8a7dd08\nREAD of size 8 at 0x7c5743be0108 thread T0\n    #0 0x55784a9770c1 in adamic_function_0_inspect /tmp/loom-units/loom-unit-2028317007/workspace/loom-out/phase/catalog-units/00-0797vri2/adamic-build-2314583490/main.c:84:92\n    #1 0x55784a976b57 in main /tmp/loom-units/loom-unit-2028317007/workspace/loom-out/phase/catalog-units/00-0797vri2/adamic-build-2314583490/main.c:186:2\n    #2 0x7ff7448e2ca7  (/lib/x86_64-linux-gnu/libc.so.6+0x29ca7) (BuildId: c495b62edadd6c356265942ec1282d98058a7b41)\n    #3 0x7ff7448e2d64 in __libc_start_main (/lib/x86_64-linux-gnu/libc.so.6+0x29d64) (BuildId: c495b62edadd6c356265942ec1282d98058a7b41)\n    #4 0x55784a890460 in _start (/tmp/loom-units/loom-unit-2028317007/workspace/loom-out/phase/catalog-units/00-0797vri2/TestNativeAgreesWithNodeinternaloracletestdataborrow_element1426123498/002/program+0x59460)\n\n0x7c5743be0108 is located 40 bytes inside of 58-byte region [0x7c5743be00e0,0x7c5743be011a)\nfreed by thread T0 here:\n    #0 0x55784a932fd6 in free /home/runner/work/llvm-project/llvm-project/compiler-rt/lib/asan/asan_malloc_linux.cpp:51:3\n    #1 0x55784a98a20f in deallocate /home/agent/.cache/adamic/runtime/.build-1071012926/heap.c:212:3\n    #2 0x55784a98a20f in free_one /home/agent/.cache/adamic/runtime/.build-1071012926/heap.c:351:2\n    #3 0x55784a98a20f in release_last /home/agent/.cache/adamic/runtime/.build-1071012926/heap.c:364:3\n    #4 0x55784a977366 in adamic_function_5_Replacer_read /tmp/loom-units/loom-unit-2028317007/workspace/loom-out/phase/catalog-units/00-0797vri2/adamic-build-2314583490/main.c:164:2\n    #5 0x55784a976f7e in adamic_virtual_dispatch_2 /tmp/loom-units/loom-unit-2028317007/workspace/loom-out/phase/catalog-units/00-0797vri2/adamic-build-2314583490/main.c:28:17\n    #6 0x55784a976f7e in adamic_function_0_inspect /tmp/loom-units/loom-unit-2028317007/workspace/loom-out/phase/catalog-units/00-0797vri2/adamic-build-2314583490/main.c:82:31\n    #7 0x55784a976b57 in main /tmp/loom-units/loom-unit-2028317007/workspace/loom-out/phase/catalog-units/00-0797vri2/adamic-build-2314583490/main.c:186:2\n    #8 0x7ff7448e2ca7  (/lib/x86_64-linux-gnu/libc.so.6+0x29ca7) (BuildId: c495b62edadd6c356265942ec1282d98058a7b41)\n\npreviously allocated by thread T0 here:\n    #0 0x55784a933274 in malloc /home/runner/work/llvm-project/llvm-project/compiler-rt/lib/asan/asan_malloc_linux.cpp:67:3\n    #1 0x55784a9899bf in adamic_allocate /home/agent/.cache/adamic/runtime/.build-1071012926/heap.c:196:10\n    #2 0x55784a976b57 in main /tmp/loom-units/loom-unit-2028317007/workspace/loom-out/phase/catalog-units/00-0797vri2/adamic-build-2314583490/main.c:186:2\n    #3 0x7ff7448e2ca7  (/lib/x86_64-linux-gnu/libc.so.6+0x29ca7) (BuildId: c495b62edadd6c356265942ec1282d98058a7b41)\n\nSUMMARY: AddressSanitizer: heap-use-after-free /tmp/loom-units/loom-unit-2028317007/workspace/loom-out/phase/catalog-units/00-0797vri2/adamic-build-2314583490/main.c:84:92 in adamic_function_0_inspect\nShadow bytes around the buggy address:\n  0x7c5743bdfe80: 00 00 00 00 00 00 00 00 00 00 00 00 00 00 00 00\n  0x7c5743bdff00: 00 00 00 00 00 00 00 00 00 00 00 00 00 00 00 00\n  0x7c5743bdff80: 00 00 00 00 00 00 00 00 00 00 00 00 00 00 00 00\n  0x7c5743be0000: fa fa fa fa fd fd fd fd fd fd fd fd fa fa fa fa\n  0x7c5743be0080: fd fd fd fd fd fd fd fa fa fa fa fa fd fd fd fd\n=>0x7c5743be0100: fd[fd]fd fd fa fa fa fa 00 00 00 00 00 00 00 fa\n  0x7c5743be0180: fa fa fa fa 00 00 00 00 00 00 00 02 fa fa fa fa\n  0x7c5743be0200: fa fa fa fa fa fa fa fa fa fa fa fa fa fa fa fa\n  0x7c5743be0280: fa fa fa fa fa fa fa fa fa fa fa fa fa fa fa fa\n  0x7c5743be0300: fa fa fa fa fa fa fa fa fa fa fa fa fa fa fa fa\n  0x7c5743be0380: fa fa fa fa fa fa fa fa fa fa fa fa fa fa fa fa\nShadow byte legend (one shadow byte represents 8 application bytes):\n  Addressable:           00\n  Partially addressable: 01 02 03 04 05 06 07 \n  Heap left redzone:       fa\n  Freed heap region:       fd\n  Stack left redzone:      f1\n  Stack mid redzone:       f2\n  Stack right redzone:     f3\n  Stack after return:      f5\n  Stack use after scope:   f8\n  Global redzone:          f9\n  Global init order:       f6\n  Poisoned by user:        f7\n  Container overflow:      fc\n  Array cookie:            ac\n  Intra object redzone:    bb\n  ASan internal:           fe\n  Left alloca redzone:     ca\n  Right alloca redzone:    cb\n==169321==ABORTING\n"
            release:   exit 0, stdout "item1\nitem1\n", stderr ""
        oracle_test.go:774: exit codes differ
            node:   exit 0, stdout "item1\nitem1\n", stderr ""
            native: exit 1, stdout "", stderr "=================================================================\n==169321==ERROR: AddressSanitizer: heap-use-after-free on address 0x7c5743be0108 at pc 0x55784a9770c2 bp 0x7fffa8a7dd10 sp 0x7fffa8a7dd08\nREAD of size 8 at 0x7c5743be0108 thread T0\n    #0 0x55784a9770c1 in adamic_function_0_inspect /tmp/loom-units/loom-unit-2028317007/workspace/loom-out/phase/catalog-units/00-0797vri2/adamic-build-2314583490/main.c:84:92\n    #1 0x55784a976b57 in main /tmp/loom-units/loom-unit-2028317007/workspace/loom-out/phase/catalog-units/00-0797vri2/adamic-build-2314583490/main.c:186:2\n    #2 0x7ff7448e2ca7  (/lib/x86_64-linux-gnu/libc.so.6+0x29ca7) (BuildId: c495b62edadd6c356265942ec1282d98058a7b41)\n    #3 0x7ff7448e2d64 in __libc_start_main (/lib/x86_64-linux-gnu/libc.so.6+0x29d64) (BuildId: c495b62edadd6c356265942ec1282d98058a7b41)\n    #4 0x55784a890460 in _start (/tmp/loom-units/loom-unit-2028317007/workspace/loom-out/phase/catalog-units/00-0797vri2/TestNativeAgreesWithNodeinternaloracletestdataborrow_element1426123498/002/program+0x59460)\n\n0x7c5743be0108 is located 40 bytes inside of 58-byte region [0x7c5743be00e0,0x7c5743be011a)\nfreed by thread T0 here:\n    #0 0x55784a932fd6 in free /home/runner/work/llvm-project/llvm-project/compiler-rt/lib/asan/asan_malloc_linux.cpp:51:3\n    #1 0x55784a98a20f in deallocate /home/agent/.cache/adamic/runtime/.build-1071012926/heap.c:212:3\n    #2 0x55784a98a20f in free_one /home/agent/.cache/adamic/runtime/.build-1071012926/heap.c:351:2\n    #3 0x55784a98a20f in release_last /home/agent/.cache/adamic/runtime/.build-1071012926/heap.c:364:3\n    #4 0x55784a977366 in adamic_function_5_Replacer_read /tmp/loom-units/loom-unit-2028317007/workspace/loom-out/phase/catalog-units/00-0797vri2/adamic-build-2314583490/main.c:164:2\n    #5 0x55784a976f7e in adamic_virtual_dispatch_2 /tmp/loom-units/loom-unit-2028317007/workspace/loom-out/phase/catalog-units/00-0797vri2/adamic-build-2314583490/main.c:28:17\n    #6 0x55784a976f7e in adamic_function_0_inspect /tmp/loom-units/loom-unit-2028317007/workspace/loom-out/phase/catalog-units/00-0797vri2/adamic-build-2314583490/main.c:82:31\n    #7 0x55784a976b57 in main /tmp/loom-units/loom-unit-2028317007/workspace/loom-out/phase/catalog-units/00-0797vri2/adamic-build-2314583490/main.c:186:2\n    #8 0x7ff7448e2ca7  (/lib/x86_64-linux-gnu/libc.so.6+0x29ca7) (BuildId: c495b62edadd6c356265942ec1282d98058a7b41)\n\npreviously allocated by thread T0 here:\n    #0 0x55784a933274 in malloc /home/runner/work/llvm-project/llvm-project/compiler-rt/lib/asan/asan_malloc_linux.cpp:67:3\n    #1 0x55784a9899bf in adamic_allocate /home/agent/.cache/adamic/runtime/.build-1071012926/heap.c:196:10\n    #2 0x55784a976b57 in main /tmp/loom-units/loom-unit-2028317007/workspace/loom-out/phase/catalog-units/00-0797vri2/adamic-build-2314583490/main.c:186:2\n    #3 0x7ff7448e2ca7  (/lib/x86_64-linux-gnu/libc.so.6+0x29ca7) (BuildId: c495b62edadd6c356265942ec1282d98058a7b41)\n\nSUMMARY: AddressSanitizer: heap-use-after-free /tmp/loom-units/loom-unit-2028317007/workspace/loom-out/phase/catalog-units/00-0797vri2/adamic-build-2314583490/main.c:84:92 in adamic_function_0_inspect\nShadow bytes around the buggy address:\n  0x7c5743bdfe80: 00 00 00 00 00 00 00 00 00 00 00 00 00 00 00 00\n  0x7c5743bdff00: 00 00 00 00 00 00 00 00 00 00 00 00 00 00 00 00\n  0x7c5743bdff80: 00 00 00 00 00 00 00 00 00 00 00 00 00 00 00 00\n  0x7c5743be0000: fa fa fa fa fd fd fd fd fd fd fd fd fa fa fa fa\n  0x7c5743be0080: fd fd fd fd fd fd fd fa fa fa fa fa fd fd fd fd\n=>0x7c5743be0100: fd[fd]fd fd fa fa fa fa 00 00 00 00 00 00 00 fa\n  0x7c5743be0180: fa fa fa fa 00 00 00 00 00 00 00 02 fa fa fa fa\n  0x7c5743be0200: fa fa fa fa fa fa fa fa fa fa fa fa fa fa fa fa\n  0x7c5743be0280: fa fa fa fa fa fa fa fa fa fa fa fa fa fa fa fa\n  0x7c5743be0300: fa fa fa fa fa fa fa fa fa fa fa fa fa fa fa fa\n  0x7c5743be0380: fa fa fa fa fa fa fa fa fa fa fa fa fa fa fa fa\nShadow byte legend (one shadow byte represents 8 application bytes):\n  Addressable:           00\n  Partially addressable: 01 02 03 04 05 06 07 \n  Heap left redzone:       fa\n  Freed heap region:       fd\n  Stack left redzone:      f1\n  Stack mid redzone:       f2\n  Stack right redzone:     f3\n  Stack after return:      f5\n  Stack use after scope:   f8\n  Global redzone:          f9\n  Global init order:       f6\n  Poisoned by user:        f7\n  Container overflow:      fc\n  Array cookie:            ac\n  Intra object redzone:    bb\n  ASan internal:           fe\n  Left alloca redzone:     ca\n  Right alloca redzone:    cb\n==169321==ABORTING\n"
        oracle_test.go:787: leaks:
            exit 1
            =================================================================
            ==169328==ERROR: AddressSanitizer: heap-use-after-free on address 0x7c093c7e0108 at pc 0x56333023b0c2 bp 0x7fffa5693ff0 sp 0x7fffa5693fe8
            READ of size 8 at 0x7c093c7e0108 thread T0
                #0 0x56333023b0c1 in adamic_function_0_inspect /tmp/loom-units/loom-unit-2028317007/workspace/loom-out/phase/catalog-units/00-0797vri2/adamic-build-2314583490/main.c:84:92
                #1 0x56333023ab57 in main /tmp/loom-units/loom-unit-2028317007/workspace/loom-out/phase/catalog-units/00-0797vri2/adamic-build-2314583490/main.c:186:2
                #2 0x7fa93d521ca7  (/lib/x86_64-linux-gnu/libc.so.6+0x29ca7) (BuildId: c495b62edadd6c356265942ec1282d98058a7b41)
                #3 0x7fa93d521d64 in __libc_start_main (/lib/x86_64-linux-gnu/libc.so.6+0x29d64) (BuildId: c495b62edadd6c356265942ec1282d98058a7b41)
                #4 0x563330154460 in _start (/tmp/loom-units/loom-unit-2028317007/workspace/loom-out/phase/catalog-units/00-0797vri2/TestNativeAgreesWithNodeinternaloracletestdataborrow_element1426123498/002/program+0x59460)
            
            0x7c093c7e0108 is located 40 bytes inside of 58-byte region [0x7c093c7e00e0,0x7c093c7e011a)
            freed by thread T0 here:
                #0 0x5633301f6fd6 in free /home/runner/work/llvm-project/llvm-project/compiler-rt/lib/asan/asan_malloc_linux.cpp:51:3
                #1 0x56333024e20f in deallocate /home/agent/.cache/adamic/runtime/.build-1071012926/heap.c:212:3
                #2 0x56333024e20f in free_one /home/agent/.cache/adamic/runtime/.build-1071012926/heap.c:351:2
                #3 0x56333024e20f in release_last /home/agent/.cache/adamic/runtime/.build-1071012926/heap.c:364:3
                #4 0x56333023b366 in adamic_function_5_Replacer_read /tmp/loom-units/loom-unit-2028317007/workspace/loom-out/phase/catalog-units/00-0797vri2/adamic-build-2314583490/main.c:164:2
                #5 0x56333023af7e in adamic_virtual_dispatch_2 /tmp/loom-units/loom-unit-2028317007/workspace/loom-out/phase/catalog-units/00-0797vri2/adamic-build-2314583490/main.c:28:17
                #6 0x56333023af7e in adamic_function_0_inspect /tmp/loom-units/loom-unit-2028317007/workspace/loom-out/phase/catalog-units/00-0797vri2/adamic-build-2314583490/main.c:82:31
                #7 0x56333023ab57 in main /tmp/loom-units/loom-unit-2028317007/workspace/loom-out/phase/catalog-units/00-0797vri2/adamic-build-2314583490/main.c:186:2
                #8 0x7fa93d521ca7  (/lib/x86_64-linux-gnu/libc.so.6+0x29ca7) (BuildId: c495b62edadd6c356265942ec1282d98058a7b41)
            
            previously allocated by thread T0 here:
                #0 0x5633301f7274 in malloc /home/runner/work/llvm-project/llvm-project/compiler-rt/lib/asan/asan_malloc_linux.cpp:67:3
                #1 0x56333024d9bf in adamic_allocate /home/agent/.cache/adamic/runtime/.build-1071012926/heap.c:196:10
                #2 0x56333023ab57 in main /tmp/loom-units/loom-unit-2028317007/workspace/loom-out/phase/catalog-units/00-0797vri2/adamic-build-2314583490/main.c:186:2
                #3 0x7fa93d521ca7  (/lib/x86_64-linux-gnu/libc.so.6+0x29ca7) (BuildId: c495b62edadd6c356265942ec1282d98058a7b41)
            
            SUMMARY: AddressSanitizer: heap-use-after-free /tmp/loom-units/loom-unit-2028317007/workspace/loom-out/phase/catalog-units/00-0797vri2/adamic-build-2314583490/main.c:84:92 in adamic_function_0_inspect
            Shadow bytes around the buggy address:
              0x7c093c7dfe80: 00 00 00 00 00 00 00 00 00 00 00 00 00 00 00 00
              0x7c093c7dff00: 00 00 00 00 00 00 00 00 00 00 00 00 00 00 00 00
              0x7c093c7dff80: 00 00 00 00 00 00 00 00 00 00 00 00 00 00 00 00
              0x7c093c7e0000: fa fa fa fa fd fd fd fd fd fd fd fd fa fa fa fa
              0x7c093c7e0080: fd fd fd fd fd fd fd fa fa fa fa fa fd fd fd fd
            =>0x7c093c7e0100: fd[fd]fd fd fa fa fa fa 00 00 00 00 00 00 00 fa
              0x7c093c7e0180: fa fa fa fa 00 00 00 00 00 00 00 02 fa fa fa fa
              0x7c093c7e0200: fa fa fa fa fa fa fa fa fa fa fa fa fa fa fa fa
              0x7c093c7e0280: fa fa fa fa fa fa fa fa fa fa fa fa fa fa fa fa
              0x7c093c7e0300: fa fa fa fa fa fa fa fa fa fa fa fa fa fa fa fa
              0x7c093c7e0380: fa fa fa fa fa fa fa fa fa fa fa fa fa fa fa fa
            Shadow byte legend (one shadow byte represents 8 application bytes):
              Addressable:           00
              Partially addressable: 01 02 03 04 05 06 07 
              Heap left redzone:       fa
              Freed heap region:       fd
              Stack left redzone:      f1
              Stack mid redzone:       f2
              Stack right redzone:     f3
              Stack after return:      f5
              Stack use after scope:   f8
              Global redzone:          f9
              Global init order:       f6
              Poisoned by user:        f7
              Container overflow:      fc
              Array cookie:            ac
              Intra object redzone:    bb
              ASan internal:           fe
              Left alloca redzone:     ca
              Right alloca redzone:    cb
            ==169328==ABORTING
FAIL
gate cache: native hits=0 misses=3
gate cache: node hits=0 misses=2
gate cache: probe hits=0 misses=0
FAIL	github.com/system-inc/adamic/internal/oracle	0.455s
FAIL
