1/81 /tmp/regex-captures-fixed/src/compiler/_namespaces/ts.moduleSpecifiers.ts Refused 9.010s
2/81 /tmp/regex-captures-fixed/src/compiler/_namespaces/ts.performance.ts Refused 14.443s
3/81 /tmp/regex-captures-fixed/src/compiler/_namespaces/ts.ts Refused 8.688s
4/81 /tmp/regex-captures-fixed/src/compiler/binder.ts Refused 7.327s
5/81 /tmp/regex-captures-fixed/src/compiler/builder.ts Refused 6.178s
6/81 /tmp/regex-captures-fixed/src/compiler/builderPublic.ts Refused 6.332s
7/81 /tmp/regex-captures-fixed/src/compiler/builderState.ts Refused 6.456s
8/81 /tmp/regex-captures-fixed/src/compiler/builderStatePublic.ts Refused 5.434s
9/81 /tmp/regex-captures-fixed/src/compiler/checker.ts Refused 5.571s
10/81 /tmp/regex-captures-fixed/src/compiler/commandLineParser.ts Refused 6.666s
11/81 /tmp/regex-captures-fixed/src/compiler/core.ts Refused 8.201s
12/81 /tmp/regex-captures-fixed/src/compiler/corePublic.ts Refused 6.524s
13/81 /tmp/regex-captures-fixed/src/compiler/debug.ts Refused 6.673s
14/81 /tmp/regex-captures-fixed/src/compiler/diagnosticInformationMap.generated.ts Refused 6.065s
15/81 /tmp/regex-captures-fixed/src/compiler/diagnosticMessages.generated.json error 0.000s
16/81 /tmp/regex-captures-fixed/src/compiler/diagnosticMessages.json error 0.000s
17/81 /tmp/regex-captures-fixed/src/compiler/emitter.ts Refused 5.477s
18/81 /tmp/regex-captures-fixed/src/compiler/executeCommandLine.ts Refused 5.438s
19/81 /tmp/regex-captures-fixed/src/compiler/expressionToTypeNode.ts Refused 6.273s
20/81 /tmp/regex-captures-fixed/src/compiler/factory/baseNodeFactory.ts Refused 5.410s
21/81 /tmp/regex-captures-fixed/src/compiler/factory/emitHelpers.ts Refused 5.896s
22/81 /tmp/regex-captures-fixed/src/compiler/factory/emitNode.ts Refused 5.731s
23/81 /tmp/regex-captures-fixed/src/compiler/factory/nodeChildren.ts Refused 6.149s
24/81 /tmp/regex-captures-fixed/src/compiler/factory/nodeConverters.ts Refused 5.939s
25/81 /tmp/regex-captures-fixed/src/compiler/factory/nodeFactory.ts Refused 6.157s
26/81 /tmp/regex-captures-fixed/src/compiler/factory/nodeTests.ts Refused 6.205s
27/81 /tmp/regex-captures-fixed/src/compiler/factory/parenthesizerRules.ts Refused 4.226s
28/81 /tmp/regex-captures-fixed/src/compiler/factory/utilities.ts Refused 4.420s
29/81 /tmp/regex-captures-fixed/src/compiler/factory/utilitiesPublic.ts Refused 5.972s
30/81 /tmp/regex-captures-fixed/src/compiler/moduleNameResolver.ts Refused 3.883s
31/81 /tmp/regex-captures-fixed/src/compiler/moduleSpecifiers.ts Refused 4.683s
32/81 /tmp/regex-captures-fixed/src/compiler/parser.ts Refused 4.932s
33/81 /tmp/regex-captures-fixed/src/compiler/path.ts Refused 6.287s
34/81 /tmp/regex-captures-fixed/src/compiler/performance.ts Refused 7.944s
35/81 /tmp/regex-captures-fixed/src/compiler/performanceCore.ts Refused 10.298s
36/81 /tmp/regex-captures-fixed/src/compiler/program.ts Refused 10.016s
37/81 /tmp/regex-captures-fixed/src/compiler/programDiagnostics.ts Refused 9.427s
38/81 /tmp/regex-captures-fixed/src/compiler/resolutionCache.ts Refused 4.865s
39/81 /tmp/regex-captures-fixed/src/compiler/scanner.ts Refused 3.834s
40/81 /tmp/regex-captures-fixed/src/compiler/semver.ts Refused 3.310s
41/81 /tmp/regex-captures-fixed/src/compiler/sourcemap.ts Refused 5.311s
42/81 /tmp/regex-captures-fixed/src/compiler/symbolWalker.ts Refused 6.111s
43/81 /tmp/regex-captures-fixed/src/compiler/sys.ts Refused 7.170s
44/81 /tmp/regex-captures-fixed/src/compiler/tracing.ts Refused 6.352s
45/81 /tmp/regex-captures-fixed/src/compiler/transformer.ts Refused 6.049s
46/81 /tmp/regex-captures-fixed/src/compiler/transformers/classFields.ts Refused 5.460s
47/81 /tmp/regex-captures-fixed/src/compiler/transformers/classThis.ts Refused 5.605s
48/81 /tmp/regex-captures-fixed/src/compiler/transformers/declarations.ts Refused 5.990s
49/81 /tmp/regex-captures-fixed/src/compiler/transformers/declarations/diagnostics.ts Refused 5.681s
50/81 /tmp/regex-captures-fixed/src/compiler/transformers/destructuring.ts Refused 5.698s
51/81 /tmp/regex-captures-fixed/src/compiler/transformers/es2015.ts Refused 5.571s
52/81 /tmp/regex-captures-fixed/src/compiler/transformers/es2016.ts Refused 6.028s
53/81 /tmp/regex-captures-fixed/src/compiler/transformers/es2017.ts Refused 5.468s
54/81 /tmp/regex-captures-fixed/src/compiler/transformers/es2018.ts Refused 6.432s
55/81 /tmp/regex-captures-fixed/src/compiler/transformers/es2019.ts Refused 3.581s
56/81 /tmp/regex-captures-fixed/src/compiler/transformers/es2020.ts Refused 3.098s
57/81 /tmp/regex-captures-fixed/src/compiler/transformers/es2021.ts Refused 3.454s
58/81 /tmp/regex-captures-fixed/src/compiler/transformers/esDecorators.ts Refused 2.857s
59/81 /tmp/regex-captures-fixed/src/compiler/transformers/esnext.ts Refused 2.496s
60/81 /tmp/regex-captures-fixed/src/compiler/transformers/generators.ts Refused 2.701s
61/81 /tmp/regex-captures-fixed/src/compiler/transformers/jsx.ts Refused 2.551s
62/81 /tmp/regex-captures-fixed/src/compiler/transformers/legacyDecorators.ts Refused 2.501s
63/81 /tmp/regex-captures-fixed/src/compiler/transformers/module/esnextAnd2015.ts Refused 2.456s
64/81 /tmp/regex-captures-fixed/src/compiler/transformers/module/impliedNodeFormatDependent.ts Refused 2.915s
65/81 /tmp/regex-captures-fixed/src/compiler/transformers/module/module.ts Refused 3.904s
66/81 /tmp/regex-captures-fixed/src/compiler/transformers/module/system.ts Refused 3.471s
67/81 /tmp/regex-captures-fixed/src/compiler/transformers/namedEvaluation.ts Refused 2.754s
68/81 /tmp/regex-captures-fixed/src/compiler/transformers/taggedTemplate.ts Refused 2.410s
69/81 /tmp/regex-captures-fixed/src/compiler/transformers/ts.ts Refused 2.733s
70/81 /tmp/regex-captures-fixed/src/compiler/transformers/typeSerializer.ts Refused 2.637s
71/81 /tmp/regex-captures-fixed/src/compiler/transformers/utilities.ts Refused 2.863s
72/81 /tmp/regex-captures-fixed/src/compiler/tsbuild.ts Refused 2.655s
73/81 /tmp/regex-captures-fixed/src/compiler/tsbuildPublic.ts Refused 2.422s
74/81 /tmp/regex-captures-fixed/src/compiler/tsconfig.json error 0.000s
75/81 /tmp/regex-captures-fixed/src/compiler/types.ts Refused 2.551s
76/81 /tmp/regex-captures-fixed/src/compiler/utilities.ts Refused 2.662s
77/81 /tmp/regex-captures-fixed/src/compiler/utilitiesPublic.ts Refused 2.468s
78/81 /tmp/regex-captures-fixed/src/compiler/visitorPublic.ts Refused 2.398s
79/81 /tmp/regex-captures-fixed/src/compiler/watch.ts Refused 2.406s
80/81 /tmp/regex-captures-fixed/src/compiler/watchPublic.ts Refused 2.502s
81/81 /tmp/regex-captures-fixed/src/compiler/watchUtilities.ts Refused 2.498s
whole program: 78 roots error 2.521s
