Auto-merging THIRD_PARTY_NOTICES.md
CONFLICT (content): Merge conflict in THIRD_PARTY_NOTICES.md
Auto-merging internal/fresh/fresh.go
CONFLICT (content): Merge conflict in internal/fresh/fresh.go
Auto-merging internal/fresh/library_language.go
CONFLICT (content): Merge conflict in internal/fresh/library_language.go
Auto-merging internal/fresh/node_fs_file_test.go
CONFLICT (add/add): Merge conflict in internal/fresh/node_fs_file_test.go
Auto-merging internal/javascript/javascript.go
CONFLICT (content): Merge conflict in internal/javascript/javascript.go
Auto-merging internal/javascript/library_node_fs_directory.go
CONFLICT (add/add): Merge conflict in internal/javascript/library_node_fs_directory.go
Auto-merging internal/javascript/library_node_fs_file.go
CONFLICT (add/add): Merge conflict in internal/javascript/library_node_fs_file.go
Auto-merging internal/load/prelude.d.ts
Auto-merging internal/lower/exceptions.go
CONFLICT (content): Merge conflict in internal/lower/exceptions.go
Auto-merging internal/lower/expression.go
Auto-merging internal/lower/library_node.go
Auto-merging internal/lower/library_node_fs_buffer.go
CONFLICT (add/add): Merge conflict in internal/lower/library_node_fs_buffer.go
Auto-merging internal/lower/library_node_fs_directory.go
CONFLICT (add/add): Merge conflict in internal/lower/library_node_fs_directory.go
Auto-merging internal/lower/library_node_fs_file.go
CONFLICT (add/add): Merge conflict in internal/lower/library_node_fs_file.go
Auto-merging internal/lower/library_node_fs_file_test.go
CONFLICT (add/add): Merge conflict in internal/lower/library_node_fs_file_test.go
Auto-merging internal/lower/object.go
CONFLICT (content): Merge conflict in internal/lower/object.go
Auto-merging internal/lower/refusals.go
CONFLICT (content): Merge conflict in internal/lower/refusals.go
Auto-merging internal/lower/statements.go
Auto-merging internal/native/emit_expressions.go
CONFLICT (content): Merge conflict in internal/native/emit_expressions.go
Auto-merging internal/native/fields.go
CONFLICT (content): Merge conflict in internal/native/fields.go
Auto-merging internal/native/library_node_fs_directory.go
CONFLICT (add/add): Merge conflict in internal/native/library_node_fs_directory.go
Auto-merging internal/native/runtime/adamic.h
CONFLICT (content): Merge conflict in internal/native/runtime/adamic.h
Auto-merging internal/native/runtime/node_fs_directory.c
CONFLICT (add/add): Merge conflict in internal/native/runtime/node_fs_directory.c
Auto-merging internal/native/runtime/node_fs_directory.h
CONFLICT (add/add): Merge conflict in internal/native/runtime/node_fs_directory.h
Auto-merging internal/native/runtime/node_fs_file.c
CONFLICT (add/add): Merge conflict in internal/native/runtime/node_fs_file.c
Auto-merging internal/native/runtime/node_fs_file.h
CONFLICT (add/add): Merge conflict in internal/native/runtime/node_fs_file.h
Auto-merging internal/native/runtime/node_path.c
CONFLICT (add/add): Merge conflict in internal/native/runtime/node_path.c
Auto-merging internal/native/runtime/node_path.h
CONFLICT (add/add): Merge conflict in internal/native/runtime/node_path.h
Auto-merging internal/oracle/counts.md
CONFLICT (content): Merge conflict in internal/oracle/counts.md
Auto-merging internal/oracle/counts_test.go
Auto-merging internal/oracle/input_test.go
Auto-merging internal/oracle/node_fs_directory_layout_test.go
CONFLICT (add/add): Merge conflict in internal/oracle/node_fs_directory_layout_test.go
Auto-merging internal/oracle/node_fs_directory_test.go
CONFLICT (add/add): Merge conflict in internal/oracle/node_fs_directory_test.go
Auto-merging internal/oracle/node_fs_file_host_check.py
CONFLICT (add/add): Merge conflict in internal/oracle/node_fs_file_host_check.py
Auto-merging internal/oracle/node_fs_file_host_status.json
CONFLICT (add/add): Merge conflict in internal/oracle/node_fs_file_host_status.json
Auto-merging internal/oracle/node_fs_file_report.md
CONFLICT (add/add): Merge conflict in internal/oracle/node_fs_file_report.md
Auto-merging internal/oracle/node_fs_file_test.go
CONFLICT (add/add): Merge conflict in internal/oracle/node_fs_file_test.go
Auto-merging internal/oracle/node_path_relative_test.go
CONFLICT (add/add): Merge conflict in internal/oracle/node_path_relative_test.go
Auto-merging internal/oracle/testdata/node_fs_file_close.a
CONFLICT (add/add): Merge conflict in internal/oracle/testdata/node_fs_file_close.a
Auto-merging oracle/adamic.mjs
Auto-merging stage3/host/fs_directory.a
CONFLICT (add/add): Merge conflict in stage3/host/fs_directory.a
Auto-merging stage3/host/fs_directory_report.md
CONFLICT (add/add): Merge conflict in stage3/host/fs_directory_report.md
Automatic merge failed; fix conflicts and then commit the result.
