01_readFile_utf8.a: caught by Node stdout comparison
02_readFile_utf16le.a: caught by Node stdout comparison
03_readFile_utf16be.a: caught by Node stdout comparison
04_readFile_missing.a: caught by Node stdout comparison
05_writeFile.a: caught by Node stdout comparison
06_fileExists.a: caught by Node stdout comparison
07_directoryExists.a: caught by Node stdout comparison
08_getDirectories.a: caught by Node stdout comparison
09_realpath.a: caught by Node stdout comparison
10_getModifiedTime.a: caught by Node stdout comparison
11_setModifiedTime.a: caught by Node stdout comparison
12_deleteFile.a: caught by Node stdout comparison
13_createDirectory.a: caught by Node stdout,stderr,exit comparison
14_getCurrentDirectory.a: caught by Node stdout comparison
15_getExecutingFilePath.a: caught by Node stdout comparison
16_getEnvironmentVariable.a: caught by Node stdout comparison
17_write.a: caught by Node stdout comparison
18_exit_0.a: caught by Node exit comparison
19_exit_1.a: caught by Node exit comparison
20_exit_2.a: caught by Node exit comparison
21_createHash.a: caught by Node stdout comparison
22_createHash_fallback.a: caught by Node stdout comparison
23_newLine.a: caught by Node stdout comparison
24_useCaseSensitiveFileNames.a: caught by Node stdout comparison
25_readDirectory.a: caught by Node stdout comparison
