--- FAIL: TestNativeAgreesWithNode (0.11s)
    --- FAIL: TestNativeAgreesWithNode/internal/oracle/testdata/borrow_element_super_move.a (2.68s)
        oracle_test.go:758: the release build: exit codes differ
            sanitized: exit 1, stdout "", stderr "=================================================================\n==340146==ERROR: AddressSanitizer: heap-use-after-free on address 0x711c6b1e0048 at pc 0x5f8ab71f60a7 bp 0x7ffcb9e79470 sp 0x7ffcb9e79468\nREAD of size 8 at 0x711c6b1e0048 thread T0\n    #0 0x5f8ab71f60a6 in adamic_function_5_Mapper_twice /home/ahra/full-gate/out/7b890befc8fc-20261009T161252Z/catalog-units/03-9nw8tszg/adamic-build-2602587065/main.c:183:94\n    #1 0x5f8ab71f5a6e in main /home/ahra/full-gate/out/7b890befc8fc-20261009T161252Z/catalog-units/03-9nw8tszg/adamic-build-2602587065/main.c:221:40\n    #2 0x74bc6c02a1c9  (/lib/x86_64-linux-gnu/libc.so.6+0x2a1c9) (BuildId: a4a7992a8e66555c8141ab2a08a8465ff6e0ea65)\n    #3 0x74bc6c02a28a in __libc_start_main (/lib/x86_64-linux-gnu/libc.so.6+0x2a28a) (BuildId: a4a7992a8e66555c8141ab2a08a8465ff6e0ea65)\n    #4 0x5f8ab710f464 in _start (/home/ahra/full-gate/out/7b890befc8fc-20261009T161252Z/catalog-units/03-9nw8tszg/TestNativeAgreesWithNodeinternaloracletestdataborrow_element3746240714/002/program+0x5a464)\n\n0x711c6b1e0048 is located 40 bytes inside of 58-byte region [0x711c6b1e0020,0x711c6b1e005a)\nfreed by thread T0 here:\n    #0 0x5f8ab71b1fd6 in free /home/runner/work/llvm-project/llvm-project/compiler-rt/lib/asan/asan_malloc_linux.cpp:51:3\n    #1 0x5f8ab720967f in deallocate /home/ahra/.cache/adamic/runtime/.build-204418457/heap.c:212:3\n    #2 0x5f8ab720967f in free_one /home/ahra/.cache/adamic/runtime/.build-204418457/heap.c:351:2\n    #3 0x5f8ab720967f in release_last /home/ahra/.cache/adamic/runtime/.build-204418457/heap.c:364:3\n\npreviously allocated by thread T0 here:\n    #0 0x5f8ab71b2274 in malloc /home/runner/work/llvm-project/llvm-project/compiler-rt/lib/asan/asan_malloc_linux.cpp:67:3\n    #1 0x5f8ab7208e2f in adamic_allocate /home/ahra/.cache/adamic/runtime/.build-204418457/heap.c:196:10\n    #2 0x5f8ab71f5a6e in main /home/ahra/full-gate/out/7b890befc8fc-20261009T161252Z/catalog-units/03-9nw8tszg/adamic-build-2602587065/main.c:221:40\n    #3 0x74bc6c02a1c9  (/lib/x86_64-linux-gnu/libc.so.6+0x2a1c9) (BuildId: a4a7992a8e66555c8141ab2a08a8465ff6e0ea65)\n    #4 0x74bc6c02a28a in __libc_start_main (/lib/x86_64-linux-gnu/libc.so.6+0x2a28a) (BuildId: a4a7992a8e66555c8141ab2a08a8465ff6e0ea65)\n    #5 0x5f8ab710f464 in _start (/home/ahra/full-gate/out/7b890befc8fc-20261009T161252Z/catalog-units/03-9nw8tszg/TestNativeAgreesWithNodeinternaloracletestdataborrow_element3746240714/002/program+0x5a464)\n\nSUMMARY: AddressSanitizer: heap-use-after-free /home/ahra/full-gate/out/7b890befc8fc-20261009T161252Z/catalog-units/03-9nw8tszg/adamic-build-2602587065/main.c:183:94 in adamic_function_5_Mapper_twice\nShadow bytes around the buggy address:\n  0x711c6b1dfd80: 00 00 00 00 00 00 00 00 00 00 00 00 00 00 00 00\n  0x711c6b1dfe00: 00 00 00 00 00 00 00 00 00 00 00 00 00 00 00 00\n  0x711c6b1dfe80: 00 00 00 00 00 00 00 00 00 00 00 00 00 00 00 00\n  0x711c6b1dff00: 00 00 00 00 00 00 00 00 00 00 00 00 00 00 00 00\n  0x711c6b1dff80: 00 00 00 00 00 00 00 00 00 00 00 00 00 00 00 00\n=>0x711c6b1e0000: fa fa fa fa fd fd fd fd fd[fd]fd fd fa fa fa fa\n  0x711c6b1e0080: fd fd fd fd fd fd fd fd fa fa fa fa fd fd fd fd\n  0x711c6b1e0100: fd fd fd fa fa fa fa fa fa fa fa fa fa fa fa fa\n  0x711c6b1e0180: fa fa fa fa fa fa fa fa fa fa fa fa fa fa fa fa\n  0x711c6b1e0200: fa fa fa fa fa fa fa fa fa fa fa fa fa fa fa fa\n  0x711c6b1e0280: fa fa fa fa fa fa fa fa fa fa fa fa fa fa fa fa\nShadow byte legend (one shadow byte represents 8 application bytes):\n  Addressable:           00\n  Partially addressable: 01 02 03 04 05 06 07 \n  Heap left redzone:       fa\n  Freed heap region:       fd\n  Stack left redzone:      f1\n  Stack mid redzone:       f2\n  Stack right redzone:     f3\n  Stack after return:      f5\n  Stack use after scope:   f8\n  Global redzone:          f9\n  Global init order:       f6\n  Poisoned by user:        f7\n  Container overflow:      fc\n  Array cookie:            ac\n  Intra object redzone:    bb\n  ASan internal:           fe\n  Left alloca redzone:     ca\n  Right alloca redzone:    cb\n==340146==ABORTING\n"
            release:   exit 0, stdout "2 2\n", stderr ""
        oracle_test.go:774: exit codes differ
            node:   exit 0, stdout "a1 2\n", stderr ""
            native: exit 1, stdout "", stderr "=================================================================\n==340146==ERROR: AddressSanitizer: heap-use-after-free on address 0x711c6b1e0048 at pc 0x5f8ab71f60a7 bp 0x7ffcb9e79470 sp 0x7ffcb9e79468\nREAD of size 8 at 0x711c6b1e0048 thread T0\n    #0 0x5f8ab71f60a6 in adamic_function_5_Mapper_twice /home/ahra/full-gate/out/7b890befc8fc-20261009T161252Z/catalog-units/03-9nw8tszg/adamic-build-2602587065/main.c:183:94\n    #1 0x5f8ab71f5a6e in main /home/ahra/full-gate/out/7b890befc8fc-20261009T161252Z/catalog-units/03-9nw8tszg/adamic-build-2602587065/main.c:221:40\n    #2 0x74bc6c02a1c9  (/lib/x86_64-linux-gnu/libc.so.6+0x2a1c9) (BuildId: a4a7992a8e66555c8141ab2a08a8465ff6e0ea65)\n    #3 0x74bc6c02a28a in __libc_start_main (/lib/x86_64-linux-gnu/libc.so.6+0x2a28a) (BuildId: a4a7992a8e66555c8141ab2a08a8465ff6e0ea65)\n    #4 0x5f8ab710f464 in _start (/home/ahra/full-gate/out/7b890befc8fc-20261009T161252Z/catalog-units/03-9nw8tszg/TestNativeAgreesWithNodeinternaloracletestdataborrow_element3746240714/002/program+0x5a464)\n\n0x711c6b1e0048 is located 40 bytes inside of 58-byte region [0x711c6b1e0020,0x711c6b1e005a)\nfreed by thread T0 here:\n    #0 0x5f8ab71b1fd6 in free /home/runner/work/llvm-project/llvm-project/compiler-rt/lib/asan/asan_malloc_linux.cpp:51:3\n    #1 0x5f8ab720967f in deallocate /home/ahra/.cache/adamic/runtime/.build-204418457/heap.c:212:3\n    #2 0x5f8ab720967f in free_one /home/ahra/.cache/adamic/runtime/.build-204418457/heap.c:351:2\n    #3 0x5f8ab720967f in release_last /home/ahra/.cache/adamic/runtime/.build-204418457/heap.c:364:3\n\npreviously allocated by thread T0 here:\n    #0 0x5f8ab71b2274 in malloc /home/runner/work/llvm-project/llvm-project/compiler-rt/lib/asan/asan_malloc_linux.cpp:67:3\n    #1 0x5f8ab7208e2f in adamic_allocate /home/ahra/.cache/adamic/runtime/.build-204418457/heap.c:196:10\n    #2 0x5f8ab71f5a6e in main /home/ahra/full-gate/out/7b890befc8fc-20261009T161252Z/catalog-units/03-9nw8tszg/adamic-build-2602587065/main.c:221:40\n    #3 0x74bc6c02a1c9  (/lib/x86_64-linux-gnu/libc.so.6+0x2a1c9) (BuildId: a4a7992a8e66555c8141ab2a08a8465ff6e0ea65)\n    #4 0x74bc6c02a28a in __libc_start_main (/lib/x86_64-linux-gnu/libc.so.6+0x2a28a) (BuildId: a4a7992a8e66555c8141ab2a08a8465ff6e0ea65)\n    #5 0x5f8ab710f464 in _start (/home/ahra/full-gate/out/7b890befc8fc-20261009T161252Z/catalog-units/03-9nw8tszg/TestNativeAgreesWithNodeinternaloracletestdataborrow_element3746240714/002/program+0x5a464)\n\nSUMMARY: AddressSanitizer: heap-use-after-free /home/ahra/full-gate/out/7b890befc8fc-20261009T161252Z/catalog-units/03-9nw8tszg/adamic-build-2602587065/main.c:183:94 in adamic_function_5_Mapper_twice\nShadow bytes around the buggy address:\n  0x711c6b1dfd80: 00 00 00 00 00 00 00 00 00 00 00 00 00 00 00 00\n  0x711c6b1dfe00: 00 00 00 00 00 00 00 00 00 00 00 00 00 00 00 00\n  0x711c6b1dfe80: 00 00 00 00 00 00 00 00 00 00 00 00 00 00 00 00\n  0x711c6b1dff00: 00 00 00 00 00 00 00 00 00 00 00 00 00 00 00 00\n  0x711c6b1dff80: 00 00 00 00 00 00 00 00 00 00 00 00 00 00 00 00\n=>0x711c6b1e0000: fa fa fa fa fd fd fd fd fd[fd]fd fd fa fa fa fa\n  0x711c6b1e0080: fd fd fd fd fd fd fd fd fa fa fa fa fd fd fd fd\n  0x711c6b1e0100: fd fd fd fa fa fa fa fa fa fa fa fa fa fa fa fa\n  0x711c6b1e0180: fa fa fa fa fa fa fa fa fa fa fa fa fa fa fa fa\n  0x711c6b1e0200: fa fa fa fa fa fa fa fa fa fa fa fa fa fa fa fa\n  0x711c6b1e0280: fa fa fa fa fa fa fa fa fa fa fa fa fa fa fa fa\nShadow byte legend (one shadow byte represents 8 application bytes):\n  Addressable:           00\n  Partially addressable: 01 02 03 04 05 06 07 \n  Heap left redzone:       fa\n  Freed heap region:       fd\n  Stack left redzone:      f1\n  Stack mid redzone:       f2\n  Stack right redzone:     f3\n  Stack after return:      f5\n  Stack use after scope:   f8\n  Global redzone:          f9\n  Global init order:       f6\n  Poisoned by user:        f7\n  Container overflow:      fc\n  Array cookie:            ac\n  Intra object redzone:    bb\n  ASan internal:           fe\n  Left alloca redzone:     ca\n  Right alloca redzone:    cb\n==340146==ABORTING\n"
        oracle_test.go:787: leaks:
            exit 1
            =================================================================
            ==340716==ERROR: AddressSanitizer: heap-use-after-free on address 0x754dcfbe0048 at pc 0x636bbbb1a0a7 bp 0x7ffd0900c010 sp 0x7ffd0900c008
            READ of size 8 at 0x754dcfbe0048 thread T0
                #0 0x636bbbb1a0a6 in adamic_function_5_Mapper_twice /home/ahra/full-gate/out/7b890befc8fc-20261009T161252Z/catalog-units/03-9nw8tszg/adamic-build-2602587065/main.c:183:94
                #1 0x636bbbb19a6e in main /home/ahra/full-gate/out/7b890befc8fc-20261009T161252Z/catalog-units/03-9nw8tszg/adamic-build-2602587065/main.c:221:40
                #2 0x78edd0a2a1c9  (/lib/x86_64-linux-gnu/libc.so.6+0x2a1c9) (BuildId: a4a7992a8e66555c8141ab2a08a8465ff6e0ea65)
                #3 0x78edd0a2a28a in __libc_start_main (/lib/x86_64-linux-gnu/libc.so.6+0x2a28a) (BuildId: a4a7992a8e66555c8141ab2a08a8465ff6e0ea65)
                #4 0x636bbba33464 in _start (/home/ahra/full-gate/out/7b890befc8fc-20261009T161252Z/catalog-units/03-9nw8tszg/TestNativeAgreesWithNodeinternaloracletestdataborrow_element3746240714/002/program+0x5a464)
            
            0x754dcfbe0048 is located 40 bytes inside of 58-byte region [0x754dcfbe0020,0x754dcfbe005a)
            freed by thread T0 here:
                #0 0x636bbbad5fd6 in free /home/runner/work/llvm-project/llvm-project/compiler-rt/lib/asan/asan_malloc_linux.cpp:51:3
                #1 0x636bbbb2d67f in deallocate /home/ahra/.cache/adamic/runtime/.build-204418457/heap.c:212:3
                #2 0x636bbbb2d67f in free_one /home/ahra/.cache/adamic/runtime/.build-204418457/heap.c:351:2
                #3 0x636bbbb2d67f in release_last /home/ahra/.cache/adamic/runtime/.build-204418457/heap.c:364:3
            
            previously allocated by thread T0 here:
                #0 0x636bbbad6274 in malloc /home/runner/work/llvm-project/llvm-project/compiler-rt/lib/asan/asan_malloc_linux.cpp:67:3
                #1 0x636bbbb2ce2f in adamic_allocate /home/ahra/.cache/adamic/runtime/.build-204418457/heap.c:196:10
                #2 0x636bbbb19a6e in main /home/ahra/full-gate/out/7b890befc8fc-20261009T161252Z/catalog-units/03-9nw8tszg/adamic-build-2602587065/main.c:221:40
                #3 0x78edd0a2a1c9  (/lib/x86_64-linux-gnu/libc.so.6+0x2a1c9) (BuildId: a4a7992a8e66555c8141ab2a08a8465ff6e0ea65)
                #4 0x78edd0a2a28a in __libc_start_main (/lib/x86_64-linux-gnu/libc.so.6+0x2a28a) (BuildId: a4a7992a8e66555c8141ab2a08a8465ff6e0ea65)
                #5 0x636bbba33464 in _start (/home/ahra/full-gate/out/7b890befc8fc-20261009T161252Z/catalog-units/03-9nw8tszg/TestNativeAgreesWithNodeinternaloracletestdataborrow_element3746240714/002/program+0x5a464)
            
            SUMMARY: AddressSanitizer: heap-use-after-free /home/ahra/full-gate/out/7b890befc8fc-20261009T161252Z/catalog-units/03-9nw8tszg/adamic-build-2602587065/main.c:183:94 in adamic_function_5_Mapper_twice
            Shadow bytes around the buggy address:
              0x754dcfbdfd80: 00 00 00 00 00 00 00 00 00 00 00 00 00 00 00 00
              0x754dcfbdfe00: 00 00 00 00 00 00 00 00 00 00 00 00 00 00 00 00
              0x754dcfbdfe80: 00 00 00 00 00 00 00 00 00 00 00 00 00 00 00 00
              0x754dcfbdff00: 00 00 00 00 00 00 00 00 00 00 00 00 00 00 00 00
              0x754dcfbdff80: 00 00 00 00 00 00 00 00 00 00 00 00 00 00 00 00
            =>0x754dcfbe0000: fa fa fa fa fd fd fd fd fd[fd]fd fd fa fa fa fa
              0x754dcfbe0080: fd fd fd fd fd fd fd fd fa fa fa fa fd fd fd fd
              0x754dcfbe0100: fd fd fd fa fa fa fa fa fa fa fa fa fa fa fa fa
              0x754dcfbe0180: fa fa fa fa fa fa fa fa fa fa fa fa fa fa fa fa
              0x754dcfbe0200: fa fa fa fa fa fa fa fa fa fa fa fa fa fa fa fa
              0x754dcfbe0280: fa fa fa fa fa fa fa fa fa fa fa fa fa fa fa fa
            Shadow byte legend (one shadow byte represents 8 application bytes):
              Addressable:           00
              Partially addressable: 01 02 03 04 05 06 07 
              Heap left redzone:       fa
              Freed heap region:       fd
              Stack left redzone:      f1
              Stack mid redzone:       f2
              Stack right redzone:     f3
              Stack after return:      f5
              Stack use after scope:   f8
              Global redzone:          f9
              Global init order:       f6
              Poisoned by user:        f7
              Container overflow:      fc
              Array cookie:            ac
              Intra object redzone:    bb
              ASan internal:           fe
              Left alloca redzone:     ca
              Right alloca redzone:    cb
            ==340716==ABORTING
FAIL
gate cache: native hits=0 misses=3
gate cache: node hits=0 misses=2
gate cache: probe hits=0 misses=0
FAIL	github.com/system-inc/adamic/internal/oracle	2.869s
FAIL
