=== RUN   TestElementAccessNodeArrayAgreement
=== PAUSE TestElementAccessNodeArrayAgreement
=== RUN   TestElementAccessSortedAgreement
=== PAUSE TestElementAccessSortedAgreement
=== RUN   TestElementAccessTemplateAgreement
=== PAUSE TestElementAccessTemplateAgreement
=== RUN   TestElementAccessCompilerAreaBoundaries
=== PAUSE TestElementAccessCompilerAreaBoundaries
=== RUN   TestGeneratorParameterBorrowMutant
=== PAUSE TestGeneratorParameterBorrowMutant
=== RUN   TestGeneratorLocalBorrowMutant
=== PAUSE TestGeneratorLocalBorrowMutant
=== RUN   TestGeneratorCycleFrame
=== PAUSE TestGeneratorCycleFrame
=== RUN   TestGeneratorBasic
=== PAUSE TestGeneratorBasic
=== RUN   TestGeneratorCancellation
=== PAUSE TestGeneratorCancellation
=== RUN   TestGeneratorThrow
=== PAUSE TestGeneratorThrow
=== RUN   TestGeneratorDefaults
=== PAUSE TestGeneratorDefaults
=== RUN   TestGeneratorClose
=== PAUSE TestGeneratorClose
=== RUN   TestGeneratorDelegate
=== PAUSE TestGeneratorDelegate
=== RUN   TestGeneratorDelegateThrow
=== PAUSE TestGeneratorDelegateThrow
=== RUN   TestGeneratorReentrant
=== PAUSE TestGeneratorReentrant
=== RUN   TestGeneratorOwned
=== PAUSE TestGeneratorOwned
=== RUN   TestGeneratorCaptures
=== PAUSE TestGeneratorCaptures
=== RUN   TestGeneratorDefaultError
=== PAUSE TestGeneratorDefaultError
=== RUN   TestGeneratorMapIterator
=== PAUSE TestGeneratorMapIterator
=== RUN   TestGeneratorChecker
=== PAUSE TestGeneratorChecker
=== RUN   TestGeneratorFirstReference
=== PAUSE TestGeneratorFirstReference
=== RUN   TestGeneratorCompletions
=== PAUSE TestGeneratorCompletions
=== RUN   TestGeneratorRegExpIteratorResultCompatibility
=== PAUSE TestGeneratorRegExpIteratorResultCompatibility
=== RUN   TestGeneratorRegExpTreeResultCompatibility
=== PAUSE TestGeneratorRegExpTreeResultCompatibility
=== RUN   TestGenericBodyRelationsMaybeBind
=== PAUSE TestGenericBodyRelationsMaybeBind
=== RUN   TestIterationDispatchMutants
=== PAUSE TestIterationDispatchMutants
=== RUN   TestIterationDispatchPendingStops
=== PAUSE TestIterationDispatchPendingStops
=== RUN   TestLoweringChainMixedFileAgreement
=== PAUSE TestLoweringChainMixedFileAgreement
=== RUN   TestStep16GenericOutcomes
=== PAUSE TestStep16GenericOutcomes
=== RUN   TestStep16IdentityMutant
=== PAUSE TestStep16IdentityMutant
=== RUN   TestStep16OptionalResultMutant
=== PAUSE TestStep16OptionalResultMutant
=== RUN   TestStep20IntrinsicIteratorWrites
=== PAUSE TestStep20IntrinsicIteratorWrites
=== RUN   TestStep20IterationOutcomes
=== PAUSE TestStep20IterationOutcomes
=== RUN   TestStep20ArrayViewVariance
=== PAUSE TestStep20ArrayViewVariance
=== CONT  TestElementAccessNodeArrayAgreement
=== CONT  TestGeneratorDefaultError
=== CONT  TestIterationDispatchPendingStops
=== CONT  TestGeneratorThrow
=== CONT  TestStep16OptionalResultMutant
=== RUN   TestIterationDispatchPendingStops/non_object_step
    iteration_dispatch_test.go:51: pending .ts backend proof on 5f3b2e36; .a stops: /workspace/adamic/stage3/fixtures/iteration-dispatch/non_object_step.a:5:67: Adamic 0.1 refuses a cast the runtime can't check; use a proven upcast, cast a discriminated object union with unique literal or enum tags to members or a sub-union, or downcast along nominal class ancestry (adamic/no-unchecked-cast)
=== RUN   TestIterationDispatchPendingStops/non_object_iterator
    iteration_dispatch_test.go:51: pending .ts backend proof on 5f3b2e36; .a stops: /workspace/adamic/stage3/fixtures/iteration-dispatch/non_object_iterator.a:5:53: Adamic 0.1 refuses a cast the runtime can't check; use a proven upcast, cast a discriminated object union with unique literal or enum tags to members or a sub-union, or downcast along nominal class ancestry (adamic/no-unchecked-cast)
=== RUN   TestIterationDispatchPendingStops/non_callable_next
--- PASS: TestElementAccessNodeArrayAgreement (0.48s)
=== CONT  TestStep20ArrayViewVariance
=== NAME  TestStep16OptionalResultMutant
    step16_generics_test.go:175: present generic number changed to undefined caught by Node stdout in both backends; valid optional ABI, no sanitizer findings or leaks
--- PASS: TestStep16OptionalResultMutant (0.55s)
=== CONT  TestStep20IterationOutcomes
=== RUN   TestStep20IterationOutcomes/accessor_binding.a
--- PASS: TestStep20ArrayViewVariance (0.21s)
=== CONT  TestStep20IntrinsicIteratorWrites
=== RUN   TestStep20IntrinsicIteratorWrites/[1]
=== PAUSE TestStep20IntrinsicIteratorWrites/[1]
=== RUN   TestStep20IntrinsicIteratorWrites/new_String('x')
=== PAUSE TestStep20IntrinsicIteratorWrites/new_String('x')
=== RUN   TestStep20IntrinsicIteratorWrites/new_Map<string,_number>()
=== PAUSE TestStep20IntrinsicIteratorWrites/new_Map<string,_number>()
=== RUN   TestStep20IntrinsicIteratorWrites/new_Set<number>()
=== PAUSE TestStep20IntrinsicIteratorWrites/new_Set<number>()
=== RUN   TestStep20IntrinsicIteratorWrites/new_Uint8Array(1)
=== PAUSE TestStep20IntrinsicIteratorWrites/new_Uint8Array(1)
=== RUN   TestStep20IntrinsicIteratorWrites/Array.prototype
=== PAUSE TestStep20IntrinsicIteratorWrites/Array.prototype
=== RUN   TestStep20IntrinsicIteratorWrites/String.prototype
=== PAUSE TestStep20IntrinsicIteratorWrites/String.prototype
=== RUN   TestStep20IntrinsicIteratorWrites/Map.prototype
=== PAUSE TestStep20IntrinsicIteratorWrites/Map.prototype
=== RUN   TestStep20IntrinsicIteratorWrites/Set.prototype
=== PAUSE TestStep20IntrinsicIteratorWrites/Set.prototype
=== RUN   TestStep20IntrinsicIteratorWrites/Uint8Array.prototype
=== PAUSE TestStep20IntrinsicIteratorWrites/Uint8Array.prototype
=== RUN   TestStep20IntrinsicIteratorWrites/intrinsic_iterator_write.a
=== PAUSE TestStep20IntrinsicIteratorWrites/intrinsic_iterator_write.a
=== RUN   TestStep20IntrinsicIteratorWrites/intrinsic_iterator_alias.a
=== PAUSE TestStep20IntrinsicIteratorWrites/intrinsic_iterator_alias.a
=== RUN   TestStep20IntrinsicIteratorWrites/intrinsic_iterator_prototype.a
=== PAUSE TestStep20IntrinsicIteratorWrites/intrinsic_iterator_prototype.a
=== CONT  TestGeneratorCaptures
=== NAME  TestIterationDispatchPendingStops/non_callable_next
    iteration_dispatch_test.go:51: pending .ts backend proof on 5f3b2e36; .a stops: /workspace/adamic/stage3/fixtures/iteration-dispatch/non_callable_next.a:5:52: Adamic 0.1 refuses a cast the runtime can't check; use a proven upcast, cast a discriminated object union with unique literal or enum tags to members or a sub-union, or downcast along nominal class ancestry (adamic/no-unchecked-cast)
=== RUN   TestIterationDispatchPendingStops/non_object_close
=== NAME  TestStep20IterationOutcomes/accessor_binding.a
    step20_iteration_test.go:76: accessor_binding.a: NotYet a for...of destructuring an object
=== RUN   TestStep20IterationOutcomes/collections.a
=== NAME  TestIterationDispatchPendingStops/non_object_close
    iteration_dispatch_test.go:51: pending .ts backend proof on 5f3b2e36; .a stops: /workspace/adamic/stage3/fixtures/iteration-dispatch/non_object_close.a:5:114: Adamic 0.1 refuses a cast the runtime can't check; use a proven upcast, cast a discriminated object union with unique literal or enum tags to members or a sub-union, or downcast along nominal class ancestry (adamic/no-unchecked-cast)
--- PASS: TestIterationDispatchPendingStops (1.02s)
    --- PASS: TestIterationDispatchPendingStops/non_object_step (0.25s)
    --- PASS: TestIterationDispatchPendingStops/non_object_iterator (0.23s)
    --- PASS: TestIterationDispatchPendingStops/non_callable_next (0.27s)
    --- PASS: TestIterationDispatchPendingStops/non_object_close (0.26s)
=== CONT  TestGeneratorOwned
=== NAME  TestStep20IterationOutcomes/collections.a
    step20_iteration_test.go:76: collections.a: accepted 
=== RUN   TestStep20IterationOutcomes/delegated_generator.a
--- PASS: TestGeneratorThrow (1.52s)
=== CONT  TestGeneratorReentrant
--- PASS: TestGeneratorDefaultError (2.11s)
=== CONT  TestStep16GenericOutcomes
=== RUN   TestStep16GenericOutcomes/01_identity
    step16_generics_test.go:89: Lowered: <nil>
=== RUN   TestStep16GenericOutcomes/02_optional_return
    step16_generics_test.go:89: Lowered: <nil>
=== RUN   TestStep16GenericOutcomes/03_callback_return
    step16_generics_test.go:89: Lowered: <nil>
=== RUN   TestStep16GenericOutcomes/04_function_value
    step16_generics_test.go:89: NotYet: /workspace/adamic/stage3/fixtures/generics/04_function_value.a:3:60: stage 0 can't lower a generic function as a value yet
=== RUN   TestStep16GenericOutcomes/05_nested_class
    step16_generics_test.go:89: Lowered: <nil>
=== RUN   TestStep16GenericOutcomes/06_polymorphic_recursion
    step16_generics_test.go:89: Refused: /workspace/adamic/stage3/fixtures/generics/06_polymorphic_recursion.a:5:12: Adamic 0.1 refuses a generic function instantiated without end (polymorphic recursion); call it with the same type arguments it was called with, or write a function per type
=== RUN   TestStep16GenericOutcomes/07_generic_cast
    step16_generics_test.go:89: Refused: /workspace/adamic/stage3/fixtures/generics/07_generic_cast.a:4:49: Adamic 0.1 refuses a cast the runtime can't check; use a proven upcast, cast a discriminated object union with unique literal or enum tags to members or a sub-union, or downcast along nominal class ancestry (adamic/no-unchecked-cast)
=== RUN   TestStep16GenericOutcomes/08_readonly_view
    step16_generics_test.go:89: Refused: /workspace/adamic/stage3/fixtures/generics/08_readonly_view.a:6:6: Adamic 0.1 refuses a value of type T seen as TextRange, whose readonly field pos becomes writable: a readonly field may hold something narrower than number, which a write of number would replace; keep pos readonly in the type it's seen as, or copy the value ({ ...value }) (adamic/invariant-mutable); use a proven upcast, cast a discriminated object union with unique literal or enum tags to members or a sub-union, or downcast along nominal class ancestry (adamic/no-unchecked-cast)
=== RUN   TestStep16GenericOutcomes/09_recursive_optional
--- PASS: TestGeneratorCaptures (1.97s)
=== CONT  TestStep16IdentityMutant
=== NAME  TestStep16GenericOutcomes/09_recursive_optional
    step16_generics_test.go:89: Lowered: <nil>
=== RUN   TestStep16GenericOutcomes/10_identifier_multimap
    step16_generics_test.go:89: Lowered: <nil>
=== RUN   TestStep16GenericOutcomes/11_indexed_result
--- PASS: TestGeneratorReentrant (1.31s)
=== CONT  TestLoweringChainMixedFileAgreement
=== NAME  TestStep16GenericOutcomes/11_indexed_result
    step16_generics_test.go:89: Refused: /workspace/adamic/stage3/fixtures/generics/11_indexed_result.a:1:68: Adamic 0.1 refuses generic body return into slot T["value"] from source 2 is not proven for every allowed type argument; checker constraint: T extends { readonly value: number; }; read a value of the same dependent type from the type parameter, or use the concrete constraint type for the slot (adamic/generic-body-relations)
=== RUN   TestStep16GenericOutcomes/12_mixed_indexed_result
=== NAME  TestStep20IterationOutcomes/delegated_generator.a
    step20_iteration_test.go:76: delegated_generator.a: accepted 
=== RUN   TestStep20IterationOutcomes/generator.a
=== NAME  TestStep16IdentityMutant
    step16_generics_test.go:132: numeric identity replaced with 17 caught by Node stdout in both backends; valid C, no sanitizer findings or leaks
--- PASS: TestStep16IdentityMutant (0.41s)
=== CONT  TestGeneratorDelegateThrow
=== NAME  TestStep16GenericOutcomes/12_mixed_indexed_result
    step16_generics_test.go:89: Refused: /workspace/adamic/stage3/fixtures/generics/12_mixed_indexed_result.a:1:87: Adamic 0.1 refuses generic body return into slot U | T["value"] | undefined from source 2 is not proven for every allowed type argument; checker constraint: T extends { readonly value: number; }; U (unconstrained); read a value of the same dependent type from the type parameter, or use the concrete constraint type for the slot (adamic/generic-body-relations)
=== RUN   TestStep16GenericOutcomes/13_constrained_local
    step16_generics_test.go:89: Refused: /workspace/adamic/stage3/fixtures/generics/13_constrained_local.a:2:11: Adamic 0.1 refuses generic body initializer into slot T["value"] from source 2 is not proven for every allowed type argument; checker constraint: T extends { readonly value: number; }; U (unconstrained); read a value of the same dependent type from the type parameter, or use the concrete constraint type for the slot (adamic/generic-body-relations)
=== RUN   TestStep16GenericOutcomes/14_optional_literal_union
    step16_generics_test.go:89: Lowered: <nil>
=== RUN   TestStep16GenericOutcomes/15_array_callback
--- PASS: TestLoweringChainMixedFileAgreement (0.62s)
=== CONT  TestGeneratorDelegate
=== NAME  TestStep16GenericOutcomes/15_array_callback
    step16_generics_test.go:89: Lowered: <nil>
--- PASS: TestStep16GenericOutcomes (1.34s)
    --- PASS: TestStep16GenericOutcomes/01_identity (0.07s)
    --- PASS: TestStep16GenericOutcomes/02_optional_return (0.09s)
    --- PASS: TestStep16GenericOutcomes/03_callback_return (0.05s)
    --- PASS: TestStep16GenericOutcomes/04_function_value (0.08s)
    --- PASS: TestStep16GenericOutcomes/05_nested_class (0.08s)
    --- PASS: TestStep16GenericOutcomes/06_polymorphic_recursion (0.05s)
    --- PASS: TestStep16GenericOutcomes/07_generic_cast (0.07s)
    --- PASS: TestStep16GenericOutcomes/08_readonly_view (0.05s)
    --- PASS: TestStep16GenericOutcomes/09_recursive_optional (0.07s)
    --- PASS: TestStep16GenericOutcomes/10_identifier_multimap (0.08s)
    --- PASS: TestStep16GenericOutcomes/11_indexed_result (0.18s)
    --- PASS: TestStep16GenericOutcomes/12_mixed_indexed_result (0.16s)
    --- PASS: TestStep16GenericOutcomes/13_constrained_local (0.24s)
    --- PASS: TestStep16GenericOutcomes/14_optional_literal_union (0.06s)
    --- PASS: TestStep16GenericOutcomes/15_array_callback (0.04s)
=== CONT  TestGeneratorClose
--- PASS: TestGeneratorOwned (2.57s)
=== CONT  TestGeneratorRegExpIteratorResultCompatibility
=== NAME  TestStep20IterationOutcomes/generator.a
    step20_iteration_test.go:76: generator.a: accepted 
=== RUN   TestStep20IterationOutcomes/iterable_view.a
    step20_iteration_test.go:76: iterable_view.a: NotYet an iterable object view of built-in storage needing a protocol adapter
=== RUN   TestStep20IterationOutcomes/object_binding.a
    step20_iteration_test.go:76: object_binding.a: NotYet a for...of destructuring an object
=== RUN   TestStep20IterationOutcomes/object_binding_stress.a
    step20_iteration_test.go:76: object_binding_stress.a: NotYet a for...of destructuring an object
=== RUN   TestStep20IterationOutcomes/object_iteration.a
--- PASS: TestGeneratorClose (1.26s)
=== CONT  TestIterationDispatchMutants
=== RUN   TestIterationDispatchMutants/next_reread
=== RUN   TestIterationDispatchMutants/next_reread/javascript
    iteration_dispatch_mutant_test.go:120: caught by Node stdout
=== RUN   TestIterationDispatchMutants/next_reread/native
=== NAME  TestStep20IterationOutcomes/object_iteration.a
    step20_iteration_test.go:76: object_iteration.a: accepted 
=== RUN   TestStep20IterationOutcomes/strings.a
--- PASS: TestGeneratorRegExpIteratorResultCompatibility (1.84s)
=== CONT  TestGenericBodyRelationsMaybeBind
=== NAME  TestIterationDispatchMutants/next_reread/native
    iteration_dispatch_mutant_test.go:130: caught by Node stdout
=== RUN   TestIterationDispatchMutants/completion_value_enters_body
--- PASS: TestGenericBodyRelationsMaybeBind (0.08s)
=== CONT  TestGeneratorRegExpTreeResultCompatibility
--- PASS: TestGeneratorDelegateThrow (2.60s)
=== CONT  TestGeneratorDefaults
=== RUN   TestIterationDispatchMutants/completion_value_enters_body/javascript
    iteration_dispatch_mutant_test.go:120: caught by Node stdout
=== RUN   TestIterationDispatchMutants/completion_value_enters_body/native
=== NAME  TestStep20IterationOutcomes/strings.a
    step20_iteration_test.go:76: strings.a: accepted 
=== RUN   TestStep20IterationOutcomes/user_forwarding.a
=== NAME  TestIterationDispatchMutants/completion_value_enters_body/native
    iteration_dispatch_mutant_test.go:130: caught by Node stdout
=== RUN   TestIterationDispatchMutants/close_skipped_on_break
--- PASS: TestGeneratorRegExpTreeResultCompatibility (0.91s)
=== CONT  TestGeneratorLocalBorrowMutant
=== RUN   TestIterationDispatchMutants/close_skipped_on_break/javascript
    iteration_dispatch_mutant_test.go:120: caught by Node stdout
=== RUN   TestIterationDispatchMutants/close_skipped_on_break/native
=== NAME  TestStep20IterationOutcomes/user_forwarding.a
    step20_iteration_test.go:76: user_forwarding.a: accepted 
=== RUN   TestStep20IterationOutcomes/intrinsic_iterator_write.a
=== NAME  TestIterationDispatchMutants/close_skipped_on_break/native
    iteration_dispatch_mutant_test.go:130: caught by Node stdout
=== RUN   TestIterationDispatchMutants/close_on_next_throw
=== NAME  TestStep20IterationOutcomes/intrinsic_iterator_write.a
    step20_iteration_test.go:76: intrinsic_iterator_write.a: Refused writing Symbol.iterator on a built-in or its prototype (adamic/intrinsic-iterator)
=== RUN   TestStep20IterationOutcomes/intrinsic_iterator_alias.a
=== RUN   TestIterationDispatchMutants/close_on_next_throw/javascript
=== NAME  TestStep20IterationOutcomes/intrinsic_iterator_alias.a
    step20_iteration_test.go:76: intrinsic_iterator_alias.a: Refused writing Symbol.iterator on a built-in or its prototype (adamic/intrinsic-iterator)
=== RUN   TestStep20IterationOutcomes/intrinsic_iterator_prototype.a
=== NAME  TestIterationDispatchMutants/close_on_next_throw/javascript
    iteration_dispatch_mutant_test.go:120: caught by Node stdout
=== RUN   TestIterationDispatchMutants/close_on_next_throw/native
--- PASS: TestGeneratorDefaults (2.11s)
=== CONT  TestGeneratorCancellation
=== NAME  TestStep20IterationOutcomes/intrinsic_iterator_prototype.a
    step20_iteration_test.go:76: intrinsic_iterator_prototype.a: Refused writing Symbol.iterator on a built-in or its prototype (adamic/intrinsic-iterator)
=== RUN   TestStep20IterationOutcomes/array_view_stress.a
=== NAME  TestIterationDispatchMutants/close_on_next_throw/native
    iteration_dispatch_mutant_test.go:130: caught by Node stdout
=== RUN   TestIterationDispatchMutants/close_throw_replaces_original
=== RUN   TestIterationDispatchMutants/close_throw_replaces_original/javascript
    iteration_dispatch_mutant_test.go:120: caught by Node stdout
=== RUN   TestIterationDispatchMutants/close_throw_replaces_original/native
=== NAME  TestGeneratorLocalBorrowMutant
    generator_borrow_mutants_test.go:17: ASan caught 1 frame storage mutations
--- PASS: TestGeneratorLocalBorrowMutant (2.20s)
=== CONT  TestGeneratorBasic
=== NAME  TestStep20IterationOutcomes/array_view_stress.a
    step20_iteration_test.go:76: array_view_stress.a: accepted 
=== RUN   TestStep20IterationOutcomes/array_view_weak.a
=== NAME  TestIterationDispatchMutants/close_throw_replaces_original/native
    iteration_dispatch_mutant_test.go:130: caught by Node stdout
=== RUN   TestIterationDispatchMutants/close_skipped_on_outer_continue
--- PASS: TestGeneratorDelegate (5.73s)
=== CONT  TestGeneratorCycleFrame
=== RUN   TestIterationDispatchMutants/close_skipped_on_outer_continue/javascript
--- PASS: TestGeneratorCycleFrame (0.39s)
=== CONT  TestElementAccessTemplateAgreement
=== NAME  TestIterationDispatchMutants/close_skipped_on_outer_continue/javascript
    iteration_dispatch_mutant_test.go:120: caught by Node stdout
=== RUN   TestIterationDispatchMutants/close_skipped_on_outer_continue/native
=== NAME  TestStep20IterationOutcomes/array_view_weak.a
    step20_iteration_test.go:76: array_view_weak.a: accepted 
=== RUN   TestStep20IterationOutcomes/test262_array_views.a
--- PASS: TestElementAccessTemplateAgreement (0.69s)
=== CONT  TestElementAccessCompilerAreaBoundaries
=== RUN   TestElementAccessCompilerAreaBoundaries/paths
=== PAUSE TestElementAccessCompilerAreaBoundaries/paths
=== RUN   TestElementAccessCompilerAreaBoundaries/jsdoc
=== PAUSE TestElementAccessCompilerAreaBoundaries/jsdoc
=== RUN   TestElementAccessCompilerAreaBoundaries/numeric_record
=== PAUSE TestElementAccessCompilerAreaBoundaries/numeric_record
=== RUN   TestElementAccessCompilerAreaBoundaries/string_dictionary
=== PAUSE TestElementAccessCompilerAreaBoundaries/string_dictionary
=== CONT  TestElementAccessSortedAgreement
=== NAME  TestIterationDispatchMutants/close_skipped_on_outer_continue/native
    iteration_dispatch_mutant_test.go:130: caught by Node stdout
--- PASS: TestIterationDispatchMutants (5.61s)
    --- PASS: TestIterationDispatchMutants/next_reread (0.78s)
        --- PASS: TestIterationDispatchMutants/next_reread/javascript (0.10s)
        --- PASS: TestIterationDispatchMutants/next_reread/native (0.43s)
    --- PASS: TestIterationDispatchMutants/completion_value_enters_body (0.87s)
        --- PASS: TestIterationDispatchMutants/completion_value_enters_body/javascript (0.10s)
        --- PASS: TestIterationDispatchMutants/completion_value_enters_body/native (0.57s)
    --- PASS: TestIterationDispatchMutants/close_skipped_on_break (1.01s)
        --- PASS: TestIterationDispatchMutants/close_skipped_on_break/javascript (0.12s)
        --- PASS: TestIterationDispatchMutants/close_skipped_on_break/native (0.64s)
    --- PASS: TestIterationDispatchMutants/close_on_next_throw (0.90s)
        --- PASS: TestIterationDispatchMutants/close_on_next_throw/javascript (0.16s)
        --- PASS: TestIterationDispatchMutants/close_on_next_throw/native (0.51s)
    --- PASS: TestIterationDispatchMutants/close_throw_replaces_original (0.85s)
        --- PASS: TestIterationDispatchMutants/close_throw_replaces_original/javascript (0.09s)
        --- PASS: TestIterationDispatchMutants/close_throw_replaces_original/native (0.51s)
    --- PASS: TestIterationDispatchMutants/close_skipped_on_outer_continue (1.19s)
        --- PASS: TestIterationDispatchMutants/close_skipped_on_outer_continue/javascript (0.13s)
        --- PASS: TestIterationDispatchMutants/close_skipped_on_outer_continue/native (0.72s)
=== CONT  TestGeneratorParameterBorrowMutant
--- PASS: TestGeneratorBasic (2.07s)
=== CONT  TestGeneratorFirstReference
--- PASS: TestGeneratorCancellation (3.11s)
=== CONT  TestGeneratorCompletions
=== NAME  TestStep20IterationOutcomes/test262_array_views.a
    step20_iteration_test.go:76: test262_array_views.a: accepted 
=== RUN   TestStep20IterationOutcomes/array_view_variance.a
--- PASS: TestElementAccessSortedAgreement (0.84s)
=== CONT  TestGeneratorChecker
=== NAME  TestStep20IterationOutcomes/array_view_variance.a
    step20_iteration_test.go:76: array_view_variance.a: Refused a value of type Slot<Large>[] seen as NodeArray<Slot<Small>>, which can write Small where Large is read
--- PASS: TestStep20IterationOutcomes (10.67s)
    --- PASS: TestStep20IterationOutcomes/accessor_binding.a (0.21s)
    --- PASS: TestStep20IterationOutcomes/collections.a (0.71s)
    --- PASS: TestStep20IterationOutcomes/delegated_generator.a (1.55s)
    --- PASS: TestStep20IterationOutcomes/generator.a (1.00s)
    --- PASS: TestStep20IterationOutcomes/iterable_view.a (0.18s)
    --- PASS: TestStep20IterationOutcomes/object_binding.a (0.20s)
    --- PASS: TestStep20IterationOutcomes/object_binding_stress.a (0.22s)
    --- PASS: TestStep20IterationOutcomes/object_iteration.a (0.80s)
    --- PASS: TestStep20IterationOutcomes/strings.a (0.79s)
    --- PASS: TestStep20IterationOutcomes/user_forwarding.a (0.80s)
    --- PASS: TestStep20IterationOutcomes/intrinsic_iterator_write.a (0.41s)
    --- PASS: TestStep20IterationOutcomes/intrinsic_iterator_alias.a (0.30s)
    --- PASS: TestStep20IterationOutcomes/intrinsic_iterator_prototype.a (0.26s)
    --- PASS: TestStep20IterationOutcomes/array_view_stress.a (0.91s)
    --- PASS: TestStep20IterationOutcomes/array_view_weak.a (1.10s)
    --- PASS: TestStep20IterationOutcomes/test262_array_views.a (1.08s)
    --- PASS: TestStep20IterationOutcomes/array_view_variance.a (0.17s)
=== CONT  TestGeneratorMapIterator
--- PASS: TestGeneratorMapIterator (1.65s)
=== CONT  TestStep20IntrinsicIteratorWrites/[1]
--- PASS: TestGeneratorFirstReference (2.30s)
=== CONT  TestStep20IntrinsicIteratorWrites/intrinsic_iterator_prototype.a
=== CONT  TestStep20IntrinsicIteratorWrites/intrinsic_iterator_alias.a
=== CONT  TestStep20IntrinsicIteratorWrites/intrinsic_iterator_write.a
=== CONT  TestStep20IntrinsicIteratorWrites/Uint8Array.prototype
=== CONT  TestStep20IntrinsicIteratorWrites/Set.prototype
=== CONT  TestStep20IntrinsicIteratorWrites/Map.prototype
=== CONT  TestStep20IntrinsicIteratorWrites/String.prototype
=== NAME  TestGeneratorParameterBorrowMutant
    generator_borrow_mutants_test.go:13: ASan caught 2 frame storage mutations
--- PASS: TestGeneratorParameterBorrowMutant (3.58s)
=== CONT  TestStep20IntrinsicIteratorWrites/Array.prototype
=== CONT  TestStep20IntrinsicIteratorWrites/new_Uint8Array(1)
=== CONT  TestStep20IntrinsicIteratorWrites/new_Set<number>()
=== CONT  TestStep20IntrinsicIteratorWrites/new_Map<string,_number>()
=== CONT  TestStep20IntrinsicIteratorWrites/new_String('x')
--- PASS: TestGeneratorChecker (3.39s)
=== CONT  TestElementAccessCompilerAreaBoundaries/paths
=== CONT  TestElementAccessCompilerAreaBoundaries/numeric_record
--- PASS: TestGeneratorCompletions (3.95s)
=== CONT  TestElementAccessCompilerAreaBoundaries/string_dictionary
=== NAME  TestElementAccessCompilerAreaBoundaries/numeric_record
    element_access_boundaries_test.go:102: /workspace/adamic/internal/oracle/testdata/notyet_element_access/numeric_record.a:2:102: stage 0 can't lower an ElementAccessExpression yet
=== CONT  TestElementAccessCompilerAreaBoundaries/jsdoc
=== NAME  TestElementAccessCompilerAreaBoundaries/paths
    element_access_boundaries_test.go:102: /workspace/adamic/internal/oracle/testdata/notyet_element_access/paths.a:3:10: stage 0 can't lower a function returning Path | undefined yet
--- PASS: TestStep20IntrinsicIteratorWrites (0.00s)
    --- PASS: TestStep20IntrinsicIteratorWrites/intrinsic_iterator_prototype.a (0.10s)
    --- PASS: TestStep20IntrinsicIteratorWrites/intrinsic_iterator_alias.a (0.10s)
    --- PASS: TestStep20IntrinsicIteratorWrites/intrinsic_iterator_write.a (0.11s)
    --- PASS: TestStep20IntrinsicIteratorWrites/[1] (0.43s)
    --- PASS: TestStep20IntrinsicIteratorWrites/Set.prototype (0.38s)
    --- PASS: TestStep20IntrinsicIteratorWrites/Uint8Array.prototype (0.51s)
    --- PASS: TestStep20IntrinsicIteratorWrites/Map.prototype (0.38s)
    --- PASS: TestStep20IntrinsicIteratorWrites/String.prototype (0.25s)
    --- PASS: TestStep20IntrinsicIteratorWrites/new_Uint8Array(1) (0.41s)
    --- PASS: TestStep20IntrinsicIteratorWrites/Array.prototype (0.57s)
    --- PASS: TestStep20IntrinsicIteratorWrites/new_Set<number>() (0.46s)
    --- PASS: TestStep20IntrinsicIteratorWrites/new_String('x') (0.49s)
    --- PASS: TestStep20IntrinsicIteratorWrites/new_Map<string,_number>() (0.52s)
=== NAME  TestElementAccessCompilerAreaBoundaries/string_dictionary
    element_access_boundaries_test.go:102: /workspace/adamic/internal/oracle/testdata/notyet_element_access/string_dictionary.a:1:24: Adamic 0.1 refuses an index signature; use a Map, which keeps keys in the order they were added
=== NAME  TestElementAccessCompilerAreaBoundaries/jsdoc
    element_access_boundaries_test.go:102: /workspace/adamic/internal/oracle/testdata/notyet_element_access/jsdoc.a:4:78: stage 0 can't lower an ElementAccessExpression yet
--- PASS: TestElementAccessCompilerAreaBoundaries (0.00s)
    --- PASS: TestElementAccessCompilerAreaBoundaries/numeric_record (0.36s)
    --- PASS: TestElementAccessCompilerAreaBoundaries/paths (0.43s)
    --- PASS: TestElementAccessCompilerAreaBoundaries/string_dictionary (0.45s)
    --- PASS: TestElementAccessCompilerAreaBoundaries/jsdoc (0.47s)
PASS
gate cache: native hits=0 misses=56
gate cache: node hits=0 misses=107
gate cache: probe hits=0 misses=0
ok  	github.com/system-inc/adamic/internal/oracle	15.381s
