--- FAIL: TestNativeAgreesWithNode (0.04s)
    --- FAIL: TestNativeAgreesWithNode/internal/oracle/testdata/borrow_element_super_move.a (0.48s)
        oracle_test.go:758: the release build: exit codes differ
            sanitized: exit 1, stdout "", stderr "=================================================================\n==21577==ERROR: AddressSanitizer: heap-use-after-free on address 0x7b93509e0048 at pc 0x561a08fd70b4 bp 0x7ffe2780e750 sp 0x7ffe2780e748\nREAD of size 8 at 0x7b93509e0048 thread T0\n    #0 0x561a08fd70b3 in adamic_function_5_Mapper_twice /tmp/loom-units/loom-unit-3882973209/workspace/loom-out/phase/catalog-units/00-ta410bsa/adamic-build-1685870510/main.c:184:94\n    #1 0x561a08fd6a6e in main /tmp/loom-units/loom-unit-3882973209/workspace/loom-out/phase/catalog-units/00-ta410bsa/adamic-build-1685870510/main.c:222:40\n    #2 0x7f335160cca7  (/lib/x86_64-linux-gnu/libc.so.6+0x29ca7) (BuildId: c495b62edadd6c356265942ec1282d98058a7b41)\n    #3 0x7f335160cd64 in __libc_start_main (/lib/x86_64-linux-gnu/libc.so.6+0x29d64) (BuildId: c495b62edadd6c356265942ec1282d98058a7b41)\n    #4 0x561a08ef0460 in _start (/tmp/loom-units/loom-unit-3882973209/workspace/loom-out/phase/catalog-units/00-ta410bsa/TestNativeAgreesWithNodeinternaloracletestdataborrow_element3127594209/002/program+0x5b460)\n\n0x7b93509e0048 is located 40 bytes inside of 58-byte region [0x7b93509e0020,0x7b93509e005a)\nfreed by thread T0 here:\n    #0 0x561a08f92fd6 in free /home/runner/work/llvm-project/llvm-project/compiler-rt/lib/asan/asan_malloc_linux.cpp:51:3\n    #1 0x561a08feae4f in deallocate /home/agent/.cache/adamic/runtime/.build-1095445464/heap.c:212:3\n    #2 0x561a08feae4f in free_one /home/agent/.cache/adamic/runtime/.build-1095445464/heap.c:353:2\n    #3 0x561a08feae4f in release_last /home/agent/.cache/adamic/runtime/.build-1095445464/heap.c:366:3\n\npreviously allocated by thread T0 here:\n    #0 0x561a08f93274 in malloc /home/runner/work/llvm-project/llvm-project/compiler-rt/lib/asan/asan_malloc_linux.cpp:67:3\n    #1 0x561a08fea56f in adamic_allocate /home/agent/.cache/adamic/runtime/.build-1095445464/heap.c:196:10\n    #2 0x561a08fd6a6e in main /tmp/loom-units/loom-unit-3882973209/workspace/loom-out/phase/catalog-units/00-ta410bsa/adamic-build-1685870510/main.c:222:40\n    #3 0x7f335160cca7  (/lib/x86_64-linux-gnu/libc.so.6+0x29ca7) (BuildId: c495b62edadd6c356265942ec1282d98058a7b41)\n\nSUMMARY: AddressSanitizer: heap-use-after-free /tmp/loom-units/loom-unit-3882973209/workspace/loom-out/phase/catalog-units/00-ta410bsa/adamic-build-1685870510/main.c:184:94 in adamic_function_5_Mapper_twice\nShadow bytes around the buggy address:\n  0x7b93509dfd80: 00 00 00 00 00 00 00 00 00 00 00 00 00 00 00 00\n  0x7b93509dfe00: 00 00 00 00 00 00 00 00 00 00 00 00 00 00 00 00\n  0x7b93509dfe80: 00 00 00 00 00 00 00 00 00 00 00 00 00 00 00 00\n  0x7b93509dff00: 00 00 00 00 00 00 00 00 00 00 00 00 00 00 00 00\n  0x7b93509dff80: 00 00 00 00 00 00 00 00 00 00 00 00 00 00 00 00\n=>0x7b93509e0000: fa fa fa fa fd fd fd fd fd[fd]fd fd fa fa fa fa\n  0x7b93509e0080: fd fd fd fd fd fd fd fd fa fa fa fa fd fd fd fd\n  0x7b93509e0100: fd fd fd fd fa fa fa fa fa fa fa fa fa fa fa fa\n  0x7b93509e0180: fa fa fa fa fa fa fa fa fa fa fa fa fa fa fa fa\n  0x7b93509e0200: fa fa fa fa fa fa fa fa fa fa fa fa fa fa fa fa\n  0x7b93509e0280: fa fa fa fa fa fa fa fa fa fa fa fa fa fa fa fa\nShadow byte legend (one shadow byte represents 8 application bytes):\n  Addressable:           00\n  Partially addressable: 01 02 03 04 05 06 07 \n  Heap left redzone:       fa\n  Freed heap region:       fd\n  Stack left redzone:      f1\n  Stack mid redzone:       f2\n  Stack right redzone:     f3\n  Stack after return:      f5\n  Stack use after scope:   f8\n  Global redzone:          f9\n  Global init order:       f6\n  Poisoned by user:        f7\n  Container overflow:      fc\n  Array cookie:            ac\n  Intra object redzone:    bb\n  ASan internal:           fe\n  Left alloca redzone:     ca\n  Right alloca redzone:    cb\n==21577==ABORTING\n"
            release:   exit 0, stdout "2 2\n", stderr ""
        oracle_test.go:774: exit codes differ
            node:   exit 0, stdout "a1 2\n", stderr ""
            native: exit 1, stdout "", stderr "=================================================================\n==21577==ERROR: AddressSanitizer: heap-use-after-free on address 0x7b93509e0048 at pc 0x561a08fd70b4 bp 0x7ffe2780e750 sp 0x7ffe2780e748\nREAD of size 8 at 0x7b93509e0048 thread T0\n    #0 0x561a08fd70b3 in adamic_function_5_Mapper_twice /tmp/loom-units/loom-unit-3882973209/workspace/loom-out/phase/catalog-units/00-ta410bsa/adamic-build-1685870510/main.c:184:94\n    #1 0x561a08fd6a6e in main /tmp/loom-units/loom-unit-3882973209/workspace/loom-out/phase/catalog-units/00-ta410bsa/adamic-build-1685870510/main.c:222:40\n    #2 0x7f335160cca7  (/lib/x86_64-linux-gnu/libc.so.6+0x29ca7) (BuildId: c495b62edadd6c356265942ec1282d98058a7b41)\n    #3 0x7f335160cd64 in __libc_start_main (/lib/x86_64-linux-gnu/libc.so.6+0x29d64) (BuildId: c495b62edadd6c356265942ec1282d98058a7b41)\n    #4 0x561a08ef0460 in _start (/tmp/loom-units/loom-unit-3882973209/workspace/loom-out/phase/catalog-units/00-ta410bsa/TestNativeAgreesWithNodeinternaloracletestdataborrow_element3127594209/002/program+0x5b460)\n\n0x7b93509e0048 is located 40 bytes inside of 58-byte region [0x7b93509e0020,0x7b93509e005a)\nfreed by thread T0 here:\n    #0 0x561a08f92fd6 in free /home/runner/work/llvm-project/llvm-project/compiler-rt/lib/asan/asan_malloc_linux.cpp:51:3\n    #1 0x561a08feae4f in deallocate /home/agent/.cache/adamic/runtime/.build-1095445464/heap.c:212:3\n    #2 0x561a08feae4f in free_one /home/agent/.cache/adamic/runtime/.build-1095445464/heap.c:353:2\n    #3 0x561a08feae4f in release_last /home/agent/.cache/adamic/runtime/.build-1095445464/heap.c:366:3\n\npreviously allocated by thread T0 here:\n    #0 0x561a08f93274 in malloc /home/runner/work/llvm-project/llvm-project/compiler-rt/lib/asan/asan_malloc_linux.cpp:67:3\n    #1 0x561a08fea56f in adamic_allocate /home/agent/.cache/adamic/runtime/.build-1095445464/heap.c:196:10\n    #2 0x561a08fd6a6e in main /tmp/loom-units/loom-unit-3882973209/workspace/loom-out/phase/catalog-units/00-ta410bsa/adamic-build-1685870510/main.c:222:40\n    #3 0x7f335160cca7  (/lib/x86_64-linux-gnu/libc.so.6+0x29ca7) (BuildId: c495b62edadd6c356265942ec1282d98058a7b41)\n\nSUMMARY: AddressSanitizer: heap-use-after-free /tmp/loom-units/loom-unit-3882973209/workspace/loom-out/phase/catalog-units/00-ta410bsa/adamic-build-1685870510/main.c:184:94 in adamic_function_5_Mapper_twice\nShadow bytes around the buggy address:\n  0x7b93509dfd80: 00 00 00 00 00 00 00 00 00 00 00 00 00 00 00 00\n  0x7b93509dfe00: 00 00 00 00 00 00 00 00 00 00 00 00 00 00 00 00\n  0x7b93509dfe80: 00 00 00 00 00 00 00 00 00 00 00 00 00 00 00 00\n  0x7b93509dff00: 00 00 00 00 00 00 00 00 00 00 00 00 00 00 00 00\n  0x7b93509dff80: 00 00 00 00 00 00 00 00 00 00 00 00 00 00 00 00\n=>0x7b93509e0000: fa fa fa fa fd fd fd fd fd[fd]fd fd fa fa fa fa\n  0x7b93509e0080: fd fd fd fd fd fd fd fd fa fa fa fa fd fd fd fd\n  0x7b93509e0100: fd fd fd fd fa fa fa fa fa fa fa fa fa fa fa fa\n  0x7b93509e0180: fa fa fa fa fa fa fa fa fa fa fa fa fa fa fa fa\n  0x7b93509e0200: fa fa fa fa fa fa fa fa fa fa fa fa fa fa fa fa\n  0x7b93509e0280: fa fa fa fa fa fa fa fa fa fa fa fa fa fa fa fa\nShadow byte legend (one shadow byte represents 8 application bytes):\n  Addressable:           00\n  Partially addressable: 01 02 03 04 05 06 07 \n  Heap left redzone:       fa\n  Freed heap region:       fd\n  Stack left redzone:      f1\n  Stack mid redzone:       f2\n  Stack right redzone:     f3\n  Stack after return:      f5\n  Stack use after scope:   f8\n  Global redzone:          f9\n  Global init order:       f6\n  Poisoned by user:        f7\n  Container overflow:      fc\n  Array cookie:            ac\n  Intra object redzone:    bb\n  ASan internal:           fe\n  Left alloca redzone:     ca\n  Right alloca redzone:    cb\n==21577==ABORTING\n"
        oracle_test.go:787: leaks:
            exit 1
            =================================================================
            ==21584==ERROR: AddressSanitizer: heap-use-after-free on address 0x7b875f3e0048 at pc 0x560b187c60b4 bp 0x7ffcd1bc45d0 sp 0x7ffcd1bc45c8
            READ of size 8 at 0x7b875f3e0048 thread T0
                #0 0x560b187c60b3 in adamic_function_5_Mapper_twice /tmp/loom-units/loom-unit-3882973209/workspace/loom-out/phase/catalog-units/00-ta410bsa/adamic-build-1685870510/main.c:184:94
                #1 0x560b187c5a6e in main /tmp/loom-units/loom-unit-3882973209/workspace/loom-out/phase/catalog-units/00-ta410bsa/adamic-build-1685870510/main.c:222:40
                #2 0x7f2760006ca7  (/lib/x86_64-linux-gnu/libc.so.6+0x29ca7) (BuildId: c495b62edadd6c356265942ec1282d98058a7b41)
                #3 0x7f2760006d64 in __libc_start_main (/lib/x86_64-linux-gnu/libc.so.6+0x29d64) (BuildId: c495b62edadd6c356265942ec1282d98058a7b41)
                #4 0x560b186df460 in _start (/tmp/loom-units/loom-unit-3882973209/workspace/loom-out/phase/catalog-units/00-ta410bsa/TestNativeAgreesWithNodeinternaloracletestdataborrow_element3127594209/002/program+0x5b460)
            
            0x7b875f3e0048 is located 40 bytes inside of 58-byte region [0x7b875f3e0020,0x7b875f3e005a)
            freed by thread T0 here:
                #0 0x560b18781fd6 in free /home/runner/work/llvm-project/llvm-project/compiler-rt/lib/asan/asan_malloc_linux.cpp:51:3
                #1 0x560b187d9e4f in deallocate /home/agent/.cache/adamic/runtime/.build-1095445464/heap.c:212:3
                #2 0x560b187d9e4f in free_one /home/agent/.cache/adamic/runtime/.build-1095445464/heap.c:353:2
                #3 0x560b187d9e4f in release_last /home/agent/.cache/adamic/runtime/.build-1095445464/heap.c:366:3
            
            previously allocated by thread T0 here:
                #0 0x560b18782274 in malloc /home/runner/work/llvm-project/llvm-project/compiler-rt/lib/asan/asan_malloc_linux.cpp:67:3
                #1 0x560b187d956f in adamic_allocate /home/agent/.cache/adamic/runtime/.build-1095445464/heap.c:196:10
                #2 0x560b187c5a6e in main /tmp/loom-units/loom-unit-3882973209/workspace/loom-out/phase/catalog-units/00-ta410bsa/adamic-build-1685870510/main.c:222:40
                #3 0x7f2760006ca7  (/lib/x86_64-linux-gnu/libc.so.6+0x29ca7) (BuildId: c495b62edadd6c356265942ec1282d98058a7b41)
            
            SUMMARY: AddressSanitizer: heap-use-after-free /tmp/loom-units/loom-unit-3882973209/workspace/loom-out/phase/catalog-units/00-ta410bsa/adamic-build-1685870510/main.c:184:94 in adamic_function_5_Mapper_twice
            Shadow bytes around the buggy address:
              0x7b875f3dfd80: 00 00 00 00 00 00 00 00 00 00 00 00 00 00 00 00
              0x7b875f3dfe00: 00 00 00 00 00 00 00 00 00 00 00 00 00 00 00 00
              0x7b875f3dfe80: 00 00 00 00 00 00 00 00 00 00 00 00 00 00 00 00
              0x7b875f3dff00: 00 00 00 00 00 00 00 00 00 00 00 00 00 00 00 00
              0x7b875f3dff80: 00 00 00 00 00 00 00 00 00 00 00 00 00 00 00 00
            =>0x7b875f3e0000: fa fa fa fa fd fd fd fd fd[fd]fd fd fa fa fa fa
              0x7b875f3e0080: fd fd fd fd fd fd fd fd fa fa fa fa fd fd fd fd
              0x7b875f3e0100: fd fd fd fd fa fa fa fa fa fa fa fa fa fa fa fa
              0x7b875f3e0180: fa fa fa fa fa fa fa fa fa fa fa fa fa fa fa fa
              0x7b875f3e0200: fa fa fa fa fa fa fa fa fa fa fa fa fa fa fa fa
              0x7b875f3e0280: fa fa fa fa fa fa fa fa fa fa fa fa fa fa fa fa
            Shadow byte legend (one shadow byte represents 8 application bytes):
              Addressable:           00
              Partially addressable: 01 02 03 04 05 06 07 
              Heap left redzone:       fa
              Freed heap region:       fd
              Stack left redzone:      f1
              Stack mid redzone:       f2
              Stack right redzone:     f3
              Stack after return:      f5
              Stack use after scope:   f8
              Global redzone:          f9
              Global init order:       f6
              Poisoned by user:        f7
              Container overflow:      fc
              Array cookie:            ac
              Intra object redzone:    bb
              ASan internal:           fe
              Left alloca redzone:     ca
              Right alloca redzone:    cb
            ==21584==ABORTING
FAIL
gate cache: native hits=0 misses=3
gate cache: node hits=0 misses=2
gate cache: probe hits=0 misses=0
FAIL	github.com/system-inc/adamic/internal/oracle	0.526s
FAIL
