=== RUN   TestThePortParsesAsGoCohereDoes
    css_test.go:121: Go oracle: === RUN   TestAdamicPortCases
            adamic_port_side_test.go:148: corpus files: map[.css:158 .less:43 .scss:90]
            adamic_port_side_test.go:216: 24076 cases, 5021 parsed
            adamic_port_side_test.go:234: Go: 240760 stylesheets in 2.989978997s, 80522 stylesheets/s; 50210 parsed, 95850 children
        --- PASS: TestAdamicPortCases (3.95s)
        PASS
        ok  	github.com/system-inc/cohere/internal/format/css/postcss	3.956s
=== RUN   TestThePortParsesAsGoCohereDoes/Go_agreement
    css_test.go:141: 24076 cases agree with Go, leak clean
=== RUN   TestThePortParsesAsGoCohereDoes/PostCSS
    css_test.go:183: PostCSS: 24074 exact agreements, 2 occurrences of the proved surrogate gap
=== RUN   TestThePortParsesAsGoCohereDoes/catches_custom_properties_lose_their_block_values
    css_test.go:201: native caught: line 162, byte 396: ":\"--b\",\"raws\":{\"before\":\"\",\"between\":\":\",\"value\":{\"raw\":\" \",\"value\":\"\"}},\"source\":{\"end\":{\"column\":20,\"line\":1,\"offset\":20},\"start\":{\"column\":15,\"line\":1,\"offse", Go cohere ":\"--b\",\"raws\":{\"before\":\"\",\"between\":\":\"},\"source\":{\"end\":{\"column\":20,\"line\":1,\"offset\":20},\"start\":{\"column\":15,\"line\":1,\"offset\":14}},\"type\":\"decl\",\"value\":\""
    css_test.go:201: Node caught: line 162, byte 396: ":\"--b\",\"raws\":{\"before\":\"\",\"between\":\":\",\"value\":{\"raw\":\" \",\"value\":\"\"}},\"source\":{\"end\":{\"column\":20,\"line\":1,\"offset\":20},\"start\":{\"column\":15,\"line\":1,\"offse", Go cohere ":\"--b\",\"raws\":{\"before\":\"\",\"between\":\":\"},\"source\":{\"end\":{\"column\":20,\"line\":1,\"offset\":20},\"start\":{\"column\":15,\"line\":1,\"offset\":14}},\"type\":\"decl\",\"value\":\""
=== RUN   TestThePortParsesAsGoCohereDoes/catches_comments_always_disappear_from_values
    css_test.go:201: native caught: line 3126, byte 302: ":1,\"offset\":2}},\"type\":\"decl\",\"value\":\"cd\"},{\"keys\":[\"raws\",\"source\",\"prop\",\"value\"],\"prop\":\"e\",\"raws\":{\"before\":\" \",\"between\":\":\",\"value\":{\"raw\":\"f, /* y */ g\"", Go cohere ":1,\"offset\":2}},\"type\":\"decl\",\"value\":\"c/* x */d\"},{\"keys\":[\"raws\",\"source\",\"prop\",\"value\"],\"prop\":\"e\",\"raws\":{\"before\":\" \",\"between\":\":\",\"value\":{\"raw\":\"f, /* "
    css_test.go:201: Node caught: line 3126, byte 302: ":1,\"offset\":2}},\"type\":\"decl\",\"value\":\"cd\"},{\"keys\":[\"raws\",\"source\",\"prop\",\"value\"],\"prop\":\"e\",\"raws\":{\"before\":\" \",\"between\":\":\",\"value\":{\"raw\":\"f, /* y */ g\"", Go cohere ":1,\"offset\":2}},\"type\":\"decl\",\"value\":\"c/* x */d\"},{\"keys\":[\"raws\",\"source\",\"prop\",\"value\"],\"prop\":\"e\",\"raws\":{\"before\":\" \",\"between\":\":\",\"value\":{\"raw\":\"f, /* "
=== RUN   TestThePortParsesAsGoCohereDoes/catches_closing_braces_no_longer_include_the_closing_byte
    css_test.go:201: native caught: line 6, byte 659: ":{\"end\":{\"column\":28,\"line\":1,\"offset\":27},\"start\":{\"column\":1,\"line\":1,\"offset\":0}},\"type\":\"rule\"},{\"keys\":[\"raws\",\"nodes\",\"source\",\"selector\"],\"nodes\":[],\"raw", Go cohere ":{\"end\":{\"column\":28,\"line\":1,\"offset\":28},\"start\":{\"column\":1,\"line\":1,\"offset\":0}},\"type\":\"rule\"},{\"keys\":[\"raws\",\"nodes\",\"source\",\"selector\"],\"nodes\":[],\"raw"
    css_test.go:201: Node caught: line 6, byte 659: ":{\"end\":{\"column\":28,\"line\":1,\"offset\":27},\"start\":{\"column\":1,\"line\":1,\"offset\":0}},\"type\":\"rule\"},{\"keys\":[\"raws\",\"nodes\",\"source\",\"selector\"],\"nodes\":[],\"raw", Go cohere ":{\"end\":{\"column\":28,\"line\":1,\"offset\":28},\"start\":{\"column\":1,\"line\":1,\"offset\":0}},\"type\":\"rule\"},{\"keys\":[\"raws\",\"nodes\",\"source\",\"selector\"],\"nodes\":[],\"raw"
--- PASS: TestThePortParsesAsGoCohereDoes (75.81s)
    --- PASS: TestThePortParsesAsGoCohereDoes/Go_agreement (25.90s)
    --- PASS: TestThePortParsesAsGoCohereDoes/PostCSS (1.64s)
    --- PASS: TestThePortParsesAsGoCohereDoes/catches_custom_properties_lose_their_block_values (14.63s)
    --- PASS: TestThePortParsesAsGoCohereDoes/catches_comments_always_disappear_from_values (10.95s)
    --- PASS: TestThePortParsesAsGoCohereDoes/catches_closing_braces_no_longer_include_the_closing_byte (17.92s)
=== RUN   TestCSSPrinterBoundaryProofs
    print_test.go:300: === RUN   TestAdamicPrinterCases
            adamic_print_side_test.go:91: printed stylesheets: 4 inputs, 2 formatted, elapsed 528.626µs
        --- PASS: TestAdamicPrinterCases (0.00s)
        PASS
        ok  	github.com/system-inc/cohere/internal/format/css	0.010s
    print_test.go:311: Go and Node direct-printer proofs:
        "a {\n  b: c;\n}\n"
        "// x\ra {\n}\n"
        error {"column":1,"endColumn":2,"endLine":1,"endOffset":2,"line":1,"name":"CssSyntaxError","offset":0,"reason":"Unknown word  "}
        error "css: yaml front matter is formatted by the yaml printer, which css.Format cannot reach"
    print_test.go:321: original Prettier proofs:
        {"input":"﻿a{b:c}","output":"﻿a {\n  b: c;\n}\n"}
        {"input":"// x\ra{}","output":"// x\na {\n}\n"}
        {"input":" ","output":""}
        {"input":"---\na:     b\n---\na{}","output":"---\na: b\n---\n\na {\n}\n"}
--- PASS: TestCSSPrinterBoundaryProofs (1.74s)
PASS
ok  	github.com/system-inc/adamic/stage1/cohere/css	77.571s
