ruling-host-before 25 {'type error': 25} {'a-check': 1} {'a-check': 5.8}
a-check failed for 25 files:
stage3/fixtures/host/01_readFile_utf8.a: type error, expected checked (stage3/fixtures/host/01_readFile_utf8.a:47:21: error TS2345: Argument of type 'string | undefined' is not assignable to parameter of type 'string'.)
stage3/fixtures/host/02_readFile_utf16le.a: type error, expected checked (stage3/fixtures/host/02_readFile_utf16le.a:47:21: error TS2345: Argument of type 'string | undefined' is not assignable to parameter of type 'string'.)
stage3/fixtures/host/03_readFile_utf16be.a: type error, expected checked (stage3/fixtures/host/03_readFile_utf16be.a:47:21: error TS2345: Argument of type 'string | undefined' is not assignable to parameter of type 'string'.)
stage3/fixtures/host/04_readFile_missing.a: type error, expected checked (stage3/fixtures/host/04_readFile_missing.a:46:17: error TS2345: Argument of type 'string | undefined' is not assignable to parameter of type 'string'.)
stage3/fixtures/host/05_writeFile.a: type error, expected checked (stage3/fixtures/host/05_writeFile.a:37:35: error TS2503: Cannot find namespace 'NodeJS'.)
stage3/fixtures/host/06_fileExists.a: type error, expected checked (stage3/fixtures/host/06_fileExists.a:10:24: error TS2591: Cannot find name 'node:os'. Do you need to install type definitions for node? Try `npm i --save-dev @types/node` and then add 'node' to the ty)
stage3/fixtures/host/07_directoryExists.a: type error, expected checked (stage3/fixtures/host/07_directoryExists.a:10:24: error TS2591: Cannot find name 'node:os'. Do you need to install type definitions for node? Try `npm i --save-dev @types/node` and then add 'node' to t)
stage3/fixtures/host/08_getDirectories.a: type error, expected checked (stage3/fixtures/host/08_getDirectories.a:18:22: error TS2591: Cannot find name 'node:fs'. Do you need to install type definitions for node? Try `npm i --save-dev @types/node` and then add 'node' to th)
stage3/fixtures/host/09_realpath.a: type error, expected checked (stage3/fixtures/host/09_realpath.a:6:22: error TS2591: Cannot find name 'node:fs'. Do you need to install type definitions for node? Try `npm i --save-dev @types/node` and then add 'node' to the types)
stage3/fixtures/host/10_getModifiedTime.a: type error, expected checked (stage3/fixtures/host/10_getModifiedTime.a:12:41: error TS2591: Cannot find name 'fs'. Do you need to install type definitions for node? Try `npm i --save-dev @types/node` and then add 'node' to the ty)
stage3/fixtures/host/11_setModifiedTime.a: type error, expected checked (stage3/fixtures/host/11_setModifiedTime.a:4:22: error TS2591: Cannot find name 'node:fs'. Do you need to install type definitions for node? Try `npm i --save-dev @types/node` and then add 'node' to th)
stage3/fixtures/host/12_deleteFile.a: type error, expected checked (stage3/fixtures/host/12_deleteFile.a:4:22: error TS2591: Cannot find name 'node:fs'. Do you need to install type definitions for node? Try `npm i --save-dev @types/node` and then add 'node' to the typ)
stage3/fixtures/host/13_createDirectory.a: type error, expected checked (stage3/fixtures/host/13_createDirectory.a:10:24: error TS2591: Cannot find name 'node:path'. Do you need to install type definitions for node? Try `npm i --save-dev @types/node` and then add 'node' to)
stage3/fixtures/host/14_getCurrentDirectory.a: type error, expected checked (stage3/fixtures/host/14_getCurrentDirectory.a:5:22: error TS2591: Cannot find name 'node:fs'. Do you need to install type definitions for node? Try `npm i --save-dev @types/node` and then add 'node' t)
stage3/fixtures/host/15_getExecutingFilePath.a: type error, expected checked (stage3/fixtures/host/15_getExecutingFilePath.a:5:22: error TS2591: Cannot find name 'node:fs'. Do you need to install type definitions for node? Try `npm i --save-dev @types/node` and then add 'node' )
stage3/fixtures/host/16_getEnvironmentVariable.a: type error, expected checked (stage3/fixtures/host/16_getEnvironmentVariable.a:18:17: error TS2345: Argument of type 'string | undefined' is not assignable to parameter of type 'string'.)
stage3/fixtures/host/17_write.a: type error, expected checked (stage3/fixtures/host/17_write.a:4:22: error TS2591: Cannot find name 'node:fs'. Do you need to install type definitions for node? Try `npm i --save-dev @types/node` and then add 'node' to the types fi)
stage3/fixtures/host/18_exit_0.a: type error, expected checked (stage3/fixtures/host/18_exit_0.a:5:22: error TS2591: Cannot find name 'node:fs'. Do you need to install type definitions for node? Try `npm i --save-dev @types/node` and then add 'node' to the types f)
stage3/fixtures/host/19_exit_1.a: type error, expected checked (stage3/fixtures/host/19_exit_1.a:5:22: error TS2591: Cannot find name 'node:fs'. Do you need to install type definitions for node? Try `npm i --save-dev @types/node` and then add 'node' to the types f)
stage3/fixtures/host/20_exit_2.a: type error, expected checked (stage3/fixtures/host/20_exit_2.a:5:22: error TS2591: Cannot find name 'node:fs'. Do you need to install type definitions for node? Try `npm i --save-dev @types/node` and then add 'node' to the types f)
stage3/fixtures/host/21_createHash.a: type error, expected checked (stage3/fixtures/host/21_createHash.a:11:26: error TS2591: Cannot find name 'node:crypto'. Do you need to install type definitions for node? Try `npm i --save-dev @types/node` and then add 'node' to th)
stage3/fixtures/host/22_createHash_fallback.a: type error, expected checked (stage3/fixtures/host/22_createHash_fallback.a:5:22: error TS2591: Cannot find name 'node:fs'. Do you need to install type definitions for node? Try `npm i --save-dev @types/node` and then add 'node' t)
stage3/fixtures/host/23_newLine.a: type error, expected checked (stage3/fixtures/host/23_newLine.a:13:17: error TS2345: Argument of type 'string | undefined' is not assignable to parameter of type 'string'.)
stage3/fixtures/host/24_useCaseSensitiveFileNames.a: type error, expected checked (stage3/fixtures/host/24_useCaseSensitiveFileNames.a:11:22: error TS2591: Cannot find name 'node:fs'. Do you need to install type definitions for node? Try `npm i --save-dev @types/node` and then add ')
stage3/fixtures/host/25_readDirectory.a: type error, expected checked (stage3/fixtures/host/25_readDirectory.a:1001:23: error TS2345: Argument of type 'T | undefined' is not assignable to parameter of type 'T'.)
