--- FAIL: TestNativeAgreesWithNode (0.13s)
    --- FAIL: TestNativeAgreesWithNode/internal/oracle/testdata/borrow_defined_lent.a (2.27s)
        oracle_test.go:758: the release build: exit codes differ
            sanitized: exit 1, stdout "", stderr "=================================================================\n==339164==ERROR: AddressSanitizer: heap-use-after-free on address 0x708ce43e0048 at pc 0x5ad8b7df0cba bp 0x7ffc90a75ab0 sp 0x7ffc90a75aa8\nREAD of size 8 at 0x708ce43e0048 thread T0\n    #0 0x5ad8b7df0cb9 in adamic_function_1_show /home/ahra/full-gate/out/7b890befc8fc-20261009T161252Z/catalog-units/02-9zo7072s/adamic-build-760712631/main.c:42:90\n    #1 0x5ad8b7df0cb9 in main /home/ahra/full-gate/out/7b890befc8fc-20261009T161252Z/catalog-units/02-9zo7072s/adamic-build-760712631/main.c:72:42\n    #2 0x742ce522a1c9  (/lib/x86_64-linux-gnu/libc.so.6+0x2a1c9) (BuildId: a4a7992a8e66555c8141ab2a08a8465ff6e0ea65)\n    #3 0x742ce522a28a in __libc_start_main (/lib/x86_64-linux-gnu/libc.so.6+0x2a28a) (BuildId: a4a7992a8e66555c8141ab2a08a8465ff6e0ea65)\n    #4 0x5ad8b7d0a464 in _start (/home/ahra/full-gate/out/7b890befc8fc-20261009T161252Z/catalog-units/02-9zo7072s/TestNativeAgreesWithNodeinternaloracletestdataborrow_defined2894671039/002/program+0x59464)\n\n0x708ce43e0048 is located 40 bytes inside of 58-byte region [0x708ce43e0020,0x708ce43e005a)\nfreed by thread T0 here:\n    #0 0x5ad8b7dacfd6 in free /home/runner/work/llvm-project/llvm-project/compiler-rt/lib/asan/asan_malloc_linux.cpp:51:3\n    #1 0x5ad8b7e03a2f in deallocate /home/ahra/.cache/adamic/runtime/.build-204418457/heap.c:212:3\n    #2 0x5ad8b7e03a2f in free_one /home/ahra/.cache/adamic/runtime/.build-204418457/heap.c:351:2\n    #3 0x5ad8b7e03a2f in release_last /home/ahra/.cache/adamic/runtime/.build-204418457/heap.c:364:3\n    #4 0x742ce522a1c9  (/lib/x86_64-linux-gnu/libc.so.6+0x2a1c9) (BuildId: a4a7992a8e66555c8141ab2a08a8465ff6e0ea65)\n    #5 0x742ce522a28a in __libc_start_main (/lib/x86_64-linux-gnu/libc.so.6+0x2a28a) (BuildId: a4a7992a8e66555c8141ab2a08a8465ff6e0ea65)\n    #6 0x5ad8b7d0a464 in _start (/home/ahra/full-gate/out/7b890befc8fc-20261009T161252Z/catalog-units/02-9zo7072s/TestNativeAgreesWithNodeinternaloracletestdataborrow_defined2894671039/002/program+0x59464)\n\npreviously allocated by thread T0 here:\n    #0 0x5ad8b7dad274 in malloc /home/runner/work/llvm-project/llvm-project/compiler-rt/lib/asan/asan_malloc_linux.cpp:67:3\n    #1 0x5ad8b7e031df in adamic_allocate /home/ahra/.cache/adamic/runtime/.build-204418457/heap.c:196:10\n    #2 0x742ce522a1c9  (/lib/x86_64-linux-gnu/libc.so.6+0x2a1c9) (BuildId: a4a7992a8e66555c8141ab2a08a8465ff6e0ea65)\n    #3 0x742ce522a28a in __libc_start_main (/lib/x86_64-linux-gnu/libc.so.6+0x2a28a) (BuildId: a4a7992a8e66555c8141ab2a08a8465ff6e0ea65)\n    #4 0x5ad8b7d0a464 in _start (/home/ahra/full-gate/out/7b890befc8fc-20261009T161252Z/catalog-units/02-9zo7072s/TestNativeAgreesWithNodeinternaloracletestdataborrow_defined2894671039/002/program+0x59464)\n\nSUMMARY: AddressSanitizer: heap-use-after-free /home/ahra/full-gate/out/7b890befc8fc-20261009T161252Z/catalog-units/02-9zo7072s/adamic-build-760712631/main.c:42:90 in adamic_function_1_show\nShadow bytes around the buggy address:\n  0x708ce43dfd80: 00 00 00 00 00 00 00 00 00 00 00 00 00 00 00 00\n  0x708ce43dfe00: 00 00 00 00 00 00 00 00 00 00 00 00 00 00 00 00\n  0x708ce43dfe80: 00 00 00 00 00 00 00 00 00 00 00 00 00 00 00 00\n  0x708ce43dff00: 00 00 00 00 00 00 00 00 00 00 00 00 00 00 00 00\n  0x708ce43dff80: 00 00 00 00 00 00 00 00 00 00 00 00 00 00 00 00\n=>0x708ce43e0000: fa fa fa fa fd fd fd fd fd[fd]fd fd fa fa fa fa\n  0x708ce43e0080: 00 00 00 00 00 00 00 02 fa fa fa fa fa fa fa fa\n  0x708ce43e0100: fa fa fa fa fa fa fa fa fa fa fa fa fa fa fa fa\n  0x708ce43e0180: fa fa fa fa fa fa fa fa fa fa fa fa fa fa fa fa\n  0x708ce43e0200: fa fa fa fa fa fa fa fa fa fa fa fa fa fa fa fa\n  0x708ce43e0280: fa fa fa fa fa fa fa fa fa fa fa fa fa fa fa fa\nShadow byte legend (one shadow byte represents 8 application bytes):\n  Addressable:           00\n  Partially addressable: 01 02 03 04 05 06 07 \n  Heap left redzone:       fa\n  Freed heap region:       fd\n  Stack left redzone:      f1\n  Stack mid redzone:       f2\n  Stack right redzone:     f3\n  Stack after return:      f5\n  Stack use after scope:   f8\n  Global redzone:          f9\n  Global init order:       f6\n  Poisoned by user:        f7\n  Container overflow:      fc\n  Array cookie:            ac\n  Intra object redzone:    bb\n  ASan internal:           fe\n  Left alloca redzone:     ca\n  Right alloca redzone:    cb\n==339164==ABORTING\n"
            release:   exit 0, stdout "a1\x000\n", stderr ""
        oracle_test.go:774: exit codes differ
            node:   exit 0, stdout "a10\n", stderr ""
            native: exit 1, stdout "", stderr "=================================================================\n==339164==ERROR: AddressSanitizer: heap-use-after-free on address 0x708ce43e0048 at pc 0x5ad8b7df0cba bp 0x7ffc90a75ab0 sp 0x7ffc90a75aa8\nREAD of size 8 at 0x708ce43e0048 thread T0\n    #0 0x5ad8b7df0cb9 in adamic_function_1_show /home/ahra/full-gate/out/7b890befc8fc-20261009T161252Z/catalog-units/02-9zo7072s/adamic-build-760712631/main.c:42:90\n    #1 0x5ad8b7df0cb9 in main /home/ahra/full-gate/out/7b890befc8fc-20261009T161252Z/catalog-units/02-9zo7072s/adamic-build-760712631/main.c:72:42\n    #2 0x742ce522a1c9  (/lib/x86_64-linux-gnu/libc.so.6+0x2a1c9) (BuildId: a4a7992a8e66555c8141ab2a08a8465ff6e0ea65)\n    #3 0x742ce522a28a in __libc_start_main (/lib/x86_64-linux-gnu/libc.so.6+0x2a28a) (BuildId: a4a7992a8e66555c8141ab2a08a8465ff6e0ea65)\n    #4 0x5ad8b7d0a464 in _start (/home/ahra/full-gate/out/7b890befc8fc-20261009T161252Z/catalog-units/02-9zo7072s/TestNativeAgreesWithNodeinternaloracletestdataborrow_defined2894671039/002/program+0x59464)\n\n0x708ce43e0048 is located 40 bytes inside of 58-byte region [0x708ce43e0020,0x708ce43e005a)\nfreed by thread T0 here:\n    #0 0x5ad8b7dacfd6 in free /home/runner/work/llvm-project/llvm-project/compiler-rt/lib/asan/asan_malloc_linux.cpp:51:3\n    #1 0x5ad8b7e03a2f in deallocate /home/ahra/.cache/adamic/runtime/.build-204418457/heap.c:212:3\n    #2 0x5ad8b7e03a2f in free_one /home/ahra/.cache/adamic/runtime/.build-204418457/heap.c:351:2\n    #3 0x5ad8b7e03a2f in release_last /home/ahra/.cache/adamic/runtime/.build-204418457/heap.c:364:3\n    #4 0x742ce522a1c9  (/lib/x86_64-linux-gnu/libc.so.6+0x2a1c9) (BuildId: a4a7992a8e66555c8141ab2a08a8465ff6e0ea65)\n    #5 0x742ce522a28a in __libc_start_main (/lib/x86_64-linux-gnu/libc.so.6+0x2a28a) (BuildId: a4a7992a8e66555c8141ab2a08a8465ff6e0ea65)\n    #6 0x5ad8b7d0a464 in _start (/home/ahra/full-gate/out/7b890befc8fc-20261009T161252Z/catalog-units/02-9zo7072s/TestNativeAgreesWithNodeinternaloracletestdataborrow_defined2894671039/002/program+0x59464)\n\npreviously allocated by thread T0 here:\n    #0 0x5ad8b7dad274 in malloc /home/runner/work/llvm-project/llvm-project/compiler-rt/lib/asan/asan_malloc_linux.cpp:67:3\n    #1 0x5ad8b7e031df in adamic_allocate /home/ahra/.cache/adamic/runtime/.build-204418457/heap.c:196:10\n    #2 0x742ce522a1c9  (/lib/x86_64-linux-gnu/libc.so.6+0x2a1c9) (BuildId: a4a7992a8e66555c8141ab2a08a8465ff6e0ea65)\n    #3 0x742ce522a28a in __libc_start_main (/lib/x86_64-linux-gnu/libc.so.6+0x2a28a) (BuildId: a4a7992a8e66555c8141ab2a08a8465ff6e0ea65)\n    #4 0x5ad8b7d0a464 in _start (/home/ahra/full-gate/out/7b890befc8fc-20261009T161252Z/catalog-units/02-9zo7072s/TestNativeAgreesWithNodeinternaloracletestdataborrow_defined2894671039/002/program+0x59464)\n\nSUMMARY: AddressSanitizer: heap-use-after-free /home/ahra/full-gate/out/7b890befc8fc-20261009T161252Z/catalog-units/02-9zo7072s/adamic-build-760712631/main.c:42:90 in adamic_function_1_show\nShadow bytes around the buggy address:\n  0x708ce43dfd80: 00 00 00 00 00 00 00 00 00 00 00 00 00 00 00 00\n  0x708ce43dfe00: 00 00 00 00 00 00 00 00 00 00 00 00 00 00 00 00\n  0x708ce43dfe80: 00 00 00 00 00 00 00 00 00 00 00 00 00 00 00 00\n  0x708ce43dff00: 00 00 00 00 00 00 00 00 00 00 00 00 00 00 00 00\n  0x708ce43dff80: 00 00 00 00 00 00 00 00 00 00 00 00 00 00 00 00\n=>0x708ce43e0000: fa fa fa fa fd fd fd fd fd[fd]fd fd fa fa fa fa\n  0x708ce43e0080: 00 00 00 00 00 00 00 02 fa fa fa fa fa fa fa fa\n  0x708ce43e0100: fa fa fa fa fa fa fa fa fa fa fa fa fa fa fa fa\n  0x708ce43e0180: fa fa fa fa fa fa fa fa fa fa fa fa fa fa fa fa\n  0x708ce43e0200: fa fa fa fa fa fa fa fa fa fa fa fa fa fa fa fa\n  0x708ce43e0280: fa fa fa fa fa fa fa fa fa fa fa fa fa fa fa fa\nShadow byte legend (one shadow byte represents 8 application bytes):\n  Addressable:           00\n  Partially addressable: 01 02 03 04 05 06 07 \n  Heap left redzone:       fa\n  Freed heap region:       fd\n  Stack left redzone:      f1\n  Stack mid redzone:       f2\n  Stack right redzone:     f3\n  Stack after return:      f5\n  Stack use after scope:   f8\n  Global redzone:          f9\n  Global init order:       f6\n  Poisoned by user:        f7\n  Container overflow:      fc\n  Array cookie:            ac\n  Intra object redzone:    bb\n  ASan internal:           fe\n  Left alloca redzone:     ca\n  Right alloca redzone:    cb\n==339164==ABORTING\n"
        oracle_test.go:787: leaks:
            exit 1
            =================================================================
            ==339592==ERROR: AddressSanitizer: heap-use-after-free on address 0x7249845e0048 at pc 0x575402d61cba bp 0x7fff147c0570 sp 0x7fff147c0568
            READ of size 8 at 0x7249845e0048 thread T0
                #0 0x575402d61cb9 in adamic_function_1_show /home/ahra/full-gate/out/7b890befc8fc-20261009T161252Z/catalog-units/02-9zo7072s/adamic-build-760712631/main.c:42:90
                #1 0x575402d61cb9 in main /home/ahra/full-gate/out/7b890befc8fc-20261009T161252Z/catalog-units/02-9zo7072s/adamic-build-760712631/main.c:72:42
                #2 0x75e98542a1c9  (/lib/x86_64-linux-gnu/libc.so.6+0x2a1c9) (BuildId: a4a7992a8e66555c8141ab2a08a8465ff6e0ea65)
                #3 0x75e98542a28a in __libc_start_main (/lib/x86_64-linux-gnu/libc.so.6+0x2a28a) (BuildId: a4a7992a8e66555c8141ab2a08a8465ff6e0ea65)
                #4 0x575402c7b464 in _start (/home/ahra/full-gate/out/7b890befc8fc-20261009T161252Z/catalog-units/02-9zo7072s/TestNativeAgreesWithNodeinternaloracletestdataborrow_defined2894671039/002/program+0x59464)
            
            0x7249845e0048 is located 40 bytes inside of 58-byte region [0x7249845e0020,0x7249845e005a)
            freed by thread T0 here:
                #0 0x575402d1dfd6 in free /home/runner/work/llvm-project/llvm-project/compiler-rt/lib/asan/asan_malloc_linux.cpp:51:3
                #1 0x575402d74a2f in deallocate /home/ahra/.cache/adamic/runtime/.build-204418457/heap.c:212:3
                #2 0x575402d74a2f in free_one /home/ahra/.cache/adamic/runtime/.build-204418457/heap.c:351:2
                #3 0x575402d74a2f in release_last /home/ahra/.cache/adamic/runtime/.build-204418457/heap.c:364:3
                #4 0x75e98542a1c9  (/lib/x86_64-linux-gnu/libc.so.6+0x2a1c9) (BuildId: a4a7992a8e66555c8141ab2a08a8465ff6e0ea65)
                #5 0x75e98542a28a in __libc_start_main (/lib/x86_64-linux-gnu/libc.so.6+0x2a28a) (BuildId: a4a7992a8e66555c8141ab2a08a8465ff6e0ea65)
                #6 0x575402c7b464 in _start (/home/ahra/full-gate/out/7b890befc8fc-20261009T161252Z/catalog-units/02-9zo7072s/TestNativeAgreesWithNodeinternaloracletestdataborrow_defined2894671039/002/program+0x59464)
            
            previously allocated by thread T0 here:
                #0 0x575402d1e274 in malloc /home/runner/work/llvm-project/llvm-project/compiler-rt/lib/asan/asan_malloc_linux.cpp:67:3
                #1 0x575402d741df in adamic_allocate /home/ahra/.cache/adamic/runtime/.build-204418457/heap.c:196:10
                #2 0x75e98542a1c9  (/lib/x86_64-linux-gnu/libc.so.6+0x2a1c9) (BuildId: a4a7992a8e66555c8141ab2a08a8465ff6e0ea65)
                #3 0x75e98542a28a in __libc_start_main (/lib/x86_64-linux-gnu/libc.so.6+0x2a28a) (BuildId: a4a7992a8e66555c8141ab2a08a8465ff6e0ea65)
                #4 0x575402c7b464 in _start (/home/ahra/full-gate/out/7b890befc8fc-20261009T161252Z/catalog-units/02-9zo7072s/TestNativeAgreesWithNodeinternaloracletestdataborrow_defined2894671039/002/program+0x59464)
            
            SUMMARY: AddressSanitizer: heap-use-after-free /home/ahra/full-gate/out/7b890befc8fc-20261009T161252Z/catalog-units/02-9zo7072s/adamic-build-760712631/main.c:42:90 in adamic_function_1_show
            Shadow bytes around the buggy address:
              0x7249845dfd80: 00 00 00 00 00 00 00 00 00 00 00 00 00 00 00 00
              0x7249845dfe00: 00 00 00 00 00 00 00 00 00 00 00 00 00 00 00 00
              0x7249845dfe80: 00 00 00 00 00 00 00 00 00 00 00 00 00 00 00 00
              0x7249845dff00: 00 00 00 00 00 00 00 00 00 00 00 00 00 00 00 00
              0x7249845dff80: 00 00 00 00 00 00 00 00 00 00 00 00 00 00 00 00
            =>0x7249845e0000: fa fa fa fa fd fd fd fd fd[fd]fd fd fa fa fa fa
              0x7249845e0080: 00 00 00 00 00 00 00 02 fa fa fa fa fa fa fa fa
              0x7249845e0100: fa fa fa fa fa fa fa fa fa fa fa fa fa fa fa fa
              0x7249845e0180: fa fa fa fa fa fa fa fa fa fa fa fa fa fa fa fa
              0x7249845e0200: fa fa fa fa fa fa fa fa fa fa fa fa fa fa fa fa
              0x7249845e0280: fa fa fa fa fa fa fa fa fa fa fa fa fa fa fa fa
            Shadow byte legend (one shadow byte represents 8 application bytes):
              Addressable:           00
              Partially addressable: 01 02 03 04 05 06 07 
              Heap left redzone:       fa
              Freed heap region:       fd
              Stack left redzone:      f1
              Stack mid redzone:       f2
              Stack right redzone:     f3
              Stack after return:      f5
              Stack use after scope:   f8
              Global redzone:          f9
              Global init order:       f6
              Poisoned by user:        f7
              Container overflow:      fc
              Array cookie:            ac
              Intra object redzone:    bb
              ASan internal:           fe
              Left alloca redzone:     ca
              Right alloca redzone:    cb
            ==339592==ABORTING
FAIL
gate cache: native hits=0 misses=3
gate cache: node hits=0 misses=2
gate cache: probe hits=0 misses=0
FAIL	github.com/system-inc/adamic/internal/oracle	2.481s
FAIL
