=== RUN   TestMutants
=== RUN   TestMutants/default_clause_suppressed
    lint_test.go:491: default_clause_suppressed caught on Node: case 24 line 522: port "fixed\tswitch (x) { default: break; case 1: break; }\\u000a", Go "/tmp/adamic-gate/TestMutantsdefault_clause_suppressed1676580203/007/default-case-last-0.ts:1:14"
        Go context:
          no-empty  This block is empty, which leaves a reader unable to tell a deliberate no-op from a body that was deleted or never written. The distinction matters most in a `catch`, where an empty block is the difference between swallowing an error on purpose and swallowing it by accident. Write a comment saying why nothing happens here, or remove the block.
        
        range 52 54 unexpectedBlock 		
        fixed	const \u00e9 = '\ud83d\ude00';\u000d\u000a \u00e9 == null;\u000a \u000d\u000a if(\u00e9){} // outside\u000a
        case 24
        /tmp/adamic-gate/TestMutantsdefault_clause_suppressed1676580203/007/default-case-last-0.ts:1:14
          default-case-last  This `default` clause is not the last one in its `switch`. A reader scanning the clauses in order expects the fallback at the bottom, and a `default` sitting in the middle also falls through into whatever case follows it when its body has no `break`, which is a control flow almost nobody writes on purpose. Move it to the end.
        
        range 13 28 notLast 		
        fixed	switch (x) { default: break; case 1: break; }\u000a
    lint_test.go:491: default_clause_suppressed caught on emitted JavaScript: case 24 line 522: port "fixed\tswitch (x) { default: break; case 1: break; }\\u000a", Go "/tmp/adamic-gate/TestMutantsdefault_clause_suppressed1676580203/007/default-case-last-0.ts:1:14"
        Go context:
          no-empty  This block is empty, which leaves a reader unable to tell a deliberate no-op from a body that was deleted or never written. The distinction matters most in a `catch`, where an empty block is the difference between swallowing an error on purpose and swallowing it by accident. Write a comment saying why nothing happens here, or remove the block.
        
        range 52 54 unexpectedBlock 		
        fixed	const \u00e9 = '\ud83d\ude00';\u000d\u000a \u00e9 == null;\u000a \u000d\u000a if(\u00e9){} // outside\u000a
        case 24
        /tmp/adamic-gate/TestMutantsdefault_clause_suppressed1676580203/007/default-case-last-0.ts:1:14
          default-case-last  This `default` clause is not the last one in its `switch`. A reader scanning the clauses in order expects the fallback at the bottom, and a `default` sitting in the middle also falls through into whatever case follows it when its body has no `break`, which is a control flow almost nobody writes on purpose. Move it to the end.
        
        range 13 28 notLast 		
        fixed	switch (x) { default: break; case 1: break; }\u000a
    lint_test.go:491: default_clause_suppressed caught on native: case 24 line 522: port "fixed\tswitch (x) { default: break; case 1: break; }\\u000a", Go "/tmp/adamic-gate/TestMutantsdefault_clause_suppressed1676580203/007/default-case-last-0.ts:1:14"
        Go context:
          no-empty  This block is empty, which leaves a reader unable to tell a deliberate no-op from a body that was deleted or never written. The distinction matters most in a `catch`, where an empty block is the difference between swallowing an error on purpose and swallowing it by accident. Write a comment saying why nothing happens here, or remove the block.
        
        range 52 54 unexpectedBlock 		
        fixed	const \u00e9 = '\ud83d\ude00';\u000d\u000a \u00e9 == null;\u000a \u000d\u000a if(\u00e9){} // outside\u000a
        case 24
        /tmp/adamic-gate/TestMutantsdefault_clause_suppressed1676580203/007/default-case-last-0.ts:1:14
          default-case-last  This `default` clause is not the last one in its `switch`. A reader scanning the clauses in order expects the fallback at the bottom, and a `default` sitting in the middle also falls through into whatever case follows it when its body has no `break`, which is a control flow almost nobody writes on purpose. Move it to the end.
        
        range 13 28 notLast 		
        fixed	switch (x) { default: break; case 1: break; }\u000a
=== RUN   TestMutants/core_default_suppressed
    lint_test.go:491: core_default_suppressed caught on Node: case 24 line 522: port "fixed\tfunction f(a = 1, b) {}\\u000a", Go "/tmp/adamic-gate/TestMutantscore_default_suppressed404911524/007/default-param-last-0.ts:1:12"
        Go context:
          no-empty  This block is empty, which leaves a reader unable to tell a deliberate no-op from a body that was deleted or never written. The distinction matters most in a `catch`, where an empty block is the difference between swallowing an error on purpose and swallowing it by accident. Write a comment saying why nothing happens here, or remove the block.
        
        range 52 54 unexpectedBlock 		
        fixed	const \u00e9 = '\ud83d\ude00';\u000d\u000a \u00e9 == null;\u000a \u000d\u000a if(\u00e9){} // outside\u000a
        case 24
        /tmp/adamic-gate/TestMutantscore_default_suppressed404911524/007/default-param-last-0.ts:1:12
          default-param-last  A parameter carrying a default or an optional marker sits before a parameter without one, so the default can never be taken: reaching the later parameter obliges every caller to pass something here. Move it after the required parameters, where omitting it is what selects the default.
        
        range 11 16 shouldBeLast 		
        fixed	function f(a = 1, b) {}\u000a
    lint_test.go:491: core_default_suppressed caught on emitted JavaScript: case 24 line 522: port "fixed\tfunction f(a = 1, b) {}\\u000a", Go "/tmp/adamic-gate/TestMutantscore_default_suppressed404911524/007/default-param-last-0.ts:1:12"
        Go context:
          no-empty  This block is empty, which leaves a reader unable to tell a deliberate no-op from a body that was deleted or never written. The distinction matters most in a `catch`, where an empty block is the difference between swallowing an error on purpose and swallowing it by accident. Write a comment saying why nothing happens here, or remove the block.
        
        range 52 54 unexpectedBlock 		
        fixed	const \u00e9 = '\ud83d\ude00';\u000d\u000a \u00e9 == null;\u000a \u000d\u000a if(\u00e9){} // outside\u000a
        case 24
        /tmp/adamic-gate/TestMutantscore_default_suppressed404911524/007/default-param-last-0.ts:1:12
          default-param-last  A parameter carrying a default or an optional marker sits before a parameter without one, so the default can never be taken: reaching the later parameter obliges every caller to pass something here. Move it after the required parameters, where omitting it is what selects the default.
        
        range 11 16 shouldBeLast 		
        fixed	function f(a = 1, b) {}\u000a
    lint_test.go:491: core_default_suppressed caught on native: case 24 line 522: port "fixed\tfunction f(a = 1, b) {}\\u000a", Go "/tmp/adamic-gate/TestMutantscore_default_suppressed404911524/007/default-param-last-0.ts:1:12"
        Go context:
          no-empty  This block is empty, which leaves a reader unable to tell a deliberate no-op from a body that was deleted or never written. The distinction matters most in a `catch`, where an empty block is the difference between swallowing an error on purpose and swallowing it by accident. Write a comment saying why nothing happens here, or remove the block.
        
        range 52 54 unexpectedBlock 		
        fixed	const \u00e9 = '\ud83d\ude00';\u000d\u000a \u00e9 == null;\u000a \u000d\u000a if(\u00e9){} // outside\u000a
        case 24
        /tmp/adamic-gate/TestMutantscore_default_suppressed404911524/007/default-param-last-0.ts:1:12
          default-param-last  A parameter carrying a default or an optional marker sits before a parameter without one, so the default can never be taken: reaching the later parameter obliges every caller to pass something here. Move it after the required parameters, where omitting it is what selects the default.
        
        range 11 16 shouldBeLast 		
        fixed	function f(a = 1, b) {}\u000a
=== RUN   TestMutants/loop_direction_reversed
    lint_test.go:491: loop_direction_reversed caught on Node: case 12 line 290: port "/tmp/adamic-gate/TestMutantsloop_direction_reversed2615753701/004/generated-3.ts:1:8", Go "/tmp/adamic-gate/TestMutantsloop_direction_reversed2615753701/004/generated-3.ts:1:12"
        Go context:
        case 12
        /tmp/adamic-gate/TestMutantsloop_direction_reversed2615753701/004/generated-3.ts:1:1
          no-var  This is a `var` declaration, which is function-scoped and hoisted rather than block-scoped. The binding exists from the top of the enclosing function, so it is readable above the line that declares it and it leaks out of the block it looks like it belongs to: a `var` inside an `if` is still in scope after the `if` ends. A `var` in a loop is one binding shared by every iteration, which is why a closure created in the loop sees the final value rather than its own. Use `let`, or `const` when nothing reassigns it.
        
        range 0 5 unexpectedVar 		
        /tmp/adamic-gate/TestMutantsloop_direction_reversed2615753701/004/generated-3.ts:1:12
          no-var  This is a `var` declaration, which is function-scoped and hoisted rather than block-scoped. The binding exists from the top of the enclosing function, so it is readable above the line that declares it and it leaks out of the block it looks like it belongs to: a `var` inside an `if` is still in scope after the `if` ends. A `var` in a loop is one binding shared by every iteration, which is why a closure created in the loop sees the final value rather than its own. Use `let`, or `const` when nothing reassigns it.
        
        range 11 18 unexpectedVar 		
        /tmp/adamic-gate/TestMutantsloop_direction_reversed2615753701/004/generated-3.ts:1:28
    lint_test.go:491: loop_direction_reversed caught on emitted JavaScript: case 12 line 290: port "/tmp/adamic-gate/TestMutantsloop_direction_reversed2615753701/004/generated-3.ts:1:8", Go "/tmp/adamic-gate/TestMutantsloop_direction_reversed2615753701/004/generated-3.ts:1:12"
        Go context:
        case 12
        /tmp/adamic-gate/TestMutantsloop_direction_reversed2615753701/004/generated-3.ts:1:1
          no-var  This is a `var` declaration, which is function-scoped and hoisted rather than block-scoped. The binding exists from the top of the enclosing function, so it is readable above the line that declares it and it leaks out of the block it looks like it belongs to: a `var` inside an `if` is still in scope after the `if` ends. A `var` in a loop is one binding shared by every iteration, which is why a closure created in the loop sees the final value rather than its own. Use `let`, or `const` when nothing reassigns it.
        
        range 0 5 unexpectedVar 		
        /tmp/adamic-gate/TestMutantsloop_direction_reversed2615753701/004/generated-3.ts:1:12
          no-var  This is a `var` declaration, which is function-scoped and hoisted rather than block-scoped. The binding exists from the top of the enclosing function, so it is readable above the line that declares it and it leaks out of the block it looks like it belongs to: a `var` inside an `if` is still in scope after the `if` ends. A `var` in a loop is one binding shared by every iteration, which is why a closure created in the loop sees the final value rather than its own. Use `let`, or `const` when nothing reassigns it.
        
        range 11 18 unexpectedVar 		
        /tmp/adamic-gate/TestMutantsloop_direction_reversed2615753701/004/generated-3.ts:1:28
    lint_test.go:491: loop_direction_reversed caught on native: case 12 line 290: port "/tmp/adamic-gate/TestMutantsloop_direction_reversed2615753701/004/generated-3.ts:1:8", Go "/tmp/adamic-gate/TestMutantsloop_direction_reversed2615753701/004/generated-3.ts:1:12"
        Go context:
        case 12
        /tmp/adamic-gate/TestMutantsloop_direction_reversed2615753701/004/generated-3.ts:1:1
          no-var  This is a `var` declaration, which is function-scoped and hoisted rather than block-scoped. The binding exists from the top of the enclosing function, so it is readable above the line that declares it and it leaks out of the block it looks like it belongs to: a `var` inside an `if` is still in scope after the `if` ends. A `var` in a loop is one binding shared by every iteration, which is why a closure created in the loop sees the final value rather than its own. Use `let`, or `const` when nothing reassigns it.
        
        range 0 5 unexpectedVar 		
        /tmp/adamic-gate/TestMutantsloop_direction_reversed2615753701/004/generated-3.ts:1:12
          no-var  This is a `var` declaration, which is function-scoped and hoisted rather than block-scoped. The binding exists from the top of the enclosing function, so it is readable above the line that declares it and it leaks out of the block it looks like it belongs to: a `var` inside an `if` is still in scope after the `if` ends. A `var` in a loop is one binding shared by every iteration, which is why a closure created in the loop sees the final value rather than its own. Use `let`, or `const` when nothing reassigns it.
        
        range 11 18 unexpectedVar 		
        /tmp/adamic-gate/TestMutantsloop_direction_reversed2615753701/004/generated-3.ts:1:28
--- PASS: TestMutants (69.01s)
    --- PASS: TestMutants/default_clause_suppressed (21.54s)
    --- PASS: TestMutants/core_default_suppressed (21.58s)
    --- PASS: TestMutants/loop_direction_reversed (23.14s)
PASS
ok  	github.com/system-inc/adamic/stage1/cohere/lint	69.024s
