=== RUN   TestCompilerAndStage1Agree
    lint_test.go:408: compiler and stage1: 234 files
    lint_test.go:409: Go, Node, emitted JavaScript, native identical: 13076927 bytes
--- PASS: TestCompilerAndStage1Agree (56.60s)
=== RUN   TestOwnedWitnesses
    registration_test.go:45: Go, Node, emitted JavaScript, native identical: 21076 bytes
--- PASS: TestOwnedWitnesses (23.85s)
=== RUN   TestFourthUpstream
    lint_test.go:324: cohere cases: 971 unique source/rule/options combinations
    wave08_fourth_test.go:26: assigned upstream selected=map[default-case-last:38 default-param-last:128 for-direction:46] blockedJSX=map[]
    wave08_fourth_test.go:37: Go, Node, emitted JavaScript, native identical: 58751 bytes
--- PASS: TestFourthUpstream (43.75s)
=== RUN   TestFourthThroughput
    wave08_fourth_test.go:113: default-case-last round=1 native seconds=1.494648 findings=1000
    wave08_fourth_test.go:113: default-case-last round=1 Node seconds=1.235577 findings=1000
    wave08_fourth_test.go:113: default-case-last round=1 Go seconds=0.307524 findings=1000
    wave08_fourth_test.go:113: default-case-last round=2 Node seconds=1.561539 findings=1000
    wave08_fourth_test.go:113: default-case-last round=2 Go seconds=0.265465 findings=1000
    wave08_fourth_test.go:113: default-case-last round=2 native seconds=1.794053 findings=1000
    wave08_fourth_test.go:113: default-case-last round=3 Go seconds=0.239368 findings=1000
    wave08_fourth_test.go:113: default-case-last round=3 native seconds=1.806085 findings=1000
    wave08_fourth_test.go:113: default-case-last round=3 Node seconds=1.347632 findings=1000
    wave08_fourth_test.go:113: default-case-last round=4 native seconds=1.648889 findings=1000
    wave08_fourth_test.go:113: default-case-last round=4 Node seconds=1.199456 findings=1000
    wave08_fourth_test.go:113: default-case-last round=4 Go seconds=0.253843 findings=1000
    wave08_fourth_test.go:113: default-case-last round=5 Node seconds=1.252607 findings=1000
    wave08_fourth_test.go:113: default-case-last round=5 Go seconds=0.253252 findings=1000
    wave08_fourth_test.go:113: default-case-last round=5 native seconds=1.572484 findings=1000
    wave08_fourth_test.go:121: default-case-last native: 669.05 findings/s seconds=1.494648 files=78 findings=1000
    wave08_fourth_test.go:121: default-case-last Node: 833.71 findings/s seconds=1.199456 files=78 findings=1000
    wave08_fourth_test.go:121: default-case-last Go: 4177.66 findings/s seconds=0.239368 files=78 findings=1000
    wave08_fourth_test.go:113: default-param-last round=1 native seconds=1.630798 findings=1024
    wave08_fourth_test.go:113: default-param-last round=1 Node seconds=1.239532 findings=1024
    wave08_fourth_test.go:113: default-param-last round=1 Go seconds=0.245553 findings=1024
    wave08_fourth_test.go:113: default-param-last round=2 Node seconds=1.226378 findings=1024
    wave08_fourth_test.go:113: default-param-last round=2 Go seconds=0.249641 findings=1024
    wave08_fourth_test.go:113: default-param-last round=2 native seconds=1.746087 findings=1024
    wave08_fourth_test.go:113: default-param-last round=3 Go seconds=0.256060 findings=1024
    wave08_fourth_test.go:113: default-param-last round=3 native seconds=1.610524 findings=1024
    wave08_fourth_test.go:113: default-param-last round=3 Node seconds=1.174487 findings=1024
    wave08_fourth_test.go:113: default-param-last round=4 native seconds=1.650969 findings=1024
    wave08_fourth_test.go:113: default-param-last round=4 Node seconds=1.183816 findings=1024
    wave08_fourth_test.go:113: default-param-last round=4 Go seconds=0.246845 findings=1024
    wave08_fourth_test.go:113: default-param-last round=5 Node seconds=1.234588 findings=1024
    wave08_fourth_test.go:113: default-param-last round=5 Go seconds=0.260382 findings=1024
    wave08_fourth_test.go:113: default-param-last round=5 native seconds=1.483403 findings=1024
    wave08_fourth_test.go:121: default-param-last native: 690.30 findings/s seconds=1.483403 files=78 findings=1024
    wave08_fourth_test.go:121: default-param-last Node: 871.87 findings/s seconds=1.174487 files=78 findings=1024
    wave08_fourth_test.go:121: default-param-last Go: 4170.18 findings/s seconds=0.245553 files=78 findings=1024
    wave08_fourth_test.go:113: for-direction round=1 native seconds=1.533409 findings=1000
    wave08_fourth_test.go:113: for-direction round=1 Node seconds=1.132568 findings=1000
    wave08_fourth_test.go:113: for-direction round=1 Go seconds=0.240468 findings=1000
    wave08_fourth_test.go:113: for-direction round=2 Node seconds=1.013640 findings=1000
    wave08_fourth_test.go:113: for-direction round=2 Go seconds=0.247070 findings=1000
    wave08_fourth_test.go:113: for-direction round=2 native seconds=1.662277 findings=1000
    wave08_fourth_test.go:113: for-direction round=3 Go seconds=0.291854 findings=1000
    wave08_fourth_test.go:113: for-direction round=3 native seconds=2.141029 findings=1000
    wave08_fourth_test.go:113: for-direction round=3 Node seconds=1.647383 findings=1000
    wave08_fourth_test.go:113: for-direction round=4 native seconds=1.663226 findings=1000
    wave08_fourth_test.go:113: for-direction round=4 Node seconds=1.244530 findings=1000
    wave08_fourth_test.go:113: for-direction round=4 Go seconds=0.249211 findings=1000
    wave08_fourth_test.go:113: for-direction round=5 Node seconds=2.573249 findings=1000
    wave08_fourth_test.go:113: for-direction round=5 Go seconds=0.296105 findings=1000
    wave08_fourth_test.go:113: for-direction round=5 native seconds=1.774784 findings=1000
    wave08_fourth_test.go:121: for-direction native: 652.14 findings/s seconds=1.533409 files=78 findings=1000
    wave08_fourth_test.go:121: for-direction Node: 986.54 findings/s seconds=1.013640 files=78 findings=1000
    wave08_fourth_test.go:121: for-direction Go: 4158.56 findings/s seconds=0.240468 files=78 findings=1000
--- PASS: TestFourthThroughput (58.83s)
PASS
ok  	github.com/system-inc/adamic/stage1/cohere/lint	183.040s
