controls 62573 identical bytes findings 101
controls-asan 62573 identical bytes findings 101
repository 18485 identical bytes findings 0
repository-asan 18485 identical bytes findings 0
compiler 5934 identical bytes findings 0
compiler-asan 5934 identical bytes findings 0
process mutant: exit 0, empty stderr; Go byte oracle catches byte 84
race mutant: exit 0, empty stderr; Go byte oracle catches byte 52486
blocking mutant: exit 0, empty stderr; Go byte oracle catches byte 585
wave-27-declaration-ancestry fact mutant: exit 0, empty stderr; Go bytes catch byte 60
wave-27-syntax-flow fact mutant: exit 0, empty stderr; Go bytes catch byte 1330
wave-27-call-declaration fact mutant: exit 0, empty stderr; Go bytes catch byte 12520
wave-27-module-sources fact mutant: exit 0, empty stderr; Go bytes catch byte 42269
ancestry-name-kind fact mutant: exit 0, empty stderr; Go bytes catch byte 61952
wave-27-declaration-ancestry released handle: required panic 70
wave-27-syntax-flow released handle: required panic 70
wave-27-call-declaration released handle: required panic 70
wave-27-module-sources released handle: required panic 70
wave-27-declaration-ancestry retained-registry mutant: exit 0; required-panic check catches it
wave-27-syntax-flow retained-registry mutant: exit 0; required-panic check catches it
wave-27-call-declaration retained-registry mutant: exit 0; required-panic check catches it
wave-27-module-sources retained-registry mutant: exit 0; required-panic check catches it
{
  "repository": {
    "process_ns": {
      "native": [
        445766301,
        592276793,
        414188658
      ],
      "go": [
        148092309,
        138693139,
        158734369
      ]
    },
    "median_ns": {
      "native": 445766301,
      "go": 148092309
    },
    "native_over_go": 3.0100570651511687,
    "bytes": 18485,
    "sha256": "20dc789d505315aefcd366d819ba20b780f64bcdce0e5fbf2f26dc54ac120a2f"
  },
  "compiler": {
    "process_ns": {
      "native": [
        3268880437,
        2901653409,
        2830151119
      ],
      "go": [
        391767452,
        353792055,
        536761666
      ]
    },
    "median_ns": {
      "native": 2901653409,
      "go": 391767452
    },
    "native_over_go": 7.406570898595221,
    "bytes": 5934,
    "sha256": "b1b13510c70ad0e39c27357d0ac18c275e6495a6644d6d814fb29be0e10fd970"
  }
}
PASS
