=== RUN   TestRulesAgree
    lint_test.go:399: cohere cases: 2057 unique source/rule/options combinations
    lint_test.go:432: EXPLICIT LIMIT: parser recovery is not ported for /tmp/adamic-gate/TestRulesAgree857776763/019/case-079/Thing.ts	@typescript-eslint/method-signature-style			false	{"Style":"method"}	unsupported-recovery
    lint_test.go:433: Go recovered output: case 0
        recovery findings only
    lint_test.go:433: explicit unsupported recovery: /tmp/adamic-gate/TestRulesAgree857776763/003/scanner: timeout=false: exit status 70: adamic: panic: parser slice expected OpenBraceToken, got EndOfFile at 11 in /tmp/adamic-gate/TestRulesAgree857776763/019/case-079/Thing.ts
    lint_test.go:433: explicit unsupported recovery: node: timeout=false: exit status 70: adamic: panic: parser slice expected OpenBraceToken, got EndOfFile at 11 in /tmp/adamic-gate/TestRulesAgree857776763/019/case-079/Thing.ts
    lint_test.go:432: EXPLICIT LIMIT: parser recovery is not ported for /tmp/adamic-gate/TestRulesAgree857776763/019/case-081/Thing.ts	@typescript-eslint/method-signature-style			false	{"Style":"method"}	unsupported-recovery
    lint_test.go:433: Go recovered output: case 0
        recovery findings only
    lint_test.go:433: explicit unsupported recovery: /tmp/adamic-gate/TestRulesAgree857776763/003/scanner: timeout=true: signal: killed: 
    lint_test.go:433: explicit unsupported recovery: node: timeout=true: signal: killed: 
    lint_test.go:432: EXPLICIT LIMIT: parser recovery is not ported for /tmp/adamic-gate/TestRulesAgree857776763/019/case-085/Thing.ts	@typescript-eslint/method-signature-style			false	{"Style":"method"}	unsupported-recovery
    lint_test.go:433: Go recovered output: case 0
        recovery findings only
    lint_test.go:433: explicit unsupported recovery: /tmp/adamic-gate/TestRulesAgree857776763/003/scanner: timeout=false: exit status 70: adamic: panic: parser slice expected GreaterThanToken, got Identifier at 17 in /tmp/adamic-gate/TestRulesAgree857776763/019/case-085/Thing.ts
    lint_test.go:433: explicit unsupported recovery: node: timeout=false: exit status 70: adamic: panic: parser slice expected GreaterThanToken, got Identifier at 17 in /tmp/adamic-gate/TestRulesAgree857776763/019/case-085/Thing.ts
    lint_test.go:432: EXPLICIT LIMIT: parser recovery is not ported for /tmp/adamic-gate/TestRulesAgree857776763/019/case-086/Thing.ts	@typescript-eslint/method-signature-style			false	{"Style":"method"}	unsupported-recovery
    lint_test.go:433: Go recovered output: case 0
        recovery findings only
    lint_test.go:433: explicit unsupported recovery: /tmp/adamic-gate/TestRulesAgree857776763/003/scanner: timeout=false: exit status 70: adamic: panic: parser slice expected GreaterThanToken, got OpenParenToken at 17 in /tmp/adamic-gate/TestRulesAgree857776763/019/case-086/Thing.ts
    lint_test.go:433: explicit unsupported recovery: node: timeout=false: exit status 70: adamic: panic: parser slice expected GreaterThanToken, got OpenParenToken at 17 in /tmp/adamic-gate/TestRulesAgree857776763/019/case-086/Thing.ts
    lint_test.go:432: EXPLICIT LIMIT: parser recovery is not ported for /tmp/adamic-gate/TestRulesAgree857776763/019/case-095/Thing.ts	@typescript-eslint/method-signature-style			false	{"Style":"property"}	unsupported-recovery
    lint_test.go:433: Go recovered output: case 0
        recovery findings only
    lint_test.go:433: explicit unsupported recovery: /tmp/adamic-gate/TestRulesAgree857776763/003/scanner: timeout=false: exit status 70: adamic: panic: parser slice expected OpenBraceToken, got EndOfFile at 11 in /tmp/adamic-gate/TestRulesAgree857776763/019/case-095/Thing.ts
    lint_test.go:433: explicit unsupported recovery: node: timeout=false: exit status 70: adamic: panic: parser slice expected OpenBraceToken, got EndOfFile at 11 in /tmp/adamic-gate/TestRulesAgree857776763/019/case-095/Thing.ts
    lint_test.go:432: EXPLICIT LIMIT: parser recovery is not ported for /tmp/adamic-gate/TestRulesAgree857776763/019/case-097/Thing.ts	@typescript-eslint/method-signature-style			false	{"Style":"property"}	unsupported-recovery
    lint_test.go:433: Go recovered output: case 0
        /tmp/adamic-gate/TestRulesAgree857776763/019/case-097/Thing.ts:1:15
          @typescript-eslint/method-signature-style  This is written as a shorthand method signature, which TypeScript checks bivariantly: a parameter can be narrowed by an implementer and the compiler will not object, so a call that type-checks can still be wrong at runtime. A function property is checked the strict way and catches that.
        
        range 14 33 errorMethod fix	m: (a: string) => void;		14 33
        recovery findings only
    lint_test.go:433: explicit unsupported recovery: /tmp/adamic-gate/TestRulesAgree857776763/003/scanner: timeout=true: signal: killed: 
    lint_test.go:433: explicit unsupported recovery: node: timeout=true: signal: killed: 
    lint_test.go:432: EXPLICIT LIMIT: parser recovery is not ported for /tmp/adamic-gate/TestRulesAgree857776763/019/case-099/Thing.ts	@typescript-eslint/method-signature-style			false	{"Style":"property"}	unsupported-recovery
    lint_test.go:433: Go recovered output: case 0
        /tmp/adamic-gate/TestRulesAgree857776763/019/case-099/Thing.ts:1:15
          @typescript-eslint/method-signature-style  This is written as a shorthand method signature, which TypeScript checks bivariantly: a parameter can be narrowed by an implementer and the compiler will not object, so a call that type-checks can still be wrong at runtime. A function property is checked the strict way and catches that.
        
        range 14 34 errorMethod fix	m: (a: string) => void;		14 34
        recovery findings only
    lint_test.go:433: explicit unsupported recovery: /tmp/adamic-gate/TestRulesAgree857776763/003/scanner: timeout=false: exit status 70: adamic: panic: parser slice expected GreaterThanToken, got Identifier at 17 in /tmp/adamic-gate/TestRulesAgree857776763/019/case-099/Thing.ts
    lint_test.go:433: explicit unsupported recovery: node: timeout=false: exit status 70: adamic: panic: parser slice expected GreaterThanToken, got Identifier at 17 in /tmp/adamic-gate/TestRulesAgree857776763/019/case-099/Thing.ts
    lint_test.go:432: EXPLICIT LIMIT: parser recovery is not ported for /tmp/adamic-gate/TestRulesAgree857776763/019/case-100/Thing.ts	@typescript-eslint/method-signature-style			false	{"Style":"property"}	unsupported-recovery
    lint_test.go:433: Go recovered output: case 0
        /tmp/adamic-gate/TestRulesAgree857776763/019/case-100/Thing.ts:1:15
          @typescript-eslint/method-signature-style  This is written as a shorthand method signature, which TypeScript checks bivariantly: a parameter can be narrowed by an implementer and the compiler will not object, so a call that type-checks can still be wrong at runtime. A function property is checked the strict way and catches that.
        
        range 14 27 errorMethod 			14 27
        recovery findings only
    lint_test.go:433: explicit unsupported recovery: /tmp/adamic-gate/TestRulesAgree857776763/003/scanner: timeout=false: exit status 70: adamic: panic: parser slice expected GreaterThanToken, got OpenParenToken at 17 in /tmp/adamic-gate/TestRulesAgree857776763/019/case-100/Thing.ts
    lint_test.go:433: explicit unsupported recovery: node: timeout=false: exit status 70: adamic: panic: parser slice expected GreaterThanToken, got OpenParenToken at 17 in /tmp/adamic-gate/TestRulesAgree857776763/019/case-100/Thing.ts
    lint_test.go:438: Go, Node, emitted JavaScript, native identical: 13060443 bytes
--- PASS: TestRulesAgree (256.09s)
=== RUN   TestMutants
=== RUN   TestMutants/concat_substituted_template_ignored
    lint_test.go:759: concat substituted template ignored caught on Node: case 145 line 2738: port "/tmp/adamic-gate/TestMutantsconcat_substituted_template_ignored3118779934/016/no-useless-concat-0.ts:2:27", Go "/tmp/adamic-gate/TestMutantsconcat_substituted_template_ignored3118779934/016/no-useless-concat-0.ts:1:28"
        Go context:
          no-return-assign  This return statement assigns rather than returns a value it already has, so it does two things at once and the assignment is the one the reader is likeliest to miss. It is usually a `==` typed as `=`, and where it is deliberate it reads as a value being returned rather than as a write happening on the way out. Assign on its own line and return the variable, or wrap the assignment in its own parentheses to say the write was meant.
        
        range 643 661 returnAssignment 			643 661
        fixed	interface Bare { n: number }; interface WrongType { value: number }; type Alias = string; const Choice={Yes:'Yes'} as const; function guard(x: unknown): x is string { return true; } console.log('one'); console['warn']('two'); let count=0; count++; for(let i=0;i<3;i++){count++;} interface CallableType { method(value: string): number; readonly property: (value: string) => number; } enum Direction { Left=1, Right=Left|2, Other=compute() } let boxed: Number; class Thing implements Boolean {} if(!flag){doOne();}else{doTwo();} const chosen=!flag?left:right; const assigning=()=>left=right; const wrapped=()=>(left=right); function returning(){return left=right;}\u000a
        case 145
        /tmp/adamic-gate/TestMutantsconcat_substituted_template_ignored3118779934/016/no-useless-concat-0.ts:1:28
          no-useless-concat  These two literals are joined at runtime where the source could have written one literal. Nothing is computed between them, so the concatenation only adds an operator for a reader to follow and a chance for the two halves to drift apart.
        
        range 27 28 unexpectedConcat 			27 28
        /tmp/adamic-gate/TestMutantsconcat_substituted_template_ignored3118779934/016/no-useless-concat-0.ts:2:27
    lint_test.go:759: concat substituted template ignored caught on emitted JavaScript: case 145 line 2738: port "/tmp/adamic-gate/TestMutantsconcat_substituted_template_ignored3118779934/016/no-useless-concat-0.ts:2:27", Go "/tmp/adamic-gate/TestMutantsconcat_substituted_template_ignored3118779934/016/no-useless-concat-0.ts:1:28"
        Go context:
          no-return-assign  This return statement assigns rather than returns a value it already has, so it does two things at once and the assignment is the one the reader is likeliest to miss. It is usually a `==` typed as `=`, and where it is deliberate it reads as a value being returned rather than as a write happening on the way out. Assign on its own line and return the variable, or wrap the assignment in its own parentheses to say the write was meant.
        
        range 643 661 returnAssignment 			643 661
        fixed	interface Bare { n: number }; interface WrongType { value: number }; type Alias = string; const Choice={Yes:'Yes'} as const; function guard(x: unknown): x is string { return true; } console.log('one'); console['warn']('two'); let count=0; count++; for(let i=0;i<3;i++){count++;} interface CallableType { method(value: string): number; readonly property: (value: string) => number; } enum Direction { Left=1, Right=Left|2, Other=compute() } let boxed: Number; class Thing implements Boolean {} if(!flag){doOne();}else{doTwo();} const chosen=!flag?left:right; const assigning=()=>left=right; const wrapped=()=>(left=right); function returning(){return left=right;}\u000a
        case 145
        /tmp/adamic-gate/TestMutantsconcat_substituted_template_ignored3118779934/016/no-useless-concat-0.ts:1:28
          no-useless-concat  These two literals are joined at runtime where the source could have written one literal. Nothing is computed between them, so the concatenation only adds an operator for a reader to follow and a chance for the two halves to drift apart.
        
        range 27 28 unexpectedConcat 			27 28
        /tmp/adamic-gate/TestMutantsconcat_substituted_template_ignored3118779934/016/no-useless-concat-0.ts:2:27
    lint_test.go:759: concat substituted template ignored caught on native: case 145 line 2738: port "/tmp/adamic-gate/TestMutantsconcat_substituted_template_ignored3118779934/016/no-useless-concat-0.ts:2:27", Go "/tmp/adamic-gate/TestMutantsconcat_substituted_template_ignored3118779934/016/no-useless-concat-0.ts:1:28"
        Go context:
          no-return-assign  This return statement assigns rather than returns a value it already has, so it does two things at once and the assignment is the one the reader is likeliest to miss. It is usually a `==` typed as `=`, and where it is deliberate it reads as a value being returned rather than as a write happening on the way out. Assign on its own line and return the variable, or wrap the assignment in its own parentheses to say the write was meant.
        
        range 643 661 returnAssignment 			643 661
        fixed	interface Bare { n: number }; interface WrongType { value: number }; type Alias = string; const Choice={Yes:'Yes'} as const; function guard(x: unknown): x is string { return true; } console.log('one'); console['warn']('two'); let count=0; count++; for(let i=0;i<3;i++){count++;} interface CallableType { method(value: string): number; readonly property: (value: string) => number; } enum Direction { Left=1, Right=Left|2, Other=compute() } let boxed: Number; class Thing implements Boolean {} if(!flag){doOne();}else{doTwo();} const chosen=!flag?left:right; const assigning=()=>left=right; const wrapped=()=>(left=right); function returning(){return left=right;}\u000a
        case 145
        /tmp/adamic-gate/TestMutantsconcat_substituted_template_ignored3118779934/016/no-useless-concat-0.ts:1:28
          no-useless-concat  These two literals are joined at runtime where the source could have written one literal. Nothing is computed between them, so the concatenation only adds an operator for a reader to follow and a chance for the two halves to drift apart.
        
        range 27 28 unexpectedConcat 			27 28
        /tmp/adamic-gate/TestMutantsconcat_substituted_template_ignored3118779934/016/no-useless-concat-0.ts:2:27
--- PASS: TestMutants (20.11s)
    --- PASS: TestMutants/concat_substituted_template_ignored (17.59s)
=== RUN   TestOwnedWitnesses
    registration_test.go:45: Go, Node, emitted JavaScript, native identical: 93347 bytes
--- PASS: TestOwnedWitnesses (20.34s)
PASS
ok  	github.com/system-inc/adamic/stage1/cohere/lint	296.669s
