--- FAIL: TestCheckedViewCallableLaterRankedFamilies (2.07s)
    --- FAIL: TestCheckedViewCallableLaterRankedFamilies/outer-expressions/wrong-result (0.43s)
        checked_views_callable_later_ranked_test.go:89: gate cache node hit
        checked_views_callable_later_ranked_test.go:109: gate cache node miss
        checked_views_callable_later_ranked_test.go:129: backend2 exit 70 stdout "" stderr "adamic: panic: field read failed: factory.restoreOuterExpressions({value:3},{value:4}).value is not initialized; expected number, found missing\n" want "restoreOuterExpressions" and "found function with incompatible result representation"; sanitized exit 70 stderr "adamic: panic: field read failed: factory.restoreOuterExpressions expected (outerExpression: Expression | undefined, innerExpression: Expression, kinds?: number | undefined) => Expression, found function with incompatible result representation\n"
    --- FAIL: TestCheckedViewCallableLaterRankedFamilies/get-accessor-update/wrong-result (0.42s)
        checked_views_callable_later_ranked_test.go:89: gate cache node hit
        checked_views_callable_later_ranked_test.go:109: gate cache node miss
        checked_views_callable_later_ranked_test.go:129: backend2 exit 70 stdout "" stderr "adamic: panic: field read failed: context.factory.updateGetAccessorDeclaration({value:1},[{value:2}],{kind:80,value:3},[{value:4}],{value:5},{value:6}).value is not initialized; expected number, found missing\n" want "updateGetAccessorDeclaration" and "found function with incompatible result representation"; sanitized exit 70 stderr "adamic: panic: field read failed: context.factory.updateGetAccessorDeclaration expected (node: GetAccessorDeclaration, modifiers: readonly ModifierLike[] | undefined, name: PropertyName, parameters: readonly ParameterDeclaration[], type: TypeNode | undefined, body: Block | undefined) => GetAccessorDeclaration, found function with incompatible result representation\n"
    --- FAIL: TestCheckedViewCallableLaterRankedFamilies/parenthesized-update/wrong-result (0.43s)
        checked_views_callable_later_ranked_test.go:89: gate cache node hit
        checked_views_callable_later_ranked_test.go:109: gate cache node miss
        checked_views_callable_later_ranked_test.go:129: backend2 exit 70 stdout "" stderr "adamic: panic: field read failed: context.factory.updateParenthesizedExpression(node,Debug.checkDefined(nodeVisitor(node.expression,visitor,isExpression))).value is not initialized; expected number, found missing\n" want "updateParenthesizedExpression" and "found function with incompatible result representation"; sanitized exit 70 stderr "adamic: panic: field read failed: context.factory.updateParenthesizedExpression expected (node: ParenthesizedExpression, expression: Expression) => ParenthesizedExpression, found function with incompatible result representation\n"
    --- FAIL: TestCheckedViewCallableLaterRankedFamilies/set-accessor-update/wrong-result (0.39s)
        checked_views_callable_later_ranked_test.go:89: gate cache node hit
        checked_views_callable_later_ranked_test.go:109: gate cache node miss
        checked_views_callable_later_ranked_test.go:129: backend2 exit 70 stdout "" stderr "adamic: panic: field read failed: context.factory.updateSetAccessorDeclaration({value:1},[{value:2}],{kind:80,value:3},[{value:4}],{value:6}).value is not initialized; expected number, found missing\n" want "updateSetAccessorDeclaration" and "found function with incompatible result representation"; sanitized exit 70 stderr "adamic: panic: field read failed: context.factory.updateSetAccessorDeclaration expected (node: SetAccessorDeclaration, modifiers: readonly ModifierLike[] | undefined, name: PropertyName, parameters: readonly ParameterDeclaration[], body: Block | undefined) => SetAccessorDeclaration, found function with incompatible result representation\n"
    --- FAIL: TestCheckedViewCallableLaterRankedFamilies/host-source-files/wrong-result (0.38s)
        checked_views_callable_later_ranked_test.go:89: gate cache node hit
        checked_views_callable_later_ranked_test.go:109: gate cache node miss
        checked_views_callable_later_ranked_test.go:129: backend2 exit 70 stdout "" stderr "adamic: panic: TypeError: Cannot use 'in' operator to search for '0' in 9\n" want "getSourceFiles" and "found function with incompatible result representation"; sanitized exit 70 stderr "adamic: panic: field read failed: host.getSourceFiles expected () => readonly SourceFile[], found function with incompatible result representation\n"
FAIL
gate cache: native hits=0 misses=0
gate cache: node hits=5 misses=5
gate cache: probe hits=0 misses=0
FAIL	github.com/system-inc/adamic/internal/oracle	2.085s
FAIL
