=== RUN   TestSuggestionRangesExceedSharedContract
    suggestions_test.go:57: @typescript-eslint/no-non-null-asserted-optional-chain: compiled shared oracle rejects real suggestion: case 0
        /workspace/adamic/stage1/cohere/lint/claims/wave1-12-batch4-evidence/optional.ts.txt:1:15
          @typescript-eslint/no-non-null-asserted-optional-chain  An optional chain returns `undefined` by design when a link is nullish, so asserting the result non-null contradicts the reason the `?.` was written. The assertion is erased at compile time and the `undefined` still arrives at runtime, which turns a guard the author asked for into a crash the types promised could not happen. Handle the `undefined` case instead, or drop the `?.` if the value cannot actually be nullish.
        
        panic: unexpected suggestion shape
        
        goroutine 1 [running]:
        main.run({0x14e0b83c0870?, 0x14e0b84f9080?}, 0x0, 0x14e0b84f9080)
        	/workspace/adamic/cohere/adamic_wave12_suggestion_oracle.go:70 +0x8f8
        main.main()
        	/workspace/adamic/cohere/adamic_wave12_suggestion_oracle.go:143 +0x2f7
    suggestions_test.go:57: @typescript-eslint/no-unnecessary-type-constraint: compiled shared oracle rejects real suggestion: case 0
        /workspace/adamic/stage1/cohere/lint/claims/wave1-12-batch4-evidence/constraint.ts.txt:1:16
          @typescript-eslint/no-unnecessary-type-constraint  A type parameter with no `extends` clause is already constrained to `unknown`, so writing `extends any` or `extends unknown` constrains nothing. The clause reads as a deliberate bound and communicates one, which makes it worse than noise: a reader looking for where `T` is restricted finds this and stops. Remove it.
        
        panic: unexpected suggestion shape
        
        goroutine 1 [running]:
        main.run({0x2ab224314870?, 0x2ab22445f080?}, 0x0, 0x2ab22445f080)
        	/workspace/adamic/cohere/adamic_wave12_suggestion_oracle.go:70 +0x8f8
        main.main()
        	/workspace/adamic/cohere/adamic_wave12_suggestion_oracle.go:143 +0x2f7
--- PASS: TestSuggestionRangesExceedSharedContract (2.89s)
PASS
ok  	github.com/system-inc/adamic/stage1/cohere/lint/claims/wave1-12-batch4-evidence	2.907s
