--- FAIL: TestCheckedViewCallableLaterRankedFamilies (1.52s)
    --- FAIL: TestCheckedViewCallableLaterRankedFamilies/prefix-operand/wrong-result (0.41s)
        checked_views_callable_later_ranked_test.go:68: gate cache node hit
        checked_views_callable_later_ranked_test.go:88: gate cache node miss
        checked_views_callable_later_ranked_test.go:108: backend2 exit 70 stdout "" stderr "adamic: panic: field read failed: parenthesizerRules().parenthesizeOperandOfPrefixUnary(expression).value is not initialized; expected number, found missing\n" want "parenthesizeOperandOfPrefixUnary" and "found function with incompatible result representation"; sanitized exit 70 stderr "adamic: panic: field read failed: parenthesizerRules().parenthesizeOperandOfPrefixUnary expected (operand: Expression) => UnaryExpression, found function with incompatible result representation\n"
    --- FAIL: TestCheckedViewCallableLaterRankedFamilies/syntax-kind/wrong-result (0.37s)
        checked_views_callable_later_ranked_test.go:68: gate cache node hit
        checked_views_callable_later_ranked_test.go:88: gate cache node miss
        checked_views_callable_later_ranked_test.go:108: backend2 exit 0 stdout "3\n" stderr "" want "formatSyntaxKind" and "found function with incompatible result representation"; sanitized exit 70 stderr "adamic: panic: field read failed: Debug.formatSyntaxKind expected (kind: number | undefined) => string, found function with incompatible result representation\n"
    --- FAIL: TestCheckedViewCallableLaterRankedFamilies/static-block/wrong-result (0.37s)
        checked_views_callable_later_ranked_test.go:68: gate cache node hit
        checked_views_callable_later_ranked_test.go:88: gate cache node miss
        checked_views_callable_later_ranked_test.go:108: backend2 exit 70 stdout "" stderr "adamic: panic: field read failed: factory.createClassStaticBlockDeclaration(body).value is not initialized; expected number, found missing\n" want "createClassStaticBlockDeclaration" and "found function with incompatible result representation"; sanitized exit 70 stderr "adamic: panic: field read failed: factory.createClassStaticBlockDeclaration expected (body: Block) => ClassStaticBlockDeclaration, found function with incompatible result representation\n"
    --- FAIL: TestCheckedViewCallableLaterRankedFamilies/prefix-unary/wrong-result (0.35s)
        checked_views_callable_later_ranked_test.go:68: gate cache node hit
        checked_views_callable_later_ranked_test.go:88: gate cache node miss
        checked_views_callable_later_ranked_test.go:108: backend2 exit 70 stdout "" stderr "adamic: panic: field read failed: factory.createPrefixUnaryExpression(operator,temp).value is not initialized; expected number, found missing\n" want "createPrefixUnaryExpression" and "found function with incompatible result representation"; sanitized exit 70 stderr "adamic: panic: field read failed: factory.createPrefixUnaryExpression expected (operator: number, operand: Expression) => PrefixUnaryExpression, found function with incompatible result representation\n"
FAIL
gate cache: native hits=0 misses=0
gate cache: node hits=4 misses=4
gate cache: probe hits=0 misses=0
FAIL	github.com/system-inc/adamic/internal/oracle	1.527s
FAIL
