[detached HEAD ee7b7bb55] Apply dedup ledger winners and remove four losing ports
 Date: Wed Oct 7 06:15:16 2026 +0000
 244 files changed, 369 insertions(+), 13571 deletions(-)
 delete mode 100644 stage1/cohere/lint/rules/eslint-comments-require-description/.gitattributes
 delete mode 100644 stage1/cohere/lint/rules/eslint-comments-require-description/REPORT.md
 delete mode 100644 stage1/cohere/lint/rules/eslint-comments-require-description/comments/PROVENANCE.md
 delete mode 100644 stage1/cohere/lint/rules/eslint-comments-require-description/comments/all.ts
 delete mode 100644 stage1/cohere/lint/rules/eslint-comments-require-description/comments/can_begin_at.ts
 delete mode 100644 stage1/cohere/lint/rules/eslint-comments-require-description/comments/collect_list_interiors.ts
 delete mode 100644 stage1/cohere/lint/rules/eslint-comments-require-description/comments/comment.ts
 delete mode 100644 stage1/cohere/lint/rules/eslint-comments-require-description/comments/for_file.ts
 delete mode 100644 stage1/cohere/lint/rules/eslint-comments-require-description/comments/sort_by_position.ts
 delete mode 100644 stage1/cohere/lint/rules/eslint-comments-require-description/evidence/cases.json
 delete mode 100644 stage1/cohere/lint/rules/eslint-comments-require-description/evidence/corpus-hashes.json
 delete mode 100644 stage1/cohere/lint/rules/eslint-comments-require-description/evidence/eslint-comments-require-description-build.stderr.log
 delete mode 100644 stage1/cohere/lint/rules/eslint-comments-require-description/evidence/eslint-comments-require-description-build.stdout.log
 delete mode 100644 stage1/cohere/lint/rules/eslint-comments-require-description/evidence/eslint-comments-require-description-cases-Go.stderr.log
 delete mode 100644 stage1/cohere/lint/rules/eslint-comments-require-description/evidence/eslint-comments-require-description-cases-Go.stdout.log
 delete mode 100644 stage1/cohere/lint/rules/eslint-comments-require-description/evidence/eslint-comments-require-description-cases-JavaScript.stderr.log
 delete mode 100644 stage1/cohere/lint/rules/eslint-comments-require-description/evidence/eslint-comments-require-description-cases-JavaScript.stdout.log
 delete mode 100644 stage1/cohere/lint/rules/eslint-comments-require-description/evidence/eslint-comments-require-description-cases-Node.stderr.log
 delete mode 100644 stage1/cohere/lint/rules/eslint-comments-require-description/evidence/eslint-comments-require-description-cases-Node.stdout.log
 delete mode 100644 stage1/cohere/lint/rules/eslint-comments-require-description/evidence/eslint-comments-require-description-cases-native.stderr.log
 delete mode 100644 stage1/cohere/lint/rules/eslint-comments-require-description/evidence/eslint-comments-require-description-cases-native.stdout.log
 delete mode 100644 stage1/cohere/lint/rules/eslint-comments-require-description/evidence/eslint-comments-require-description-mutant-JavaScript.stderr.log
 delete mode 100644 stage1/cohere/lint/rules/eslint-comments-require-description/evidence/eslint-comments-require-description-mutant-JavaScript.stdout.log
 delete mode 100644 stage1/cohere/lint/rules/eslint-comments-require-description/evidence/eslint-comments-require-description-mutant-Node.stderr.log
 delete mode 100644 stage1/cohere/lint/rules/eslint-comments-require-description/evidence/eslint-comments-require-description-mutant-Node.stdout.log
 delete mode 100644 stage1/cohere/lint/rules/eslint-comments-require-description/evidence/eslint-comments-require-description-mutant-build.stderr.log
 delete mode 100644 stage1/cohere/lint/rules/eslint-comments-require-description/evidence/eslint-comments-require-description-mutant-build.stdout.log
 delete mode 100644 stage1/cohere/lint/rules/eslint-comments-require-description/evidence/eslint-comments-require-description-mutant-native.stderr.log
 delete mode 100644 stage1/cohere/lint/rules/eslint-comments-require-description/evidence/eslint-comments-require-description-mutant-native.stdout.log
 delete mode 100644 stage1/cohere/lint/rules/eslint-comments-require-description/evidence/eslint-comments-require-description-oracle-build.stderr.log
 delete mode 100644 stage1/cohere/lint/rules/eslint-comments-require-description/evidence/eslint-comments-require-description-oracle-build.stdout.log
 delete mode 100644 stage1/cohere/lint/rules/eslint-comments-require-description/evidence/eslint-comments-require-description-rate-0-Go.stderr.log
 delete mode 100644 stage1/cohere/lint/rules/eslint-comments-require-description/evidence/eslint-comments-require-description-rate-0-Go.stdout.log
 delete mode 100644 stage1/cohere/lint/rules/eslint-comments-require-description/evidence/eslint-comments-require-description-rate-0-Node.stderr.log
 delete mode 100644 stage1/cohere/lint/rules/eslint-comments-require-description/evidence/eslint-comments-require-description-rate-0-Node.stdout.log
 delete mode 100644 stage1/cohere/lint/rules/eslint-comments-require-description/evidence/eslint-comments-require-description-rate-0-native.stderr.log
 delete mode 100644 stage1/cohere/lint/rules/eslint-comments-require-description/evidence/eslint-comments-require-description-rate-0-native.stdout.log
 delete mode 100644 stage1/cohere/lint/rules/eslint-comments-require-description/evidence/eslint-comments-require-description-rate-1-Go.stderr.log
 delete mode 100644 stage1/cohere/lint/rules/eslint-comments-require-description/evidence/eslint-comments-require-description-rate-1-Go.stdout.log
 delete mode 100644 stage1/cohere/lint/rules/eslint-comments-require-description/evidence/eslint-comments-require-description-rate-1-Node.stderr.log
 delete mode 100644 stage1/cohere/lint/rules/eslint-comments-require-description/evidence/eslint-comments-require-description-rate-1-Node.stdout.log
 delete mode 100644 stage1/cohere/lint/rules/eslint-comments-require-description/evidence/eslint-comments-require-description-rate-1-native.stderr.log
 delete mode 100644 stage1/cohere/lint/rules/eslint-comments-require-description/evidence/eslint-comments-require-description-rate-1-native.stdout.log
 delete mode 100644 stage1/cohere/lint/rules/eslint-comments-require-description/evidence/eslint-comments-require-description-rate-2-Go.stderr.log
 delete mode 100644 stage1/cohere/lint/rules/eslint-comments-require-description/evidence/eslint-comments-require-description-rate-2-Go.stdout.log
 delete mode 100644 stage1/cohere/lint/rules/eslint-comments-require-description/evidence/eslint-comments-require-description-rate-2-Node.stderr.log
 delete mode 100644 stage1/cohere/lint/rules/eslint-comments-require-description/evidence/eslint-comments-require-description-rate-2-Node.stdout.log
 delete mode 100644 stage1/cohere/lint/rules/eslint-comments-require-description/evidence/eslint-comments-require-description-rate-2-native.stderr.log
 delete mode 100644 stage1/cohere/lint/rules/eslint-comments-require-description/evidence/eslint-comments-require-description-rate-2-native.stdout.log
 delete mode 100644 stage1/cohere/lint/rules/eslint-comments-require-description/evidence/run.log
 delete mode 100644 stage1/cohere/lint/rules/eslint-comments-require-description/evidence/upstream.jsonl
 delete mode 100644 stage1/cohere/lint/rules/eslint-comments-require-description/evidence/validation.json
 delete mode 100644 stage1/cohere/lint/rules/eslint-comments-require-description/messages.ts
 delete mode 100644 stage1/cohere/lint/rules/eslint-comments-require-description/mutant.json
 delete mode 100644 stage1/cohere/lint/rules/eslint-comments-require-description/oracle.go
 delete mode 100644 stage1/cohere/lint/rules/eslint-comments-require-description/probe.ts
 delete mode 100644 stage1/cohere/lint/rules/eslint-comments-require-description/repairs.ts
 delete mode 100644 stage1/cohere/lint/rules/eslint-comments-require-description/rule.json
 delete mode 100644 stage1/cohere/lint/rules/eslint-comments-require-description/rule.ts
 delete mode 100644 stage1/cohere/lint/rules/eslint-comments-require-description/testdata/comparison.go.txt
 delete mode 100644 stage1/cohere/lint/rules/eslint-comments-require-description/testdata/directives.ts.txt
 create mode 100644 stage1/cohere/lint/rules/typescript-no-dupe-class-members/DEDUP_REPORT.md
 rename stage1/cohere/lint/rules/{typescript-no-this-alias => typescript-no-dupe-class-members}/build_probe.go (100%)
 create mode 100644 stage1/cohere/lint/rules/typescript-no-dupe-class-members/evidence/dedup-41eb/drop.log
 create mode 100644 stage1/cohere/lint/rules/typescript-no-dupe-class-members/evidence/dedup-41eb/fetch.log
 rename stage1/cohere/lint/rules/{typescript-no-this-alias/evidence/harness-ab70 => typescript-no-dupe-class-members/evidence/dedup-41eb}/history.log (100%)
 create mode 100644 stage1/cohere/lint/rules/typescript-no-dupe-class-members/evidence/dedup-41eb/ownership.json
 rename stage1/cohere/lint/rules/{typescript-no-this-alias/evidence/harness-ab70 => typescript-no-dupe-class-members/evidence/dedup-41eb}/rebase.log (77%)
 rename stage1/cohere/lint/rules/{typescript-no-this-alias/evidence/harness-ab70 => typescript-no-dupe-class-members/evidence/dedup-41eb}/registry.log (72%)
 create mode 100644 stage1/cohere/lint/rules/typescript-no-dupe-class-members/evidence/dedup-41eb/report-replay.log
 rename stage1/cohere/lint/rules/{typescript-no-this-alias/evidence/harness-ab70 => typescript-no-dupe-class-members/evidence/dedup-41eb}/rules.log (69%)
 rename stage1/cohere/lint/rules/{typescript-no-this-alias => typescript-no-dupe-class-members/history-wave109}/HARNESS_REPORT.md (100%)
 rename stage1/cohere/lint/rules/{typescript-no-this-alias => typescript-no-dupe-class-members/history-wave109}/WAVE_REPORT.md (100%)
 rename stage1/cohere/lint/rules/{typescript-no-this-alias => typescript-no-dupe-class-members}/validate.py (98%)
 delete mode 100644 stage1/cohere/lint/rules/typescript-no-non-null-asserted-optional-chain/.gitattributes
 delete mode 100644 stage1/cohere/lint/rules/typescript-no-non-null-asserted-optional-chain/REPORT.md
 delete mode 100644 stage1/cohere/lint/rules/typescript-no-non-null-asserted-optional-chain/evidence/cases.json
 delete mode 100644 stage1/cohere/lint/rules/typescript-no-non-null-asserted-optional-chain/evidence/corpus-hashes.json
 delete mode 100644 stage1/cohere/lint/rules/typescript-no-non-null-asserted-optional-chain/evidence/run.log
 delete mode 100644 stage1/cohere/lint/rules/typescript-no-non-null-asserted-optional-chain/evidence/typescript-no-non-null-asserted-optional-chain-build.stderr.log
 delete mode 100644 stage1/cohere/lint/rules/typescript-no-non-null-asserted-optional-chain/evidence/typescript-no-non-null-asserted-optional-chain-build.stdout.log
 delete mode 100644 stage1/cohere/lint/rules/typescript-no-non-null-asserted-optional-chain/evidence/typescript-no-non-null-asserted-optional-chain-cases-Go.stderr.log
 delete mode 100644 stage1/cohere/lint/rules/typescript-no-non-null-asserted-optional-chain/evidence/typescript-no-non-null-asserted-optional-chain-cases-Go.stdout.log
 delete mode 100644 stage1/cohere/lint/rules/typescript-no-non-null-asserted-optional-chain/evidence/typescript-no-non-null-asserted-optional-chain-cases-JavaScript.stderr.log
 delete mode 100644 stage1/cohere/lint/rules/typescript-no-non-null-asserted-optional-chain/evidence/typescript-no-non-null-asserted-optional-chain-cases-JavaScript.stdout.log
 delete mode 100644 stage1/cohere/lint/rules/typescript-no-non-null-asserted-optional-chain/evidence/typescript-no-non-null-asserted-optional-chain-cases-Node.stderr.log
 delete mode 100644 stage1/cohere/lint/rules/typescript-no-non-null-asserted-optional-chain/evidence/typescript-no-non-null-asserted-optional-chain-cases-Node.stdout.log
 delete mode 100644 stage1/cohere/lint/rules/typescript-no-non-null-asserted-optional-chain/evidence/typescript-no-non-null-asserted-optional-chain-cases-native.stderr.log
 delete mode 100644 stage1/cohere/lint/rules/typescript-no-non-null-asserted-optional-chain/evidence/typescript-no-non-null-asserted-optional-chain-cases-native.stdout.log
 delete mode 100644 stage1/cohere/lint/rules/typescript-no-non-null-asserted-optional-chain/evidence/typescript-no-non-null-asserted-optional-chain-mutant-JavaScript.stderr.log
 delete mode 100644 stage1/cohere/lint/rules/typescript-no-non-null-asserted-optional-chain/evidence/typescript-no-non-null-asserted-optional-chain-mutant-JavaScript.stdout.log
 delete mode 100644 stage1/cohere/lint/rules/typescript-no-non-null-asserted-optional-chain/evidence/typescript-no-non-null-asserted-optional-chain-mutant-Node.stderr.log
 delete mode 100644 stage1/cohere/lint/rules/typescript-no-non-null-asserted-optional-chain/evidence/typescript-no-non-null-asserted-optional-chain-mutant-Node.stdout.log
 delete mode 100644 stage1/cohere/lint/rules/typescript-no-non-null-asserted-optional-chain/evidence/typescript-no-non-null-asserted-optional-chain-mutant-build.stderr.log
 delete mode 100644 stage1/cohere/lint/rules/typescript-no-non-null-asserted-optional-chain/evidence/typescript-no-non-null-asserted-optional-chain-mutant-build.stdout.log
 delete mode 100644 stage1/cohere/lint/rules/typescript-no-non-null-asserted-optional-chain/evidence/typescript-no-non-null-asserted-optional-chain-mutant-native.stderr.log
 delete mode 100644 stage1/cohere/lint/rules/typescript-no-non-null-asserted-optional-chain/evidence/typescript-no-non-null-asserted-optional-chain-mutant-native.stdout.log
 delete mode 100644 stage1/cohere/lint/rules/typescript-no-non-null-asserted-optional-chain/evidence/typescript-no-non-null-asserted-optional-chain-oracle-build.stderr.log
 delete mode 100644 stage1/cohere/lint/rules/typescript-no-non-null-asserted-optional-chain/evidence/typescript-no-non-null-asserted-optional-chain-oracle-build.stdout.log
 delete mode 100644 stage1/cohere/lint/rules/typescript-no-non-null-asserted-optional-chain/evidence/typescript-no-non-null-asserted-optional-chain-rate-0-Go.stderr.log
 delete mode 100644 stage1/cohere/lint/rules/typescript-no-non-null-asserted-optional-chain/evidence/typescript-no-non-null-asserted-optional-chain-rate-0-Go.stdout.log
 delete mode 100644 stage1/cohere/lint/rules/typescript-no-non-null-asserted-optional-chain/evidence/typescript-no-non-null-asserted-optional-chain-rate-0-Node.stderr.log
 delete mode 100644 stage1/cohere/lint/rules/typescript-no-non-null-asserted-optional-chain/evidence/typescript-no-non-null-asserted-optional-chain-rate-0-Node.stdout.log
 delete mode 100644 stage1/cohere/lint/rules/typescript-no-non-null-asserted-optional-chain/evidence/typescript-no-non-null-asserted-optional-chain-rate-0-native.stderr.log
 delete mode 100644 stage1/cohere/lint/rules/typescript-no-non-null-asserted-optional-chain/evidence/typescript-no-non-null-asserted-optional-chain-rate-0-native.stdout.log
 delete mode 100644 stage1/cohere/lint/rules/typescript-no-non-null-asserted-optional-chain/evidence/typescript-no-non-null-asserted-optional-chain-rate-1-Go.stderr.log
 delete mode 100644 stage1/cohere/lint/rules/typescript-no-non-null-asserted-optional-chain/evidence/typescript-no-non-null-asserted-optional-chain-rate-1-Go.stdout.log
 delete mode 100644 stage1/cohere/lint/rules/typescript-no-non-null-asserted-optional-chain/evidence/typescript-no-non-null-asserted-optional-chain-rate-1-Node.stderr.log
 delete mode 100644 stage1/cohere/lint/rules/typescript-no-non-null-asserted-optional-chain/evidence/typescript-no-non-null-asserted-optional-chain-rate-1-Node.stdout.log
 delete mode 100644 stage1/cohere/lint/rules/typescript-no-non-null-asserted-optional-chain/evidence/typescript-no-non-null-asserted-optional-chain-rate-1-native.stderr.log
 delete mode 100644 stage1/cohere/lint/rules/typescript-no-non-null-asserted-optional-chain/evidence/typescript-no-non-null-asserted-optional-chain-rate-1-native.stdout.log
 delete mode 100644 stage1/cohere/lint/rules/typescript-no-non-null-asserted-optional-chain/evidence/typescript-no-non-null-asserted-optional-chain-rate-2-Go.stderr.log
 delete mode 100644 stage1/cohere/lint/rules/typescript-no-non-null-asserted-optional-chain/evidence/typescript-no-non-null-asserted-optional-chain-rate-2-Go.stdout.log
 delete mode 100644 stage1/cohere/lint/rules/typescript-no-non-null-asserted-optional-chain/evidence/typescript-no-non-null-asserted-optional-chain-rate-2-Node.stderr.log
 delete mode 100644 stage1/cohere/lint/rules/typescript-no-non-null-asserted-optional-chain/evidence/typescript-no-non-null-asserted-optional-chain-rate-2-Node.stdout.log
 delete mode 100644 stage1/cohere/lint/rules/typescript-no-non-null-asserted-optional-chain/evidence/typescript-no-non-null-asserted-optional-chain-rate-2-native.stderr.log
 delete mode 100644 stage1/cohere/lint/rules/typescript-no-non-null-asserted-optional-chain/evidence/typescript-no-non-null-asserted-optional-chain-rate-2-native.stdout.log
 delete mode 100644 stage1/cohere/lint/rules/typescript-no-non-null-asserted-optional-chain/evidence/upstream.jsonl
 delete mode 100644 stage1/cohere/lint/rules/typescript-no-non-null-asserted-optional-chain/evidence/validation.json
 delete mode 100644 stage1/cohere/lint/rules/typescript-no-non-null-asserted-optional-chain/messages.ts
 delete mode 100644 stage1/cohere/lint/rules/typescript-no-non-null-asserted-optional-chain/mutant.json
 delete mode 100644 stage1/cohere/lint/rules/typescript-no-non-null-asserted-optional-chain/oracle.go
 delete mode 100644 stage1/cohere/lint/rules/typescript-no-non-null-asserted-optional-chain/probe.ts
 delete mode 100644 stage1/cohere/lint/rules/typescript-no-non-null-asserted-optional-chain/repairs.ts
 delete mode 100644 stage1/cohere/lint/rules/typescript-no-non-null-asserted-optional-chain/rule.json
 delete mode 100644 stage1/cohere/lint/rules/typescript-no-non-null-asserted-optional-chain/rule.ts
 delete mode 100644 stage1/cohere/lint/rules/typescript-no-non-null-asserted-optional-chain/testdata/assertions.ts.txt
 delete mode 100644 stage1/cohere/lint/rules/typescript-no-non-null-asserted-optional-chain/testdata/comparison.go.txt
 delete mode 100644 stage1/cohere/lint/rules/typescript-no-non-null-assertion/.gitattributes
 delete mode 100644 stage1/cohere/lint/rules/typescript-no-non-null-assertion/REPORT.md
 delete mode 100644 stage1/cohere/lint/rules/typescript-no-non-null-assertion/evidence/cases.json
 delete mode 100644 stage1/cohere/lint/rules/typescript-no-non-null-assertion/evidence/corpus-hashes.json
 delete mode 100644 stage1/cohere/lint/rules/typescript-no-non-null-assertion/evidence/run.log
 delete mode 100644 stage1/cohere/lint/rules/typescript-no-non-null-assertion/evidence/typescript-no-non-null-assertion-build.stderr.log
 delete mode 100644 stage1/cohere/lint/rules/typescript-no-non-null-assertion/evidence/typescript-no-non-null-assertion-build.stdout.log
 delete mode 100644 stage1/cohere/lint/rules/typescript-no-non-null-assertion/evidence/typescript-no-non-null-assertion-cases-Go.stderr.log
 delete mode 100644 stage1/cohere/lint/rules/typescript-no-non-null-assertion/evidence/typescript-no-non-null-assertion-cases-Go.stdout.log
 delete mode 100644 stage1/cohere/lint/rules/typescript-no-non-null-assertion/evidence/typescript-no-non-null-assertion-cases-JavaScript.stderr.log
 delete mode 100644 stage1/cohere/lint/rules/typescript-no-non-null-assertion/evidence/typescript-no-non-null-assertion-cases-JavaScript.stdout.log
 delete mode 100644 stage1/cohere/lint/rules/typescript-no-non-null-assertion/evidence/typescript-no-non-null-assertion-cases-Node.stderr.log
 delete mode 100644 stage1/cohere/lint/rules/typescript-no-non-null-assertion/evidence/typescript-no-non-null-assertion-cases-Node.stdout.log
 delete mode 100644 stage1/cohere/lint/rules/typescript-no-non-null-assertion/evidence/typescript-no-non-null-assertion-cases-native.stderr.log
 delete mode 100644 stage1/cohere/lint/rules/typescript-no-non-null-assertion/evidence/typescript-no-non-null-assertion-cases-native.stdout.log
 delete mode 100644 stage1/cohere/lint/rules/typescript-no-non-null-assertion/evidence/typescript-no-non-null-assertion-mutant-JavaScript.stderr.log
 delete mode 100644 stage1/cohere/lint/rules/typescript-no-non-null-assertion/evidence/typescript-no-non-null-assertion-mutant-JavaScript.stdout.log
 delete mode 100644 stage1/cohere/lint/rules/typescript-no-non-null-assertion/evidence/typescript-no-non-null-assertion-mutant-Node.stderr.log
 delete mode 100644 stage1/cohere/lint/rules/typescript-no-non-null-assertion/evidence/typescript-no-non-null-assertion-mutant-Node.stdout.log
 delete mode 100644 stage1/cohere/lint/rules/typescript-no-non-null-assertion/evidence/typescript-no-non-null-assertion-mutant-build.stderr.log
 delete mode 100644 stage1/cohere/lint/rules/typescript-no-non-null-assertion/evidence/typescript-no-non-null-assertion-mutant-build.stdout.log
 delete mode 100644 stage1/cohere/lint/rules/typescript-no-non-null-assertion/evidence/typescript-no-non-null-assertion-mutant-native.stderr.log
 delete mode 100644 stage1/cohere/lint/rules/typescript-no-non-null-assertion/evidence/typescript-no-non-null-assertion-mutant-native.stdout.log
 delete mode 100644 stage1/cohere/lint/rules/typescript-no-non-null-assertion/evidence/typescript-no-non-null-assertion-oracle-build.stderr.log
 delete mode 100644 stage1/cohere/lint/rules/typescript-no-non-null-assertion/evidence/typescript-no-non-null-assertion-oracle-build.stdout.log
 delete mode 100644 stage1/cohere/lint/rules/typescript-no-non-null-assertion/evidence/typescript-no-non-null-assertion-rate-0-Go.stderr.log
 delete mode 100644 stage1/cohere/lint/rules/typescript-no-non-null-assertion/evidence/typescript-no-non-null-assertion-rate-0-Go.stdout.log
 delete mode 100644 stage1/cohere/lint/rules/typescript-no-non-null-assertion/evidence/typescript-no-non-null-assertion-rate-0-Node.stderr.log
 delete mode 100644 stage1/cohere/lint/rules/typescript-no-non-null-assertion/evidence/typescript-no-non-null-assertion-rate-0-Node.stdout.log
 delete mode 100644 stage1/cohere/lint/rules/typescript-no-non-null-assertion/evidence/typescript-no-non-null-assertion-rate-0-native.stderr.log
 delete mode 100644 stage1/cohere/lint/rules/typescript-no-non-null-assertion/evidence/typescript-no-non-null-assertion-rate-0-native.stdout.log
 delete mode 100644 stage1/cohere/lint/rules/typescript-no-non-null-assertion/evidence/typescript-no-non-null-assertion-rate-1-Go.stderr.log
 delete mode 100644 stage1/cohere/lint/rules/typescript-no-non-null-assertion/evidence/typescript-no-non-null-assertion-rate-1-Go.stdout.log
 delete mode 100644 stage1/cohere/lint/rules/typescript-no-non-null-assertion/evidence/typescript-no-non-null-assertion-rate-1-Node.stderr.log
 delete mode 100644 stage1/cohere/lint/rules/typescript-no-non-null-assertion/evidence/typescript-no-non-null-assertion-rate-1-Node.stdout.log
 delete mode 100644 stage1/cohere/lint/rules/typescript-no-non-null-assertion/evidence/typescript-no-non-null-assertion-rate-1-native.stderr.log
 delete mode 100644 stage1/cohere/lint/rules/typescript-no-non-null-assertion/evidence/typescript-no-non-null-assertion-rate-1-native.stdout.log
 delete mode 100644 stage1/cohere/lint/rules/typescript-no-non-null-assertion/evidence/typescript-no-non-null-assertion-rate-2-Go.stderr.log
 delete mode 100644 stage1/cohere/lint/rules/typescript-no-non-null-assertion/evidence/typescript-no-non-null-assertion-rate-2-Go.stdout.log
 delete mode 100644 stage1/cohere/lint/rules/typescript-no-non-null-assertion/evidence/typescript-no-non-null-assertion-rate-2-Node.stderr.log
 delete mode 100644 stage1/cohere/lint/rules/typescript-no-non-null-assertion/evidence/typescript-no-non-null-assertion-rate-2-Node.stdout.log
 delete mode 100644 stage1/cohere/lint/rules/typescript-no-non-null-assertion/evidence/typescript-no-non-null-assertion-rate-2-native.stderr.log
 delete mode 100644 stage1/cohere/lint/rules/typescript-no-non-null-assertion/evidence/typescript-no-non-null-assertion-rate-2-native.stdout.log
 delete mode 100644 stage1/cohere/lint/rules/typescript-no-non-null-assertion/evidence/upstream.jsonl
 delete mode 100644 stage1/cohere/lint/rules/typescript-no-non-null-assertion/evidence/validation.json
 delete mode 100644 stage1/cohere/lint/rules/typescript-no-non-null-assertion/messages.ts
 delete mode 100644 stage1/cohere/lint/rules/typescript-no-non-null-assertion/mutant.json
 delete mode 100644 stage1/cohere/lint/rules/typescript-no-non-null-assertion/oracle.go
 delete mode 100644 stage1/cohere/lint/rules/typescript-no-non-null-assertion/probe.ts
 delete mode 100644 stage1/cohere/lint/rules/typescript-no-non-null-assertion/repairs.ts
 delete mode 100644 stage1/cohere/lint/rules/typescript-no-non-null-assertion/rule.json
 delete mode 100644 stage1/cohere/lint/rules/typescript-no-non-null-assertion/rule.ts
 delete mode 100644 stage1/cohere/lint/rules/typescript-no-non-null-assertion/testdata/assertions.ts.txt
 delete mode 100644 stage1/cohere/lint/rules/typescript-no-non-null-assertion/testdata/comparison.go.txt
 delete mode 100644 stage1/cohere/lint/rules/typescript-no-this-alias/.gitattributes
 delete mode 100644 stage1/cohere/lint/rules/typescript-no-this-alias/REPORT.md
 delete mode 100644 stage1/cohere/lint/rules/typescript-no-this-alias/evidence/baseline-jsx.log
 delete mode 100644 stage1/cohere/lint/rules/typescript-no-this-alias/evidence/cases.json
 delete mode 100644 stage1/cohere/lint/rules/typescript-no-this-alias/evidence/corpus-hashes.json
 delete mode 100644 stage1/cohere/lint/rules/typescript-no-this-alias/evidence/fetch.log
 delete mode 100644 stage1/cohere/lint/rules/typescript-no-this-alias/evidence/harness-ab70/fetch.log
 delete mode 100644 stage1/cohere/lint/rules/typescript-no-this-alias/evidence/push.log
 delete mode 100644 stage1/cohere/lint/rules/typescript-no-this-alias/evidence/registry.log
 delete mode 100644 stage1/cohere/lint/rules/typescript-no-this-alias/evidence/run.log
 delete mode 100644 stage1/cohere/lint/rules/typescript-no-this-alias/evidence/setup.log
 delete mode 100644 stage1/cohere/lint/rules/typescript-no-this-alias/evidence/shared-gate.log
 delete mode 100644 stage1/cohere/lint/rules/typescript-no-this-alias/evidence/typescript-no-this-alias-build.stderr.log
 delete mode 100644 stage1/cohere/lint/rules/typescript-no-this-alias/evidence/typescript-no-this-alias-build.stdout.log
 delete mode 100644 stage1/cohere/lint/rules/typescript-no-this-alias/evidence/typescript-no-this-alias-cases-Go.stderr.log
 delete mode 100644 stage1/cohere/lint/rules/typescript-no-this-alias/evidence/typescript-no-this-alias-cases-Go.stdout.log
 delete mode 100644 stage1/cohere/lint/rules/typescript-no-this-alias/evidence/typescript-no-this-alias-cases-JavaScript.stderr.log
 delete mode 100644 stage1/cohere/lint/rules/typescript-no-this-alias/evidence/typescript-no-this-alias-cases-JavaScript.stdout.log
 delete mode 100644 stage1/cohere/lint/rules/typescript-no-this-alias/evidence/typescript-no-this-alias-cases-Node.stderr.log
 delete mode 100644 stage1/cohere/lint/rules/typescript-no-this-alias/evidence/typescript-no-this-alias-cases-Node.stdout.log
 delete mode 100644 stage1/cohere/lint/rules/typescript-no-this-alias/evidence/typescript-no-this-alias-cases-native.stderr.log
 delete mode 100644 stage1/cohere/lint/rules/typescript-no-this-alias/evidence/typescript-no-this-alias-cases-native.stdout.log
 delete mode 100644 stage1/cohere/lint/rules/typescript-no-this-alias/evidence/typescript-no-this-alias-mutant-JavaScript.stderr.log
 delete mode 100644 stage1/cohere/lint/rules/typescript-no-this-alias/evidence/typescript-no-this-alias-mutant-JavaScript.stdout.log
 delete mode 100644 stage1/cohere/lint/rules/typescript-no-this-alias/evidence/typescript-no-this-alias-mutant-Node.stderr.log
 delete mode 100644 stage1/cohere/lint/rules/typescript-no-this-alias/evidence/typescript-no-this-alias-mutant-Node.stdout.log
 delete mode 100644 stage1/cohere/lint/rules/typescript-no-this-alias/evidence/typescript-no-this-alias-mutant-build.stderr.log
 delete mode 100644 stage1/cohere/lint/rules/typescript-no-this-alias/evidence/typescript-no-this-alias-mutant-build.stdout.log
 delete mode 100644 stage1/cohere/lint/rules/typescript-no-this-alias/evidence/typescript-no-this-alias-mutant-native.stderr.log
 delete mode 100644 stage1/cohere/lint/rules/typescript-no-this-alias/evidence/typescript-no-this-alias-mutant-native.stdout.log
 delete mode 100644 stage1/cohere/lint/rules/typescript-no-this-alias/evidence/typescript-no-this-alias-oracle-build.stderr.log
 delete mode 100644 stage1/cohere/lint/rules/typescript-no-this-alias/evidence/typescript-no-this-alias-oracle-build.stdout.log
 delete mode 100644 stage1/cohere/lint/rules/typescript-no-this-alias/evidence/typescript-no-this-alias-rate-0-Go.stderr.log
 delete mode 100644 stage1/cohere/lint/rules/typescript-no-this-alias/evidence/typescript-no-this-alias-rate-0-Go.stdout.log
 delete mode 100644 stage1/cohere/lint/rules/typescript-no-this-alias/evidence/typescript-no-this-alias-rate-0-Node.stderr.log
 delete mode 100644 stage1/cohere/lint/rules/typescript-no-this-alias/evidence/typescript-no-this-alias-rate-0-Node.stdout.log
 delete mode 100644 stage1/cohere/lint/rules/typescript-no-this-alias/evidence/typescript-no-this-alias-rate-0-native.stderr.log
 delete mode 100644 stage1/cohere/lint/rules/typescript-no-this-alias/evidence/typescript-no-this-alias-rate-0-native.stdout.log
 delete mode 100644 stage1/cohere/lint/rules/typescript-no-this-alias/evidence/typescript-no-this-alias-rate-1-Go.stderr.log
 delete mode 100644 stage1/cohere/lint/rules/typescript-no-this-alias/evidence/typescript-no-this-alias-rate-1-Go.stdout.log
 delete mode 100644 stage1/cohere/lint/rules/typescript-no-this-alias/evidence/typescript-no-this-alias-rate-1-Node.stderr.log
 delete mode 100644 stage1/cohere/lint/rules/typescript-no-this-alias/evidence/typescript-no-this-alias-rate-1-Node.stdout.log
 delete mode 100644 stage1/cohere/lint/rules/typescript-no-this-alias/evidence/typescript-no-this-alias-rate-1-native.stderr.log
 delete mode 100644 stage1/cohere/lint/rules/typescript-no-this-alias/evidence/typescript-no-this-alias-rate-1-native.stdout.log
 delete mode 100644 stage1/cohere/lint/rules/typescript-no-this-alias/evidence/typescript-no-this-alias-rate-2-Go.stderr.log
 delete mode 100644 stage1/cohere/lint/rules/typescript-no-this-alias/evidence/typescript-no-this-alias-rate-2-Go.stdout.log
 delete mode 100644 stage1/cohere/lint/rules/typescript-no-this-alias/evidence/typescript-no-this-alias-rate-2-Node.stderr.log
 delete mode 100644 stage1/cohere/lint/rules/typescript-no-this-alias/evidence/typescript-no-this-alias-rate-2-Node.stdout.log
 delete mode 100644 stage1/cohere/lint/rules/typescript-no-this-alias/evidence/typescript-no-this-alias-rate-2-native.stderr.log
 delete mode 100644 stage1/cohere/lint/rules/typescript-no-this-alias/evidence/typescript-no-this-alias-rate-2-native.stdout.log
 delete mode 100644 stage1/cohere/lint/rules/typescript-no-this-alias/evidence/upstream.jsonl
 delete mode 100644 stage1/cohere/lint/rules/typescript-no-this-alias/evidence/validation.json
 delete mode 100644 stage1/cohere/lint/rules/typescript-no-this-alias/evidence/wave-summary.json
 delete mode 100644 stage1/cohere/lint/rules/typescript-no-this-alias/messages.ts
 delete mode 100644 stage1/cohere/lint/rules/typescript-no-this-alias/mutant.json
 delete mode 100644 stage1/cohere/lint/rules/typescript-no-this-alias/oracle.go
 delete mode 100644 stage1/cohere/lint/rules/typescript-no-this-alias/probe.ts
 delete mode 100644 stage1/cohere/lint/rules/typescript-no-this-alias/repairs.ts
 delete mode 100644 stage1/cohere/lint/rules/typescript-no-this-alias/rule.json
 delete mode 100644 stage1/cohere/lint/rules/typescript-no-this-alias/rule.ts
 delete mode 100644 stage1/cohere/lint/rules/typescript-no-this-alias/testdata/aliases.ts.txt
 delete mode 100644 stage1/cohere/lint/rules/typescript-no-this-alias/testdata/comparison.go.txt
