=== RUN   TestDeterministicRegeneration
=== PAUSE TestDeterministicRegeneration
=== RUN   TestDescriptorRejections
=== PAUSE TestDescriptorRejections
=== RUN   TestDuplicateOracleAdapter
=== PAUSE TestDuplicateOracleAdapter
=== RUN   TestAdamicRuleModule
=== PAUSE TestAdamicRuleModule
=== CONT  TestDeterministicRegeneration
=== CONT  TestDescriptorRejections
=== RUN   TestDescriptorRejections/duplicate_public_name
=== PAUSE TestDescriptorRejections/duplicate_public_name
=== CONT  TestDuplicateOracleAdapter
=== CONT  TestAdamicRuleModule
=== RUN   TestDescriptorRejections/unknown_field
=== PAUSE TestDescriptorRejections/unknown_field
=== RUN   TestDescriptorRejections/missing_named_export
=== PAUSE TestDescriptorRejections/missing_named_export
=== RUN   TestDescriptorRejections/bad_kind
=== PAUSE TestDescriptorRejections/bad_kind
=== RUN   TestDescriptorRejections/missing_oracle_export
=== PAUSE TestDescriptorRejections/missing_oracle_export
=== RUN   TestDescriptorRejections/no_listener
=== PAUSE TestDescriptorRejections/no_listener
=== RUN   TestDescriptorRejections/missing_factory
=== PAUSE TestDescriptorRejections/missing_factory
=== RUN   TestDescriptorRejections/missing_class
=== PAUSE TestDescriptorRejections/missing_class
=== RUN   TestDescriptorRejections/missing_finish_hook
=== PAUSE TestDescriptorRejections/missing_finish_hook
=== RUN   TestDescriptorRejections/unsafe_public_name
=== PAUSE TestDescriptorRejections/unsafe_public_name
=== CONT  TestDescriptorRejections/duplicate_public_name
=== CONT  TestDescriptorRejections/no_listener
    registry_test.go:119: mutant rejected: /tmp/adamic-gate/TestDescriptorRejectionsno_listener3013539527/001/rules/no-debugger/rule.json: visit and kinds required
=== NAME  TestDuplicateOracleAdapter
    registry_test.go:147: mutant rejected: /tmp/adamic-gate/TestDuplicateOracleAdapter1142306083/001/rules/no-empty/rule.json: duplicate oracle adapter "oracleNoDebugger"
=== CONT  TestDescriptorRejections/missing_class
--- PASS: TestDuplicateOracleAdapter (0.02s)
=== CONT  TestDescriptorRejections/missing_factory
=== NAME  TestDescriptorRejections/duplicate_public_name
    registry_test.go:119: mutant rejected: /tmp/adamic-gate/TestDescriptorRejectionsduplicate_public_name2322053510/001/rules/no-empty/rule.json: invalid or duplicate rule name "no-empty"
=== CONT  TestDescriptorRejections/missing_named_export
=== NAME  TestDescriptorRejections/missing_class
    registry_test.go:119: mutant rejected: /tmp/adamic-gate/TestDescriptorRejectionsmissing_class2950341912/001/rules/no-debugger/rule.json: missing named factory or class
=== NAME  TestAdamicRuleModule
    registry_test.go:171: stale .ts alongside .a rejected
=== NAME  TestDescriptorRejections/missing_factory
    registry_test.go:119: mutant rejected: /tmp/adamic-gate/TestDescriptorRejectionsmissing_factory2291853925/001/rules/no-debugger/rule.json: missing named factory or class
=== CONT  TestDescriptorRejections/missing_oracle_export
--- PASS: TestAdamicRuleModule (0.04s)
=== CONT  TestDescriptorRejections/bad_kind
=== CONT  TestDescriptorRejections/unsafe_public_name
=== NAME  TestDescriptorRejections/missing_named_export
    registry_test.go:119: mutant rejected: /tmp/adamic-gate/TestDescriptorRejectionsmissing_named_export2844664602/001/rules/no-debugger/rule.json: missing named hook "missing"
=== CONT  TestDescriptorRejections/unknown_field
=== NAME  TestDescriptorRejections/missing_oracle_export
    registry_test.go:119: mutant rejected: /tmp/adamic-gate/TestDescriptorRejectionsmissing_oracle_export2151731665/001/rules/no-debugger/rule.json: missing oracle adapter exports
=== NAME  TestDescriptorRejections/bad_kind
    registry_test.go:119: mutant rejected: /tmp/adamic-gate/TestDescriptorRejectionsbad_kind2791019853/001/rules/no-debugger/rule.json: invalid or duplicate kind "NotARealNode"
=== CONT  TestDescriptorRejections/missing_finish_hook
=== NAME  TestDescriptorRejections/unsafe_public_name
    registry_test.go:119: mutant rejected: /tmp/adamic-gate/TestDescriptorRejectionsunsafe_public_name3587465941/001/rules/no-debugger/rule.json: invalid or duplicate rule name "bad\\name"
--- PASS: TestDeterministicRegeneration (0.06s)
=== NAME  TestDescriptorRejections/unknown_field
    registry_test.go:119: mutant rejected: /tmp/adamic-gate/TestDescriptorRejectionsunknown_field2152383070/001/rules/no-debugger/rule.json: json: unknown field "vist"
=== NAME  TestDescriptorRejections/missing_finish_hook
    registry_test.go:119: mutant rejected: /tmp/adamic-gate/TestDescriptorRejectionsmissing_finish_hook2775551281/001/rules/no-debugger/rule.json: missing named hook "missing"
--- PASS: TestDescriptorRejections (0.00s)
    --- PASS: TestDescriptorRejections/no_listener (0.01s)
    --- PASS: TestDescriptorRejections/duplicate_public_name (0.02s)
    --- PASS: TestDescriptorRejections/missing_class (0.02s)
    --- PASS: TestDescriptorRejections/missing_factory (0.02s)
    --- PASS: TestDescriptorRejections/missing_named_export (0.02s)
    --- PASS: TestDescriptorRejections/missing_oracle_export (0.02s)
    --- PASS: TestDescriptorRejections/unsafe_public_name (0.02s)
    --- PASS: TestDescriptorRejections/bad_kind (0.02s)
    --- PASS: TestDescriptorRejections/unknown_field (0.02s)
    --- PASS: TestDescriptorRejections/missing_finish_hook (0.01s)
PASS
ok  	github.com/system-inc/adamic/stage1/cohere/lint/registry	0.066s
