=== RUN   TestArrayCallbackReturnStaysSilent
=== PAUSE TestArrayCallbackReturnStaysSilent
=== RUN   TestArrayCallbackReturnFires
=== PAUSE TestArrayCallbackReturnFires
=== RUN   TestArrayCallbackReturnSuggestions
=== PAUSE TestArrayCallbackReturnSuggestions
=== RUN   TestArrayCallbackReturnSpan
=== PAUSE TestArrayCallbackReturnSpan
=== RUN   TestArrayCallbackReturnMessageText
=== PAUSE TestArrayCallbackReturnMessageText
=== RUN   TestArrayCallbackReturnOptionsDecode
=== PAUSE TestArrayCallbackReturnOptionsDecode
=== RUN   TestArrayCallbackReturnReachability
=== PAUSE TestArrayCallbackReturnReachability
=== RUN   TestArrayCallbackReturnCalleeShapes
=== PAUSE TestArrayCallbackReturnCalleeShapes
=== RUN   TestArrayCallbackReturnAsyncAndGenerator
=== PAUSE TestArrayCallbackReturnAsyncAndGenerator
=== RUN   TestArrayCallbackReturnVoidParenthesization
=== PAUSE TestArrayCallbackReturnVoidParenthesization
=== CONT  TestArrayCallbackReturnStaysSilent
=== CONT  TestArrayCallbackReturnOptionsDecode
=== RUN   TestArrayCallbackReturnOptionsDecode/allowImplicit_accepts_a_bare_return
=== PAUSE TestArrayCallbackReturnOptionsDecode/allowImplicit_accepts_a_bare_return
=== RUN   TestArrayCallbackReturnOptionsDecode/without_allowImplicit_a_bare_return_reports
=== PAUSE TestArrayCallbackReturnOptionsDecode/without_allowImplicit_a_bare_return_reports
=== RUN   TestArrayCallbackReturnOptionsDecode/checkForEach_turns_the_judgment_around
=== PAUSE TestArrayCallbackReturnOptionsDecode/checkForEach_turns_the_judgment_around
=== RUN   TestArrayCallbackReturnOptionsDecode/without_checkForEach_a_forEach_returning_a_value_is_clean
=== PAUSE TestArrayCallbackReturnOptionsDecode/without_checkForEach_a_forEach_returning_a_value_is_clean
=== RUN   TestArrayCallbackReturnOptionsDecode/allowVoid_accepts_void_and_adds_a_second_suggestion
=== PAUSE TestArrayCallbackReturnOptionsDecode/allowVoid_accepts_void_and_adds_a_second_suggestion
=== CONT  TestArrayCallbackReturnSpan
=== CONT  TestArrayCallbackReturnMessageText
=== CONT  TestArrayCallbackReturnAsyncAndGenerator
=== RUN   TestArrayCallbackReturnAsyncAndGenerator/an_async_callback_to_a_prototype_method_is_not_checked
=== PAUSE TestArrayCallbackReturnAsyncAndGenerator/an_async_callback_to_a_prototype_method_is_not_checked
=== RUN   TestArrayCallbackReturnMessageText/a_prototype_method_is_qualified_through_the_prototype
=== PAUSE TestArrayCallbackReturnMessageText/a_prototype_method_is_qualified_through_the_prototype
=== RUN   TestArrayCallbackReturnSpan/an_arrow_reports_on_its_arrow_token
=== PAUSE TestArrayCallbackReturnSpan/an_arrow_reports_on_its_arrow_token
=== RUN   TestArrayCallbackReturnSpan/an_anonymous_function_reports_on_its_head
=== PAUSE TestArrayCallbackReturnSpan/an_anonymous_function_reports_on_its_head
=== RUN   TestArrayCallbackReturnSpan/a_named_function_keeps_its_name_inside_the_span
=== PAUSE TestArrayCallbackReturnSpan/a_named_function_keeps_its_name_inside_the_span
=== RUN   TestArrayCallbackReturnSpan/a_callback_returned_from_a_wrapper_reports_at_the_inner_function
=== PAUSE TestArrayCallbackReturnSpan/a_callback_returned_from_a_wrapper_reports_at_the_inner_function
=== RUN   TestArrayCallbackReturnSpan/a_bare_return_reports_at_the_return_statement,_not_the_function
=== PAUSE TestArrayCallbackReturnSpan/a_bare_return_reports_at_the_return_statement,_not_the_function
=== RUN   TestArrayCallbackReturnAsyncAndGenerator/a_generator_callback_is_never_checked
=== PAUSE TestArrayCallbackReturnAsyncAndGenerator/a_generator_callback_is_never_checked
=== RUN   TestArrayCallbackReturnAsyncAndGenerator/an_async_callback_to_Array.fromAsync_IS_checked
=== PAUSE TestArrayCallbackReturnAsyncAndGenerator/an_async_callback_to_Array.fromAsync_IS_checked
=== RUN   TestArrayCallbackReturnAsyncAndGenerator/a_plain_callback_to_a_prototype_method_is_checked
=== PAUSE TestArrayCallbackReturnAsyncAndGenerator/a_plain_callback_to_a_prototype_method_is_checked
=== CONT  TestArrayCallbackReturnVoidParenthesization
=== RUN   TestArrayCallbackReturnMessageText/a_named_function_is_named_in_single_quotes
=== RUN   TestArrayCallbackReturnVoidParenthesization/a_binary_expression_gains_parentheses
=== PAUSE TestArrayCallbackReturnVoidParenthesization/a_binary_expression_gains_parentheses
=== RUN   TestArrayCallbackReturnVoidParenthesization/a_concise_arrow_body_gains_them_too
=== PAUSE TestArrayCallbackReturnVoidParenthesization/a_concise_arrow_body_gains_them_too
=== RUN   TestArrayCallbackReturnVoidParenthesization/a_conditional_gains_them
=== PAUSE TestArrayCallbackReturnVoidParenthesization/a_conditional_gains_them
=== RUN   TestArrayCallbackReturnVoidParenthesization/a_tight_expression_does_not
=== PAUSE TestArrayCallbackReturnMessageText/a_named_function_is_named_in_single_quotes
=== PAUSE TestArrayCallbackReturnVoidParenthesization/a_tight_expression_does_not
=== CONT  TestArrayCallbackReturnCalleeShapes
=== CONT  TestArrayCallbackReturnSuggestions
=== RUN   TestArrayCallbackReturnOptionsDecode/nil_options_bypass_the_decoder_and_keep_every_default_off
=== PAUSE TestArrayCallbackReturnOptionsDecode/nil_options_bypass_the_decoder_and_keep_every_default_off
=== RUN   TestArrayCallbackReturnOptionsDecode/an_empty_object_decodes_to_all_three_defaults_off
=== PAUSE TestArrayCallbackReturnOptionsDecode/an_empty_object_decodes_to_all_three_defaults_off
=== RUN   TestArrayCallbackReturnMessageText/an_arrow_is_named_by_its_kind
=== CONT  TestArrayCallbackReturnFires
=== PAUSE TestArrayCallbackReturnMessageText/an_arrow_is_named_by_its_kind
=== RUN   TestArrayCallbackReturnMessageText/a_static_method_is_qualified_on_Array_itself
=== PAUSE TestArrayCallbackReturnMessageText/a_static_method_is_qualified_on_Array_itself
=== RUN   TestArrayCallbackReturnCalleeShapes/a_logical_expression_choosing_a_callback_is_walked_through
=== RUN   TestArrayCallbackReturnMessageText/message_ids_are_the_four_upstream_names
=== PAUSE TestArrayCallbackReturnCalleeShapes/a_logical_expression_choosing_a_callback_is_walked_through
=== PAUSE TestArrayCallbackReturnMessageText/message_ids_are_the_four_upstream_names
=== RUN   TestArrayCallbackReturnCalleeShapes/a_conditional_choosing_a_callback_reports_on_each_arm
=== PAUSE TestArrayCallbackReturnCalleeShapes/a_conditional_choosing_a_callback_reports_on_each_arm
=== RUN   TestArrayCallbackReturnCalleeShapes/an_immediately_invoked_wrapper's_returned_callback_is_judged
=== CONT  TestArrayCallbackReturnReachability
=== RUN   TestArrayCallbackReturnReachability/a_branch_that_can_fall_through_reports
=== PAUSE TestArrayCallbackReturnCalleeShapes/an_immediately_invoked_wrapper's_returned_callback_is_judged
=== PAUSE TestArrayCallbackReturnReachability/a_branch_that_can_fall_through_reports
=== RUN   TestArrayCallbackReturnCalleeShapes/a_wrapper_that_is_NOT_called_is_not_walked_through
=== RUN   TestArrayCallbackReturnReachability/both_branches_returning_is_clean
=== PAUSE TestArrayCallbackReturnCalleeShapes/a_wrapper_that_is_NOT_called_is_not_walked_through
=== PAUSE TestArrayCallbackReturnReachability/both_branches_returning_is_clean
=== RUN   TestArrayCallbackReturnCalleeShapes/a_parenthesized_optional-chain_callee_still_resolves
=== PAUSE TestArrayCallbackReturnCalleeShapes/a_parenthesized_optional-chain_callee_still_resolves
=== RUN   TestArrayCallbackReturnCalleeShapes/a_template-literal_key_names_the_method
=== PAUSE TestArrayCallbackReturnCalleeShapes/a_template-literal_key_names_the_method
=== RUN   TestArrayCallbackReturnCalleeShapes/a_typed_array_constructor_is_an_Array.from_receiver
=== RUN   TestArrayCallbackReturnReachability/a_throw_also_ends_the_path
=== PAUSE TestArrayCallbackReturnCalleeShapes/a_typed_array_constructor_is_an_Array.from_receiver
=== PAUSE TestArrayCallbackReturnReachability/a_throw_also_ends_the_path
=== RUN   TestArrayCallbackReturnCalleeShapes/a_second_argument_to_a_prototype_method_is_not_the_callback
=== PAUSE TestArrayCallbackReturnCalleeShapes/a_second_argument_to_a_prototype_method_is_not_the_callback
=== RUN   TestArrayCallbackReturnReachability/no_return_anywhere_reports_the_other_message
=== PAUSE TestArrayCallbackReturnReachability/no_return_anywhere_reports_the_other_message
=== RUN   TestArrayCallbackReturnCalleeShapes/a_first_argument_to_Array.from_is_not_the_callback
=== CONT  TestArrayCallbackReturnSpan/an_arrow_reports_on_its_arrow_token
=== PAUSE TestArrayCallbackReturnCalleeShapes/a_first_argument_to_Array.from_is_not_the_callback
=== RUN   TestArrayCallbackReturnCalleeShapes/a_method_outside_the_set_is_not_checked
=== PAUSE TestArrayCallbackReturnCalleeShapes/a_method_outside_the_set_is_not_checked
=== CONT  TestArrayCallbackReturnAsyncAndGenerator/an_async_callback_to_a_prototype_method_is_not_checked
--- PASS: TestArrayCallbackReturnSuggestions (0.00s)
=== CONT  TestArrayCallbackReturnSpan/a_callback_returned_from_a_wrapper_reports_at_the_inner_function
=== CONT  TestArrayCallbackReturnSpan/a_bare_return_reports_at_the_return_statement,_not_the_function
=== CONT  TestArrayCallbackReturnAsyncAndGenerator/a_plain_callback_to_a_prototype_method_is_checked
=== CONT  TestArrayCallbackReturnAsyncAndGenerator/an_async_callback_to_Array.fromAsync_IS_checked
=== CONT  TestArrayCallbackReturnAsyncAndGenerator/a_generator_callback_is_never_checked
=== CONT  TestArrayCallbackReturnSpan/an_anonymous_function_reports_on_its_head
=== CONT  TestArrayCallbackReturnSpan/a_named_function_keeps_its_name_inside_the_span
--- PASS: TestArrayCallbackReturnAsyncAndGenerator (0.00s)
    --- PASS: TestArrayCallbackReturnAsyncAndGenerator/a_plain_callback_to_a_prototype_method_is_checked (0.00s)
    --- PASS: TestArrayCallbackReturnAsyncAndGenerator/an_async_callback_to_Array.fromAsync_IS_checked (0.00s)
    --- PASS: TestArrayCallbackReturnAsyncAndGenerator/an_async_callback_to_a_prototype_method_is_not_checked (0.00s)
    --- PASS: TestArrayCallbackReturnAsyncAndGenerator/a_generator_callback_is_never_checked (0.00s)
=== CONT  TestArrayCallbackReturnVoidParenthesization/a_conditional_gains_them
=== CONT  TestArrayCallbackReturnVoidParenthesization/a_binary_expression_gains_parentheses
=== CONT  TestArrayCallbackReturnVoidParenthesization/a_tight_expression_does_not
=== CONT  TestArrayCallbackReturnVoidParenthesization/a_concise_arrow_body_gains_them_too
=== CONT  TestArrayCallbackReturnOptionsDecode/allowImplicit_accepts_a_bare_return
--- PASS: TestArrayCallbackReturnSpan (0.00s)
    --- PASS: TestArrayCallbackReturnSpan/a_callback_returned_from_a_wrapper_reports_at_the_inner_function (0.00s)
    --- PASS: TestArrayCallbackReturnSpan/a_bare_return_reports_at_the_return_statement,_not_the_function (0.00s)
    --- PASS: TestArrayCallbackReturnSpan/an_arrow_reports_on_its_arrow_token (0.00s)
    --- PASS: TestArrayCallbackReturnSpan/a_named_function_keeps_its_name_inside_the_span (0.00s)
    --- PASS: TestArrayCallbackReturnSpan/an_anonymous_function_reports_on_its_head (0.00s)
--- PASS: TestArrayCallbackReturnVoidParenthesization (0.00s)
    --- PASS: TestArrayCallbackReturnVoidParenthesization/a_conditional_gains_them (0.00s)
    --- PASS: TestArrayCallbackReturnVoidParenthesization/a_tight_expression_does_not (0.00s)
    --- PASS: TestArrayCallbackReturnVoidParenthesization/a_concise_arrow_body_gains_them_too (0.00s)
    --- PASS: TestArrayCallbackReturnVoidParenthesization/a_binary_expression_gains_parentheses (0.00s)
=== CONT  TestArrayCallbackReturnOptionsDecode/checkForEach_turns_the_judgment_around
=== CONT  TestArrayCallbackReturnOptionsDecode/allowVoid_accepts_void_and_adds_a_second_suggestion
=== CONT  TestArrayCallbackReturnOptionsDecode/without_checkForEach_a_forEach_returning_a_value_is_clean
=== CONT  TestArrayCallbackReturnOptionsDecode/without_allowImplicit_a_bare_return_reports
=== CONT  TestArrayCallbackReturnOptionsDecode/an_empty_object_decodes_to_all_three_defaults_off
=== CONT  TestArrayCallbackReturnOptionsDecode/nil_options_bypass_the_decoder_and_keep_every_default_off
=== CONT  TestArrayCallbackReturnMessageText/a_prototype_method_is_qualified_through_the_prototype
=== CONT  TestArrayCallbackReturnMessageText/a_static_method_is_qualified_on_Array_itself
=== CONT  TestArrayCallbackReturnMessageText/an_arrow_is_named_by_its_kind
=== CONT  TestArrayCallbackReturnMessageText/message_ids_are_the_four_upstream_names
=== CONT  TestArrayCallbackReturnReachability/a_branch_that_can_fall_through_reports
=== CONT  TestArrayCallbackReturnMessageText/a_named_function_is_named_in_single_quotes
--- PASS: TestArrayCallbackReturnOptionsDecode (0.00s)
    --- PASS: TestArrayCallbackReturnOptionsDecode/allowImplicit_accepts_a_bare_return (0.00s)
    --- PASS: TestArrayCallbackReturnOptionsDecode/checkForEach_turns_the_judgment_around (0.00s)
    --- PASS: TestArrayCallbackReturnOptionsDecode/without_checkForEach_a_forEach_returning_a_value_is_clean (0.00s)
    --- PASS: TestArrayCallbackReturnOptionsDecode/an_empty_object_decodes_to_all_three_defaults_off (0.00s)
    --- PASS: TestArrayCallbackReturnOptionsDecode/allowVoid_accepts_void_and_adds_a_second_suggestion (0.00s)
    --- PASS: TestArrayCallbackReturnOptionsDecode/without_allowImplicit_a_bare_return_reports (0.00s)
    --- PASS: TestArrayCallbackReturnOptionsDecode/nil_options_bypass_the_decoder_and_keep_every_default_off (0.00s)
=== CONT  TestArrayCallbackReturnCalleeShapes/a_logical_expression_choosing_a_callback_is_walked_through
--- PASS: TestArrayCallbackReturnMessageText (0.00s)
    --- PASS: TestArrayCallbackReturnMessageText/a_static_method_is_qualified_on_Array_itself (0.00s)
    --- PASS: TestArrayCallbackReturnMessageText/a_prototype_method_is_qualified_through_the_prototype (0.00s)
    --- PASS: TestArrayCallbackReturnMessageText/an_arrow_is_named_by_its_kind (0.00s)
    --- PASS: TestArrayCallbackReturnMessageText/message_ids_are_the_four_upstream_names (0.00s)
    --- PASS: TestArrayCallbackReturnMessageText/a_named_function_is_named_in_single_quotes (0.00s)
=== CONT  TestArrayCallbackReturnReachability/a_throw_also_ends_the_path
=== CONT  TestArrayCallbackReturnReachability/no_return_anywhere_reports_the_other_message
=== CONT  TestArrayCallbackReturnCalleeShapes/a_template-literal_key_names_the_method
=== CONT  TestArrayCallbackReturnCalleeShapes/a_method_outside_the_set_is_not_checked
=== CONT  TestArrayCallbackReturnCalleeShapes/a_first_argument_to_Array.from_is_not_the_callback
=== CONT  TestArrayCallbackReturnCalleeShapes/a_typed_array_constructor_is_an_Array.from_receiver
=== CONT  TestArrayCallbackReturnReachability/both_branches_returning_is_clean
=== CONT  TestArrayCallbackReturnCalleeShapes/a_wrapper_that_is_NOT_called_is_not_walked_through
=== CONT  TestArrayCallbackReturnCalleeShapes/a_parenthesized_optional-chain_callee_still_resolves
=== CONT  TestArrayCallbackReturnCalleeShapes/a_second_argument_to_a_prototype_method_is_not_the_callback
=== CONT  TestArrayCallbackReturnCalleeShapes/an_immediately_invoked_wrapper's_returned_callback_is_judged
=== CONT  TestArrayCallbackReturnCalleeShapes/a_conditional_choosing_a_callback_reports_on_each_arm
--- PASS: TestArrayCallbackReturnReachability (0.00s)
    --- PASS: TestArrayCallbackReturnReachability/a_branch_that_can_fall_through_reports (0.00s)
    --- PASS: TestArrayCallbackReturnReachability/no_return_anywhere_reports_the_other_message (0.00s)
    --- PASS: TestArrayCallbackReturnReachability/a_throw_also_ends_the_path (0.00s)
    --- PASS: TestArrayCallbackReturnReachability/both_branches_returning_is_clean (0.00s)
--- PASS: TestArrayCallbackReturnCalleeShapes (0.00s)
    --- PASS: TestArrayCallbackReturnCalleeShapes/a_logical_expression_choosing_a_callback_is_walked_through (0.00s)
    --- PASS: TestArrayCallbackReturnCalleeShapes/a_method_outside_the_set_is_not_checked (0.00s)
    --- PASS: TestArrayCallbackReturnCalleeShapes/a_template-literal_key_names_the_method (0.00s)
    --- PASS: TestArrayCallbackReturnCalleeShapes/a_first_argument_to_Array.from_is_not_the_callback (0.00s)
    --- PASS: TestArrayCallbackReturnCalleeShapes/a_typed_array_constructor_is_an_Array.from_receiver (0.00s)
    --- PASS: TestArrayCallbackReturnCalleeShapes/a_wrapper_that_is_NOT_called_is_not_walked_through (0.00s)
    --- PASS: TestArrayCallbackReturnCalleeShapes/a_second_argument_to_a_prototype_method_is_not_the_callback (0.00s)
    --- PASS: TestArrayCallbackReturnCalleeShapes/an_immediately_invoked_wrapper's_returned_callback_is_judged (0.00s)
    --- PASS: TestArrayCallbackReturnCalleeShapes/a_conditional_choosing_a_callback_reports_on_each_arm (0.00s)
    --- PASS: TestArrayCallbackReturnCalleeShapes/a_parenthesized_optional-chain_callee_still_resolves (0.00s)
--- PASS: TestArrayCallbackReturnStaysSilent (0.00s)
--- PASS: TestArrayCallbackReturnFires (0.00s)
PASS
ok  	github.com/system-inc/cohere/internal/lint/rules/core	0.014s
