=== RUN   TestGapStandsWhereGapsMdSays
--- PASS: TestGapStandsWhereGapsMdSays (0.17s)
=== RUN   TestBigintGapStandsWhereGapsMdSays
--- PASS: TestBigintGapStandsWhereGapsMdSays (0.17s)
=== RUN   TestProfileArtifacts
    profile_test.go:19: set ADAMIC_SCANNER_PROFILE_DIR to a scratch directory
--- SKIP: TestProfileArtifacts (0.00s)
=== RUN   TestProfileSnapshotsAgree
    profile_test.go:99: set ADAMIC_SCANNER_PROFILE_SNAPSHOTS to the artifact directories
--- SKIP: TestProfileSnapshotsAgree (0.00s)
=== RUN   TestScannerAgreesWithTypescriptGo
    scanner_test.go:343: 77 compiler files, 122 stage1 files, 18236 generated inputs
    scanner_test.go:360: 25586758 answer bytes identical
=== RUN   TestScannerAgreesWithTypescriptGo/punctuator_!=_scanned_as_==
    scanner_test.go:383: Node caught by byte comparison: line 348: port "EqualsEqualsToken 0 2 0", Go "ExclamationEqualsToken 0 2 0"
    scanner_test.go:383: native caught by byte comparison: line 348: port "EqualsEqualsToken 0 2 0", Go "ExclamationEqualsToken 0 2 0"
=== RUN   TestScannerAgreesWithTypescriptGo/invalid_decimal_separator_accepted
    scanner_test.go:383: Node caught by byte comparison: line 689: port "NumericLiteral 0 4 512\t12", Go "error 6189 2 1"
    scanner_test.go:383: native caught by byte comparison: line 689: port "NumericLiteral 0 4 512\t12", Go "error 6189 2 1"
=== RUN   TestScannerAgreesWithTypescriptGo/regex_rescan_skipped
    scanner_test.go:383: Node caught by byte comparison: line 126235: port "SlashToken 0 1 0", Go "RegularExpressionLiteral 0 6 0\t/abc/g"
    scanner_test.go:383: native caught by byte comparison: line 126235: port "SlashToken 0 1 0", Go "RegularExpressionLiteral 0 6 0\t/abc/g"
--- PASS: TestScannerAgreesWithTypescriptGo (50.99s)
    --- PASS: TestScannerAgreesWithTypescriptGo/punctuator_!=_scanned_as_== (6.57s)
    --- PASS: TestScannerAgreesWithTypescriptGo/invalid_decimal_separator_accepted (6.78s)
    --- PASS: TestScannerAgreesWithTypescriptGo/regex_rescan_skipped (6.37s)
=== RUN   TestPerformance
    scanner_test.go:392: set ADAMIC_SCANNER_BENCH=1 for best-of-five throughput
--- SKIP: TestPerformance (0.00s)
PASS
ok  	github.com/system-inc/adamic/stage1/typescript/scanner	51.350s
wall 53.759 seconds user 44.120 seconds sys 9.626 seconds
