--- FAIL: TestCheckedViewCallableLaterRankedFamilies (2.42s)
    --- FAIL: TestCheckedViewCallableLaterRankedFamilies/variable-update-tagged/wrong-members (0.54s)
        checked_views_callable_later_ranked_test.go:57: gate cache node miss
        checked_views_callable_later_ranked_test.go:77: gate cache node miss
        checked_views_callable_later_ranked_test.go:97: backend0 exit 0 stdout "7\n" stderr "" want "updateVariableDeclaration" and "found function with incompatible parameter representations"; sanitized exit 0 stderr ""
    --- FAIL: TestCheckedViewCallableLaterRankedFamilies/conditional-expression/wrong-members (0.47s)
        checked_views_callable_later_ranked_test.go:57: gate cache node miss
        checked_views_callable_later_ranked_test.go:77: gate cache node miss
        checked_views_callable_later_ranked_test.go:97: backend0 exit 0 stdout "12\n" stderr "" want "createConditionalExpression" and "found function with incompatible parameter representations"; sanitized exit 0 stderr ""
    --- FAIL: TestCheckedViewCallableLaterRankedFamilies/binary-update/wrong-members (0.49s)
        checked_views_callable_later_ranked_test.go:57: gate cache node miss
        checked_views_callable_later_ranked_test.go:77: gate cache node miss
        checked_views_callable_later_ranked_test.go:97: backend0 exit 0 stdout "10\n" stderr "" want "updateBinaryExpression" and "found function with incompatible parameter representations"; sanitized exit 0 stderr ""
    --- FAIL: TestCheckedViewCallableLaterRankedFamilies/config-diagnostic/wrong-members (0.47s)
        checked_views_callable_later_ranked_test.go:57: gate cache node miss
        checked_views_callable_later_ranked_test.go:77: gate cache node miss
        checked_views_callable_later_ranked_test.go:97: backend0 exit 0 stdout "3\n" stderr "" want "addConfigDiagnostic" and "found function with incompatible parameter representations"; sanitized exit 0 stderr ""
    --- FAIL: TestCheckedViewCallableLaterRankedFamilies/scanner-text/wrong-members (0.44s)
        checked_views_callable_later_ranked_test.go:57: gate cache node miss
        checked_views_callable_later_ranked_test.go:77: gate cache node miss
        checked_views_callable_later_ranked_test.go:97: backend0 exit 0 stdout "3\n" stderr "" want "setText" and "found function with incompatible parameter representations"; sanitized exit 0 stderr ""
FAIL
gate cache: native hits=0 misses=0
gate cache: node hits=0 misses=10
gate cache: probe hits=0 misses=0
FAIL	github.com/system-inc/adamic/internal/oracle	2.431s
FAIL
