=== RUN   TestClosureCycleDirect
=== PAUSE TestClosureCycleDirect
=== RUN   TestClosureCycleJoined
=== PAUSE TestClosureCycleJoined
=== RUN   TestClosureCycleMap
=== PAUSE TestClosureCycleMap
=== RUN   TestGettersCensusClosureNumberMethods
=== PAUSE TestGettersCensusClosureNumberMethods
=== RUN   TestGettersCensusLazyObject
=== PAUSE TestGettersCensusLazyObject
=== RUN   TestGettersCensusPrimaryFunction
=== PAUSE TestGettersCensusPrimaryFunction
=== RUN   TestGettersCensusOptionalBooleanFunction
=== PAUSE TestGettersCensusOptionalBooleanFunction
=== RUN   TestGettersCensusUpdateNodeFunction
=== PAUSE TestGettersCensusUpdateNodeFunction
=== RUN   TestGettersCensusUnaryNodeFunction
=== PAUSE TestGettersCensusUnaryNodeFunction
=== RUN   TestGettersCensusOptionalTypeFunction
=== PAUSE TestGettersCensusOptionalTypeFunction
=== RUN   TestGettersCensusUpdateTypeFunction
=== PAUSE TestGettersCensusUpdateTypeFunction
=== RUN   TestGettersCensusOptionalCommentFunction
=== PAUSE TestGettersCensusOptionalCommentFunction
=== RUN   TestGettersCensusUpdateCommentFunction
=== PAUSE TestGettersCensusUpdateCommentFunction
=== RUN   TestGettersCensusBinaryFunction
=== PAUSE TestGettersCensusBinaryFunction
=== RUN   TestGettersCensusOverloadedFunction
=== PAUSE TestGettersCensusOverloadedFunction
=== RUN   TestGettersCensusUnaryFunction
=== PAUSE TestGettersCensusUnaryFunction
=== RUN   TestGettersCensusThrowingObject
=== PAUSE TestGettersCensusThrowingObject
=== RUN   TestGettersCensusClosureNumberNext
=== PAUSE TestGettersCensusClosureNumberNext
=== RUN   TestGettersCensusClosureUnionNext
=== PAUSE TestGettersCensusClosureUnionNext
=== RUN   TestGettersCensusSnapshotNext
=== PAUSE TestGettersCensusSnapshotNext
=== RUN   TestGettersCensusClassMap
=== PAUSE TestGettersCensusClassMap
=== RUN   TestGettersCensusCallbackPairMethods
=== PAUSE TestGettersCensusCallbackPairMethods
=== RUN   TestGettersCensusHigherCallbackPairMethods
=== PAUSE TestGettersCensusHigherCallbackPairMethods
=== RUN   TestGettersCensusBinaryInline
=== PAUSE TestGettersCensusBinaryInline
=== RUN   TestNativeAgreesWithNode
=== PAUSE TestNativeAgreesWithNode
=== CONT  TestClosureCycleDirect
=== CONT  TestGettersCensusBinaryFunction
=== CONT  TestNativeAgreesWithNode
=== CONT  TestGettersCensusBinaryInline
=== RUN   TestNativeAgreesWithNode/internal/oracle/testdata/route_targets_sort_values.a
=== PAUSE TestNativeAgreesWithNode/internal/oracle/testdata/route_targets_sort_values.a
=== RUN   TestNativeAgreesWithNode/internal/oracle/testdata/borrow_chain_unknown.a
=== PAUSE TestNativeAgreesWithNode/internal/oracle/testdata/borrow_chain_unknown.a
=== RUN   TestNativeAgreesWithNode/internal/oracle/testdata/call_targets_element.a
=== PAUSE TestNativeAgreesWithNode/internal/oracle/testdata/call_targets_element.a
=== RUN   TestNativeAgreesWithNode/internal/oracle/testdata/generic_functions.a
=== PAUSE TestNativeAgreesWithNode/internal/oracle/testdata/generic_functions.a
=== RUN   TestNativeAgreesWithNode/internal/oracle/testdata/user_iterators.a
=== PAUSE TestNativeAgreesWithNode/internal/oracle/testdata/user_iterators.a
=== CONT  TestGettersCensusHigherCallbackPairMethods
=== NAME  TestGettersCensusBinaryInline
    getters_census_test.go:180: Node: exit 0 stdout "constructed\ninitialize 7\n12\n16\ninitialize 7\n10\n" stderr ""
=== NAME  TestGettersCensusBinaryFunction
    getters_census_test.go:130: Node: exit 0 stdout "constructed\ninitialize 7\n12\n12\ninitialize 7\n12\n" stderr ""
=== NAME  TestGettersCensusHigherCallbackPairMethods
    getters_census_test.go:175: Node: exit 0 stdout "3\n13\ndone\ninitialized\n" stderr ""
=== NAME  TestClosureCycleDirect
    cycle_closure_targets_test.go:45: /workspace/adamic/internal/oracle/testdata/cycle_closure_targets_refused/direct.a:12:5: Adamic 0.1 refuses 'memo', a variable a function value captures and can be reached from what it holds, so the function holds the variable and the variable holds the function: a cycle reference counting can't free; remove the captured strong back-reference, use a module function declaration that captures nothing, or declare the variable Weak<...> and keep the function somewhere strong (adamic/cycle-capable)
--- PASS: TestClosureCycleDirect (0.87s)
=== CONT  TestGettersCensusCallbackPairMethods
=== NAME  TestGettersCensusHigherCallbackPairMethods
    getters_census_test.go:175: Lower: /workspace/adamic/internal/oracle/testdata/getters_census_higher_callback_pair_methods.a:11:9: stage 0 can't lower a non-accessor method in an accessor literal yet; JavaScript/release/sanitized not reached
--- PASS: TestGettersCensusHigherCallbackPairMethods (0.55s)
=== CONT  TestGettersCensusClassMap
=== NAME  TestGettersCensusCallbackPairMethods
    getters_census_test.go:170: Node: exit 0 stdout "3\n13\ndone\ninitialized\n" stderr ""
    getters_census_test.go:170: Lower: /workspace/adamic/internal/oracle/testdata/getters_census_callback_pair_methods.a:11:9: stage 0 can't lower a non-accessor method in an accessor literal yet; JavaScript/release/sanitized not reached
--- PASS: TestGettersCensusCallbackPairMethods (0.48s)
=== CONT  TestGettersCensusSnapshotNext
=== NAME  TestGettersCensusClassMap
    getters_census_test.go:165: Node: exit 0 stdout "0/0/0\n1/1/1\n9\n" stderr ""
=== NAME  TestGettersCensusSnapshotNext
    getters_census_test.go:160: Node: exit 0 stdout "0/1\n" stderr ""
    getters_census_test.go:160: Lower: /workspace/adamic/internal/oracle/testdata/getters_census_snapshot_next.a:7:56: stage 0 can't lower a non-accessor method in an accessor literal yet; JavaScript/release/sanitized not reached
--- PASS: TestGettersCensusSnapshotNext (0.41s)
=== CONT  TestGettersCensusClosureUnionNext
=== NAME  TestGettersCensusBinaryFunction
    getters_census_test.go:130: release: exit 0 stdout "constructed\ninitialize 7\n12\n12\ninitialize 7\n12\n" stderr ""
    getters_census_test.go:130: sanitized: exit 0 stdout "constructed\ninitialize 7\n12\n12\ninitialize 7\n12\n" stderr ""
    getters_census_test.go:130: JavaScript: exit 0 stdout "constructed\ninitialize 7\n12\n12\ninitialize 7\n12\n" stderr ""
--- PASS: TestGettersCensusBinaryFunction (2.04s)
=== CONT  TestGettersCensusClosureNumberNext
=== NAME  TestGettersCensusClosureUnionNext
    getters_census_test.go:155: Node: exit 0 stdout "undefined\nbad mapping\n" stderr ""
    getters_census_test.go:155: Lower: /workspace/adamic/internal/oracle/testdata/getters_census_closure_union_next.a:5:45: stage 0 can't lower a non-accessor method in an accessor literal yet; JavaScript/release/sanitized not reached
=== CONT  TestGettersCensusThrowingObject
--- PASS: TestGettersCensusClosureUnionNext (0.51s)
=== NAME  TestGettersCensusClosureNumberNext
    getters_census_test.go:150: Node: exit 0 stdout "0\n1\n" stderr ""
    getters_census_test.go:150: Lower: /workspace/adamic/internal/oracle/testdata/getters_census_closure_number_next.a:5:41: stage 0 can't lower a non-accessor method in an accessor literal yet; JavaScript/release/sanitized not reached
--- PASS: TestGettersCensusClosureNumberNext (0.35s)
=== CONT  TestGettersCensusUnaryFunction
=== NAME  TestGettersCensusClassMap
    getters_census_test.go:165: JavaScript: exit 0 stdout "0/0/0\n1/1/1\n9\n" stderr ""
    getters_census_test.go:165: release: exit 0 stdout "0/0/0\n1/1/1\n9\n" stderr ""
    getters_census_test.go:165: sanitized: exit 0 stdout "0/0/0\n1/1/1\n9\n" stderr ""
--- PASS: TestGettersCensusClassMap (1.61s)
=== CONT  TestGettersCensusOverloadedFunction
=== NAME  TestGettersCensusThrowingObject
    getters_census_test.go:145: Node: exit 0 stdout "constructed\nNot supported\n" stderr ""
=== NAME  TestGettersCensusUnaryFunction
    getters_census_test.go:140: Node: exit 0 stdout "constructed\ninitialize 7\n9\n9\ninitialize 7\n9\n" stderr ""
=== NAME  TestGettersCensusOverloadedFunction
    getters_census_test.go:135: Node: exit 0 stdout "10\n" stderr ""
    getters_census_test.go:135: Lower: /workspace/adamic/internal/oracle/testdata/getters_census_overloaded_function.a:18:46: Adamic 0.1 refuses a cast the runtime can't check; use a proven upcast, cast a discriminated object union with unique literal or enum tags to members or a sub-union, or downcast along nominal class ancestry (adamic/no-unchecked-cast); JavaScript/release/sanitized not reached
--- PASS: TestGettersCensusOverloadedFunction (0.59s)
=== CONT  TestGettersCensusUpdateNodeFunction
    getters_census_test.go:100: Node: exit 0 stdout "constructed\ninitialize 7\n9\n9\ninitialize 7\n9\n" stderr ""
=== NAME  TestGettersCensusThrowingObject
    getters_census_test.go:145: sanitized: exit 0 stdout "constructed\nNot supported\n" stderr ""
    getters_census_test.go:145: JavaScript: exit 0 stdout "constructed\nNot supported\n" stderr ""
    getters_census_test.go:145: release: exit 0 stdout "constructed\nNot supported\n" stderr ""
--- PASS: TestGettersCensusThrowingObject (1.52s)
=== CONT  TestGettersCensusUpdateCommentFunction
=== NAME  TestGettersCensusUnaryFunction
    getters_census_test.go:140: JavaScript: exit 0 stdout "constructed\ninitialize 7\n9\n9\ninitialize 7\n9\n" stderr ""
    getters_census_test.go:140: release: exit 0 stdout "constructed\ninitialize 7\n9\n9\ninitialize 7\n9\n" stderr ""
    getters_census_test.go:140: sanitized: exit 0 stdout "constructed\ninitialize 7\n9\n9\ninitialize 7\n9\n" stderr ""
--- PASS: TestGettersCensusUnaryFunction (1.65s)
=== CONT  TestGettersCensusOptionalCommentFunction
=== NAME  TestGettersCensusUpdateCommentFunction
    getters_census_test.go:125: Node: exit 0 stdout "constructed\ninitialize 7\n12\n12\ninitialize 7\n12\n" stderr ""
=== NAME  TestGettersCensusOptionalCommentFunction
    getters_census_test.go:120: Node: exit 0 stdout "constructed\ninitialize 7\n10\n10\ninitialize 7\n10\n" stderr ""
=== NAME  TestGettersCensusUpdateNodeFunction
    getters_census_test.go:100: JavaScript: exit 0 stdout "constructed\ninitialize 7\n9\n9\ninitialize 7\n9\n" stderr ""
    getters_census_test.go:100: release: exit 0 stdout "constructed\ninitialize 7\n9\n9\ninitialize 7\n9\n" stderr ""
    getters_census_test.go:100: sanitized: exit 0 stdout "constructed\ninitialize 7\n9\n9\ninitialize 7\n9\n" stderr ""
--- PASS: TestGettersCensusUpdateNodeFunction (1.80s)
=== CONT  TestGettersCensusUpdateTypeFunction
=== NAME  TestGettersCensusUpdateCommentFunction
    getters_census_test.go:125: sanitized: exit 0 stdout "constructed\ninitialize 7\n12\n12\ninitialize 7\n12\n" stderr ""
    getters_census_test.go:125: JavaScript: exit 0 stdout "constructed\ninitialize 7\n12\n12\ninitialize 7\n12\n" stderr ""
    getters_census_test.go:125: release: exit 0 stdout "constructed\ninitialize 7\n12\n12\ninitialize 7\n12\n" stderr ""
=== NAME  TestGettersCensusUpdateTypeFunction
    getters_census_test.go:115: Node: exit 0 stdout "constructed\ninitialize 7\n15\n15\ninitialize 7\n15\n" stderr ""
--- PASS: TestGettersCensusUpdateCommentFunction (1.57s)
=== CONT  TestGettersCensusOptionalTypeFunction
=== NAME  TestGettersCensusOptionalCommentFunction
    getters_census_test.go:120: JavaScript: exit 0 stdout "constructed\ninitialize 7\n10\n10\ninitialize 7\n10\n" stderr ""
    getters_census_test.go:120: release: exit 0 stdout "constructed\ninitialize 7\n10\n10\ninitialize 7\n10\n" stderr ""
    getters_census_test.go:120: sanitized: exit 0 stdout "constructed\ninitialize 7\n10\n10\ninitialize 7\n10\n" stderr ""
--- PASS: TestGettersCensusOptionalCommentFunction (1.41s)
=== CONT  TestGettersCensusUnaryNodeFunction
=== NAME  TestGettersCensusOptionalTypeFunction
    getters_census_test.go:110: Node: exit 0 stdout "constructed\ninitialize 7\n12\n12\ninitialize 7\n12\n" stderr ""
=== NAME  TestGettersCensusUnaryNodeFunction
    getters_census_test.go:105: Node: exit 0 stdout "constructed\ninitialize 7\n9\n9\ninitialize 7\n9\n" stderr ""
=== NAME  TestGettersCensusUpdateTypeFunction
    getters_census_test.go:115: JavaScript: exit 0 stdout "constructed\ninitialize 7\n15\n15\ninitialize 7\n15\n" stderr ""
    getters_census_test.go:115: release: exit 0 stdout "constructed\ninitialize 7\n15\n15\ninitialize 7\n15\n" stderr ""
    getters_census_test.go:115: sanitized: exit 0 stdout "constructed\ninitialize 7\n15\n15\ninitialize 7\n15\n" stderr ""
--- PASS: TestGettersCensusUpdateTypeFunction (1.42s)
=== CONT  TestGettersCensusLazyObject
=== NAME  TestGettersCensusOptionalTypeFunction
    getters_census_test.go:110: JavaScript: exit 0 stdout "constructed\ninitialize 7\n12\n12\ninitialize 7\n12\n" stderr ""
    getters_census_test.go:110: release: exit 0 stdout "constructed\ninitialize 7\n12\n12\ninitialize 7\n12\n" stderr ""
    getters_census_test.go:110: sanitized: exit 0 stdout "constructed\ninitialize 7\n12\n12\ninitialize 7\n12\n" stderr ""
=== NAME  TestGettersCensusUnaryNodeFunction
    getters_census_test.go:105: JavaScript: exit 0 stdout "constructed\ninitialize 7\n9\n9\ninitialize 7\n9\n" stderr ""
    getters_census_test.go:105: release: exit 0 stdout "constructed\ninitialize 7\n9\n9\ninitialize 7\n9\n" stderr ""
    getters_census_test.go:105: sanitized: exit 0 stdout "constructed\ninitialize 7\n9\n9\ninitialize 7\n9\n" stderr ""
--- PASS: TestGettersCensusOptionalTypeFunction (1.31s)
=== CONT  TestGettersCensusOptionalBooleanFunction
--- PASS: TestGettersCensusUnaryNodeFunction (1.22s)
=== CONT  TestGettersCensusPrimaryFunction
=== NAME  TestGettersCensusLazyObject
    getters_census_test.go:85: Node: exit 0 stdout "constructed\ninitialize\n9\n10\n" stderr ""
    getters_census_test.go:85: Lower: /workspace/adamic/internal/oracle/testdata/getters_census_lazy_object.a:9:57: stage 0 can't lower reading factory yet; JavaScript/release/sanitized not reached
=== CONT  TestClosureCycleMap
--- PASS: TestGettersCensusLazyObject (0.44s)
=== NAME  TestGettersCensusOptionalBooleanFunction
    getters_census_test.go:95: Node: exit 0 stdout "constructed\ninitialize 7\n10\n10\ninitialize 7\n10\n" stderr ""
=== NAME  TestGettersCensusPrimaryFunction
    getters_census_test.go:90: Node: exit 0 stdout "constructed\ninitialize 7\n7\n7\ninitialize 7\n7\n" stderr ""
=== NAME  TestClosureCycleMap
    cycle_closure_targets_test.go:47: /workspace/adamic/internal/oracle/testdata/cycle_closure_targets_refused/map.a:12:7: Adamic 0.1 refuses Map<number, () => number>, a map whose values can reach back to a map like it: a cycle reference counting can't free, and the write at /workspace/adamic/internal/oracle/testdata/cycle_closure_targets_refused/map.a:14:1 may close one (the value written reaches something this function didn't make or let escape, and what it's written into wasn't made here, where make is called from the top level); declare the values weak, Map<number, Weak<() => number>> (import type { Weak } from 'adamic'), or make it a ReadonlyMap; or set in such a map only values this function made, or only in one it made (adamic/cycle-capable)
--- PASS: TestClosureCycleMap (0.39s)
=== CONT  TestGettersCensusClosureNumberMethods
    getters_census_test.go:80: Node: exit 0 stdout "0\n1\n" stderr ""
    getters_census_test.go:80: Lower: /workspace/adamic/internal/oracle/testdata/getters_census_closure_number_methods.a:5:14: stage 0 can't lower a non-accessor method in an accessor literal yet; JavaScript/release/sanitized not reached
--- PASS: TestGettersCensusClosureNumberMethods (0.36s)
=== CONT  TestClosureCycleJoined
=== NAME  TestGettersCensusPrimaryFunction
    getters_census_test.go:90: JavaScript: exit 0 stdout "constructed\ninitialize 7\n7\n7\ninitialize 7\n7\n" stderr ""
    getters_census_test.go:90: release: exit 0 stdout "constructed\ninitialize 7\n7\n7\ninitialize 7\n7\n" stderr ""
    getters_census_test.go:90: sanitized: exit 0 stdout "constructed\ninitialize 7\n7\n7\ninitialize 7\n7\n" stderr ""
--- PASS: TestGettersCensusPrimaryFunction (1.20s)
=== CONT  TestNativeAgreesWithNode/internal/oracle/testdata/route_targets_sort_values.a
=== NAME  TestGettersCensusOptionalBooleanFunction
    getters_census_test.go:95: JavaScript: exit 0 stdout "constructed\ninitialize 7\n10\n10\ninitialize 7\n10\n" stderr ""
    getters_census_test.go:95: release: exit 0 stdout "constructed\ninitialize 7\n10\n10\ninitialize 7\n10\n" stderr ""
    getters_census_test.go:95: sanitized: exit 0 stdout "constructed\ninitialize 7\n10\n10\ninitialize 7\n10\n" stderr ""
--- PASS: TestGettersCensusOptionalBooleanFunction (1.31s)
=== CONT  TestNativeAgreesWithNode/internal/oracle/testdata/generic_functions.a
=== NAME  TestClosureCycleJoined
    cycle_closure_targets_test.go:46: /workspace/adamic/internal/oracle/testdata/cycle_closure_targets_refused/joined.a:12:5: Adamic 0.1 refuses 'memo', a variable a function value captures and can be reached from what it holds, so the function holds the variable and the variable holds the function: a cycle reference counting can't free; remove the captured strong back-reference, use a module function declaration that captures nothing, or declare the variable Weak<...> and keep the function somewhere strong (adamic/cycle-capable)
--- PASS: TestClosureCycleJoined (0.43s)
=== CONT  TestNativeAgreesWithNode/internal/oracle/testdata/user_iterators.a
=== CONT  TestNativeAgreesWithNode/internal/oracle/testdata/call_targets_element.a
=== CONT  TestNativeAgreesWithNode/internal/oracle/testdata/borrow_chain_unknown.a
--- PASS: TestNativeAgreesWithNode (0.39s)
    --- PASS: TestNativeAgreesWithNode/internal/oracle/testdata/route_targets_sort_values.a (1.27s)
    --- PASS: TestNativeAgreesWithNode/internal/oracle/testdata/generic_functions.a (1.40s)
    --- PASS: TestNativeAgreesWithNode/internal/oracle/testdata/call_targets_element.a (1.25s)
    --- PASS: TestNativeAgreesWithNode/internal/oracle/testdata/borrow_chain_unknown.a (1.08s)
    --- PASS: TestNativeAgreesWithNode/internal/oracle/testdata/user_iterators.a (8.06s)
=== NAME  TestGettersCensusBinaryInline
    getters_census_test.go:180: release: exit 0 stdout "constructed\ninitialize 7\n12\n16\ninitialize 7\n10\n" stderr ""
    getters_census_test.go:180: sanitized: exit 0 stdout "constructed\ninitialize 7\n12\n16\ninitialize 7\n10\n" stderr ""
    getters_census_test.go:180: JavaScript: exit 0 stdout "constructed\ninitialize 7\n12\n16\ninitialize 7\n10\n" stderr ""
--- PASS: TestGettersCensusBinaryInline (20.03s)
PASS
gate cache: native hits=0 misses=54
gate cache: node hits=0 misses=47
gate cache: probe hits=0 misses=0
ok  	github.com/system-inc/adamic/internal/oracle	20.091s
