
> typescript@6.0.3 build
> npm run build:compiler && npm run build:tests


> typescript@6.0.3 build:compiler
> hereby local

Using /tmp/adaptation70-before/Herebyfile.mjs to run local
Starting generate-diagnostics
> /workspace/adamic-tools/bin/node scripts/processDiagnosticMessages.mjs src/compiler/diagnosticMessages.json
Starting lib
Starting shim-compile-cache-tsc
Starting shim-compile-cache-tsserver
Starting shim-compile-cache-typings-installer
Starting bundle-watch-guard
Starting build-watch-guard
Starting generate-types-map
Finished shim-compile-cache-tsc in 11ms
Finished shim-compile-cache-typings-installer in 12ms
Finished shim-compile-cache-tsserver in 12ms
Finished generate-types-map in 13ms
Finished bundle-watch-guard in 15ms
Reading diagnostics from src/compiler/diagnosticMessages.json
Finished generate-diagnostics in 82ms
Starting localize
Starting bundle-tsc
Starting build-tsc
Starting bundle-services
Starting build-services
Starting bundle-tsserver
Starting build-tsserver
Starting bundle-typings-installer
Starting build-typings-installer
Starting copy-built-local-diagnostic-messages
Finished localize in 1ms
Finished lib in 87ms
Finished copy-built-local-diagnostic-messages in 6ms
Finished bundle-typings-installer in 21ms
Finished bundle-tsserver in 142ms
Finished bundle-tsc in 689ms
Finished bundle-services in 923ms
src/compiler/scanner.ts(504,46): error TS2540: Cannot assign to 'lineMap' because it is a read-only property.
Error in build-watch-guard in 15s
Error: Process exited with code: 2
Completed local with errors in 15s
Failed tasks: build-services, build-tsc, build-tsserver, build-typings-installer, build-watch-guard
