go version go1.27.1 linux/amd64
setup: go ready (0.086s)
setup: submodules ready (0.111s)
setup: module dependencies skipped (validated manifests and downloaded module cache); step-duration=0.012s
setup: module dependencies ready (0.173s)
setup: node v24.19.0 skipped (validated version, checksum and installed bytes); step-duration=0.135s
v24.19.0
setup: node ready (0.256s)
clang version 20.1.8 (https://github.com/llvm/llvm-project 87f0227cb60147a26a1eeb4fb06e3b505e9c7261)
setup: clang ready (/tmp/adamic-gate/node-pin-tools/llvm/bin/clang) (0.264s)
setup: markdown dependencies skipped (validated lock and installed bytes); step-duration=0.006s
setup: markdown dependencies ready (0.308s)
setup: stage3 API dependencies skipped (stage3/api/package-lock.json absent); step-duration=0.000s
setup: stage3 API dependencies checked (0.355s)
setup: go build ready (0.784s)
setup: test binaries deferred (use --warm-tests) (1.028s)
setup: build cache warm (1.032s)
setup: build-flags commit=f3ae06a12af20999fa37e6bdddcbca188275ad52 nproc=5 cpu.max=400000 100000 go=go version go1.27.1 linux/amd64 clang=clang version 20.1.8 (https://github.com/llvm/llvm-project 87f0227cb60147a26a1eeb4fb06e3b505e9c7261) node=v24.19.0 cached=yes warm-tests=false gate-inputs=false load-before=0.52 0.79 0.86 1/649 200198 load-after=0.52 0.79 0.86 1/650 200610
setup: done on 5 processors (cgroup cpu.max: 400000 100000), 17.6 GB (1.102s)
setup: source /tmp/adamic-gate/node-pin-tools/env.sh
setup: logs /tmp/adamic-gate/setup.7EWxQU
setup: node v24.19.0
