--- FAIL: TestNativeAgreesWithNode (0.11s)
    --- FAIL: TestNativeAgreesWithNode/internal/oracle/testdata/regions_constructor_capture.a (1.83s)
        oracle_test.go:758: the release build: exit codes differ
            sanitized: exit 1, stdout "", stderr "=================================================================\n==3580381==ERROR: AddressSanitizer: heap-use-after-free on address 0x7d38a75e0148 at pc 0x6553a6049605 bp 0x7ffd7b0c5b80 sp 0x7ffd7b0c5b78\nREAD of size 8 at 0x7d38a75e0148 thread T0\n    #0 0x6553a6049604 in adamic_function_4_closure /home/cloud/full-gate/out/313af4d72053-20261009T031322Z/catalog-units/05-9k8j2jxj/adamic-build-4040654477/main.c:157:106\n    #1 0x6553a6048af7 in main /home/cloud/full-gate/out/313af4d72053-20261009T031322Z/catalog-units/05-9k8j2jxj/adamic-build-4040654477/main.c:180:37\n    #2 0x7f28a842a1c9  (/lib/x86_64-linux-gnu/libc.so.6+0x2a1c9) (BuildId: a4a7992a8e66555c8141ab2a08a8465ff6e0ea65)\n    #3 0x7f28a842a28a in __libc_start_main (/lib/x86_64-linux-gnu/libc.so.6+0x2a28a) (BuildId: a4a7992a8e66555c8141ab2a08a8465ff6e0ea65)\n    #4 0x6553a5f62464 in _start (/home/cloud/full-gate/out/313af4d72053-20261009T031322Z/catalog-units/05-9k8j2jxj/TestNativeAgreesWithNodeinternaloracletestdataregions_constr3375417063/002/program+0x5a464)\n\n0x7d38a75e0148 is located 72 bytes inside of 4128-byte region [0x7d38a75e0100,0x7d38a75e1120)\nfreed by thread T0 here:\n    #0 0x6553a6004fd6 in free /home/runner/work/llvm-project/llvm-project/compiler-rt/lib/asan/asan_malloc_linux.cpp:51:3\n    #1 0x6553a60933b4 in adamic_region_end /home/cloud/.cache/adamic/runtime/.build-2457317787/region.c:88:3\n\npreviously allocated by thread T0 here:\n    #0 0x6553a6005274 in malloc /home/runner/work/llvm-project/llvm-project/compiler-rt/lib/asan/asan_malloc_linux.cpp:67:3\n    #1 0x6553a6092e62 in adamic_object_new_in /home/cloud/.cache/adamic/runtime/.build-2457317787/region.c:48:32\n\nSUMMARY: AddressSanitizer: heap-use-after-free /home/cloud/full-gate/out/313af4d72053-20261009T031322Z/catalog-units/05-9k8j2jxj/adamic-build-4040654477/main.c:157:106 in adamic_function_4_closure\nShadow bytes around the buggy address:\n  0x7d38a75dfe80: 00 00 00 00 00 00 00 00 00 00 00 00 00 00 00 00\n  0x7d38a75dff00: 00 00 00 00 00 00 00 00 00 00 00 00 00 00 00 00\n  0x7d38a75dff80: 00 00 00 00 00 00 00 00 00 00 00 00 00 00 00 00\n  0x7d38a75e0000: fa fa fa fa fa fa fa fa fa fa fa fa fa fa fa fa\n  0x7d38a75e0080: fa fa fa fa fa fa fa fa fa fa fa fa fa fa fa fa\n=>0x7d38a75e0100: fd fd fd fd fd fd fd fd fd[fd]fd fd fd fd fd fd\n  0x7d38a75e0180: fd fd fd fd fd fd fd fd fd fd fd fd fd fd fd fd\n  0x7d38a75e0200: fd fd fd fd fd fd fd fd fd fd fd fd fd fd fd fd\n  0x7d38a75e0280: fd fd fd fd fd fd fd fd fd fd fd fd fd fd fd fd\n  0x7d38a75e0300: fd fd fd fd fd fd fd fd fd fd fd fd fd fd fd fd\n  0x7d38a75e0380: fd fd fd fd fd fd fd fd fd fd fd fd fd fd fd fd\nShadow byte legend (one shadow byte represents 8 application bytes):\n  Addressable:           00\n  Partially addressable: 01 02 03 04 05 06 07 \n  Heap left redzone:       fa\n  Freed heap region:       fd\n  Stack left redzone:      f1\n  Stack mid redzone:       f2\n  Stack right redzone:     f3\n  Stack after return:      f5\n  Stack use after scope:   f8\n  Global redzone:          f9\n  Global init order:       f6\n  Poisoned by user:        f7\n  Container overflow:      fc\n  Array cookie:            ac\n  Intra object redzone:    bb\n  ASan internal:           fe\n  Left alloca redzone:     ca\n  Right alloca redzone:    cb\n==3580381==ABORTING\n"
            release:   exit 0, stdout "8\ncounter5\n9\ncounter12\n", stderr ""
        oracle_test.go:774: exit codes differ
            node:   exit 0, stdout "8\ncounter5\n9\ncounter12\n", stderr ""
            native: exit 1, stdout "", stderr "=================================================================\n==3580381==ERROR: AddressSanitizer: heap-use-after-free on address 0x7d38a75e0148 at pc 0x6553a6049605 bp 0x7ffd7b0c5b80 sp 0x7ffd7b0c5b78\nREAD of size 8 at 0x7d38a75e0148 thread T0\n    #0 0x6553a6049604 in adamic_function_4_closure /home/cloud/full-gate/out/313af4d72053-20261009T031322Z/catalog-units/05-9k8j2jxj/adamic-build-4040654477/main.c:157:106\n    #1 0x6553a6048af7 in main /home/cloud/full-gate/out/313af4d72053-20261009T031322Z/catalog-units/05-9k8j2jxj/adamic-build-4040654477/main.c:180:37\n    #2 0x7f28a842a1c9  (/lib/x86_64-linux-gnu/libc.so.6+0x2a1c9) (BuildId: a4a7992a8e66555c8141ab2a08a8465ff6e0ea65)\n    #3 0x7f28a842a28a in __libc_start_main (/lib/x86_64-linux-gnu/libc.so.6+0x2a28a) (BuildId: a4a7992a8e66555c8141ab2a08a8465ff6e0ea65)\n    #4 0x6553a5f62464 in _start (/home/cloud/full-gate/out/313af4d72053-20261009T031322Z/catalog-units/05-9k8j2jxj/TestNativeAgreesWithNodeinternaloracletestdataregions_constr3375417063/002/program+0x5a464)\n\n0x7d38a75e0148 is located 72 bytes inside of 4128-byte region [0x7d38a75e0100,0x7d38a75e1120)\nfreed by thread T0 here:\n    #0 0x6553a6004fd6 in free /home/runner/work/llvm-project/llvm-project/compiler-rt/lib/asan/asan_malloc_linux.cpp:51:3\n    #1 0x6553a60933b4 in adamic_region_end /home/cloud/.cache/adamic/runtime/.build-2457317787/region.c:88:3\n\npreviously allocated by thread T0 here:\n    #0 0x6553a6005274 in malloc /home/runner/work/llvm-project/llvm-project/compiler-rt/lib/asan/asan_malloc_linux.cpp:67:3\n    #1 0x6553a6092e62 in adamic_object_new_in /home/cloud/.cache/adamic/runtime/.build-2457317787/region.c:48:32\n\nSUMMARY: AddressSanitizer: heap-use-after-free /home/cloud/full-gate/out/313af4d72053-20261009T031322Z/catalog-units/05-9k8j2jxj/adamic-build-4040654477/main.c:157:106 in adamic_function_4_closure\nShadow bytes around the buggy address:\n  0x7d38a75dfe80: 00 00 00 00 00 00 00 00 00 00 00 00 00 00 00 00\n  0x7d38a75dff00: 00 00 00 00 00 00 00 00 00 00 00 00 00 00 00 00\n  0x7d38a75dff80: 00 00 00 00 00 00 00 00 00 00 00 00 00 00 00 00\n  0x7d38a75e0000: fa fa fa fa fa fa fa fa fa fa fa fa fa fa fa fa\n  0x7d38a75e0080: fa fa fa fa fa fa fa fa fa fa fa fa fa fa fa fa\n=>0x7d38a75e0100: fd fd fd fd fd fd fd fd fd[fd]fd fd fd fd fd fd\n  0x7d38a75e0180: fd fd fd fd fd fd fd fd fd fd fd fd fd fd fd fd\n  0x7d38a75e0200: fd fd fd fd fd fd fd fd fd fd fd fd fd fd fd fd\n  0x7d38a75e0280: fd fd fd fd fd fd fd fd fd fd fd fd fd fd fd fd\n  0x7d38a75e0300: fd fd fd fd fd fd fd fd fd fd fd fd fd fd fd fd\n  0x7d38a75e0380: fd fd fd fd fd fd fd fd fd fd fd fd fd fd fd fd\nShadow byte legend (one shadow byte represents 8 application bytes):\n  Addressable:           00\n  Partially addressable: 01 02 03 04 05 06 07 \n  Heap left redzone:       fa\n  Freed heap region:       fd\n  Stack left redzone:      f1\n  Stack mid redzone:       f2\n  Stack right redzone:     f3\n  Stack after return:      f5\n  Stack use after scope:   f8\n  Global redzone:          f9\n  Global init order:       f6\n  Poisoned by user:        f7\n  Container overflow:      fc\n  Array cookie:            ac\n  Intra object redzone:    bb\n  ASan internal:           fe\n  Left alloca redzone:     ca\n  Right alloca redzone:    cb\n==3580381==ABORTING\n"
        oracle_test.go:787: leaks:
            exit 1
            =================================================================
            ==3580544==ERROR: AddressSanitizer: heap-use-after-free on address 0x7299d89e0148 at pc 0x55d57d2a8605 bp 0x7ffe6c919180 sp 0x7ffe6c919178
            READ of size 8 at 0x7299d89e0148 thread T0
                #0 0x55d57d2a8604 in adamic_function_4_closure /home/cloud/full-gate/out/313af4d72053-20261009T031322Z/catalog-units/05-9k8j2jxj/adamic-build-4040654477/main.c:157:106
                #1 0x55d57d2a7af7 in main /home/cloud/full-gate/out/313af4d72053-20261009T031322Z/catalog-units/05-9k8j2jxj/adamic-build-4040654477/main.c:180:37
                #2 0x7489d982a1c9  (/lib/x86_64-linux-gnu/libc.so.6+0x2a1c9) (BuildId: a4a7992a8e66555c8141ab2a08a8465ff6e0ea65)
                #3 0x7489d982a28a in __libc_start_main (/lib/x86_64-linux-gnu/libc.so.6+0x2a28a) (BuildId: a4a7992a8e66555c8141ab2a08a8465ff6e0ea65)
                #4 0x55d57d1c1464 in _start (/home/cloud/full-gate/out/313af4d72053-20261009T031322Z/catalog-units/05-9k8j2jxj/TestNativeAgreesWithNodeinternaloracletestdataregions_constr3375417063/002/program+0x5a464)
            
            0x7299d89e0148 is located 72 bytes inside of 4128-byte region [0x7299d89e0100,0x7299d89e1120)
            freed by thread T0 here:
                #0 0x55d57d263fd6 in free /home/runner/work/llvm-project/llvm-project/compiler-rt/lib/asan/asan_malloc_linux.cpp:51:3
                #1 0x55d57d2f23b4 in adamic_region_end /home/cloud/.cache/adamic/runtime/.build-2457317787/region.c:88:3
            
            previously allocated by thread T0 here:
                #0 0x55d57d264274 in malloc /home/runner/work/llvm-project/llvm-project/compiler-rt/lib/asan/asan_malloc_linux.cpp:67:3
                #1 0x55d57d2f1e62 in adamic_object_new_in /home/cloud/.cache/adamic/runtime/.build-2457317787/region.c:48:32
            
            SUMMARY: AddressSanitizer: heap-use-after-free /home/cloud/full-gate/out/313af4d72053-20261009T031322Z/catalog-units/05-9k8j2jxj/adamic-build-4040654477/main.c:157:106 in adamic_function_4_closure
            Shadow bytes around the buggy address:
              0x7299d89dfe80: 00 00 00 00 00 00 00 00 00 00 00 00 00 00 00 00
              0x7299d89dff00: 00 00 00 00 00 00 00 00 00 00 00 00 00 00 00 00
              0x7299d89dff80: 00 00 00 00 00 00 00 00 00 00 00 00 00 00 00 00
              0x7299d89e0000: fa fa fa fa fa fa fa fa fa fa fa fa fa fa fa fa
              0x7299d89e0080: fa fa fa fa fa fa fa fa fa fa fa fa fa fa fa fa
            =>0x7299d89e0100: fd fd fd fd fd fd fd fd fd[fd]fd fd fd fd fd fd
              0x7299d89e0180: fd fd fd fd fd fd fd fd fd fd fd fd fd fd fd fd
              0x7299d89e0200: fd fd fd fd fd fd fd fd fd fd fd fd fd fd fd fd
              0x7299d89e0280: fd fd fd fd fd fd fd fd fd fd fd fd fd fd fd fd
              0x7299d89e0300: fd fd fd fd fd fd fd fd fd fd fd fd fd fd fd fd
              0x7299d89e0380: fd fd fd fd fd fd fd fd fd fd fd fd fd fd fd fd
            Shadow byte legend (one shadow byte represents 8 application bytes):
              Addressable:           00
              Partially addressable: 01 02 03 04 05 06 07 
              Heap left redzone:       fa
              Freed heap region:       fd
              Stack left redzone:      f1
              Stack mid redzone:       f2
              Stack right redzone:     f3
              Stack after return:      f5
              Stack use after scope:   f8
              Global redzone:          f9
              Global init order:       f6
              Poisoned by user:        f7
              Container overflow:      fc
              Array cookie:            ac
              Intra object redzone:    bb
              ASan internal:           fe
              Left alloca redzone:     ca
              Right alloca redzone:    cb
            ==3580544==ABORTING
FAIL
gate cache: native hits=0 misses=3
gate cache: node hits=0 misses=2
gate cache: probe hits=0 misses=0
FAIL	github.com/system-inc/adamic/internal/oracle	2.019s
FAIL
