=== RUN   TestNativeAgreesWithNode
=== PAUSE TestNativeAgreesWithNode
=== CONT  TestNativeAgreesWithNode
=== RUN   TestNativeAgreesWithNode/internal/oracle/testdata/accessor_spread_throw_first.a
=== PAUSE TestNativeAgreesWithNode/internal/oracle/testdata/accessor_spread_throw_first.a
=== RUN   TestNativeAgreesWithNode/internal/oracle/testdata/accessor_spread_throw_middle.a
=== PAUSE TestNativeAgreesWithNode/internal/oracle/testdata/accessor_spread_throw_middle.a
=== RUN   TestNativeAgreesWithNode/internal/oracle/testdata/accessor_spread_throw_last.a
=== PAUSE TestNativeAgreesWithNode/internal/oracle/testdata/accessor_spread_throw_last.a
=== RUN   TestNativeAgreesWithNode/internal/oracle/testdata/plain_data_spread.a
=== PAUSE TestNativeAgreesWithNode/internal/oracle/testdata/plain_data_spread.a
=== CONT  TestNativeAgreesWithNode/internal/oracle/testdata/accessor_spread_throw_first.a
=== CONT  TestNativeAgreesWithNode/internal/oracle/testdata/accessor_spread_throw_last.a
=== CONT  TestNativeAgreesWithNode/internal/oracle/testdata/plain_data_spread.a
=== CONT  TestNativeAgreesWithNode/internal/oracle/testdata/accessor_spread_throw_middle.a
--- PASS: TestNativeAgreesWithNode (0.02s)
    --- PASS: TestNativeAgreesWithNode/internal/oracle/testdata/plain_data_spread.a (11.54s)
    --- PASS: TestNativeAgreesWithNode/internal/oracle/testdata/accessor_spread_throw_middle.a (19.89s)
    --- PASS: TestNativeAgreesWithNode/internal/oracle/testdata/accessor_spread_throw_last.a (19.89s)
    --- PASS: TestNativeAgreesWithNode/internal/oracle/testdata/accessor_spread_throw_first.a (19.90s)
PASS
gate cache: native hits=0 misses=12
gate cache: node hits=0 misses=8
gate cache: probe hits=0 misses=0
ok  	github.com/system-inc/adamic/internal/oracle	19.933s
