=== RUN   TestCheckedViewRanked4ArrayContracts
=== PAUSE TestCheckedViewRanked4ArrayContracts
=== CONT  TestCheckedViewRanked4ArrayContracts
=== RUN   TestCheckedViewRanked4ArrayContracts/ranked4-case-lazy
=== PAUSE TestCheckedViewRanked4ArrayContracts/ranked4-case-lazy
=== RUN   TestCheckedViewRanked4ArrayContracts/ranked4-case-nested
=== PAUSE TestCheckedViewRanked4ArrayContracts/ranked4-case-nested
=== RUN   TestCheckedViewRanked4ArrayContracts/ranked4-case-wrong-array
=== PAUSE TestCheckedViewRanked4ArrayContracts/ranked4-case-wrong-array
=== RUN   TestCheckedViewRanked4ArrayContracts/ranked4-case-wrong-tag
=== PAUSE TestCheckedViewRanked4ArrayContracts/ranked4-case-wrong-tag
=== RUN   TestCheckedViewRanked4ArrayContracts/ranked4-case
=== PAUSE TestCheckedViewRanked4ArrayContracts/ranked4-case
=== RUN   TestCheckedViewRanked4ArrayContracts/ranked4-chain-absent
=== PAUSE TestCheckedViewRanked4ArrayContracts/ranked4-chain-absent
=== RUN   TestCheckedViewRanked4ArrayContracts/ranked4-chain-deep
=== PAUSE TestCheckedViewRanked4ArrayContracts/ranked4-chain-deep
=== RUN   TestCheckedViewRanked4ArrayContracts/ranked4-chain-push-wrong
=== PAUSE TestCheckedViewRanked4ArrayContracts/ranked4-chain-push-wrong
=== RUN   TestCheckedViewRanked4ArrayContracts/ranked4-chain-push
=== PAUSE TestCheckedViewRanked4ArrayContracts/ranked4-chain-push
=== RUN   TestCheckedViewRanked4ArrayContracts/ranked4-chain-set-wrong
=== PAUSE TestCheckedViewRanked4ArrayContracts/ranked4-chain-set-wrong
=== RUN   TestCheckedViewRanked4ArrayContracts/ranked4-chain-set
=== PAUSE TestCheckedViewRanked4ArrayContracts/ranked4-chain-set
=== RUN   TestCheckedViewRanked4ArrayContracts/ranked4-chain-undefined
=== PAUSE TestCheckedViewRanked4ArrayContracts/ranked4-chain-undefined
=== RUN   TestCheckedViewRanked4ArrayContracts/ranked4-chain-wrong-array
=== PAUSE TestCheckedViewRanked4ArrayContracts/ranked4-chain-wrong-array
=== RUN   TestCheckedViewRanked4ArrayContracts/ranked4-chain
=== PAUSE TestCheckedViewRanked4ArrayContracts/ranked4-chain
=== RUN   TestCheckedViewRanked4ArrayContracts/ranked4-comma-map-wrong
=== PAUSE TestCheckedViewRanked4ArrayContracts/ranked4-comma-map-wrong
=== RUN   TestCheckedViewRanked4ArrayContracts/ranked4-comma-map
=== PAUSE TestCheckedViewRanked4ArrayContracts/ranked4-comma-map
=== RUN   TestCheckedViewRanked4ArrayContracts/ranked4-comma-wrong-element
=== PAUSE TestCheckedViewRanked4ArrayContracts/ranked4-comma-wrong-element
=== RUN   TestCheckedViewRanked4ArrayContracts/ranked4-comma-wrong-field
=== PAUSE TestCheckedViewRanked4ArrayContracts/ranked4-comma-wrong-field
=== RUN   TestCheckedViewRanked4ArrayContracts/ranked4-comma
=== PAUSE TestCheckedViewRanked4ArrayContracts/ranked4-comma
=== RUN   TestCheckedViewRanked4ArrayContracts/ranked4-files-assign
=== PAUSE TestCheckedViewRanked4ArrayContracts/ranked4-files-assign
=== RUN   TestCheckedViewRanked4ArrayContracts/ranked4-files-join-wrong
=== PAUSE TestCheckedViewRanked4ArrayContracts/ranked4-files-join-wrong
=== RUN   TestCheckedViewRanked4ArrayContracts/ranked4-files-push-wrong
=== PAUSE TestCheckedViewRanked4ArrayContracts/ranked4-files-push-wrong
=== RUN   TestCheckedViewRanked4ArrayContracts/ranked4-files-push
=== PAUSE TestCheckedViewRanked4ArrayContracts/ranked4-files-push
=== RUN   TestCheckedViewRanked4ArrayContracts/ranked4-files-set-wrong
=== PAUSE TestCheckedViewRanked4ArrayContracts/ranked4-files-set-wrong
=== RUN   TestCheckedViewRanked4ArrayContracts/ranked4-files-wrong-element
=== PAUSE TestCheckedViewRanked4ArrayContracts/ranked4-files-wrong-element
=== RUN   TestCheckedViewRanked4ArrayContracts/ranked4-files
=== PAUSE TestCheckedViewRanked4ArrayContracts/ranked4-files
=== RUN   TestCheckedViewRanked4ArrayContracts/ranked4-label-assign-from-array
=== PAUSE TestCheckedViewRanked4ArrayContracts/ranked4-label-assign-from-array
=== RUN   TestCheckedViewRanked4ArrayContracts/ranked4-label-assign-undefined
=== PAUSE TestCheckedViewRanked4ArrayContracts/ranked4-label-assign-undefined
=== RUN   TestCheckedViewRanked4ArrayContracts/ranked4-label-assign
=== PAUSE TestCheckedViewRanked4ArrayContracts/ranked4-label-assign
=== RUN   TestCheckedViewRanked4ArrayContracts/ranked4-label-push
=== PAUSE TestCheckedViewRanked4ArrayContracts/ranked4-label-push
=== RUN   TestCheckedViewRanked4ArrayContracts/ranked4-label-undefined
=== PAUSE TestCheckedViewRanked4ArrayContracts/ranked4-label-undefined
=== RUN   TestCheckedViewRanked4ArrayContracts/ranked4-label-wrong-element
=== PAUSE TestCheckedViewRanked4ArrayContracts/ranked4-label-wrong-element
=== RUN   TestCheckedViewRanked4ArrayContracts/ranked4-label
=== PAUSE TestCheckedViewRanked4ArrayContracts/ranked4-label
=== CONT  TestCheckedViewRanked4ArrayContracts/ranked4-case-lazy
=== CONT  TestCheckedViewRanked4ArrayContracts/ranked4-files
=== CONT  TestCheckedViewRanked4ArrayContracts/ranked4-comma-wrong-field
=== CONT  TestCheckedViewRanked4ArrayContracts/ranked4-files-join-wrong
=== CONT  TestCheckedViewRanked4ArrayContracts/ranked4-files-push-wrong
=== CONT  TestCheckedViewRanked4ArrayContracts/ranked4-files-assign
=== CONT  TestCheckedViewRanked4ArrayContracts/ranked4-comma
=== CONT  TestCheckedViewRanked4ArrayContracts/ranked4-chain-set-wrong
=== CONT  TestCheckedViewRanked4ArrayContracts/ranked4-comma-wrong-element
=== CONT  TestCheckedViewRanked4ArrayContracts/ranked4-comma-map
=== CONT  TestCheckedViewRanked4ArrayContracts/ranked4-comma-map-wrong
=== CONT  TestCheckedViewRanked4ArrayContracts/ranked4-chain
=== CONT  TestCheckedViewRanked4ArrayContracts/ranked4-chain-wrong-array
=== CONT  TestCheckedViewRanked4ArrayContracts/ranked4-chain-undefined
=== CONT  TestCheckedViewRanked4ArrayContracts/ranked4-chain-set
=== CONT  TestCheckedViewRanked4ArrayContracts/ranked4-chain-absent
=== CONT  TestCheckedViewRanked4ArrayContracts/ranked4-chain-push
=== CONT  TestCheckedViewRanked4ArrayContracts/ranked4-chain-push-wrong
=== CONT  TestCheckedViewRanked4ArrayContracts/ranked4-files-wrong-element
=== CONT  TestCheckedViewRanked4ArrayContracts/ranked4-chain-deep
=== CONT  TestCheckedViewRanked4ArrayContracts/ranked4-case-wrong-tag
=== CONT  TestCheckedViewRanked4ArrayContracts/ranked4-case
=== CONT  TestCheckedViewRanked4ArrayContracts/ranked4-label-push
=== CONT  TestCheckedViewRanked4ArrayContracts/ranked4-label
=== CONT  TestCheckedViewRanked4ArrayContracts/ranked4-label-wrong-element
=== CONT  TestCheckedViewRanked4ArrayContracts/ranked4-label-undefined
=== CONT  TestCheckedViewRanked4ArrayContracts/ranked4-case-wrong-array
=== CONT  TestCheckedViewRanked4ArrayContracts/ranked4-files-push
=== CONT  TestCheckedViewRanked4ArrayContracts/ranked4-label-assign-undefined
=== CONT  TestCheckedViewRanked4ArrayContracts/ranked4-label-assign
=== CONT  TestCheckedViewRanked4ArrayContracts/ranked4-case-nested
=== CONT  TestCheckedViewRanked4ArrayContracts/ranked4-label-assign-from-array
=== CONT  TestCheckedViewRanked4ArrayContracts/ranked4-files-set-wrong
--- PASS: TestCheckedViewRanked4ArrayContracts (0.00s)
    --- PASS: TestCheckedViewRanked4ArrayContracts/ranked4-files-join-wrong (0.89s)
    --- PASS: TestCheckedViewRanked4ArrayContracts/ranked4-comma-wrong-field (0.96s)
    --- PASS: TestCheckedViewRanked4ArrayContracts/ranked4-files-push-wrong (0.98s)
    --- PASS: TestCheckedViewRanked4ArrayContracts/ranked4-case-lazy (1.04s)
    --- PASS: TestCheckedViewRanked4ArrayContracts/ranked4-files (1.73s)
    --- PASS: TestCheckedViewRanked4ArrayContracts/ranked4-chain-set-wrong (0.92s)
    --- PASS: TestCheckedViewRanked4ArrayContracts/ranked4-files-assign (1.68s)
    --- PASS: TestCheckedViewRanked4ArrayContracts/ranked4-comma-wrong-element (1.55s)
    --- PASS: TestCheckedViewRanked4ArrayContracts/ranked4-comma (2.35s)
    --- PASS: TestCheckedViewRanked4ArrayContracts/ranked4-comma-map (1.80s)
    --- PASS: TestCheckedViewRanked4ArrayContracts/ranked4-comma-map-wrong (1.94s)
    --- PASS: TestCheckedViewRanked4ArrayContracts/ranked4-chain (1.42s)
    --- PASS: TestCheckedViewRanked4ArrayContracts/ranked4-chain-wrong-array (2.36s)
    --- PASS: TestCheckedViewRanked4ArrayContracts/ranked4-chain-undefined (1.87s)
    --- PASS: TestCheckedViewRanked4ArrayContracts/ranked4-chain-push (1.26s)
    --- PASS: TestCheckedViewRanked4ArrayContracts/ranked4-chain-absent (1.45s)
    --- PASS: TestCheckedViewRanked4ArrayContracts/ranked4-chain-set (1.77s)
    --- PASS: TestCheckedViewRanked4ArrayContracts/ranked4-chain-push-wrong (1.15s)
    --- PASS: TestCheckedViewRanked4ArrayContracts/ranked4-case-wrong-tag (1.11s)
    --- PASS: TestCheckedViewRanked4ArrayContracts/ranked4-files-wrong-element (1.22s)
    --- PASS: TestCheckedViewRanked4ArrayContracts/ranked4-chain-deep (1.27s)
    --- PASS: TestCheckedViewRanked4ArrayContracts/ranked4-case (1.45s)
    --- PASS: TestCheckedViewRanked4ArrayContracts/ranked4-label-wrong-element (1.13s)
    --- PASS: TestCheckedViewRanked4ArrayContracts/ranked4-case-wrong-array (1.00s)
    --- PASS: TestCheckedViewRanked4ArrayContracts/ranked4-label (1.37s)
    --- PASS: TestCheckedViewRanked4ArrayContracts/ranked4-label-undefined (1.26s)
    --- PASS: TestCheckedViewRanked4ArrayContracts/ranked4-label-push (1.86s)
    --- PASS: TestCheckedViewRanked4ArrayContracts/ranked4-files-push (1.49s)
    --- PASS: TestCheckedViewRanked4ArrayContracts/ranked4-case-nested (1.20s)
    --- PASS: TestCheckedViewRanked4ArrayContracts/ranked4-label-assign (1.30s)
    --- PASS: TestCheckedViewRanked4ArrayContracts/ranked4-label-assign-undefined (1.45s)
    --- PASS: TestCheckedViewRanked4ArrayContracts/ranked4-label-assign-from-array (1.47s)
    --- PASS: TestCheckedViewRanked4ArrayContracts/ranked4-files-set-wrong (0.62s)
PASS
gate cache: native hits=0 misses=0
gate cache: node hits=0 misses=66
gate cache: probe hits=0 misses=0
ok  	github.com/system-inc/adamic/internal/oracle	9.680s
