=================================================================
==272840==ERROR: AddressSanitizer: heap-use-after-free on address 0x7c19197e0020 at pc 0x5584a5e25c55 bp 0x7ffdd0bae1e0 sp 0x7ffdd0bae1d8
READ of size 8 at 0x7c19197e0020 thread T0
    #0 0x5584a5e25c54 in adamic_retain /home/agent/.cache/adamic/runtime/.build-1563042416/heap.c:221:28
    #1 0x5584a5e139e8 in adamic_unit_adamic_initialize_debug_a_5ab9a49c1f6dba0892a243293a566c25 /adamic-units/functions_0000.c:11:174
    #2 0x5584a5e13a7d in adamic_unit_adamic_initialize_debug_a_2b26dc3e56f3d977b07217ed8bd4f369 /adamic-units/functions_0000.c:18:2
    #3 0x5584a5e13a95 in main /adamic-units/main.c:5:2
    #4 0x7fb91a782ca7  (/lib/x86_64-linux-gnu/libc.so.6+0x29ca7) (BuildId: c495b62edadd6c356265942ec1282d98058a7b41)
    #5 0x7fb91a782d64 in __libc_start_main (/lib/x86_64-linux-gnu/libc.so.6+0x29d64) (BuildId: c495b62edadd6c356265942ec1282d98058a7b41)
    #6 0x5584a5d2d430 in _start (/tmp/outline-module-main/debug-full+0x4d430)

0x7c19197e0020 is located 0 bytes inside of 56-byte region [0x7c19197e0020,0x7c19197e0058)
freed by thread T0 here:
    #0 0x5584a5dcffa6 in free /home/runner/work/llvm-project/llvm-project/compiler-rt/lib/asan/asan_malloc_linux.cpp:51:3
    #1 0x5584a5e262bf in deallocate /home/agent/.cache/adamic/runtime/.build-1563042416/heap.c:212:3
    #2 0x5584a5e262bf in free_one /home/agent/.cache/adamic/runtime/.build-1563042416/heap.c:316:2
    #3 0x5584a5e262bf in release_last /home/agent/.cache/adamic/runtime/.build-1563042416/heap.c:329:3

previously allocated by thread T0 here:
    #0 0x5584a5dd0244 in malloc /home/runner/work/llvm-project/llvm-project/compiler-rt/lib/asan/asan_malloc_linux.cpp:67:3
    #1 0x5584a5e25b2f in adamic_allocate /home/agent/.cache/adamic/runtime/.build-1563042416/heap.c:196:10

SUMMARY: AddressSanitizer: heap-use-after-free /home/agent/.cache/adamic/runtime/.build-1563042416/heap.c:221:28 in adamic_retain
Shadow bytes around the buggy address:
  0x7c19197dfd80: 00 00 00 00 00 00 00 00 00 00 00 00 00 00 00 00
  0x7c19197dfe00: 00 00 00 00 00 00 00 00 00 00 00 00 00 00 00 00
  0x7c19197dfe80: 00 00 00 00 00 00 00 00 00 00 00 00 00 00 00 00
  0x7c19197dff00: 00 00 00 00 00 00 00 00 00 00 00 00 00 00 00 00
  0x7c19197dff80: 00 00 00 00 00 00 00 00 00 00 00 00 00 00 00 00
=>0x7c19197e0000: fa fa fa fa[fd]fd fd fd fd fd fd fa fa fa fa fa
  0x7c19197e0080: fa fa fa fa fa fa fa fa fa fa fa fa fa fa fa fa
  0x7c19197e0100: fa fa fa fa fa fa fa fa fa fa fa fa fa fa fa fa
  0x7c19197e0180: fa fa fa fa fa fa fa fa fa fa fa fa fa fa fa fa
  0x7c19197e0200: fa fa fa fa fa fa fa fa fa fa fa fa fa fa fa fa
  0x7c19197e0280: fa fa fa fa fa fa fa fa fa fa fa fa fa fa fa fa
Shadow byte legend (one shadow byte represents 8 application bytes):
  Addressable:           00
  Partially addressable: 01 02 03 04 05 06 07 
  Heap left redzone:       fa
  Freed heap region:       fd
  Stack left redzone:      f1
  Stack mid redzone:       f2
  Stack right redzone:     f3
  Stack after return:      f5
  Stack use after scope:   f8
  Global redzone:          f9
  Global init order:       f6
  Poisoned by user:        f7
  Container overflow:      fc
  Array cookie:            ac
  Intra object redzone:    bb
  ASan internal:           fe
  Left alloca redzone:     ca
  Right alloca redzone:    cb
==272840==ABORTING
