=== RUN   TestV4UnrelatedArrayFieldWrite
=== PAUSE TestV4UnrelatedArrayFieldWrite
=== RUN   TestNativeAgreesWithNode
=== PAUSE TestNativeAgreesWithNode
=== CONT  TestV4UnrelatedArrayFieldWrite
=== CONT  TestNativeAgreesWithNode
=== RUN   TestNativeAgreesWithNode/internal/oracle/testdata/user_iterators.a
=== PAUSE TestNativeAgreesWithNode/internal/oracle/testdata/user_iterators.a
=== CONT  TestNativeAgreesWithNode/internal/oracle/testdata/user_iterators.a
=== NAME  TestV4UnrelatedArrayFieldWrite
    checked_views_v4_unrelated_array_test.go:14: gate cache node hit
=== NAME  TestNativeAgreesWithNode/internal/oracle/testdata/user_iterators.a
    oracle_test.go:753: gate cache node miss
=== NAME  TestV4UnrelatedArrayFieldWrite
    checked_views_v4_unrelated_array_test.go:14: gate cache node hit
    checked_views_v4_unrelated_array_test.go:14: guard mutant admitted in sanitized: exit 0 output "3\n2\ntrue\n"
    checked_views_v4_unrelated_array_test.go:14: guard mutant admitted in javascript: exit 0 output "3\n2\ntrue\n"
    checked_views_v4_unrelated_array_test.go:14: guard mutant admitted in native: exit 0 output "3\n2\ntrue\n"
--- PASS: TestV4UnrelatedArrayFieldWrite (0.47s)
=== NAME  TestNativeAgreesWithNode/internal/oracle/testdata/user_iterators.a
    oracle_test.go:753: gate cache node miss
    oracle_test.go:596: gate cache native miss
    oracle_test.go:589: gate cache native miss
    oracle_test.go:758: the release build: exit codes differ
        sanitized: exit 1, stdout "", stderr "/home/agent/.cache/adamic/runtime/688bf82bd5fe2b99cb22a7f9db34e5f73e9279b7e70d7fce330b3ae045df77b1/adamic.h:398:30: runtime error: member access within null pointer of type 'const adamic_object' (aka 'const struct adamic_object')\nSUMMARY: UndefinedBehaviorSanitizer: undefined-behavior /home/agent/.cache/adamic/runtime/688bf82bd5fe2b99cb22a7f9db34e5f73e9279b7e70d7fce330b3ae045df77b1/adamic.h:398:30 \n"
        release:   exit -1, stdout "", stderr ""
    oracle_test.go:774: exit codes differ
        node:   exit 0, stdout "normal:open\nnormal:next:0\n0\nnormal:next:1\n1\nnormal:next:2\n2\nnormal:next:3\nempty:open\nempty:next:0\nbreak:open\nbreak:next:0\n0\nbreak:return\ncontinue:open\ncontinue:next:0\n0\ncontinue:next:1\ncontinue:next:2\n2\ncontinue:next:3\nreturn:open\nreturn:next:0\nreturn:return\n10\nthrow:open\nthrow:next:0\nthrow:return\nbody:0\nclose-break:open\nclose-break:next:0\n0\nclose-break:return\nclose failed\nclose-throw:open\nclose-throw:next:0\nclose-throw:return\noriginal:0\nnext-throw:open\nnext-throw:next:0\nnext failed\nspread:open\nspread:next:0\nspread:next:1\nspread:next:2\nspread:next:3\n0,1,2\nmixed-spread:open\nmixed-spread:next:0\nmixed-spread:next:1\nmixed-spread:next:2\nsecond-spread:open\nsecond-spread:next:0\nsecond-spread:next:1\n9,0,1,8,0\nfrom:open\nfrom:next:0\nfrom:next:1\nfrom:next:2\n0,1\nmapped:open\nmapped:next:0\nmap:0:0\nmapped:next:1\nmap:1:1\nmapped:next:2\nmap:2:2\nmapped:next:3\n0,2,4\nmap-throw:open\nmap-throw:next:0\nmap-throw:return\nmapper:0\nobject:0\n0\nobject:return\nobject:0\nobject:1\nobject:2\n0,1\nobject:0\n0\nobject:return\ntrue\ndestructure:open\ndestructure:next:0\ndestructure:next:1\ndestructure:return\n0:1\nexhausted:open\nexhausted:next:0\n20:30\nhole:open\nhole:next:0\nhole:next:1\nhole:return\n1\nrest:open\nrest:next:0\nrest:next:1\nrest:next:2\nrest:next:3\n0:1,2\nempty-pattern:open\nempty-pattern:return\ndefault-order:open\ndefault-order:next:0\n100\nfactory-iterator:next:0\n0\nfactory-iterator:next:1\n1\nfactory-iterator:next:2\nexplicit-factory:open\nexplicit-factory:next:0\nexplicit-factory:next:1\n0\ncaptures:open\ncaptures:next:0\ncaptures:next:1\ncaptures:next:2\ncaptures:next:3\n0\n1\n2\nreturn-expression:open\nreturn-expression:next:0\nreturn-expression:return\nexpression:0\nclose-return:open\nclose-return:next:0\nclose-return:return\nclose failed\nouter:open\nouter:next:0\ninner0:open\ninner0:next:0\n0\ninner0:return\nouter:next:1\ninner1:open\ninner1:next:0\n0\ninner1:return\nouter:next:2\n,1,2\n40:1:2\n70\nbuilt-0,built-1,built-2\nbuilt-0\nstrings:return\nfallback\nno-close:0\nmaybe:return\ndefault failed\nthrow-object:next\nthrow-object:return\nobject original:5\nthrow-object:next\n5\nthrow-object:return\nobject close\nthrow-object:next\nobject next\nfinally-continue:open\nfinally-continue:next:0\nfinally-continue:next:1\nfinally-continue:next:2\n0\narrow:return\n0,1\narrow-factory:next:0\n0\narrow-factory:next:1\n1\narrow-factory:next:2\narrow-factory:next:0\narrow-factory:next:1\narrow-factory:next:2\n0,1\n10\ngeneric:return\na,b\ntrue,false\nboolean:return\ntrue\nitem-2\ngeneric:return\n0:pair-0\npairs:return\n", stderr ""
        native: exit 1, stdout "", stderr "/home/agent/.cache/adamic/runtime/688bf82bd5fe2b99cb22a7f9db34e5f73e9279b7e70d7fce330b3ae045df77b1/adamic.h:398:30: runtime error: member access within null pointer of type 'const adamic_object' (aka 'const struct adamic_object')\nSUMMARY: UndefinedBehaviorSanitizer: undefined-behavior /home/agent/.cache/adamic/runtime/688bf82bd5fe2b99cb22a7f9db34e5f73e9279b7e70d7fce330b3ae045df77b1/adamic.h:398:30 \n"
    oracle_test.go:603: gate cache native hit
--- FAIL: TestNativeAgreesWithNode (0.04s)
    --- FAIL: TestNativeAgreesWithNode/internal/oracle/testdata/user_iterators.a (5.33s)
FAIL
gate cache: native hits=1 misses=2
gate cache: node hits=2 misses=2
gate cache: probe hits=0 misses=0
FAIL	github.com/system-inc/adamic/internal/oracle	5.399s
FAIL
