1/82 /tmp/adamic-gate/stage3-meter.CjYpiQ/area-adapted/src/compiler/_namespaces/ts.moduleSpecifiers.ts checker 1.867s
2/82 /tmp/adamic-gate/stage3-meter.CjYpiQ/area-adapted/src/compiler/_namespaces/ts.performance.ts checker 1.826s
3/82 /tmp/adamic-gate/stage3-meter.CjYpiQ/area-adapted/src/compiler/_namespaces/ts.ts checker 1.803s
4/82 /tmp/adamic-gate/stage3-meter.CjYpiQ/area-adapted/src/compiler/binder.ts checker 1.876s
5/82 /tmp/adamic-gate/stage3-meter.CjYpiQ/area-adapted/src/compiler/builder.ts checker 1.792s
6/82 /tmp/adamic-gate/stage3-meter.CjYpiQ/area-adapted/src/compiler/builderPublic.ts checker 1.819s
7/82 /tmp/adamic-gate/stage3-meter.CjYpiQ/area-adapted/src/compiler/builderState.ts checker 1.833s
8/82 /tmp/adamic-gate/stage3-meter.CjYpiQ/area-adapted/src/compiler/builderStatePublic.ts checker 1.927s
9/82 /tmp/adamic-gate/stage3-meter.CjYpiQ/area-adapted/src/compiler/checker.ts checker 1.949s
10/82 /tmp/adamic-gate/stage3-meter.CjYpiQ/area-adapted/src/compiler/commandLineParser.ts checker 1.776s
11/82 /tmp/adamic-gate/stage3-meter.CjYpiQ/area-adapted/src/compiler/core.ts checker 1.819s
12/82 /tmp/adamic-gate/stage3-meter.CjYpiQ/area-adapted/src/compiler/corePublic.ts checker 0.021s
13/82 /tmp/adamic-gate/stage3-meter.CjYpiQ/area-adapted/src/compiler/debug.ts checker 1.880s
14/82 /tmp/adamic-gate/stage3-meter.CjYpiQ/area-adapted/src/compiler/diagnosticInformationMap.generated.ts checker 1.837s
15/82 /tmp/adamic-gate/stage3-meter.CjYpiQ/area-adapted/src/compiler/diagnosticMessages.generated.json error 0.000s
16/82 /tmp/adamic-gate/stage3-meter.CjYpiQ/area-adapted/src/compiler/diagnosticMessages.json error 0.000s
17/82 /tmp/adamic-gate/stage3-meter.CjYpiQ/area-adapted/src/compiler/emitter.ts checker 2.218s
18/82 /tmp/adamic-gate/stage3-meter.CjYpiQ/area-adapted/src/compiler/executeCommandLine.ts checker 2.073s
19/82 /tmp/adamic-gate/stage3-meter.CjYpiQ/area-adapted/src/compiler/expressionToTypeNode.ts checker 2.047s
20/82 /tmp/adamic-gate/stage3-meter.CjYpiQ/area-adapted/src/compiler/factory/baseNodeFactory.ts checker 1.847s
21/82 /tmp/adamic-gate/stage3-meter.CjYpiQ/area-adapted/src/compiler/factory/emitHelpers.ts checker 1.926s
22/82 /tmp/adamic-gate/stage3-meter.CjYpiQ/area-adapted/src/compiler/factory/emitNode.ts checker 2.822s
23/82 /tmp/adamic-gate/stage3-meter.CjYpiQ/area-adapted/src/compiler/factory/nodeChildren.ts checker 2.017s
24/82 /tmp/adamic-gate/stage3-meter.CjYpiQ/area-adapted/src/compiler/factory/nodeConverters.ts checker 1.819s
25/82 /tmp/adamic-gate/stage3-meter.CjYpiQ/area-adapted/src/compiler/factory/nodeFactory.ts checker 1.825s
26/82 /tmp/adamic-gate/stage3-meter.CjYpiQ/area-adapted/src/compiler/factory/nodeTests.ts checker 1.944s
27/82 /tmp/adamic-gate/stage3-meter.CjYpiQ/area-adapted/src/compiler/factory/parenthesizerRules.ts checker 1.958s
28/82 /tmp/adamic-gate/stage3-meter.CjYpiQ/area-adapted/src/compiler/factory/utilities.ts checker 1.902s
29/82 /tmp/adamic-gate/stage3-meter.CjYpiQ/area-adapted/src/compiler/factory/utilitiesPublic.ts checker 1.841s
30/82 /tmp/adamic-gate/stage3-meter.CjYpiQ/area-adapted/src/compiler/hostErrors.ts Refused 0.022s
31/82 /tmp/adamic-gate/stage3-meter.CjYpiQ/area-adapted/src/compiler/moduleNameResolver.ts checker 1.815s
32/82 /tmp/adamic-gate/stage3-meter.CjYpiQ/area-adapted/src/compiler/moduleSpecifiers.ts checker 1.795s
33/82 /tmp/adamic-gate/stage3-meter.CjYpiQ/area-adapted/src/compiler/parser.ts checker 1.879s
34/82 /tmp/adamic-gate/stage3-meter.CjYpiQ/area-adapted/src/compiler/path.ts checker 1.910s
35/82 /tmp/adamic-gate/stage3-meter.CjYpiQ/area-adapted/src/compiler/performance.ts checker 1.823s
36/82 /tmp/adamic-gate/stage3-meter.CjYpiQ/area-adapted/src/compiler/performanceCore.ts checker 1.865s
37/82 /tmp/adamic-gate/stage3-meter.CjYpiQ/area-adapted/src/compiler/program.ts checker 1.857s
38/82 /tmp/adamic-gate/stage3-meter.CjYpiQ/area-adapted/src/compiler/programDiagnostics.ts checker 1.791s
39/82 /tmp/adamic-gate/stage3-meter.CjYpiQ/area-adapted/src/compiler/resolutionCache.ts checker 1.829s
40/82 /tmp/adamic-gate/stage3-meter.CjYpiQ/area-adapted/src/compiler/scanner.ts checker 1.839s
41/82 /tmp/adamic-gate/stage3-meter.CjYpiQ/area-adapted/src/compiler/semver.ts checker 1.923s
42/82 /tmp/adamic-gate/stage3-meter.CjYpiQ/area-adapted/src/compiler/sourcemap.ts checker 1.849s
43/82 /tmp/adamic-gate/stage3-meter.CjYpiQ/area-adapted/src/compiler/symbolWalker.ts checker 1.810s
44/82 /tmp/adamic-gate/stage3-meter.CjYpiQ/area-adapted/src/compiler/sys.ts checker 1.776s
45/82 /tmp/adamic-gate/stage3-meter.CjYpiQ/area-adapted/src/compiler/tracing.ts checker 1.871s
46/82 /tmp/adamic-gate/stage3-meter.CjYpiQ/area-adapted/src/compiler/transformer.ts checker 1.816s
47/82 /tmp/adamic-gate/stage3-meter.CjYpiQ/area-adapted/src/compiler/transformers/classFields.ts checker 1.827s
48/82 /tmp/adamic-gate/stage3-meter.CjYpiQ/area-adapted/src/compiler/transformers/classThis.ts checker 1.918s
49/82 /tmp/adamic-gate/stage3-meter.CjYpiQ/area-adapted/src/compiler/transformers/declarations.ts checker 1.922s
50/82 /tmp/adamic-gate/stage3-meter.CjYpiQ/area-adapted/src/compiler/transformers/declarations/diagnostics.ts checker 2.107s
51/82 /tmp/adamic-gate/stage3-meter.CjYpiQ/area-adapted/src/compiler/transformers/destructuring.ts checker 1.998s
52/82 /tmp/adamic-gate/stage3-meter.CjYpiQ/area-adapted/src/compiler/transformers/es2015.ts checker 2.124s
53/82 /tmp/adamic-gate/stage3-meter.CjYpiQ/area-adapted/src/compiler/transformers/es2016.ts checker 2.165s
54/82 /tmp/adamic-gate/stage3-meter.CjYpiQ/area-adapted/src/compiler/transformers/es2017.ts checker 1.909s
55/82 /tmp/adamic-gate/stage3-meter.CjYpiQ/area-adapted/src/compiler/transformers/es2018.ts checker 1.943s
56/82 /tmp/adamic-gate/stage3-meter.CjYpiQ/area-adapted/src/compiler/transformers/es2019.ts checker 1.838s
57/82 /tmp/adamic-gate/stage3-meter.CjYpiQ/area-adapted/src/compiler/transformers/es2020.ts checker 1.766s
58/82 /tmp/adamic-gate/stage3-meter.CjYpiQ/area-adapted/src/compiler/transformers/es2021.ts checker 1.812s
59/82 /tmp/adamic-gate/stage3-meter.CjYpiQ/area-adapted/src/compiler/transformers/esDecorators.ts checker 1.869s
60/82 /tmp/adamic-gate/stage3-meter.CjYpiQ/area-adapted/src/compiler/transformers/esnext.ts checker 2.035s
61/82 /tmp/adamic-gate/stage3-meter.CjYpiQ/area-adapted/src/compiler/transformers/generators.ts checker 1.877s
62/82 /tmp/adamic-gate/stage3-meter.CjYpiQ/area-adapted/src/compiler/transformers/jsx.ts checker 2.020s
63/82 /tmp/adamic-gate/stage3-meter.CjYpiQ/area-adapted/src/compiler/transformers/legacyDecorators.ts checker 1.905s
64/82 /tmp/adamic-gate/stage3-meter.CjYpiQ/area-adapted/src/compiler/transformers/module/esnextAnd2015.ts checker 1.980s
65/82 /tmp/adamic-gate/stage3-meter.CjYpiQ/area-adapted/src/compiler/transformers/module/impliedNodeFormatDependent.ts checker 2.095s
66/82 /tmp/adamic-gate/stage3-meter.CjYpiQ/area-adapted/src/compiler/transformers/module/module.ts checker 2.024s
67/82 /tmp/adamic-gate/stage3-meter.CjYpiQ/area-adapted/src/compiler/transformers/module/system.ts checker 1.901s
68/82 /tmp/adamic-gate/stage3-meter.CjYpiQ/area-adapted/src/compiler/transformers/namedEvaluation.ts checker 1.906s
69/82 /tmp/adamic-gate/stage3-meter.CjYpiQ/area-adapted/src/compiler/transformers/taggedTemplate.ts checker 1.863s
70/82 /tmp/adamic-gate/stage3-meter.CjYpiQ/area-adapted/src/compiler/transformers/ts.ts checker 1.944s
71/82 /tmp/adamic-gate/stage3-meter.CjYpiQ/area-adapted/src/compiler/transformers/typeSerializer.ts checker 1.879s
72/82 /tmp/adamic-gate/stage3-meter.CjYpiQ/area-adapted/src/compiler/transformers/utilities.ts checker 1.835s
73/82 /tmp/adamic-gate/stage3-meter.CjYpiQ/area-adapted/src/compiler/tsbuild.ts checker 1.894s
74/82 /tmp/adamic-gate/stage3-meter.CjYpiQ/area-adapted/src/compiler/tsbuildPublic.ts checker 1.938s
75/82 /tmp/adamic-gate/stage3-meter.CjYpiQ/area-adapted/src/compiler/tsconfig.json error 0.000s
76/82 /tmp/adamic-gate/stage3-meter.CjYpiQ/area-adapted/src/compiler/types.ts checker 1.938s
77/82 /tmp/adamic-gate/stage3-meter.CjYpiQ/area-adapted/src/compiler/utilities.ts checker 1.965s
78/82 /tmp/adamic-gate/stage3-meter.CjYpiQ/area-adapted/src/compiler/utilitiesPublic.ts checker 1.847s
79/82 /tmp/adamic-gate/stage3-meter.CjYpiQ/area-adapted/src/compiler/visitorPublic.ts checker 1.959s
80/82 /tmp/adamic-gate/stage3-meter.CjYpiQ/area-adapted/src/compiler/watch.ts checker 2.005s
81/82 /tmp/adamic-gate/stage3-meter.CjYpiQ/area-adapted/src/compiler/watchPublic.ts checker 1.894s
82/82 /tmp/adamic-gate/stage3-meter.CjYpiQ/area-adapted/src/compiler/watchUtilities.ts checker 2.034s
whole program: 79 roots checker 1.978s
