{"Time":"2026-10-09T10:04:30.367396656Z","Action":"start","Package":"github.com/system-inc/adamic/internal/oracle"}
{"Time":"2026-10-09T10:04:30.377035053Z","Action":"run","Package":"github.com/system-inc/adamic/internal/oracle","Test":"TestNativeAgreesWithNode"}
{"Time":"2026-10-09T10:04:30.377124075Z","Action":"output","Package":"github.com/system-inc/adamic/internal/oracle","Test":"TestNativeAgreesWithNode","Output":"=== RUN   TestNativeAgreesWithNode\n","OutputType":"frame"}
{"Time":"2026-10-09T10:04:30.377157123Z","Action":"output","Package":"github.com/system-inc/adamic/internal/oracle","Test":"TestNativeAgreesWithNode","Output":"=== PAUSE TestNativeAgreesWithNode\n","OutputType":"frame"}
{"Time":"2026-10-09T10:04:30.377159277Z","Action":"pause","Package":"github.com/system-inc/adamic/internal/oracle","Test":"TestNativeAgreesWithNode"}
{"Time":"2026-10-09T10:04:30.37716163Z","Action":"cont","Package":"github.com/system-inc/adamic/internal/oracle","Test":"TestNativeAgreesWithNode"}
{"Time":"2026-10-09T10:04:30.377163212Z","Action":"output","Package":"github.com/system-inc/adamic/internal/oracle","Test":"TestNativeAgreesWithNode","Output":"=== CONT  TestNativeAgreesWithNode\n","OutputType":"frame"}
{"Time":"2026-10-09T10:04:30.392375862Z","Action":"run","Package":"github.com/system-inc/adamic/internal/oracle","Test":"TestNativeAgreesWithNode/internal/oracle/testdata/hidden_boundary_generic_tnode_constraints.a"}
{"Time":"2026-10-09T10:04:30.392427669Z","Action":"output","Package":"github.com/system-inc/adamic/internal/oracle","Test":"TestNativeAgreesWithNode/internal/oracle/testdata/hidden_boundary_generic_tnode_constraints.a","Output":"=== RUN   TestNativeAgreesWithNode/internal/oracle/testdata/hidden_boundary_generic_tnode_constraints.a\n","OutputType":"frame"}
{"Time":"2026-10-09T10:04:30.392445685Z","Action":"output","Package":"github.com/system-inc/adamic/internal/oracle","Test":"TestNativeAgreesWithNode/internal/oracle/testdata/hidden_boundary_generic_tnode_constraints.a","Output":"=== PAUSE TestNativeAgreesWithNode/internal/oracle/testdata/hidden_boundary_generic_tnode_constraints.a\n","OutputType":"frame"}
{"Time":"2026-10-09T10:04:30.392449831Z","Action":"pause","Package":"github.com/system-inc/adamic/internal/oracle","Test":"TestNativeAgreesWithNode/internal/oracle/testdata/hidden_boundary_generic_tnode_constraints.a"}
{"Time":"2026-10-09T10:04:30.398892698Z","Action":"run","Package":"github.com/system-inc/adamic/internal/oracle","Test":"TestNativeAgreesWithNode/internal/oracle/testdata/representation_clock_source.a"}
{"Time":"2026-10-09T10:04:30.398914761Z","Action":"output","Package":"github.com/system-inc/adamic/internal/oracle","Test":"TestNativeAgreesWithNode/internal/oracle/testdata/representation_clock_source.a","Output":"=== RUN   TestNativeAgreesWithNode/internal/oracle/testdata/representation_clock_source.a\n","OutputType":"frame"}
{"Time":"2026-10-09T10:04:30.398925547Z","Action":"output","Package":"github.com/system-inc/adamic/internal/oracle","Test":"TestNativeAgreesWithNode/internal/oracle/testdata/representation_clock_source.a","Output":"=== PAUSE TestNativeAgreesWithNode/internal/oracle/testdata/representation_clock_source.a\n","OutputType":"frame"}
{"Time":"2026-10-09T10:04:30.398928611Z","Action":"pause","Package":"github.com/system-inc/adamic/internal/oracle","Test":"TestNativeAgreesWithNode/internal/oracle/testdata/representation_clock_source.a"}
{"Time":"2026-10-09T10:04:30.400083026Z","Action":"cont","Package":"github.com/system-inc/adamic/internal/oracle","Test":"TestNativeAgreesWithNode/internal/oracle/testdata/hidden_boundary_generic_tnode_constraints.a"}
{"Time":"2026-10-09T10:04:30.400094563Z","Action":"output","Package":"github.com/system-inc/adamic/internal/oracle","Test":"TestNativeAgreesWithNode/internal/oracle/testdata/hidden_boundary_generic_tnode_constraints.a","Output":"=== CONT  TestNativeAgreesWithNode/internal/oracle/testdata/hidden_boundary_generic_tnode_constraints.a\n","OutputType":"frame"}
{"Time":"2026-10-09T10:04:30.400228561Z","Action":"cont","Package":"github.com/system-inc/adamic/internal/oracle","Test":"TestNativeAgreesWithNode/internal/oracle/testdata/representation_clock_source.a"}
{"Time":"2026-10-09T10:04:30.400245857Z","Action":"output","Package":"github.com/system-inc/adamic/internal/oracle","Test":"TestNativeAgreesWithNode/internal/oracle/testdata/representation_clock_source.a","Output":"=== CONT  TestNativeAgreesWithNode/internal/oracle/testdata/representation_clock_source.a\n","OutputType":"frame"}
{"Time":"2026-10-09T10:04:30.845557728Z","Action":"output","Package":"github.com/system-inc/adamic/internal/oracle","Test":"TestNativeAgreesWithNode/internal/oracle/testdata/representation_clock_source.a","Output":"--- PASS: TestNativeAgreesWithNode/internal/oracle/testdata/representation_clock_source.a (0.45s)\n","OutputType":"frame"}
{"Time":"2026-10-09T10:04:30.846755387Z","Action":"pass","Package":"github.com/system-inc/adamic/internal/oracle","Test":"TestNativeAgreesWithNode/internal/oracle/testdata/representation_clock_source.a","Elapsed":0.45}
{"Time":"2026-10-09T10:04:30.846792602Z","Action":"output","Package":"github.com/system-inc/adamic/internal/oracle","Test":"TestNativeAgreesWithNode/internal/oracle/testdata/hidden_boundary_generic_tnode_constraints.a","Output":"--- PASS: TestNativeAgreesWithNode/internal/oracle/testdata/hidden_boundary_generic_tnode_constraints.a (0.45s)\n","OutputType":"frame"}
{"Time":"2026-10-09T10:04:30.846799793Z","Action":"pass","Package":"github.com/system-inc/adamic/internal/oracle","Test":"TestNativeAgreesWithNode/internal/oracle/testdata/hidden_boundary_generic_tnode_constraints.a","Elapsed":0.45}
{"Time":"2026-10-09T10:04:30.846806072Z","Action":"output","Package":"github.com/system-inc/adamic/internal/oracle","Test":"TestNativeAgreesWithNode","Output":"--- PASS: TestNativeAgreesWithNode (0.02s)\n","OutputType":"frame"}
{"Time":"2026-10-09T10:04:30.846815416Z","Action":"pass","Package":"github.com/system-inc/adamic/internal/oracle","Test":"TestNativeAgreesWithNode","Elapsed":0.02}
{"Time":"2026-10-09T10:04:30.846819001Z","Action":"output","Package":"github.com/system-inc/adamic/internal/oracle","Output":"PASS\n","OutputType":"frame"}
{"Time":"2026-10-09T10:04:30.846822176Z","Action":"output","Package":"github.com/system-inc/adamic/internal/oracle","Output":"gate cache: native hits=0 misses=6\n"}
{"Time":"2026-10-09T10:04:30.846825511Z","Action":"output","Package":"github.com/system-inc/adamic/internal/oracle","Output":"gate cache: node hits=0 misses=4\n"}
{"Time":"2026-10-09T10:04:30.846828375Z","Action":"output","Package":"github.com/system-inc/adamic/internal/oracle","Output":"gate cache: probe hits=0 misses=0\n"}
{"Time":"2026-10-09T10:04:30.848271146Z","Action":"output","Package":"github.com/system-inc/adamic/internal/oracle","Output":"ok  \tgithub.com/system-inc/adamic/internal/oracle\t0.480s\n"}
{"Time":"2026-10-09T10:04:30.848318696Z","Action":"pass","Package":"github.com/system-inc/adamic/internal/oracle","Elapsed":0.481}
