=== RUN   TestNativeAgreesWithNode
=== PAUSE TestNativeAgreesWithNode
=== CONT  TestNativeAgreesWithNode
=== RUN   TestNativeAgreesWithNode/internal/oracle/testdata/library_error_probe.a
=== PAUSE TestNativeAgreesWithNode/internal/oracle/testdata/library_error_probe.a
=== CONT  TestNativeAgreesWithNode/internal/oracle/testdata/library_error_probe.a
    oracle_test.go:759: stdout differs
        node:   exit 0, stdout "captureStackTrace available\nfunction\ntrue\n", stderr ""
        native: exit 0, stdout "captureStackTrace available\nfunction\nfalse\n", stderr ""
    oracle_test.go:765: JavaScript backend: stdout differs
        node:    exit 0, stdout "captureStackTrace available\nfunction\ntrue\n", stderr ""
        backend: exit 0, stdout "captureStackTrace available\nfunction\nfalse\n", stderr ""
--- FAIL: TestNativeAgreesWithNode (0.19s)
    --- FAIL: TestNativeAgreesWithNode/internal/oracle/testdata/library_error_probe.a (4.70s)
FAIL
gate cache: native hits=0 misses=3
gate cache: node hits=0 misses=2
gate cache: probe hits=0 misses=0
FAIL	github.com/system-inc/adamic/internal/oracle	4.970s
FAIL
