=== RUN   TestInheritanceRefusesFalseNominalViews
=== PAUSE TestInheritanceRefusesFalseNominalViews
=== RUN   TestInheritanceGenericViewsKeepNominalArguments
=== PAUSE TestInheritanceGenericViewsKeepNominalArguments
=== RUN   TestEnumSlotViews
=== PAUSE TestEnumSlotViews
=== RUN   TestFunctionValueUnionViewsStayNotYet
=== PAUSE TestFunctionValueUnionViewsStayNotYet
=== RUN   TestIteratorViewsCannotHideReturn
=== PAUSE TestIteratorViewsCannotHideReturn
=== RUN   TestIteratorViewsCannotEraseReceivers
=== PAUSE TestIteratorViewsCannotEraseReceivers
=== RUN   TestLiteralMethodViewsDoNotLoseThis
=== PAUSE TestLiteralMethodViewsDoNotLoseThis
=== RUN   TestLiteralMethodSignatureViewsDoNotLoseThis
=== PAUSE TestLiteralMethodSignatureViewsDoNotLoseThis
=== RUN   TestGenericIteratorViewsPreserveNativeArguments
=== PAUSE TestGenericIteratorViewsPreserveNativeArguments
=== RUN   TestAViewThatCantWriteIsNotRefused
=== PAUSE TestAViewThatCantWriteIsNotRefused
=== RUN   TestPrototypeHazardsBehindObjectViewsAreNotYet
=== PAUSE TestPrototypeHazardsBehindObjectViewsAreNotYet
=== RUN   TestScalarUnionViewMaybeNumber
=== PAUSE TestScalarUnionViewMaybeNumber
=== RUN   TestScalarUnionViewMaybeBoolean
=== PAUSE TestScalarUnionViewMaybeBoolean
=== RUN   TestScalarUnionViewMaybeString
=== PAUSE TestScalarUnionViewMaybeString
=== RUN   TestScalarUnionViewMaybeNumberTransitions
=== PAUSE TestScalarUnionViewMaybeNumberTransitions
=== RUN   TestScalarUnionViewMaybeBooleanTransitions
=== PAUSE TestScalarUnionViewMaybeBooleanTransitions
=== RUN   TestTupleRecognitionRejectsArrayObjectView
=== PAUSE TestTupleRecognitionRejectsArrayObjectView
=== RUN   TestTypedArrayViewsCannotChangeRepresentation
=== PAUSE TestTypedArrayViewsCannotChangeRepresentation
=== RUN   TestViewDiagnosticP17
=== PAUSE TestViewDiagnosticP17
=== RUN   TestViewDiagnosticP48
=== PAUSE TestViewDiagnosticP48
=== RUN   TestViewDiagnosticP64
=== PAUSE TestViewDiagnosticP64
=== RUN   TestViewStringElementReadControl
=== PAUSE TestViewStringElementReadControl
=== RUN   TestViewLiteralTypedElementReadControl
=== PAUSE TestViewLiteralTypedElementReadControl
=== RUN   TestViewElementFixAgreesWithNode
=== PAUSE TestViewElementFixAgreesWithNode
=== RUN   TestViewElementP05CorrectControl
=== PAUSE TestViewElementP05CorrectControl
=== RUN   TestViewElementP06CorrectControl
=== PAUSE TestViewElementP06CorrectControl
=== RUN   TestViewElementP01CorrectControl
=== PAUSE TestViewElementP01CorrectControl
=== RUN   TestViewElementP07CorrectControl
=== PAUSE TestViewElementP07CorrectControl
=== RUN   TestViewElementDestructuredControl
=== PAUSE TestViewElementDestructuredControl
=== RUN   TestViewElementDestructuredUnionControl
=== PAUSE TestViewElementDestructuredUnionControl
=== RUN   TestViewSpreadControl
=== PAUSE TestViewSpreadControl
=== RUN   TestViewSpreadMethodRefused
=== PAUSE TestViewSpreadMethodRefused
=== RUN   TestViewInControl
=== PAUSE TestViewInControl
=== RUN   TestViewKeysControl
=== PAUSE TestViewKeysControl
=== RUN   TestViewKeysAliasControl
=== PAUSE TestViewKeysAliasControl
=== RUN   TestViewValuesControl
=== PAUSE TestViewValuesControl
=== RUN   TestViewEntriesControl
=== PAUSE TestViewEntriesControl
=== RUN   TestViewElementP19Control
=== PAUSE TestViewElementP19Control
=== RUN   TestViewElementP72Control
=== PAUSE TestViewElementP72Control
=== RUN   TestViewElementP19StringControl
=== PAUSE TestViewElementP19StringControl
=== RUN   TestViewElementP72NumberControl
=== PAUSE TestViewElementP72NumberControl
=== RUN   TestViewInEmptyKeyControl
=== PAUSE TestViewInEmptyKeyControl
=== RUN   TestViewObjectContractsAreAvailableToEraser
=== PAUSE TestViewObjectContractsAreAvailableToEraser
=== RUN   TestViewObjectWritesNeedSourceCertificate
=== PAUSE TestViewObjectWritesNeedSourceCertificate
=== RUN   TestTupleObjectViewRefused
=== PAUSE TestTupleObjectViewRefused
=== RUN   TestTupleObjectViewCopiedLength
=== PAUSE TestTupleObjectViewCopiedLength
=== RUN   TestTupleObjectViewOrdinaryTuple
=== PAUSE TestTupleObjectViewOrdinaryTuple
=== RUN   TestMixedUnionContractGraph
=== PAUSE TestMixedUnionContractGraph
=== RUN   TestMixedUnionContractFailureDoesNotCertifyRetry
=== PAUSE TestMixedUnionContractFailureDoesNotCertifyRetry
=== RUN   TestMixedUnionContractUnknownMemberFails
=== PAUSE TestMixedUnionContractUnknownMemberFails
=== RUN   TestMixedUnionContractRecursiveMember
=== PAUSE TestMixedUnionContractRecursiveMember
=== RUN   TestMixedUnionContractPhantomBrandUsesPrimitiveBase
=== PAUSE TestMixedUnionContractPhantomBrandUsesPrimitiveBase
=== RUN   TestMixedUnionContractPhantomVoidIsUndefined
=== PAUSE TestMixedUnionContractPhantomVoidIsUndefined
=== RUN   TestUntaggedViewMemberTags
=== PAUSE TestUntaggedViewMemberTags
=== RUN   TestUntaggedViewStructuralFallback
=== PAUSE TestUntaggedViewStructuralFallback
=== CONT  TestInheritanceRefusesFalseNominalViews
=== RUN   TestInheritanceRefusesFalseNominalViews/weak_structural
=== PAUSE TestInheritanceRefusesFalseNominalViews/weak_structural
=== RUN   TestInheritanceRefusesFalseNominalViews/source_union
=== PAUSE TestInheritanceRefusesFalseNominalViews/source_union
=== RUN   TestInheritanceRefusesFalseNominalViews/target_union
=== PAUSE TestInheritanceRefusesFalseNominalViews/target_union
=== RUN   TestInheritanceRefusesFalseNominalViews/nested_array
=== PAUSE TestInheritanceRefusesFalseNominalViews/nested_array
=== RUN   TestInheritanceRefusesFalseNominalViews/unrelated_override
=== PAUSE TestInheritanceRefusesFalseNominalViews/unrelated_override
=== RUN   TestInheritanceRefusesFalseNominalViews/structural_object
=== PAUSE TestInheritanceRefusesFalseNominalViews/structural_object
=== RUN   TestInheritanceRefusesFalseNominalViews/unrelated_class
=== PAUSE TestInheritanceRefusesFalseNominalViews/unrelated_class
=== CONT  TestInheritanceRefusesFalseNominalViews/weak_structural
=== CONT  TestViewElementP06CorrectControl
=== CONT  TestViewElementP05CorrectControl
=== CONT  TestUntaggedViewStructuralFallback
--- PASS: TestUntaggedViewStructuralFallback (0.00s)
=== CONT  TestMixedUnionContractPhantomVoidIsUndefined
=== CONT  TestUntaggedViewMemberTags
--- PASS: TestUntaggedViewMemberTags (0.00s)
=== CONT  TestMixedUnionContractPhantomBrandUsesPrimitiveBase
--- PASS: TestMixedUnionContractPhantomVoidIsUndefined (0.33s)
=== CONT  TestMixedUnionContractRecursiveMember
--- PASS: TestMixedUnionContractPhantomBrandUsesPrimitiveBase (0.42s)
=== CONT  TestMixedUnionContractUnknownMemberFails
=== CONT  TestMixedUnionContractFailureDoesNotCertifyRetry
--- PASS: TestMixedUnionContractRecursiveMember (0.29s)
=== CONT  TestMixedUnionContractGraph
=== RUN   TestMixedUnionContractGraph/interface_Identifier_{readonly_text:string}_type_Target=string|Identifier;
=== PAUSE TestMixedUnionContractGraph/interface_Identifier_{readonly_text:string}_type_Target=string|Identifier;
=== CONT  TestTupleObjectViewOrdinaryTuple
--- PASS: TestMixedUnionContractUnknownMemberFails (0.20s)
=== RUN   TestMixedUnionContractGraph/interface_Node_{readonly_ready:boolean}_type_Target=number|Node;
=== PAUSE TestMixedUnionContractGraph/interface_Node_{readonly_ready:boolean}_type_Target=number|Node;
=== RUN   TestMixedUnionContractGraph/interface_Node_{readonly_ready:boolean}_type_Target=Node|readonly_Node[];
=== PAUSE TestMixedUnionContractGraph/interface_Node_{readonly_ready:boolean}_type_Target=Node|readonly_Node[];
=== RUN   TestMixedUnionContractGraph/interface_Expression_{readonly_value:number}_type_Target=boolean|Expression;
=== PAUSE TestMixedUnionContractGraph/interface_Expression_{readonly_value:number}_type_Target=boolean|Expression;
=== RUN   TestMixedUnionContractGraph/interface_Left_{readonly_left:string}_interface_Right_{readonly_right:number}_type_Target=Left|Right;
=== PAUSE TestMixedUnionContractGraph/interface_Left_{readonly_left:string}_interface_Right_{readonly_right:number}_type_Target=Left|Right;
=== CONT  TestTupleObjectViewCopiedLength
--- PASS: TestMixedUnionContractFailureDoesNotCertifyRetry (0.20s)
=== CONT  TestTupleObjectViewRefused
--- PASS: TestViewElementP05CorrectControl (0.85s)
=== CONT  TestViewObjectWritesNeedSourceCertificate
--- PASS: TestViewElementP06CorrectControl (1.04s)
=== CONT  TestViewObjectContractsAreAvailableToEraser
=== NAME  TestTupleObjectViewRefused
    view_tuple_objects_test.go:38: /tmp/adamic-gate/TestTupleObjectViewRefused410562052/001/main.a:9:15: stage 0 can't lower a tuple through an object view with a length field; expose a scalar length field on the view and copy pair.length into that field yet
--- PASS: TestTupleObjectViewRefused (0.41s)
=== CONT  TestViewInEmptyKeyControl
--- PASS: TestViewObjectWritesNeedSourceCertificate (0.28s)
=== CONT  TestViewElementP72NumberControl
=== CONT  TestViewElementP19StringControl
--- PASS: TestViewObjectContractsAreAvailableToEraser (0.14s)
--- PASS: TestTupleObjectViewOrdinaryTuple (0.62s)
=== CONT  TestViewElementP72Control
--- PASS: TestViewElementP19StringControl (0.46s)
=== CONT  TestViewElementP19Control
--- PASS: TestTupleObjectViewCopiedLength (1.03s)
=== CONT  TestViewEntriesControl
--- PASS: TestViewElementP72NumberControl (0.56s)
=== CONT  TestViewValuesControl
--- PASS: TestViewElementP72Control (0.68s)
=== CONT  TestViewKeysAliasControl
--- PASS: TestViewInEmptyKeyControl (1.16s)
=== CONT  TestViewKeysControl
--- PASS: TestViewValuesControl (0.55s)
=== CONT  TestViewInControl
--- PASS: TestViewElementP19Control (0.71s)
=== CONT  TestViewSpreadMethodRefused
--- PASS: TestViewEntriesControl (0.70s)
=== CONT  TestViewSpreadControl
--- PASS: TestViewSpreadMethodRefused (0.22s)
=== CONT  TestViewElementDestructuredUnionControl
--- PASS: TestViewKeysAliasControl (0.77s)
=== CONT  TestViewElementDestructuredControl
--- PASS: TestViewInControl (0.65s)
=== CONT  TestViewElementP07CorrectControl
--- PASS: TestViewSpreadControl (0.64s)
=== CONT  TestViewElementP01CorrectControl
--- PASS: TestViewKeysControl (0.90s)
=== CONT  TestAViewThatCantWriteIsNotRefused
=== RUN   TestAViewThatCantWriteIsNotRefused/a_destructuring_declaration_of_a_readonly_field
=== PAUSE TestAViewThatCantWriteIsNotRefused/a_destructuring_declaration_of_a_readonly_field
=== RUN   TestAViewThatCantWriteIsNotRefused/a_destructuring_assignment's_elements_going_into_wider_names
=== PAUSE TestAViewThatCantWriteIsNotRefused/a_destructuring_assignment's_elements_going_into_wider_names
=== RUN   TestAViewThatCantWriteIsNotRefused/an_array_seen_as_a_readonly_wider_array
=== PAUSE TestAViewThatCantWriteIsNotRefused/an_array_seen_as_a_readonly_wider_array
=== RUN   TestAViewThatCantWriteIsNotRefused/a_readonly_field_seen_wider
=== PAUSE TestAViewThatCantWriteIsNotRefused/a_readonly_field_seen_wider
=== RUN   TestAViewThatCantWriteIsNotRefused/a_readonly_constraint:_a_Narrow_into_a_Pack_slot
=== PAUSE TestAViewThatCantWriteIsNotRefused/a_readonly_constraint:_a_Narrow_into_a_Pack_slot
=== RUN   TestAViewThatCantWriteIsNotRefused/a_type_parameter_as_itself
=== PAUSE TestAViewThatCantWriteIsNotRefused/a_type_parameter_as_itself
=== RUN   TestAViewThatCantWriteIsNotRefused/a_type_parameter_narrowed_from_undefined,_as_itself
=== PAUSE TestAViewThatCantWriteIsNotRefused/a_type_parameter_narrowed_from_undefined,_as_itself
=== RUN   TestAViewThatCantWriteIsNotRefused/an_intersection's_array_seen_as_a_readonly_array_with_the_same_tag
=== PAUSE TestAViewThatCantWriteIsNotRefused/an_intersection's_array_seen_as_a_readonly_array_with_the_same_tag
=== RUN   TestAViewThatCantWriteIsNotRefused/a_readonly_field_seen_as_a_readonly_field
=== PAUSE TestAViewThatCantWriteIsNotRefused/a_readonly_field_seen_as_a_readonly_field
=== RUN   TestAViewThatCantWriteIsNotRefused/a_writable_field_seen_as_a_readonly_one
=== PAUSE TestAViewThatCantWriteIsNotRefused/a_writable_field_seen_as_a_readonly_one
=== RUN   TestAViewThatCantWriteIsNotRefused/a_readonly_field_seen_as_its_own_type
=== PAUSE TestAViewThatCantWriteIsNotRefused/a_readonly_field_seen_as_its_own_type
=== RUN   TestAViewThatCantWriteIsNotRefused/a_readonly_field_copied_into_a_writable_one
=== PAUSE TestAViewThatCantWriteIsNotRefused/a_readonly_field_copied_into_a_writable_one
=== RUN   TestAViewThatCantWriteIsNotRefused/a_copy_made_by_slice
=== PAUSE TestAViewThatCantWriteIsNotRefused/a_copy_made_by_slice
=== RUN   TestAViewThatCantWriteIsNotRefused/a_copy_made_by_map
=== PAUSE TestAViewThatCantWriteIsNotRefused/a_copy_made_by_map
=== RUN   TestAViewThatCantWriteIsNotRefused/a_copy_made_by_filter
=== PAUSE TestAViewThatCantWriteIsNotRefused/a_copy_made_by_filter
=== RUN   TestAViewThatCantWriteIsNotRefused/a_conditional_of_fresh_arrays
=== PAUSE TestAViewThatCantWriteIsNotRefused/a_conditional_of_fresh_arrays
=== RUN   TestAViewThatCantWriteIsNotRefused/a_Map_made_from_pairs
=== PAUSE TestAViewThatCantWriteIsNotRefused/a_Map_made_from_pairs
=== RUN   TestAViewThatCantWriteIsNotRefused/a_conditional_of_fresh_copies
=== PAUSE TestAViewThatCantWriteIsNotRefused/a_conditional_of_fresh_copies
=== RUN   TestAViewThatCantWriteIsNotRefused/a_new_Map_passed
=== PAUSE TestAViewThatCantWriteIsNotRefused/a_new_Map_passed
=== RUN   TestAViewThatCantWriteIsNotRefused/a_new_Map
=== PAUSE TestAViewThatCantWriteIsNotRefused/a_new_Map
=== RUN   TestAViewThatCantWriteIsNotRefused/a_union_target_that_can't_write
=== PAUSE TestAViewThatCantWriteIsNotRefused/a_union_target_that_can't_write
=== RUN   TestAViewThatCantWriteIsNotRefused/a_shorthand_property_that_can't_write
=== PAUSE TestAViewThatCantWriteIsNotRefused/a_shorthand_property_that_can't_write
=== RUN   TestAViewThatCantWriteIsNotRefused/a_destructuring_with_no_type
=== PAUSE TestAViewThatCantWriteIsNotRefused/a_destructuring_with_no_type
=== RUN   TestAViewThatCantWriteIsNotRefused/a_method_returning_the_same_type
=== PAUSE TestAViewThatCantWriteIsNotRefused/a_method_returning_the_same_type
=== RUN   TestAViewThatCantWriteIsNotRefused/a_class_seen_as_itself
=== PAUSE TestAViewThatCantWriteIsNotRefused/a_class_seen_as_itself
=== RUN   TestAViewThatCantWriteIsNotRefused/an_intersection_seen_as_itself
=== PAUSE TestAViewThatCantWriteIsNotRefused/an_intersection_seen_as_itself
=== CONT  TestViewElementFixAgreesWithNode
--- PASS: TestViewElementDestructuredUnionControl (0.74s)
=== CONT  TestViewLiteralTypedElementReadControl
--- PASS: TestViewElementP07CorrectControl (0.70s)
=== CONT  TestViewStringElementReadControl
--- PASS: TestViewElementDestructuredControl (0.96s)
=== CONT  TestViewDiagnosticP64
--- PASS: TestViewDiagnosticP64 (0.17s)
=== CONT  TestViewDiagnosticP48
--- PASS: TestViewElementP01CorrectControl (0.89s)
=== CONT  TestViewDiagnosticP17
--- PASS: TestViewLiteralTypedElementReadControl (0.70s)
=== CONT  TestTypedArrayViewsCannotChangeRepresentation
--- PASS: TestViewDiagnosticP48 (0.21s)
=== CONT  TestTupleRecognitionRejectsArrayObjectView
--- PASS: TestViewElementFixAgreesWithNode (0.94s)
=== CONT  TestScalarUnionViewMaybeBooleanTransitions
--- PASS: TestViewDiagnosticP17 (0.23s)
=== CONT  TestScalarUnionViewMaybeNumberTransitions
--- PASS: TestViewStringElementReadControl (0.55s)
=== CONT  TestScalarUnionViewMaybeString
--- PASS: TestTypedArrayViewsCannotChangeRepresentation (0.54s)
=== CONT  TestScalarUnionViewMaybeBoolean
--- PASS: TestScalarUnionViewMaybeString (0.78s)
=== CONT  TestScalarUnionViewMaybeNumber
=== NAME  TestTupleRecognitionRejectsArrayObjectView
    tuple_recognition_test.go:74: backend 0 exit 70 stdout "" stderr "adamic: panic: field read failed: viewed.value matches no member of Named | readonly [string, number]; expected Named | readonly [string, number], found array\n"
    tuple_recognition_test.go:74: backend 1 exit 70 stdout "" stderr "adamic: panic: field read failed: viewed.value matches no member of Named | readonly [string, number]; expected Named | readonly [string, number], found array\n"
--- PASS: TestTupleRecognitionRejectsArrayObjectView (1.01s)
=== CONT  TestPrototypeHazardsBehindObjectViewsAreNotYet
--- PASS: TestScalarUnionViewMaybeNumberTransitions (1.34s)
=== CONT  TestEnumSlotViews
=== RUN   TestEnumSlotViews/variable
=== PAUSE TestEnumSlotViews/variable
=== RUN   TestEnumSlotViews/initializer
=== PAUSE TestEnumSlotViews/initializer
=== RUN   TestEnumSlotViews/member_initializer
=== PAUSE TestEnumSlotViews/member_initializer
=== RUN   TestEnumSlotViews/argument
=== PAUSE TestEnumSlotViews/argument
=== RUN   TestEnumSlotViews/assignment
=== PAUSE TestEnumSlotViews/assignment
=== RUN   TestEnumSlotViews/literal_property
=== PAUSE TestEnumSlotViews/literal_property
=== RUN   TestEnumSlotViews/array_literal
=== PAUSE TestEnumSlotViews/array_literal
=== RUN   TestEnumSlotViews/increment
=== PAUSE TestEnumSlotViews/increment
=== RUN   TestEnumSlotViews/compound
=== PAUSE TestEnumSlotViews/compound
=== RUN   TestEnumSlotViews/array_alias
=== PAUSE TestEnumSlotViews/array_alias
=== RUN   TestEnumSlotViews/readonly_into_enum_array
=== PAUSE TestEnumSlotViews/readonly_into_enum_array
=== RUN   TestEnumSlotViews/function_view
=== PAUSE TestEnumSlotViews/function_view
=== RUN   TestEnumSlotViews/object_assign
=== PAUSE TestEnumSlotViews/object_assign
=== RUN   TestEnumSlotViews/override
=== PAUSE TestEnumSlotViews/override
=== RUN   TestEnumSlotViews/class_field
=== PAUSE TestEnumSlotViews/class_field
=== RUN   TestEnumSlotViews/optional_union
=== PAUSE TestEnumSlotViews/optional_union
=== RUN   TestEnumSlotViews/map_alias
=== PAUSE TestEnumSlotViews/map_alias
=== RUN   TestEnumSlotViews/mutable_field_alias
=== PAUSE TestEnumSlotViews/mutable_field_alias
=== RUN   TestEnumSlotViews/generic_class_invariant
=== PAUSE TestEnumSlotViews/generic_class_invariant
=== RUN   TestEnumSlotViews/structural_numeric_enum_object
=== PAUSE TestEnumSlotViews/structural_numeric_enum_object
=== RUN   TestEnumSlotViews/structural_string_enum_object
=== PAUSE TestEnumSlotViews/structural_string_enum_object
=== RUN   TestEnumSlotViews/structural_enum_object_array
=== PAUSE TestEnumSlotViews/structural_enum_object_array
=== RUN   TestEnumSlotViews/enum_object_writable_view
=== PAUSE TestEnumSlotViews/enum_object_writable_view
=== CONT  TestGenericIteratorViewsPreserveNativeArguments
--- PASS: TestScalarUnionViewMaybeBooleanTransitions (1.46s)
=== CONT  TestLiteralMethodSignatureViewsDoNotLoseThis
--- PASS: TestGenericIteratorViewsPreserveNativeArguments (0.20s)
=== CONT  TestLiteralMethodViewsDoNotLoseThis
--- PASS: TestScalarUnionViewMaybeBoolean (1.30s)
=== CONT  TestIteratorViewsCannotEraseReceivers
--- PASS: TestLiteralMethodSignatureViewsDoNotLoseThis (0.61s)
=== CONT  TestIteratorViewsCannotHideReturn
--- PASS: TestIteratorViewsCannotEraseReceivers (0.29s)
=== CONT  TestFunctionValueUnionViewsStayNotYet
--- PASS: TestIteratorViewsCannotHideReturn (0.18s)
=== CONT  TestInheritanceRefusesFalseNominalViews/unrelated_override
=== CONT  TestInheritanceGenericViewsKeepNominalArguments
--- PASS: TestScalarUnionViewMaybeNumber (1.41s)
--- PASS: TestLiteralMethodViewsDoNotLoseThis (0.71s)
=== CONT  TestInheritanceRefusesFalseNominalViews/unrelated_class
=== CONT  TestInheritanceRefusesFalseNominalViews/structural_object
=== CONT  TestInheritanceRefusesFalseNominalViews/target_union
--- PASS: TestInheritanceGenericViewsKeepNominalArguments (0.16s)
=== CONT  TestInheritanceRefusesFalseNominalViews/nested_array
=== CONT  TestInheritanceRefusesFalseNominalViews/source_union
=== CONT  TestMixedUnionContractGraph/interface_Node_{readonly_ready:boolean}_type_Target=Node|readonly_Node[];
    view_unions_mixed_test.go:45: awaits compiler/views-v3: array element kind and holes (b065fa576)
=== CONT  TestMixedUnionContractGraph/interface_Node_{readonly_ready:boolean}_type_Target=number|Node;
=== CONT  TestMixedUnionContractGraph/interface_Identifier_{readonly_text:string}_type_Target=string|Identifier;
--- PASS: TestInheritanceRefusesFalseNominalViews (0.00s)
    --- PASS: TestInheritanceRefusesFalseNominalViews/weak_structural (0.45s)
    --- PASS: TestInheritanceRefusesFalseNominalViews/unrelated_override (0.11s)
    --- PASS: TestInheritanceRefusesFalseNominalViews/unrelated_class (0.07s)
    --- PASS: TestInheritanceRefusesFalseNominalViews/structural_object (0.23s)
    --- PASS: TestInheritanceRefusesFalseNominalViews/nested_array (0.17s)
    --- PASS: TestInheritanceRefusesFalseNominalViews/target_union (0.23s)
    --- PASS: TestInheritanceRefusesFalseNominalViews/source_union (0.18s)
=== CONT  TestMixedUnionContractGraph/interface_Left_{readonly_left:string}_interface_Right_{readonly_right:number}_type_Target=Left|Right;
=== CONT  TestMixedUnionContractGraph/interface_Expression_{readonly_value:number}_type_Target=boolean|Expression;
=== CONT  TestAViewThatCantWriteIsNotRefused/a_destructuring_declaration_of_a_readonly_field
--- PASS: TestFunctionValueUnionViewsStayNotYet (0.80s)
=== CONT  TestAViewThatCantWriteIsNotRefused/a_copy_made_by_map
=== CONT  TestAViewThatCantWriteIsNotRefused/an_intersection_seen_as_itself
--- PASS: TestMixedUnionContractGraph (0.00s)
    --- SKIP: TestMixedUnionContractGraph/interface_Node_{readonly_ready:boolean}_type_Target=Node|readonly_Node[]; (0.00s)
    --- PASS: TestMixedUnionContractGraph/interface_Node_{readonly_ready:boolean}_type_Target=number|Node; (0.15s)
    --- PASS: TestMixedUnionContractGraph/interface_Identifier_{readonly_text:string}_type_Target=string|Identifier; (0.16s)
    --- PASS: TestMixedUnionContractGraph/interface_Expression_{readonly_value:number}_type_Target=boolean|Expression; (0.10s)
    --- PASS: TestMixedUnionContractGraph/interface_Left_{readonly_left:string}_interface_Right_{readonly_right:number}_type_Target=Left|Right; (0.20s)
=== CONT  TestAViewThatCantWriteIsNotRefused/a_class_seen_as_itself
=== CONT  TestAViewThatCantWriteIsNotRefused/a_method_returning_the_same_type
--- PASS: TestPrototypeHazardsBehindObjectViewsAreNotYet (2.17s)
=== CONT  TestAViewThatCantWriteIsNotRefused/a_destructuring_with_no_type
=== CONT  TestAViewThatCantWriteIsNotRefused/a_shorthand_property_that_can't_write
=== CONT  TestAViewThatCantWriteIsNotRefused/a_union_target_that_can't_write
=== CONT  TestAViewThatCantWriteIsNotRefused/a_new_Map
=== CONT  TestAViewThatCantWriteIsNotRefused/a_new_Map_passed
=== CONT  TestAViewThatCantWriteIsNotRefused/a_conditional_of_fresh_copies
=== CONT  TestAViewThatCantWriteIsNotRefused/a_Map_made_from_pairs
=== CONT  TestAViewThatCantWriteIsNotRefused/a_conditional_of_fresh_arrays
=== CONT  TestAViewThatCantWriteIsNotRefused/a_copy_made_by_filter
=== CONT  TestAViewThatCantWriteIsNotRefused/an_intersection's_array_seen_as_a_readonly_array_with_the_same_tag
=== CONT  TestAViewThatCantWriteIsNotRefused/a_copy_made_by_slice
=== CONT  TestAViewThatCantWriteIsNotRefused/a_readonly_field_copied_into_a_writable_one
=== CONT  TestAViewThatCantWriteIsNotRefused/a_readonly_field_seen_as_its_own_type
=== CONT  TestAViewThatCantWriteIsNotRefused/a_writable_field_seen_as_a_readonly_one
=== CONT  TestAViewThatCantWriteIsNotRefused/a_readonly_field_seen_as_a_readonly_field
=== CONT  TestAViewThatCantWriteIsNotRefused/a_readonly_constraint:_a_Narrow_into_a_Pack_slot
=== CONT  TestAViewThatCantWriteIsNotRefused/a_type_parameter_narrowed_from_undefined,_as_itself
=== CONT  TestAViewThatCantWriteIsNotRefused/a_type_parameter_as_itself
=== CONT  TestAViewThatCantWriteIsNotRefused/an_array_seen_as_a_readonly_wider_array
=== CONT  TestAViewThatCantWriteIsNotRefused/a_readonly_field_seen_wider
=== CONT  TestAViewThatCantWriteIsNotRefused/a_destructuring_assignment's_elements_going_into_wider_names
=== CONT  TestEnumSlotViews/variable
=== CONT  TestEnumSlotViews/object_assign
=== CONT  TestEnumSlotViews/enum_object_writable_view
=== CONT  TestEnumSlotViews/structural_enum_object_array
=== CONT  TestEnumSlotViews/structural_string_enum_object
=== CONT  TestEnumSlotViews/structural_numeric_enum_object
=== CONT  TestEnumSlotViews/generic_class_invariant
=== CONT  TestEnumSlotViews/mutable_field_alias
=== CONT  TestEnumSlotViews/map_alias
=== CONT  TestEnumSlotViews/optional_union
=== CONT  TestEnumSlotViews/class_field
--- PASS: TestAViewThatCantWriteIsNotRefused (0.00s)
    --- PASS: TestAViewThatCantWriteIsNotRefused/an_intersection_seen_as_itself (0.16s)
    --- PASS: TestAViewThatCantWriteIsNotRefused/a_class_seen_as_itself (0.45s)
    --- PASS: TestAViewThatCantWriteIsNotRefused/a_destructuring_declaration_of_a_readonly_field (0.68s)
    --- PASS: TestAViewThatCantWriteIsNotRefused/a_copy_made_by_map (0.69s)
    --- PASS: TestAViewThatCantWriteIsNotRefused/a_destructuring_with_no_type (0.48s)
    --- PASS: TestAViewThatCantWriteIsNotRefused/a_method_returning_the_same_type (0.64s)
    --- PASS: TestAViewThatCantWriteIsNotRefused/a_shorthand_property_that_can't_write (0.58s)
    --- PASS: TestAViewThatCantWriteIsNotRefused/a_new_Map (0.44s)
    --- PASS: TestAViewThatCantWriteIsNotRefused/a_union_target_that_can't_write (0.52s)
    --- PASS: TestAViewThatCantWriteIsNotRefused/a_new_Map_passed (0.45s)
    --- PASS: TestAViewThatCantWriteIsNotRefused/a_conditional_of_fresh_copies (0.49s)
    --- PASS: TestAViewThatCantWriteIsNotRefused/an_intersection's_array_seen_as_a_readonly_array_with_the_same_tag (0.14s)
    --- PASS: TestAViewThatCantWriteIsNotRefused/a_copy_made_by_filter (0.51s)
    --- PASS: TestAViewThatCantWriteIsNotRefused/a_Map_made_from_pairs (0.66s)
    --- PASS: TestAViewThatCantWriteIsNotRefused/a_conditional_of_fresh_arrays (0.67s)
    --- PASS: TestAViewThatCantWriteIsNotRefused/a_copy_made_by_slice (0.49s)
    --- PASS: TestAViewThatCantWriteIsNotRefused/a_readonly_field_copied_into_a_writable_one (0.51s)
    --- PASS: TestAViewThatCantWriteIsNotRefused/a_readonly_constraint:_a_Narrow_into_a_Pack_slot (0.19s)
    --- PASS: TestAViewThatCantWriteIsNotRefused/a_type_parameter_narrowed_from_undefined,_as_itself (0.15s)
    --- PASS: TestAViewThatCantWriteIsNotRefused/a_readonly_field_seen_as_its_own_type (0.48s)
    --- PASS: TestAViewThatCantWriteIsNotRefused/a_type_parameter_as_itself (0.12s)
    --- PASS: TestAViewThatCantWriteIsNotRefused/a_readonly_field_seen_as_a_readonly_field (0.50s)
    --- PASS: TestAViewThatCantWriteIsNotRefused/a_writable_field_seen_as_a_readonly_one (0.54s)
    --- PASS: TestAViewThatCantWriteIsNotRefused/an_array_seen_as_a_readonly_wider_array (0.45s)
    --- PASS: TestAViewThatCantWriteIsNotRefused/a_destructuring_assignment's_elements_going_into_wider_names (0.47s)
    --- PASS: TestAViewThatCantWriteIsNotRefused/a_readonly_field_seen_wider (0.69s)
=== CONT  TestEnumSlotViews/override
=== CONT  TestEnumSlotViews/array_literal
=== CONT  TestEnumSlotViews/function_view
=== CONT  TestEnumSlotViews/readonly_into_enum_array
=== CONT  TestEnumSlotViews/array_alias
=== CONT  TestEnumSlotViews/compound
=== CONT  TestEnumSlotViews/increment
=== CONT  TestEnumSlotViews/argument
=== CONT  TestEnumSlotViews/literal_property
=== CONT  TestEnumSlotViews/assignment
=== CONT  TestEnumSlotViews/member_initializer
=== CONT  TestEnumSlotViews/initializer
--- PASS: TestEnumSlotViews (0.02s)
    --- PASS: TestEnumSlotViews/object_assign (0.22s)
    --- PASS: TestEnumSlotViews/enum_object_writable_view (0.14s)
    --- PASS: TestEnumSlotViews/structural_enum_object_array (0.11s)
    --- PASS: TestEnumSlotViews/structural_string_enum_object (0.13s)
    --- PASS: TestEnumSlotViews/structural_numeric_enum_object (0.14s)
    --- PASS: TestEnumSlotViews/generic_class_invariant (0.10s)
    --- PASS: TestEnumSlotViews/variable (0.48s)
    --- PASS: TestEnumSlotViews/optional_union (0.52s)
    --- PASS: TestEnumSlotViews/map_alias (0.57s)
    --- PASS: TestEnumSlotViews/mutable_field_alias (0.64s)
    --- PASS: TestEnumSlotViews/override (0.58s)
    --- PASS: TestEnumSlotViews/class_field (0.66s)
    --- PASS: TestEnumSlotViews/function_view (0.46s)
    --- PASS: TestEnumSlotViews/array_literal (0.54s)
    --- PASS: TestEnumSlotViews/readonly_into_enum_array (0.56s)
    --- PASS: TestEnumSlotViews/array_alias (0.54s)
    --- PASS: TestEnumSlotViews/compound (0.53s)
    --- PASS: TestEnumSlotViews/increment (0.43s)
    --- PASS: TestEnumSlotViews/argument (0.50s)
    --- PASS: TestEnumSlotViews/literal_property (0.46s)
    --- PASS: TestEnumSlotViews/assignment (0.54s)
    --- PASS: TestEnumSlotViews/member_initializer (0.56s)
    --- PASS: TestEnumSlotViews/initializer (0.45s)
PASS
ok  	github.com/system-inc/adamic/internal/lower	11.670s
=== RUN   TestStringViewAfterAppendMatchesNode
=== PAUSE TestStringViewAfterAppendMatchesNode
=== RUN   TestRuntimeStringViews
=== PAUSE TestRuntimeStringViews
=== RUN   TestViewMixedUnionUnknownAndUnavailable
=== PAUSE TestViewMixedUnionUnknownAndUnavailable
=== CONT  TestStringViewAfterAppendMatchesNode
=== CONT  TestViewMixedUnionUnknownAndUnavailable
=== CONT  TestRuntimeStringViews
=== RUN   TestViewMixedUnionUnknownAndUnavailable/false
=== RUN   TestViewMixedUnionUnknownAndUnavailable/false/0
=== RUN   TestViewMixedUnionUnknownAndUnavailable/false/1
=== RUN   TestViewMixedUnionUnknownAndUnavailable/false/2
=== RUN   TestViewMixedUnionUnknownAndUnavailable/false/3
=== RUN   TestViewMixedUnionUnknownAndUnavailable/false/4
=== RUN   TestViewMixedUnionUnknownAndUnavailable/false/5
=== RUN   TestViewMixedUnionUnknownAndUnavailable/true
=== NAME  TestStringViewAfterAppendMatchesNode
    string_index_test.go:406: 43 lines match Node, including literal, stack and in-place append views
--- PASS: TestStringViewAfterAppendMatchesNode (1.07s)
=== RUN   TestViewMixedUnionUnknownAndUnavailable/true/0
=== RUN   TestViewMixedUnionUnknownAndUnavailable/true/1
=== RUN   TestViewMixedUnionUnknownAndUnavailable/true/2
=== RUN   TestViewMixedUnionUnknownAndUnavailable/true/3
=== RUN   TestViewMixedUnionUnknownAndUnavailable/true/4
=== RUN   TestViewMixedUnionUnknownAndUnavailable/true/5
--- PASS: TestViewMixedUnionUnknownAndUnavailable (1.32s)
    --- PASS: TestViewMixedUnionUnknownAndUnavailable/false (0.38s)
        --- PASS: TestViewMixedUnionUnknownAndUnavailable/false/0 (0.01s)
        --- PASS: TestViewMixedUnionUnknownAndUnavailable/false/1 (0.01s)
        --- PASS: TestViewMixedUnionUnknownAndUnavailable/false/2 (0.00s)
        --- PASS: TestViewMixedUnionUnknownAndUnavailable/false/3 (0.00s)
        --- PASS: TestViewMixedUnionUnknownAndUnavailable/false/4 (0.00s)
        --- PASS: TestViewMixedUnionUnknownAndUnavailable/false/5 (0.00s)
    --- PASS: TestViewMixedUnionUnknownAndUnavailable/true (0.92s)
        --- PASS: TestViewMixedUnionUnknownAndUnavailable/true/0 (0.04s)
        --- PASS: TestViewMixedUnionUnknownAndUnavailable/true/1 (0.00s)
        --- PASS: TestViewMixedUnionUnknownAndUnavailable/true/2 (0.01s)
        --- PASS: TestViewMixedUnionUnknownAndUnavailable/true/3 (0.01s)
        --- PASS: TestViewMixedUnionUnknownAndUnavailable/true/4 (0.00s)
        --- PASS: TestViewMixedUnionUnknownAndUnavailable/true/5 (0.01s)
--- PASS: TestRuntimeStringViews (16.02s)
PASS
ok  	github.com/system-inc/adamic/internal/native	16.094s
=== RUN   TestViewMixedUnionSelectsNumber
=== PAUSE TestViewMixedUnionSelectsNumber
=== RUN   TestViewMixedUnionUnknownAndUnavailable
=== PAUSE TestViewMixedUnionUnknownAndUnavailable
=== CONT  TestViewMixedUnionSelectsNumber
=== CONT  TestViewMixedUnionUnknownAndUnavailable
=== RUN   TestViewMixedUnionUnknownAndUnavailable/unknown
=== RUN   TestViewMixedUnionUnknownAndUnavailable/missing_adapter
--- PASS: TestViewMixedUnionSelectsNumber (0.21s)
=== RUN   TestViewMixedUnionUnknownAndUnavailable/missing_contract
=== RUN   TestViewMixedUnionUnknownAndUnavailable/null_is_not_undefined
=== RUN   TestViewMixedUnionUnknownAndUnavailable/literal_false
--- PASS: TestViewMixedUnionUnknownAndUnavailable (0.68s)
    --- PASS: TestViewMixedUnionUnknownAndUnavailable/unknown (0.16s)
    --- PASS: TestViewMixedUnionUnknownAndUnavailable/missing_adapter (0.13s)
    --- PASS: TestViewMixedUnionUnknownAndUnavailable/missing_contract (0.14s)
    --- PASS: TestViewMixedUnionUnknownAndUnavailable/null_is_not_undefined (0.14s)
    --- PASS: TestViewMixedUnionUnknownAndUnavailable/literal_false (0.10s)
PASS
ok  	github.com/system-inc/adamic/internal/javascript	0.690s
