=== RUN   TestDesignSystemIsBuiltOnceUnderTheRealWalk
    design_system_live_walk_test.go:97: no corpus repository at /Users/kirkouimet/Projects/ahra, so there is no real walk to measure
--- SKIP: TestDesignSystemIsBuiltOnceUnderTheRealWalk (0.00s)
=== RUN   TestLiveWalkCoversEveryRegisteredTailwindRule
=== PAUSE TestLiveWalkCoversEveryRegisteredTailwindRule
=== RUN   TestNoConflictingClassesReportsSymmetrically
=== PAUSE TestNoConflictingClassesReportsSymmetrically
=== RUN   TestNoConflictingClassesStaysSilent
=== PAUSE TestNoConflictingClassesStaysSilent
=== RUN   TestConflictingClassesProposeSuggestionsNotFixes
=== PAUSE TestConflictingClassesProposeSuggestionsNotFixes
=== RUN   TestPropertyLookupUsesTheLongestRoot
=== PAUSE TestPropertyLookupUsesTheLongestRoot
=== RUN   TestRepositoryUtilitiesAreCompiledRatherThanLookedUp
=== PAUSE TestRepositoryUtilitiesAreCompiledRatherThanLookedUp
=== RUN   TestStaticRepositoryUtilitiesStillReadFromTheFrameworkTables
=== PAUSE TestStaticRepositoryUtilitiesStillReadFromTheFrameworkTables
=== RUN   TestConflictFixturesActuallyRan
=== PAUSE TestConflictFixturesActuallyRan
=== RUN   TestVariantsAreComparedNotStripped
=== PAUSE TestVariantsAreComparedNotStripped
=== RUN   TestSelectorShapeCannotProduceAWrongFinding
=== PAUSE TestSelectorShapeCannotProduceAWrongFinding
=== RUN   TestSharedReaderFindsWhatEachRuleFindsAlone
=== PAUSE TestSharedReaderFindsWhatEachRuleFindsAlone
=== CONT  TestLiveWalkCoversEveryRegisteredTailwindRule
--- PASS: TestLiveWalkCoversEveryRegisteredTailwindRule (0.00s)
=== CONT  TestRepositoryUtilitiesAreCompiledRatherThanLookedUp
    no_conflicting_classes_test.go:352: no installed tailwindcss on this machine
--- SKIP: TestRepositoryUtilitiesAreCompiledRatherThanLookedUp (0.00s)
=== CONT  TestPropertyLookupUsesTheLongestRoot
    no_conflicting_classes_test.go:296: no corpus stylesheet at /Users/kirkouimet/Projects/ahra/app/_theme/styles/theme.css, so there is no live design system to ask
=== CONT  TestStaticRepositoryUtilitiesStillReadFromTheFrameworkTables
--- SKIP: TestPropertyLookupUsesTheLongestRoot (0.00s)
=== CONT  TestConflictingClassesProposeSuggestionsNotFixes
    no_conflicting_classes_test.go:271: no installed tailwindcss on this machine, so the rule's design system cannot be built and these fixtures would measure a decline rather than a conflict
--- SKIP: TestConflictingClassesProposeSuggestionsNotFixes (0.00s)
=== CONT  TestNoConflictingClassesStaysSilent
=== NAME  TestStaticRepositoryUtilitiesStillReadFromTheFrameworkTables
    no_conflicting_classes_test.go:427: no installed tailwindcss on this machine
--- SKIP: TestStaticRepositoryUtilitiesStillReadFromTheFrameworkTables (0.00s)
=== CONT  TestSharedReaderFindsWhatEachRuleFindsAlone
=== CONT  TestNoConflictingClassesReportsSymmetrically
=== NAME  TestSharedReaderFindsWhatEachRuleFindsAlone
    shared_reader_walk_test.go:55: no installed tailwindcss on this machine, so there is no design system to ask
--- SKIP: TestSharedReaderFindsWhatEachRuleFindsAlone (0.00s)
=== CONT  TestSelectorShapeCannotProduceAWrongFinding
=== RUN   TestNoConflictingClassesStaysSilent/width_and_height
=== NAME  TestSelectorShapeCannotProduceAWrongFinding
    no_conflicting_classes_test.go:508: no installed tailwindcss on this machine
--- SKIP: TestSelectorShapeCannotProduceAWrongFinding (0.00s)
=== PAUSE TestNoConflictingClassesStaysSilent/width_and_height
=== RUN   TestNoConflictingClassesStaysSilent/padding_and_padding-inline
=== PAUSE TestNoConflictingClassesStaysSilent/padding_and_padding-inline
=== CONT  TestVariantsAreComparedNotStripped
=== RUN   TestNoConflictingClassesStaysSilent/same_property_under_different_variants
=== PAUSE TestNoConflictingClassesStaysSilent/same_property_under_different_variants
=== RUN   TestNoConflictingClassesReportsSymmetrically/two_display_utilities
=== RUN   TestNoConflictingClassesStaysSilent/different_axes_of_margin
=== PAUSE TestNoConflictingClassesStaysSilent/different_axes_of_margin
=== RUN   TestNoConflictingClassesStaysSilent/unrelated_properties
=== PAUSE TestNoConflictingClassesStaysSilent/unrelated_properties
=== NAME  TestVariantsAreComparedNotStripped
    no_conflicting_classes_test.go:471: no installed tailwindcss on this machine, so the rule's design system cannot be built and these fixtures would measure a decline rather than a conflict
--- SKIP: TestVariantsAreComparedNotStripped (0.00s)
=== CONT  TestConflictFixturesActuallyRan
=== PAUSE TestNoConflictingClassesReportsSymmetrically/two_display_utilities
=== RUN   TestNoConflictingClassesReportsSymmetrically/same_functional_root_twice
=== PAUSE TestNoConflictingClassesReportsSymmetrically/same_functional_root_twice
=== RUN   TestNoConflictingClassesReportsSymmetrically/two_alignment_utilities
=== PAUSE TestNoConflictingClassesReportsSymmetrically/two_alignment_utilities
=== RUN   TestNoConflictingClassesReportsSymmetrically/conflict_inside_one_variant
=== PAUSE TestNoConflictingClassesReportsSymmetrically/conflict_inside_one_variant
=== RUN   TestNoConflictingClassesStaysSilent/one_class
=== PAUSE TestNoConflictingClassesStaysSilent/one_class
=== RUN   TestNoConflictingClassesStaysSilent/the_same_class_twice
=== NAME  TestConflictFixturesActuallyRan
    no_conflicting_classes_test.go:452: no installed tailwindcss found from /Users/kirkouimet/Projects/ahra/app/_theme/styles, so every fixture in this file skipped and the package still reported ok. Either the search root is wrong or this machine has no Tailwind to test against; both need a human, and neither should read as a pass
=== PAUSE TestNoConflictingClassesStaysSilent/the_same_class_twice
=== RUN   TestNoConflictingClassesStaysSilent/unrelated_attribute
=== PAUSE TestNoConflictingClassesStaysSilent/unrelated_attribute
=== RUN   TestNoConflictingClassesStaysSilent/unrelated_callee
=== PAUSE TestNoConflictingClassesStaysSilent/unrelated_callee
=== RUN   TestNoConflictingClassesStaysSilent/divide_against_border
=== PAUSE TestNoConflictingClassesStaysSilent/divide_against_border
=== RUN   TestNoConflictingClassesStaysSilent/shadow_against_ring
=== PAUSE TestNoConflictingClassesStaysSilent/shadow_against_ring
=== RUN   TestNoConflictingClassesStaysSilent/border_against_border-dashed
=== PAUSE TestNoConflictingClassesStaysSilent/border_against_border-dashed
--- FAIL: TestConflictFixturesActuallyRan (0.00s)
=== RUN   TestNoConflictingClassesReportsSymmetrically/on_a_callee_surface
=== PAUSE TestNoConflictingClassesReportsSymmetrically/on_a_callee_surface
=== RUN   TestNoConflictingClassesStaysSilent/ring_against_ring-inset
=== PAUSE TestNoConflictingClassesStaysSilent/ring_against_ring-inset
=== RUN   TestNoConflictingClassesReportsSymmetrically/on_a_variable_surface
=== PAUSE TestNoConflictingClassesReportsSymmetrically/on_a_variable_surface
=== RUN   TestNoConflictingClassesStaysSilent/container_against_w-full
=== PAUSE TestNoConflictingClassesStaysSilent/container_against_w-full
=== RUN   TestNoConflictingClassesReportsSymmetrically/three_classes_on_one_property
=== PAUSE TestNoConflictingClassesReportsSymmetrically/three_classes_on_one_property
=== CONT  TestNoConflictingClassesReportsSymmetrically/two_display_utilities
=== CONT  TestNoConflictingClassesStaysSilent/width_and_height
=== CONT  TestNoConflictingClassesStaysSilent/unrelated_attribute
=== CONT  TestNoConflictingClassesStaysSilent/unrelated_properties
=== NAME  TestNoConflictingClassesReportsSymmetrically/two_display_utilities
    no_conflicting_classes_test.go:144: no installed tailwindcss on this machine, so the rule's design system cannot be built and these fixtures would measure a decline rather than a conflict
=== CONT  TestNoConflictingClassesReportsSymmetrically/three_classes_on_one_property
    no_conflicting_classes_test.go:144: no installed tailwindcss on this machine, so the rule's design system cannot be built and these fixtures would measure a decline rather than a conflict
=== NAME  TestNoConflictingClassesStaysSilent/width_and_height
    no_conflicting_classes_test.go:253: no installed tailwindcss on this machine, so the rule's design system cannot be built and these fixtures would measure a decline rather than a conflict
=== CONT  TestNoConflictingClassesReportsSymmetrically/on_a_variable_surface
=== CONT  TestNoConflictingClassesStaysSilent/different_axes_of_margin
=== NAME  TestNoConflictingClassesReportsSymmetrically/on_a_variable_surface
    no_conflicting_classes_test.go:144: no installed tailwindcss on this machine, so the rule's design system cannot be built and these fixtures would measure a decline rather than a conflict
=== NAME  TestNoConflictingClassesStaysSilent/different_axes_of_margin
    no_conflicting_classes_test.go:253: no installed tailwindcss on this machine, so the rule's design system cannot be built and these fixtures would measure a decline rather than a conflict
=== NAME  TestNoConflictingClassesStaysSilent/unrelated_attribute
    no_conflicting_classes_test.go:253: no installed tailwindcss on this machine, so the rule's design system cannot be built and these fixtures would measure a decline rather than a conflict
=== CONT  TestNoConflictingClassesStaysSilent/same_property_under_different_variants
=== CONT  TestNoConflictingClassesReportsSymmetrically/on_a_callee_surface
=== NAME  TestNoConflictingClassesStaysSilent/same_property_under_different_variants
    no_conflicting_classes_test.go:253: no installed tailwindcss on this machine, so the rule's design system cannot be built and these fixtures would measure a decline rather than a conflict
=== NAME  TestNoConflictingClassesReportsSymmetrically/on_a_callee_surface
    no_conflicting_classes_test.go:144: no installed tailwindcss on this machine, so the rule's design system cannot be built and these fixtures would measure a decline rather than a conflict
=== CONT  TestNoConflictingClassesStaysSilent/padding_and_padding-inline
=== CONT  TestNoConflictingClassesReportsSymmetrically/conflict_inside_one_variant
=== CONT  TestNoConflictingClassesStaysSilent/the_same_class_twice
=== NAME  TestNoConflictingClassesStaysSilent/unrelated_properties
    no_conflicting_classes_test.go:253: no installed tailwindcss on this machine, so the rule's design system cannot be built and these fixtures would measure a decline rather than a conflict
=== NAME  TestNoConflictingClassesStaysSilent/padding_and_padding-inline
    no_conflicting_classes_test.go:253: no installed tailwindcss on this machine, so the rule's design system cannot be built and these fixtures would measure a decline rather than a conflict
=== CONT  TestNoConflictingClassesStaysSilent/ring_against_ring-inset
=== NAME  TestNoConflictingClassesReportsSymmetrically/conflict_inside_one_variant
    no_conflicting_classes_test.go:144: no installed tailwindcss on this machine, so the rule's design system cannot be built and these fixtures would measure a decline rather than a conflict
=== CONT  TestNoConflictingClassesStaysSilent/border_against_border-dashed
=== CONT  TestNoConflictingClassesStaysSilent/shadow_against_ring
=== NAME  TestNoConflictingClassesStaysSilent/ring_against_ring-inset
    no_conflicting_classes_test.go:253: no installed tailwindcss on this machine, so the rule's design system cannot be built and these fixtures would measure a decline rather than a conflict
=== NAME  TestNoConflictingClassesStaysSilent/border_against_border-dashed
    no_conflicting_classes_test.go:253: no installed tailwindcss on this machine, so the rule's design system cannot be built and these fixtures would measure a decline rather than a conflict
=== NAME  TestNoConflictingClassesStaysSilent/shadow_against_ring
    no_conflicting_classes_test.go:253: no installed tailwindcss on this machine, so the rule's design system cannot be built and these fixtures would measure a decline rather than a conflict
=== CONT  TestNoConflictingClassesStaysSilent/divide_against_border
=== CONT  TestNoConflictingClassesStaysSilent/unrelated_callee
=== CONT  TestNoConflictingClassesStaysSilent/one_class
=== NAME  TestNoConflictingClassesStaysSilent/the_same_class_twice
    no_conflicting_classes_test.go:253: no installed tailwindcss on this machine, so the rule's design system cannot be built and these fixtures would measure a decline rather than a conflict
=== NAME  TestNoConflictingClassesStaysSilent/divide_against_border
    no_conflicting_classes_test.go:253: no installed tailwindcss on this machine, so the rule's design system cannot be built and these fixtures would measure a decline rather than a conflict
=== NAME  TestNoConflictingClassesStaysSilent/unrelated_callee
    no_conflicting_classes_test.go:253: no installed tailwindcss on this machine, so the rule's design system cannot be built and these fixtures would measure a decline rather than a conflict
=== NAME  TestNoConflictingClassesStaysSilent/one_class
    no_conflicting_classes_test.go:253: no installed tailwindcss on this machine, so the rule's design system cannot be built and these fixtures would measure a decline rather than a conflict
=== CONT  TestNoConflictingClassesReportsSymmetrically/two_alignment_utilities
=== CONT  TestNoConflictingClassesReportsSymmetrically/same_functional_root_twice
=== CONT  TestNoConflictingClassesStaysSilent/container_against_w-full
=== NAME  TestNoConflictingClassesReportsSymmetrically/two_alignment_utilities
    no_conflicting_classes_test.go:144: no installed tailwindcss on this machine, so the rule's design system cannot be built and these fixtures would measure a decline rather than a conflict
=== NAME  TestNoConflictingClassesReportsSymmetrically/same_functional_root_twice
    no_conflicting_classes_test.go:144: no installed tailwindcss on this machine, so the rule's design system cannot be built and these fixtures would measure a decline rather than a conflict
=== NAME  TestNoConflictingClassesStaysSilent/container_against_w-full
    no_conflicting_classes_test.go:253: no installed tailwindcss on this machine, so the rule's design system cannot be built and these fixtures would measure a decline rather than a conflict
--- PASS: TestNoConflictingClassesReportsSymmetrically (0.00s)
    --- SKIP: TestNoConflictingClassesReportsSymmetrically/two_display_utilities (0.00s)
    --- SKIP: TestNoConflictingClassesReportsSymmetrically/three_classes_on_one_property (0.00s)
    --- SKIP: TestNoConflictingClassesReportsSymmetrically/on_a_variable_surface (0.00s)
    --- SKIP: TestNoConflictingClassesReportsSymmetrically/on_a_callee_surface (0.00s)
    --- SKIP: TestNoConflictingClassesReportsSymmetrically/conflict_inside_one_variant (0.00s)
    --- SKIP: TestNoConflictingClassesReportsSymmetrically/two_alignment_utilities (0.00s)
    --- SKIP: TestNoConflictingClassesReportsSymmetrically/same_functional_root_twice (0.00s)
--- PASS: TestNoConflictingClassesStaysSilent (0.00s)
    --- SKIP: TestNoConflictingClassesStaysSilent/width_and_height (0.00s)
    --- SKIP: TestNoConflictingClassesStaysSilent/different_axes_of_margin (0.00s)
    --- SKIP: TestNoConflictingClassesStaysSilent/unrelated_attribute (0.00s)
    --- SKIP: TestNoConflictingClassesStaysSilent/same_property_under_different_variants (0.00s)
    --- SKIP: TestNoConflictingClassesStaysSilent/unrelated_properties (0.00s)
    --- SKIP: TestNoConflictingClassesStaysSilent/padding_and_padding-inline (0.00s)
    --- SKIP: TestNoConflictingClassesStaysSilent/ring_against_ring-inset (0.00s)
    --- SKIP: TestNoConflictingClassesStaysSilent/border_against_border-dashed (0.00s)
    --- SKIP: TestNoConflictingClassesStaysSilent/shadow_against_ring (0.00s)
    --- SKIP: TestNoConflictingClassesStaysSilent/the_same_class_twice (0.00s)
    --- SKIP: TestNoConflictingClassesStaysSilent/divide_against_border (0.00s)
    --- SKIP: TestNoConflictingClassesStaysSilent/unrelated_callee (0.00s)
    --- SKIP: TestNoConflictingClassesStaysSilent/one_class (0.00s)
    --- SKIP: TestNoConflictingClassesStaysSilent/container_against_w-full (0.00s)
FAIL
FAIL	github.com/system-inc/cohere/internal/lint/rules/tailwind	0.010s
FAIL
