1/82 /workspace/stage3-meter-tmp/stage3-meter.nHWE3Q/main-adapted/src/compiler/_namespaces/ts.moduleSpecifiers.ts checker 4.100s
2/82 /workspace/stage3-meter-tmp/stage3-meter.nHWE3Q/main-adapted/src/compiler/_namespaces/ts.performance.ts checker 3.450s
3/82 /workspace/stage3-meter-tmp/stage3-meter.nHWE3Q/main-adapted/src/compiler/_namespaces/ts.ts checker 3.420s
4/82 /workspace/stage3-meter-tmp/stage3-meter.nHWE3Q/main-adapted/src/compiler/binder.ts checker 3.241s
5/82 /workspace/stage3-meter-tmp/stage3-meter.nHWE3Q/main-adapted/src/compiler/builder.ts checker 3.458s
6/82 /workspace/stage3-meter-tmp/stage3-meter.nHWE3Q/main-adapted/src/compiler/builderPublic.ts checker 3.314s
7/82 /workspace/stage3-meter-tmp/stage3-meter.nHWE3Q/main-adapted/src/compiler/builderState.ts checker 3.262s
8/82 /workspace/stage3-meter-tmp/stage3-meter.nHWE3Q/main-adapted/src/compiler/builderStatePublic.ts checker 3.399s
9/82 /workspace/stage3-meter-tmp/stage3-meter.nHWE3Q/main-adapted/src/compiler/checker.ts checker 3.373s
10/82 /workspace/stage3-meter-tmp/stage3-meter.nHWE3Q/main-adapted/src/compiler/commandLineParser.ts checker 3.066s
11/82 /workspace/stage3-meter-tmp/stage3-meter.nHWE3Q/main-adapted/src/compiler/core.ts checker 3.182s
12/82 /workspace/stage3-meter-tmp/stage3-meter.nHWE3Q/main-adapted/src/compiler/corePublic.ts Refused 0.031s
13/82 /workspace/stage3-meter-tmp/stage3-meter.nHWE3Q/main-adapted/src/compiler/debug.ts checker 3.338s
14/82 /workspace/stage3-meter-tmp/stage3-meter.nHWE3Q/main-adapted/src/compiler/diagnosticInformationMap.generated.ts checker 3.149s
15/82 /workspace/stage3-meter-tmp/stage3-meter.nHWE3Q/main-adapted/src/compiler/diagnosticMessages.generated.json error 0.000s
16/82 /workspace/stage3-meter-tmp/stage3-meter.nHWE3Q/main-adapted/src/compiler/diagnosticMessages.json error 0.000s
17/82 /workspace/stage3-meter-tmp/stage3-meter.nHWE3Q/main-adapted/src/compiler/emitter.ts checker 3.241s
18/82 /workspace/stage3-meter-tmp/stage3-meter.nHWE3Q/main-adapted/src/compiler/executeCommandLine.ts checker 3.309s
19/82 /workspace/stage3-meter-tmp/stage3-meter.nHWE3Q/main-adapted/src/compiler/expressionToTypeNode.ts checker 3.464s
20/82 /workspace/stage3-meter-tmp/stage3-meter.nHWE3Q/main-adapted/src/compiler/factory/baseNodeFactory.ts checker 3.122s
21/82 /workspace/stage3-meter-tmp/stage3-meter.nHWE3Q/main-adapted/src/compiler/factory/emitHelpers.ts checker 3.921s
22/82 /workspace/stage3-meter-tmp/stage3-meter.nHWE3Q/main-adapted/src/compiler/factory/emitNode.ts checker 3.245s
23/82 /workspace/stage3-meter-tmp/stage3-meter.nHWE3Q/main-adapted/src/compiler/factory/nodeChildren.ts checker 4.098s
24/82 /workspace/stage3-meter-tmp/stage3-meter.nHWE3Q/main-adapted/src/compiler/factory/nodeConverters.ts checker 4.995s
25/82 /workspace/stage3-meter-tmp/stage3-meter.nHWE3Q/main-adapted/src/compiler/factory/nodeFactory.ts checker 3.934s
26/82 /workspace/stage3-meter-tmp/stage3-meter.nHWE3Q/main-adapted/src/compiler/factory/nodeTests.ts checker 3.924s
27/82 /workspace/stage3-meter-tmp/stage3-meter.nHWE3Q/main-adapted/src/compiler/factory/parenthesizerRules.ts checker 3.817s
28/82 /workspace/stage3-meter-tmp/stage3-meter.nHWE3Q/main-adapted/src/compiler/factory/utilities.ts checker 3.951s
29/82 /workspace/stage3-meter-tmp/stage3-meter.nHWE3Q/main-adapted/src/compiler/factory/utilitiesPublic.ts checker 3.795s
30/82 /workspace/stage3-meter-tmp/stage3-meter.nHWE3Q/main-adapted/src/compiler/hostErrors.ts Refused 0.042s
31/82 /workspace/stage3-meter-tmp/stage3-meter.nHWE3Q/main-adapted/src/compiler/moduleNameResolver.ts checker 4.008s
32/82 /workspace/stage3-meter-tmp/stage3-meter.nHWE3Q/main-adapted/src/compiler/moduleSpecifiers.ts checker 4.015s
33/82 /workspace/stage3-meter-tmp/stage3-meter.nHWE3Q/main-adapted/src/compiler/parser.ts checker 4.591s
34/82 /workspace/stage3-meter-tmp/stage3-meter.nHWE3Q/main-adapted/src/compiler/path.ts checker 3.904s
35/82 /workspace/stage3-meter-tmp/stage3-meter.nHWE3Q/main-adapted/src/compiler/performance.ts checker 6.239s
36/82 /workspace/stage3-meter-tmp/stage3-meter.nHWE3Q/main-adapted/src/compiler/performanceCore.ts checker 4.405s
37/82 /workspace/stage3-meter-tmp/stage3-meter.nHWE3Q/main-adapted/src/compiler/program.ts checker 3.778s
38/82 /workspace/stage3-meter-tmp/stage3-meter.nHWE3Q/main-adapted/src/compiler/programDiagnostics.ts checker 4.397s
39/82 /workspace/stage3-meter-tmp/stage3-meter.nHWE3Q/main-adapted/src/compiler/resolutionCache.ts checker 4.394s
40/82 /workspace/stage3-meter-tmp/stage3-meter.nHWE3Q/main-adapted/src/compiler/scanner.ts checker 4.440s
41/82 /workspace/stage3-meter-tmp/stage3-meter.nHWE3Q/main-adapted/src/compiler/semver.ts checker 3.396s
42/82 /workspace/stage3-meter-tmp/stage3-meter.nHWE3Q/main-adapted/src/compiler/sourcemap.ts checker 3.188s
43/82 /workspace/stage3-meter-tmp/stage3-meter.nHWE3Q/main-adapted/src/compiler/symbolWalker.ts checker 3.265s
44/82 /workspace/stage3-meter-tmp/stage3-meter.nHWE3Q/main-adapted/src/compiler/sys.ts checker 3.625s
45/82 /workspace/stage3-meter-tmp/stage3-meter.nHWE3Q/main-adapted/src/compiler/tracing.ts checker 3.116s
46/82 /workspace/stage3-meter-tmp/stage3-meter.nHWE3Q/main-adapted/src/compiler/transformer.ts checker 3.264s
47/82 /workspace/stage3-meter-tmp/stage3-meter.nHWE3Q/main-adapted/src/compiler/transformers/classFields.ts checker 3.315s
48/82 /workspace/stage3-meter-tmp/stage3-meter.nHWE3Q/main-adapted/src/compiler/transformers/classThis.ts checker 3.212s
49/82 /workspace/stage3-meter-tmp/stage3-meter.nHWE3Q/main-adapted/src/compiler/transformers/declarations.ts checker 3.262s
50/82 /workspace/stage3-meter-tmp/stage3-meter.nHWE3Q/main-adapted/src/compiler/transformers/declarations/diagnostics.ts checker 3.361s
51/82 /workspace/stage3-meter-tmp/stage3-meter.nHWE3Q/main-adapted/src/compiler/transformers/destructuring.ts checker 3.364s
52/82 /workspace/stage3-meter-tmp/stage3-meter.nHWE3Q/main-adapted/src/compiler/transformers/es2015.ts checker 3.344s
53/82 /workspace/stage3-meter-tmp/stage3-meter.nHWE3Q/main-adapted/src/compiler/transformers/es2016.ts checker 3.368s
54/82 /workspace/stage3-meter-tmp/stage3-meter.nHWE3Q/main-adapted/src/compiler/transformers/es2017.ts checker 3.385s
55/82 /workspace/stage3-meter-tmp/stage3-meter.nHWE3Q/main-adapted/src/compiler/transformers/es2018.ts checker 3.412s
56/82 /workspace/stage3-meter-tmp/stage3-meter.nHWE3Q/main-adapted/src/compiler/transformers/es2019.ts checker 3.535s
57/82 /workspace/stage3-meter-tmp/stage3-meter.nHWE3Q/main-adapted/src/compiler/transformers/es2020.ts checker 4.222s
58/82 /workspace/stage3-meter-tmp/stage3-meter.nHWE3Q/main-adapted/src/compiler/transformers/es2021.ts checker 3.677s
59/82 /workspace/stage3-meter-tmp/stage3-meter.nHWE3Q/main-adapted/src/compiler/transformers/esDecorators.ts checker 4.262s
60/82 /workspace/stage3-meter-tmp/stage3-meter.nHWE3Q/main-adapted/src/compiler/transformers/esnext.ts checker 4.544s
61/82 /workspace/stage3-meter-tmp/stage3-meter.nHWE3Q/main-adapted/src/compiler/transformers/generators.ts checker 3.909s
62/82 /workspace/stage3-meter-tmp/stage3-meter.nHWE3Q/main-adapted/src/compiler/transformers/jsx.ts checker 4.149s
63/82 /workspace/stage3-meter-tmp/stage3-meter.nHWE3Q/main-adapted/src/compiler/transformers/legacyDecorators.ts checker 3.686s
64/82 /workspace/stage3-meter-tmp/stage3-meter.nHWE3Q/main-adapted/src/compiler/transformers/module/esnextAnd2015.ts checker 3.690s
65/82 /workspace/stage3-meter-tmp/stage3-meter.nHWE3Q/main-adapted/src/compiler/transformers/module/impliedNodeFormatDependent.ts checker 3.474s
66/82 /workspace/stage3-meter-tmp/stage3-meter.nHWE3Q/main-adapted/src/compiler/transformers/module/module.ts checker 3.867s
67/82 /workspace/stage3-meter-tmp/stage3-meter.nHWE3Q/main-adapted/src/compiler/transformers/module/system.ts checker 3.632s
68/82 /workspace/stage3-meter-tmp/stage3-meter.nHWE3Q/main-adapted/src/compiler/transformers/namedEvaluation.ts checker 3.840s
69/82 /workspace/stage3-meter-tmp/stage3-meter.nHWE3Q/main-adapted/src/compiler/transformers/taggedTemplate.ts checker 4.105s
70/82 /workspace/stage3-meter-tmp/stage3-meter.nHWE3Q/main-adapted/src/compiler/transformers/ts.ts checker 4.678s
71/82 /workspace/stage3-meter-tmp/stage3-meter.nHWE3Q/main-adapted/src/compiler/transformers/typeSerializer.ts checker 3.827s
72/82 /workspace/stage3-meter-tmp/stage3-meter.nHWE3Q/main-adapted/src/compiler/transformers/utilities.ts checker 3.916s
73/82 /workspace/stage3-meter-tmp/stage3-meter.nHWE3Q/main-adapted/src/compiler/tsbuild.ts checker 3.515s
74/82 /workspace/stage3-meter-tmp/stage3-meter.nHWE3Q/main-adapted/src/compiler/tsbuildPublic.ts checker 3.483s
75/82 /workspace/stage3-meter-tmp/stage3-meter.nHWE3Q/main-adapted/src/compiler/tsconfig.json error 0.000s
76/82 /workspace/stage3-meter-tmp/stage3-meter.nHWE3Q/main-adapted/src/compiler/types.ts checker 3.406s
77/82 /workspace/stage3-meter-tmp/stage3-meter.nHWE3Q/main-adapted/src/compiler/utilities.ts checker 3.525s
78/82 /workspace/stage3-meter-tmp/stage3-meter.nHWE3Q/main-adapted/src/compiler/utilitiesPublic.ts checker 3.515s
79/82 /workspace/stage3-meter-tmp/stage3-meter.nHWE3Q/main-adapted/src/compiler/visitorPublic.ts checker 3.441s
80/82 /workspace/stage3-meter-tmp/stage3-meter.nHWE3Q/main-adapted/src/compiler/watch.ts checker 3.817s
81/82 /workspace/stage3-meter-tmp/stage3-meter.nHWE3Q/main-adapted/src/compiler/watchPublic.ts checker 3.407s
82/82 /workspace/stage3-meter-tmp/stage3-meter.nHWE3Q/main-adapted/src/compiler/watchUtilities.ts checker 3.613s
whole program: 79 roots checker 3.758s
