=== RUN   TestLazyViewAdaptedCensus
    view_adapted_census_test.go:98: src/compiler/binder.ts: checker, 259 diagnostics, sites=map[tagged:130 untagged:19]
    view_adapted_census_test.go:98: src/compiler/builder.ts: checker, 259 diagnostics, sites=map[untagged:14]
    view_adapted_census_test.go:98: src/compiler/builderState.ts: checker, 259 diagnostics, sites=map[tagged:1]
    view_adapted_census_test.go:98: src/compiler/checker.ts: checker, 259 diagnostics, sites=map[tagged:667 untagged:991]
    view_adapted_census_test.go:98: src/compiler/commandLineParser.ts: checker, 259 diagnostics, sites=map[tagged:8 untagged:6]
    view_adapted_census_test.go:98: src/compiler/core.ts: checker, 259 diagnostics, sites=map[untagged:7]
    view_adapted_census_test.go:98: src/compiler/debug.ts: checker, 259 diagnostics, sites=map[untagged:18]
    view_adapted_census_test.go:98: src/compiler/emitter.ts: checker, 259 diagnostics, sites=map[tagged:239 untagged:6]
    view_adapted_census_test.go:98: src/compiler/expressionToTypeNode.ts: checker, 259 diagnostics, sites=map[tagged:15]
    view_adapted_census_test.go:98: src/compiler/factory/nodeChildren.ts: checker, 259 diagnostics, sites=map[tagged:1]
    view_adapted_census_test.go:98: src/compiler/factory/nodeFactory.ts: checker, 259 diagnostics, sites=map[tagged:4 untagged:4]
    view_adapted_census_test.go:98: src/compiler/factory/parenthesizerRules.ts: checker, 259 diagnostics, sites=map[tagged:8 untagged:2]
    view_adapted_census_test.go:98: src/compiler/factory/utilities.ts: checker, 259 diagnostics, sites=map[tagged:1]
    view_adapted_census_test.go:98: src/compiler/moduleNameResolver.ts: checker, 259 diagnostics, sites=map[untagged:2]
    view_adapted_census_test.go:98: src/compiler/moduleSpecifiers.ts: checker, 259 diagnostics, sites=map[tagged:1]
    view_adapted_census_test.go:98: src/compiler/parser.ts: checker, 259 diagnostics, sites=map[tagged:33 untagged:15]
    view_adapted_census_test.go:98: src/compiler/program.ts: checker, 259 diagnostics, sites=map[tagged:16 untagged:5]
    view_adapted_census_test.go:98: src/compiler/programDiagnostics.ts: checker, 259 diagnostics, sites=map[untagged:2]
    view_adapted_census_test.go:98: src/compiler/resolutionCache.ts: checker, 259 diagnostics, sites=map[untagged:2]
    view_adapted_census_test.go:98: src/compiler/symbolWalker.ts: checker, 259 diagnostics, sites=map[untagged:7]
    view_adapted_census_test.go:98: src/compiler/sys.ts: checker, 259 diagnostics, sites=map[untagged:2]
    view_adapted_census_test.go:98: src/compiler/tracing.ts: checker, 259 diagnostics, sites=map[untagged:9]
    view_adapted_census_test.go:98: src/compiler/transformers/classFields.ts: checker, 259 diagnostics, sites=map[tagged:39 untagged:4]
    view_adapted_census_test.go:98: src/compiler/transformers/declarations.ts: checker, 259 diagnostics, sites=map[tagged:3 untagged:1]
    view_adapted_census_test.go:98: src/compiler/transformers/destructuring.ts: checker, 259 diagnostics, sites=map[tagged:1]
    view_adapted_census_test.go:98: src/compiler/transformers/es2015.ts: checker, 259 diagnostics, sites=map[tagged:68 untagged:4]
    view_adapted_census_test.go:98: src/compiler/transformers/es2016.ts: checker, 259 diagnostics, sites=map[tagged:1]
    view_adapted_census_test.go:98: src/compiler/transformers/es2017.ts: checker, 259 diagnostics, sites=map[tagged:13 untagged:1]
    view_adapted_census_test.go:98: src/compiler/transformers/es2018.ts: checker, 259 diagnostics, sites=map[tagged:30 untagged:2]
    view_adapted_census_test.go:98: src/compiler/transformers/es2019.ts: checker, 259 diagnostics, sites=map[tagged:1]
    view_adapted_census_test.go:98: src/compiler/transformers/es2020.ts: checker, 259 diagnostics, sites=map[tagged:7]
    view_adapted_census_test.go:98: src/compiler/transformers/esDecorators.ts: checker, 259 diagnostics, sites=map[tagged:31]
    view_adapted_census_test.go:98: src/compiler/transformers/esnext.ts: checker, 259 diagnostics, sites=map[tagged:7]
    view_adapted_census_test.go:98: src/compiler/transformers/generators.ts: checker, 259 diagnostics, sites=map[tagged:46 untagged:1]
    view_adapted_census_test.go:98: src/compiler/transformers/jsx.ts: checker, 259 diagnostics, sites=map[tagged:5]
    view_adapted_census_test.go:98: src/compiler/transformers/legacyDecorators.ts: checker, 259 diagnostics, sites=map[tagged:9 untagged:1]
    view_adapted_census_test.go:98: src/compiler/transformers/module/esnextAnd2015.ts: checker, 259 diagnostics, sites=map[tagged:4]
    view_adapted_census_test.go:98: src/compiler/transformers/module/module.ts: checker, 259 diagnostics, sites=map[tagged:33 untagged:1]
    view_adapted_census_test.go:98: src/compiler/transformers/module/system.ts: checker, 259 diagnostics, sites=map[tagged:32 untagged:1]
    view_adapted_census_test.go:98: src/compiler/transformers/namedEvaluation.ts: checker, 259 diagnostics, sites=map[tagged:2]
    view_adapted_census_test.go:98: src/compiler/transformers/ts.ts: checker, 259 diagnostics, sites=map[tagged:40 untagged:1]
    view_adapted_census_test.go:98: src/compiler/transformers/typeSerializer.ts: checker, 259 diagnostics, sites=map[tagged:11 untagged:1]
    view_adapted_census_test.go:98: src/compiler/transformers/utilities.ts: checker, 259 diagnostics, sites=map[tagged:26 untagged:1]
    view_adapted_census_test.go:98: src/compiler/tsbuildPublic.ts: checker, 259 diagnostics, sites=map[untagged:14]
    view_adapted_census_test.go:98: src/compiler/utilities.ts: checker, 259 diagnostics, sites=map[tagged:199 untagged:18]
    view_adapted_census_test.go:98: src/compiler/utilitiesPublic.ts: checker, 259 diagnostics, sites=map[tagged:26 untagged:6]
    view_adapted_census_test.go:98: src/compiler/watch.ts: checker, 259 diagnostics, sites=map[untagged:4]
    view_adapted_census_test.go:98: src/compiler/watchPublic.ts: checker, 259 diagnostics, sites=map[untagged:2]
    view_adapted_census_test.go:98: src/compiler/watchUtilities.ts: checker, 259 diagnostics, sites=map[untagged:4]
    view_adapted_census_test.go:113: inventory=map[tagged:1758 untagged:1178] compiled=map[tagged:0 untagged:0] project diagnostics=259
--- PASS: TestLazyViewAdaptedCensus (125.63s)
PASS
ok  	github.com/system-inc/adamic/internal/lower	125.659s
