ruling-final 375 {'refused': 135, 'type error': 107, 'checked': 133} {'a-check': 1} {'a-check': 18.4}
a-check failed for 174 files:
stage3/adapt/48-memoize/a-explicit.a: refused, expected checked (adamic: /workspace/adamic/stage3/adapt/48-memoize/a-explicit.a:1:28: Adamic 0.1 refuses 'callback', a variable a function value captures and can be reached from what it holds, so the function holds th)
stage3/adapt/48-memoize/a.a: refused, expected checked (adamic: /workspace/adamic/stage3/adapt/48-memoize/a.a:4:13: Adamic 0.1 refuses a value as a condition; compare it explicitly, like name.length > 0 or count !== 0)
stage3/adapt/48-memoize/b-explicit.a: refused, expected checked (adamic: /workspace/adamic/stage3/adapt/48-memoize/b-explicit.a:3:9: Adamic 0.1 refuses 'pending', a variable a function value captures and can be reached from what it holds, so the function holds the )
stage3/adapt/48-memoize/b.a: refused, expected checked (adamic: /workspace/adamic/stage3/adapt/48-memoize/b.a:5:13: Adamic 0.1 refuses a value as a condition; compare it explicitly, like name.length > 0 or count !== 0)
stage3/adapt/75-optional-widening/coverage/reduced-union.a: refused, expected checked (adamic: /workspace/adamic/stage3/adapt/75-optional-widening/coverage/reduced-union.a:3:31: Adamic 0.1 refuses optional property id in { id?: number; } absent from structural source never, which can hi)
stage3/adapt/75-optional-widening/probes/read-write.a: type error, expected checked (stage3/adapt/75-optional-widening/probes/read-write.a:11:13: error TS2345: Argument of type 'number | undefined' is not assignable to parameter of type 'string'.)
stage3/drivers/parser/main.a: type error, expected checked (stage3/drivers/parser/main.a:3:21: error TS2591: Cannot find name 'node:fs'. Do you need to install type definitions for node? Try `npm i --save-dev @types/node` and then add 'node' to the types field)
stage3/drivers/parser/native-node-binding.a: type error, expected checked (stage3/drivers/parser/native-node-binding.a:3:20: error TS2591: Cannot find name 'require'. Do you need to install type definitions for node? Try `npm i --save-dev @types/node` and then add 'node' to )
stage3/drivers/parser/native-type-only-map-like.a: refused, expected checked (adamic: /workspace/adamic/stage3/drivers/parser/native-type-only-map-like.a:4:5: Adamic 0.1 refuses an index signature; use a Map, which keeps keys in the order they were added)
stage3/drivers/parser/range-cases.a: type error, expected checked (stage3/drivers/parser/range-cases.a:13:24: error TS7006: Parameter 'child' implicitly has an 'any' type.)
stage3/drivers/parser/range-check.a: refused, expected checked (adamic: /workspace/adamic/stage3/drivers/parser/range-check.a:8:13: Adamic 0.1 refuses the non-null assertion !; write ?? panic('why it can't be missing'), or narrow and handle the missing case)
stage3/drivers/scanner/main.a: type error, expected checked (stage3/drivers/scanner/main.a:13:25: error TS7006: Parameter 'message' implicitly has an 'any' type.)
stage3/drivers/scanner/probes/assert-failure.a: type error, expected checked (stage3/drivers/scanner/probes/assert-failure.a:2:31: error TS2307: Cannot find module './adapted/src/compiler/scanner.ts' or its corresponding type declarations.)
stage3/drivers/scanner/probes/assert-unknown.a: refused, expected checked (adamic: /workspace/adamic/stage3/drivers/scanner/probes/assert-unknown.a:1:39: Adamic 0.1 refuses a type predicate whose return is not proven (asserts cond needs a boolean parameter); inline the check)
stage3/drivers/scanner/probes/capture-stack-marker-control.a: type error, expected checked (stage3/drivers/scanner/probes/capture-stack-marker-control.a:2:21: error TS2591: Cannot find name 'node:util'. Do you need to install type definitions for node? Try `npm i --save-dev @types/node` and )
stage3/drivers/scanner/probes/capture-stack-marker.a: type error, expected checked (stage3/drivers/scanner/probes/capture-stack-marker.a:2:21: error TS2591: Cannot find name 'node:util'. Do you need to install type definitions for node? Try `npm i --save-dev @types/node` and then add)
stage3/drivers/scanner/probes/discovery-captured-literal.a: refused, expected checked (adamic: /workspace/adamic/stage3/drivers/scanner/probes/discovery-captured-literal.a:2:24: Adamic 0.1 refuses the non-null assertion !; write ?? panic('why it can't be missing'), or narrow and handle )
stage3/drivers/scanner/probes/discovery-explicit-undefined-method.a: refused, expected checked (adamic: /workspace/adamic/stage3/drivers/scanner/probes/discovery-explicit-undefined-method.a:8:63: Adamic 0.1 refuses the non-null assertion !; write ?? panic('why it can't be missing'), or narrow an)
stage3/drivers/scanner/probes/discovery-optional-method-trace.a: refused, expected checked (adamic: /workspace/adamic/stage3/drivers/scanner/probes/discovery-optional-method-trace.a:9:63: Adamic 0.1 refuses the non-null assertion !; write ?? panic('why it can't be missing'), or narrow and ha)
stage3/drivers/scanner/probes/discovery-optional-method.a: refused, expected checked (adamic: /workspace/adamic/stage3/drivers/scanner/probes/discovery-optional-method.a:8:63: Adamic 0.1 refuses the non-null assertion !; write ?? panic('why it can't be missing'), or narrow and handle t)
stage3/drivers/scanner/probes/discovery-property.a: refused, expected checked (adamic: /workspace/adamic/stage3/drivers/scanner/probes/discovery-property.a:1:64: Adamic 0.1 refuses the non-null assertion !; write ?? panic('why it can't be missing'), or narrow and handle the miss)
stage3/drivers/scanner/probes/error-constructor-value.a: refused, expected checked (adamic: /workspace/adamic/stage3/drivers/scanner/probes/error-constructor-value.a:2:6: Adamic 0.1 refuses a cast the runtime can't check; use a proven upcast, cast a discriminated object union with un)
stage3/drivers/scanner/probes/index-signature-type-only.a: refused, expected checked (adamic: /workspace/adamic/stage3/drivers/scanner/probes/index-signature-type-only.a:3:5: Adamic 0.1 refuses an index signature; use a Map, which keeps keys in the order they were added)
stage3/drivers/scanner/probes/scanner-captured-token-value.a: refused, expected checked (adamic: /workspace/adamic/stage3/drivers/scanner/probes/scanner-captured-token-value.a:2:19: Adamic 0.1 refuses a definite assignment assertion !; remove ! and initialize it where it is declared or in)
stage3/drivers/scanner/probes/scanner-lazy-text.a: refused, expected checked (adamic: /workspace/adamic/stage3/drivers/scanner/probes/scanner-lazy-text.a:3:16: Adamic 0.1 refuses the non-null assertion !; write ?? panic('why it can't be missing'), or narrow and handle the missi)
stage3/drivers/scanner/probes/scanner-state.a: type error, expected checked (stage3/drivers/scanner/probes/scanner-state.a:12:28: error TS2554: Expected 1 arguments, but got 2.)
stage3/drivers/scanner/probes/uninitialized-non-null.a: refused, expected checked (adamic: /workspace/adamic/stage3/drivers/scanner/probes/uninitialized-non-null.a:2:20: Adamic 0.1 refuses the non-null assertion !; write ?? panic('why it can't be missing'), or narrow and handle the )
stage3/fixtures/assertions/01_map_call.a: refused, expected checked (adamic: /workspace/adamic/stage3/fixtures/assertions/01_map_call.a:7:16: Adamic 0.1 refuses the non-null assertion !; write ?? panic('why it can't be missing'), or narrow and handle the missing case)
stage3/fixtures/assertions/02_code_point_call.a: refused, expected checked (adamic: /workspace/adamic/stage3/fixtures/assertions/02_code_point_call.a:7:12: Adamic 0.1 refuses the non-null assertion !; write ?? panic('why it can't be missing'), or narrow and handle the missing)
stage3/fixtures/assertions/03_exports_field.a: refused, expected checked (adamic: /workspace/adamic/stage3/fixtures/assertions/03_exports_field.a:9:16: Adamic 0.1 refuses the non-null assertion !; write ?? panic('why it can't be missing'), or narrow and handle the missing c)
stage3/fixtures/assertions/04_field_then_call.a: refused, expected checked (adamic: /workspace/adamic/stage3/fixtures/assertions/04_field_then_call.a:11:35: Adamic 0.1 refuses the non-null assertion !; write ?? panic('why it can't be missing'), or narrow and handle the missin)
stage3/fixtures/assertions/05_regex_call_index.a: refused, expected checked (adamic: /workspace/adamic/stage3/fixtures/assertions/05_regex_call_index.a:8:21: Adamic 0.1 refuses the non-null assertion !; write ?? panic('why it can't be missing'), or narrow and handle the missin)
stage3/fixtures/assertions/06_memoize_clear.a: refused, expected checked (adamic: /workspace/adamic/stage3/fixtures/assertions/06_memoize_clear.a:10:24: Adamic 0.1 refuses the non-null assertion !; write ?? panic('why it can't be missing'), or narrow and handle the missing )
stage3/fixtures/assertions/07_indexed_operation.a: refused, expected checked (adamic: /workspace/adamic/stage3/fixtures/assertions/07_indexed_operation.a:40:24: Adamic 0.1 refuses the non-null assertion !; write ?? panic('why it can't be missing'), or narrow and handle the miss)
stage3/fixtures/assertions/08_optional_start.a: refused, expected checked (adamic: /workspace/adamic/stage3/fixtures/assertions/08_optional_start.a:11:52: Adamic 0.1 refuses the non-null assertion !; write ?? panic('why it can't be missing'), or narrow and handle the missing)
stage3/fixtures/assertions/09_interface_kind.a: refused, expected checked (adamic: /workspace/adamic/stage3/fixtures/assertions/09_interface_kind.a:15:10: Adamic 0.1 refuses a cast the runtime can't check; use a proven upcast, cast a discriminated object union with unique li)
stage3/fixtures/assertions/11_parenthesized_kind.a: refused, expected checked (adamic: /workspace/adamic/stage3/fixtures/assertions/11_parenthesized_kind.a:15:14: Adamic 0.1 refuses a cast the runtime can't check; use a proven upcast, cast a discriminated object union with uniqu)
stage3/fixtures/assertions/12_union_target.a: refused, expected checked (adamic: /workspace/adamic/stage3/fixtures/assertions/12_union_target.a:19:13: Adamic 0.1 refuses a cast the runtime can't check; use a proven upcast, cast a discriminated object union with unique lite)
stage3/fixtures/assertions/13_flag_downcast.a: refused, expected checked (adamic: /workspace/adamic/stage3/fixtures/assertions/13_flag_downcast.a:11:52: Adamic 0.1 refuses a cast the runtime can't check; use a proven upcast, cast a discriminated object union with unique lit)
stage3/fixtures/assertions/14_structural_cache.a: refused, expected checked (adamic: /workspace/adamic/stage3/fixtures/assertions/14_structural_cache.a:11:17: Adamic 0.1 refuses an unproven relation from Type to IterableOrIteratorType: optional field iterationTypes has no prov)
stage3/fixtures/assertions/15_mutable_view.a: refused, expected checked (adamic: /workspace/adamic/stage3/fixtures/assertions/15_mutable_view.a:9:6: Adamic 0.1 refuses a value of type T seen as TextRange, whose readonly field pos becomes writable: a readonly field may hold)
stage3/fixtures/assertions/16_unknown_chain.a: refused, expected checked (adamic: /workspace/adamic/stage3/fixtures/assertions/16_unknown_chain.a:6:50: Adamic 0.1 refuses a cast the runtime can't check; use a proven upcast, cast a discriminated object union with unique lite)
stage3/fixtures/assertions/17_brand_upcast.a: refused, expected checked (adamic: /workspace/adamic/stage3/fixtures/assertions/17_brand_upcast.a:14:70: Adamic 0.1 refuses a cast the runtime can't check; use a proven upcast, cast a discriminated object union with unique lite)
stage3/fixtures/assertions/19_identifier_kind.a: refused, expected checked (adamic: /workspace/adamic/stage3/fixtures/assertions/19_identifier_kind.a:15:24: Adamic 0.1 refuses a cast the runtime can't check; use a proven upcast, cast a discriminated object union with unique l)
stage3/fixtures/assertions/20_type_flag_mask.a: refused, expected checked (adamic: /workspace/adamic/stage3/fixtures/assertions/20_type_flag_mask.a:11:54: Adamic 0.1 refuses a cast the runtime can't check; use a proven upcast, cast a discriminated object union with unique li)
stage3/fixtures/cycles/01_call_time/_namespaces/ts.a: refused, expected checked (adamic: /workspace/adamic/stage3/fixtures/cycles/01_call_time/core.a:10:9: Adamic 0.1 refuses a boolean | undefined as a condition; compare it explicitly, like name.length > 0 or count !== 0)
stage3/fixtures/cycles/01_call_time/core.a: refused, expected checked (adamic: /workspace/adamic/stage3/fixtures/cycles/01_call_time/core.a:10:9: Adamic 0.1 refuses a boolean | undefined as a condition; compare it explicitly, like name.length > 0 or count !== 0)
stage3/fixtures/cycles/01_call_time/main.a: refused, expected checked (adamic: /workspace/adamic/stage3/fixtures/cycles/01_call_time/core.a:10:9: Adamic 0.1 refuses a boolean | undefined as a condition; compare it explicitly, like name.length > 0 or count !== 0)
stage3/fixtures/cycles/01_call_time/path.a: refused, expected checked (adamic: /workspace/adamic/stage3/fixtures/cycles/01_call_time/core.a:10:9: Adamic 0.1 refuses a boolean | undefined as a condition; compare it explicitly, like name.length > 0 or count !== 0)
stage3/fixtures/cycles/02_reverse_barrel/_namespaces/ts.a: refused, expected checked (adamic: /workspace/adamic/stage3/fixtures/cycles/02_reverse_barrel/core.a:10:9: Adamic 0.1 refuses a boolean | undefined as a condition; compare it explicitly, like name.length > 0 or count !== 0)
