Scratch stub lost progress at PrivateIdentifier; cancelled discovery run. Not a compiler blocker.
Identifier	0	70	76	1	"export"
AsteriskToken	76	77	78	0	"*"
Identifier	78	79	83	0	"from"
StringLiteral	83	84	108	0	"\"../moduleSpecifiers.js\""
SemicolonToken	108	108	109	0	";"
EndOfFileToken	109	111	111	1	""
Identifier	0	65	71	1	"export"
AsteriskToken	71	72	73	0	"*"
Identifier	73	74	78	0	"from"
StringLiteral	78	79	98	0	"\"../performance.js\""
SemicolonToken	98	98	99	0	";"
EndOfFileToken	99	101	101	1	""
Identifier	0	53	59	1	"export"
AsteriskToken	59	60	61	0	"*"
Identifier	61	62	66	0	"from"
StringLiteral	66	67	85	0	"\"../corePublic.js\""
SemicolonToken	85	85	86	0	";"
Identifier	86	88	94	1	"export"
AsteriskToken	94	95	96	0	"*"
Identifier	96	97	101	0	"from"
StringLiteral	101	102	114	0	"\"../core.js\""
SemicolonToken	114	114	115	0	";"
Identifier	115	117	123	1	"export"
AsteriskToken	123	124	125	0	"*"
Identifier	125	126	130	0	"from"
StringLiteral	130	131	144	0	"\"../debug.js\""
SemicolonToken	144	144	145	0	";"
Identifier	145	147	153	1	"export"
AsteriskToken	153	154	155	0	"*"
Identifier	155	156	160	0	"from"
StringLiteral	160	161	175	0	"\"../semver.js\""
SemicolonToken	175	175	176	0	";"
Identifier	176	178	184	1	"export"
AsteriskToken	184	185	186	0	"*"
Identifier	186	187	191	0	"from"
StringLiteral	191	192	215	0	"\"../performanceCore.js\""
SemicolonToken	215	215	216	0	";"
Identifier	216	218	224	1	"export"
AsteriskToken	224	225	226	0	"*"
Identifier	226	227	231	0	"from"
StringLiteral	231	232	247	0	"\"../tracing.js\""
SemicolonToken	247	247	248	0	";"
Identifier	248	250	256	1	"export"
AsteriskToken	256	257	258	0	"*"
Identifier	258	259	263	0	"from"
StringLiteral	263	264	277	0	"\"../types.js\""
SemicolonToken	277	277	278	0	";"
Identifier	278	280	286	1	"export"
AsteriskToken	286	287	288	0	"*"
Identifier	288	289	293	0	"from"
StringLiteral	293	294	305	0	"\"../sys.js\""
SemicolonToken	305	305	306	0	";"
Identifier	306	308	314	1	"export"
AsteriskToken	314	315	316	0	"*"
Identifier	316	317	321	0	"from"
StringLiteral	321	322	334	0	"\"../path.js\""
SemicolonToken	334	334	335	0	";"
Identifier	335	337	343	1	"export"
AsteriskToken	343	344	345	0	"*"
Identifier	345	346	350	0	"from"
StringLiteral	350	351	393	0	"\"../diagnosticInformationMap.generated.js\""
SemicolonToken	393	393	394	0	";"
Identifier	394	396	402	1	"export"
AsteriskToken	402	403	404	0	"*"
Identifier	404	405	409	0	"from"
StringLiteral	409	410	425	0	"\"../scanner.js\""
SemicolonToken	425	425	426	0	";"
Identifier	426	428	434	1	"export"
AsteriskToken	434	435	436	0	"*"
Identifier	436	437	441	0	"from"
StringLiteral	441	442	465	0	"\"../utilitiesPublic.js\""
SemicolonToken	465	465	466	0	";"
Identifier	466	468	474	1	"export"
AsteriskToken	474	475	476	0	"*"
Identifier	476	477	481	0	"from"
StringLiteral	481	482	499	0	"\"../utilities.js\""
SemicolonToken	499	499	500	0	";"
Identifier	500	502	508	1	"export"
AsteriskToken	508	509	510	0	"*"
Identifier	510	511	515	0	"from"
StringLiteral	515	516	547	0	"\"../factory/baseNodeFactory.js\""
SemicolonToken	547	547	548	0	";"
Identifier	548	550	556	1	"export"
AsteriskToken	556	557	558	0	"*"
Identifier	558	559	563	0	"from"
StringLiteral	563	564	598	0	"\"../factory/parenthesizerRules.js\""
SemicolonToken	598	598	599	0	";"
Identifier	599	601	607	1	"export"
AsteriskToken	607	608	609	0	"*"
Identifier	609	610	614	0	"from"
StringLiteral	614	615	645	0	"\"../factory/nodeConverters.js\""
SemicolonToken	645	645	646	0	";"
Identifier	646	648	654	1	"export"
AsteriskToken	654	655	656	0	"*"
Identifier	656	657	661	0	"from"
StringLiteral	661	662	689	0	"\"../factory/nodeFactory.js\""
SemicolonToken	689	689	690	0	";"
Identifier	690	692	698	1	"export"
AsteriskToken	698	699	700	0	"*"
Identifier	700	701	705	0	"from"
StringLiteral	705	706	730	0	"\"../factory/emitNode.js\""
SemicolonToken	730	730	731	0	";"
Identifier	731	733	739	1	"export"
AsteriskToken	739	740	741	0	"*"
Identifier	741	742	746	0	"from"
StringLiteral	746	747	774	0	"\"../factory/emitHelpers.js\""
SemicolonToken	774	774	775	0	";"
Identifier	775	777	783	1	"export"
AsteriskToken	783	784	785	0	"*"
Identifier	785	786	790	0	"from"
StringLiteral	790	791	816	0	"\"../factory/nodeTests.js\""
SemicolonToken	816	816	817	0	";"
Identifi
...
ateIdentifier	16907	16907	16907	0	""
PrivateIdentifier	16907	16907	16907	0	""
PrivateIdentifier	16907	16907	16907	0	""
PrivateIdentifier	16907	16907	16907	0	""
PrivateIdentifier	16907	16907	16907	0	""
PrivateIdentifier	16907	16907	16907	0	""
PrivateIdentifier	16907	16907	16907	0	""
PrivateIdentifier	16907	16907	16907	0	""
PrivateIdentifier	16907	16907	16907	0	""
PrivateIdentifier	16907	16907	16907	0	""
PrivateIdentifier	16907	16907	16907	0	""
PrivateIdentifier	16907	16907	16907	0	""
PrivateIdentifier	16907	16907	16907	0	""
PrivateIdentifier	16907	16907	16907	0	""
PrivateIdentifier	16907	16907	16907	0	""
PrivateIdentifier	16907	16907	16907	0	""
PrivateIdentifier	16907	16907	16907	0	""
PrivateIdentifier	16907	16907	16907	0	""
PrivateIdentifier	16907	16907	16907	0	""
PrivateIdentifier	16907	16907	16907	0	""
PrivateIdentifier	16907	16907	16907	0	""
PrivateIdentifier	16907	16907	16907	0	""
PrivateIdentifier	16907	16907	16907	0	""
PrivateIdentifier	16907	16907	16907	0	""
PrivateIdentifier	16907	16907	16907	0	""
PrivateIdentifier	16907	16907	16907	0	""
PrivateIdentifier	16907	16907	16907	0	""
PrivateIdentifier	16907	16907	16907	0	""
PrivateIdentifier	16907	16907	16907	0	""
PrivateIdentifier	16907	16907	16907	0	""
PrivateIdentifier	16907	16907	16907	0	""
PrivateIdentifier	16907	16907	16907	0	""
PrivateIdentifier	16907	16907	16907	0	""
PrivateIdentifier	16907	16907	16907	0	""
PrivateIdentifier	16907	16907	16907	0	""
PrivateIdentifier	16907	16907	16907	0	""
PrivateIdentifier	16907	16907	16907	0	""
PrivateIdentifier	16907	16907	16907	0	""
PrivateIdentifier	16907	16907	16907	0	""
PrivateIdentifier	16907	16907	16907	0	""
PrivateIdentifier	16907	16907	16907	0	""
PrivateIdentifier	16907	16907	16907	0	""
PrivateIdentifier	16907	16907	16907	0	""
PrivateIdentifier	16907	16907	16907	0	""
PrivateIdentifier	16907	16907	16907	0	""
PrivateIdentifier	16907	16907	16907	0	""
PrivateIdentifier	16907	16907	16907	0	""
PrivateIdentifier	16907	16907	16907	0	""
PrivateIdentifier	16907	16907	16907	0	""
PrivateIdentifier	16907	16907	16907	0	""
PrivateIdentifier	16907	16907	16907	0	""
PrivateIdentifier	16907	16907	16907	0	""
PrivateIdentifier	16907	16907	16907	0	""
PrivateIdentifier	16907	16907	16907	0	""
PrivateIdentifier	16907	16907	16907	0	""
PrivateIdentifier	16907	16907	16907	0	""
PrivateIdentifier	16907	16907	16907	0	""
PrivateIdentifier	16907	16907	16907	0	""
PrivateIdentifier	16907	16907	16907	0	""
PrivateIdentifier	16907	16907	16907	0	""
PrivateIdentifier	16907	16907	16907	0	""
PrivateIdentifier	16907	16907	16907	0	""
PrivateIdentifier	16907	16907	16907	0	""
PrivateIdentifier	16907	16907	16907	0	""
PrivateIdentifier	16907	16907	16907	0	""
PrivateIdentifier	16907	16907	16907	0	""
PrivateIdentifier	16907	16907	16907	0	""
PrivateIdentifier	16907	16907	16907	0	""
PrivateIdentifier	16907	16907	16907	0	""
PrivateIdentifier	16907	16907	16907	0	""
PrivateIdentifier	16907	16907	16907	0	""
PrivateIdentifier	16907	16907	16907	0	""
PrivateIdentifier	16907	16907	16907	0	""
PrivateIdentifier	16907	16907	16907	0	""
PrivateIdentifier	16907	16907	16907	0	""
PrivateIdentifier	16907	16907	16907	0	""
PrivateIdentifier	16907	16907	16907	0	""
PrivateIdentifier	16907	16907	16907	0	""
PrivateIdentifier	16907	16907	16907	0	""
PrivateIdentifier	16907	16907	16907	0	""
PrivateIdentifier	16907	16907	16907	0	""
PrivateIdentifier	16907	16907	16907	0	""
PrivateIdentifier	16907	16907	16907	0	""
PrivateIdentifier	16907	16907	16907	0	""
PrivateIdentifier	16907	16907	16907	0	""
PrivateIdentifier	16907	16907	16907	0	""
PrivateIdentifier	16907	16907	16907	0	""
PrivateIdentifier	16907	16907	16907	0	""
PrivateIdentifier	16907	16907	16907	0	""
PrivateIdentifier	16907	16907	16907	0	""
PrivateIdentifier	16907	16907	16907	0	""
PrivateIdentifier	16907	16907	16907	0	""
PrivateIdentifier	16907	16907	16907	0	""
PrivateIdentifier	16907	16907	16907	0	""
PrivateIdentifier	16907	16907	16907	0	""
PrivateIdentifier	16907	16907	16907	0	""
PrivateIdentifier	16907	16907	16907	0	""
PrivateIdentifier	16907	16907	16907	0	""
PrivateIdentifier	16907	16907	16907	0	""
PrivateIdentifier	16907	16907	16907	0	""
