=== RUN   TestViewWriteStorageCoherence
=== PAUSE TestViewWriteStorageCoherence
=== CONT  TestViewWriteStorageCoherence
=== RUN   TestViewWriteStorageCoherence/boolean-nullish
=== PAUSE TestViewWriteStorageCoherence/boolean-nullish
=== CONT  TestViewWriteStorageCoherence/boolean-nullish
    view_write_storage_test.go:35: expected backend: stdout="false boolean\nundefined undefined\nfalse boolean\ntrue boolean\n" stderr="" exit=0
    view_write_storage_test.go:36: Node: stdout="false boolean\nundefined undefined\nfalse boolean\ntrue boolean\n" stderr="" exit=0
    view_write_storage_test.go:50: native-sanitized: stdout="" stderr="/home/agent/.cache/adamic/runtime/.build-2963895752/view_nullish.c:8:17: runtime error: member access within misaligned address 0x000000000002 for type 'const adamic_heap' (aka 'const struct adamic_heap'), which requires 8 byte alignment\n0x000000000002: note: pointer points here\n<memory cannot be printed>\nSUMMARY: UndefinedBehaviorSanitizer: undefined-behavior /home/agent/.cache/adamic/runtime/.build-2963895752/view_nullish.c:8:17 \n" exit=1
    view_write_storage_test.go:52: native-sanitized: exit codes differ
    view_write_storage_test.go:50: native-release: stdout="" stderr="" exit=-1
    view_write_storage_test.go:52: native-release: exit codes differ
    view_write_storage_test.go:50: javascript: stdout="false boolean\nundefined undefined\nfalse boolean\ntrue boolean\n" stderr="" exit=0
--- FAIL: TestViewWriteStorageCoherence (0.00s)
    --- FAIL: TestViewWriteStorageCoherence/boolean-nullish (14.81s)
FAIL
gate cache: native hits=0 misses=0
gate cache: node hits=0 misses=2
gate cache: probe hits=0 misses=0
FAIL	github.com/system-inc/adamic/internal/oracle	14.826s
FAIL
