=== RUN   TestRecordDiscardedReadProof
=== PAUSE TestRecordDiscardedReadProof
=== RUN   TestRecordObservationMustNotEscapeGuard
=== PAUSE TestRecordObservationMustNotEscapeGuard
=== RUN   TestRecordForms
=== PAUSE TestRecordForms
=== RUN   TestRecordRefusals
=== PAUSE TestRecordRefusals
=== RUN   TestRecordPrototypeLiteralNames
=== PAUSE TestRecordPrototypeLiteralNames
=== CONT  TestRecordDiscardedReadProof
=== RUN   TestRecordDiscardedReadProof/const_r:Record<string,number>={};_r['toString'];
=== CONT  TestRecordPrototypeLiteralNames
=== RUN   TestRecordPrototypeLiteralNames/const_r:Record<string,number>={};_console.log(String(r['constructor']));
=== CONT  TestRecordRefusals
=== RUN   TestRecordRefusals/interface_R_{_[key:string]:number;_named:number_}_const_r:R={named:1};
=== CONT  TestRecordForms
=== RUN   TestRecordForms/interface_R_{_[key:string]:_number_}_const_r:R={};_r['x']=1;_console.log(String(r['x']));
=== CONT  TestRecordObservationMustNotEscapeGuard
=== RUN   TestRecordObservationMustNotEscapeGuard/const_r:Record<string,number>={};_const_value=r['toString'];_console.log(String(value));
=== RUN   TestRecordRefusals/import_type_{Weak}_from_'adamic';_interface_Item_{name:string}_const_r:Record<string,Weak<Item>>={};
=== RUN   TestRecordForms/type_R=Record<string,string>;_const_r:R={x:'one'};_console.log(Object.keys(r).join(','));
=== RUN   TestRecordPrototypeLiteralNames/const_r:Record<string,number>={};_console.log(String('constructor'_in_r));
=== RUN   TestRecordDiscardedReadProof/function_show(r:Record<string,number>):void_{if(Object.hasOwn(r,'constructor'))_{console.log(String(r['constructor']));}}
=== RUN   TestRecordObservationMustNotEscapeGuard/function_show(r:Record<string,number>):void_{if(Object.hasOwn(r,'toString'))_{delete_r['toString'];_console.log(String(r['toString']));}}
=== RUN   TestRecordRefusals/function_show(r:Record<string,number>|null):void_{console.log(String(JSON.stringify(r)));}
=== RUN   TestRecordForms/function_show(r:Record<string,number>|undefined):void_{console.log(String(JSON.stringify(r)));}_show(undefined);_show({x:1});
=== RUN   TestRecordDiscardedReadProof/const_r:Record<string,number>={};_const_value_=_r['constructor'];
=== RUN   TestRecordObservationMustNotEscapeGuard/function_show(r:Record<string,number>):void_{if(Object.hasOwn(r,'other'))_{console.log(String(r['toString']));}}
=== RUN   TestRecordPrototypeLiteralNames/const_r:Record<string,number>={};_console.log(String(r['__defineGetter__']));
=== RUN   TestRecordRefusals/interface_R_{_readonly_[key:string]:number_}_const_r:R={};
=== RUN   TestRecordDiscardedReadProof/function_show(r:Record<string,number>):void_{const_value=r['constructor'];_if(Object.hasOwn(r,'constructor')){console.log(String(value));}}
=== RUN   TestRecordRefusals/interface_R_{_[key:number]:number_}_const_r:R={};
=== RUN   TestRecordPrototypeLiteralNames/const_r:Record<string,number>={};_console.log(String('__defineGetter__'_in_r));
=== RUN   TestRecordForms/interface_MapLike<T>_{_[key:string]:T_}_const_r:MapLike<number>={};_console.log(String(delete_r['absent']));
=== RUN   TestRecordDiscardedReadProof/function_show(r:Record<string,number>,k:string):void_{const_value=r[k];_if(Object.hasOwn(r,k)){console.log(String(value));}}
=== RUN   TestRecordRefusals/const_r:Record<string,()=>string>={};_console.log(r.toString());
=== RUN   TestRecordObservationMustNotEscapeGuard/function_show(r:Record<string,number>,k:string):void_{const_value=r[k];_console.log('between');_if(Object.hasOwn(r,k)){console.log(String(value));}}
=== RUN   TestRecordPrototypeLiteralNames/const_r:Record<string,number>={};_console.log(String(r['__defineSetter__']));
=== RUN   TestRecordForms/const_r:Record<string,number>={};_for(const_k_in_r)_{_console.log(k);_}
--- PASS: TestRecordDiscardedReadProof (1.00s)
    --- PASS: TestRecordDiscardedReadProof/const_r:Record<string,number>={};_r['toString']; (0.38s)
    --- PASS: TestRecordDiscardedReadProof/function_show(r:Record<string,number>):void_{if(Object.hasOwn(r,'constructor'))_{console.log(String(r['constructor']));}} (0.24s)
    --- PASS: TestRecordDiscardedReadProof/const_r:Record<string,number>={};_const_value_=_r['constructor']; (0.08s)
    --- PASS: TestRecordDiscardedReadProof/function_show(r:Record<string,number>):void_{const_value=r['constructor'];_if(Object.hasOwn(r,'constructor')){console.log(String(value));}} (0.17s)
    --- PASS: TestRecordDiscardedReadProof/function_show(r:Record<string,number>,k:string):void_{const_value=r[k];_if(Object.hasOwn(r,k)){console.log(String(value));}} (0.11s)
=== RUN   TestRecordPrototypeLiteralNames/const_r:Record<string,number>={};_console.log(String('__defineSetter__'_in_r));
=== RUN   TestRecordForms/interface_Node_{links:Record<string,Node>}_const_r:Record<string,Node>={};_r['fresh']={links:{}};
=== RUN   TestRecordRefusals/const_r:Record<string,number>={};_console.log(String(r['toString']));
=== RUN   TestRecordObservationMustNotEscapeGuard/function_show(r:Record<string,number>,k:string):void_{const_value=r[k];_if(Object.hasOwn(r,k)){console.log(String(value));}_else_{console.log(String(value));}}
--- PASS: TestRecordForms (1.12s)
    --- PASS: TestRecordForms/interface_R_{_[key:string]:_number_}_const_r:R={};_r['x']=1;_console.log(String(r['x'])); (0.37s)
    --- PASS: TestRecordForms/type_R=Record<string,string>;_const_r:R={x:'one'};_console.log(Object.keys(r).join(',')); (0.27s)
    --- PASS: TestRecordForms/function_show(r:Record<string,number>|undefined):void_{console.log(String(JSON.stringify(r)));}_show(undefined);_show({x:1}); (0.24s)
    --- PASS: TestRecordForms/interface_MapLike<T>_{_[key:string]:T_}_const_r:MapLike<number>={};_console.log(String(delete_r['absent'])); (0.07s)
    --- PASS: TestRecordForms/const_r:Record<string,number>={};_for(const_k_in_r)_{_console.log(k);_} (0.08s)
    --- PASS: TestRecordForms/interface_Node_{links:Record<string,Node>}_const_r:Record<string,Node>={};_r['fresh']={links:{}}; (0.09s)
=== RUN   TestRecordObservationMustNotEscapeGuard/function_show(r:Record<string,number>,k:string):void_{const_value=r[k];_if(Object.hasOwn(r,'other')){console.log(String(value));}}
=== RUN   TestRecordPrototypeLiteralNames/const_r:Record<string,number>={};_console.log(String(r['hasOwnProperty']));
=== RUN   TestRecordRefusals/const_r:Record<string,number>={};_console.log(String('constructor'_in_r));
=== RUN   TestRecordObservationMustNotEscapeGuard/const_r:Record<string,number>={};_console.log(String(r['toString']_===_undefined));
=== RUN   TestRecordRefusals/interface_Animal_{name:string}_interface_Dog_{name:'dog'}_const_dogs:Record<string,Dog>={};_const_copy:Record<string,Animal>={...dogs};
=== RUN   TestRecordPrototypeLiteralNames/const_r:Record<string,number>={};_console.log(String('hasOwnProperty'_in_r));
--- PASS: TestRecordObservationMustNotEscapeGuard (1.37s)
    --- PASS: TestRecordObservationMustNotEscapeGuard/const_r:Record<string,number>={};_const_value=r['toString'];_console.log(String(value)); (0.41s)
    --- PASS: TestRecordObservationMustNotEscapeGuard/function_show(r:Record<string,number>):void_{if(Object.hasOwn(r,'toString'))_{delete_r['toString'];_console.log(String(r['toString']));}} (0.23s)
    --- PASS: TestRecordObservationMustNotEscapeGuard/function_show(r:Record<string,number>):void_{if(Object.hasOwn(r,'other'))_{console.log(String(r['toString']));}} (0.28s)
    --- PASS: TestRecordObservationMustNotEscapeGuard/function_show(r:Record<string,number>,k:string):void_{const_value=r[k];_console.log('between');_if(Object.hasOwn(r,k)){console.log(String(value));}} (0.10s)
    --- PASS: TestRecordObservationMustNotEscapeGuard/function_show(r:Record<string,number>,k:string):void_{const_value=r[k];_if(Object.hasOwn(r,k)){console.log(String(value));}_else_{console.log(String(value));}} (0.16s)
    --- PASS: TestRecordObservationMustNotEscapeGuard/function_show(r:Record<string,number>,k:string):void_{const_value=r[k];_if(Object.hasOwn(r,'other')){console.log(String(value));}} (0.07s)
    --- PASS: TestRecordObservationMustNotEscapeGuard/const_r:Record<string,number>={};_console.log(String(r['toString']_===_undefined)); (0.09s)
=== RUN   TestRecordRefusals/interface_Animal_{name:string}_interface_Dog_extends_Animal_{bark:string}_const_dogs:Record<string,Dog>={};_const_animals:Record<string,Animal>=dogs;
=== RUN   TestRecordPrototypeLiteralNames/const_r:Record<string,number>={};_console.log(String(r['__lookupGetter__']));
=== RUN   TestRecordRefusals/function_view(r:Record<string,number>|{x:number}):{x?:number}_{return_r;}_const_r:Record<string,number>={};_console.log(String(view(r).x));
=== RUN   TestRecordPrototypeLiteralNames/const_r:Record<string,number>={};_console.log(String('__lookupGetter__'_in_r));
=== RUN   TestRecordPrototypeLiteralNames/const_r:Record<string,number>={};_console.log(String(r['__lookupSetter__']));
=== RUN   TestRecordPrototypeLiteralNames/const_r:Record<string,number>={};_console.log(String('__lookupSetter__'_in_r));
=== RUN   TestRecordRefusals/const_records:Record<string,number>={};_const_view:{x?:number}=records;
=== RUN   TestRecordRefusals/const_inner:Record<string,number>={};_const_holder={inner};_const_view:{inner:{x?:number}}=holder;
=== RUN   TestRecordRefusals/type_R=Readonly<Record<string,number>>;_const_r:R={};_console.log(String(r['x']));
=== RUN   TestRecordRefusals/const_fixed={x:1};_const_r:Record<string,number>=fixed;
=== RUN   TestRecordPrototypeLiteralNames/const_r:Record<string,number>={};_console.log(String(r['isPrototypeOf']));
=== RUN   TestRecordRefusals/interface_R_{[key:string]:R}_const_r:R={};_r['self']=r;
=== RUN   TestRecordPrototypeLiteralNames/const_r:Record<string,number>={};_console.log(String('isPrototypeOf'_in_r));
=== RUN   TestRecordPrototypeLiteralNames/const_r:Record<string,number>={};_console.log(String(r['propertyIsEnumerable']));
=== RUN   TestRecordRefusals/interface_Node_{links:Record<string,Node>}_const_a:Node={links:{}};_a.links['self']=a;
--- PASS: TestRecordRefusals (1.96s)
    --- PASS: TestRecordRefusals/interface_R_{_[key:string]:number;_named:number_}_const_r:R={named:1}; (0.21s)
    --- PASS: TestRecordRefusals/import_type_{Weak}_from_'adamic';_interface_Item_{name:string}_const_r:Record<string,Weak<Item>>={}; (0.24s)
    --- PASS: TestRecordRefusals/function_show(r:Record<string,number>|null):void_{console.log(String(JSON.stringify(r)));} (0.26s)
    --- PASS: TestRecordRefusals/interface_R_{_readonly_[key:string]:number_}_const_r:R={}; (0.08s)
    --- PASS: TestRecordRefusals/interface_R_{_[key:number]:number_}_const_r:R={}; (0.11s)
    --- PASS: TestRecordRefusals/const_r:Record<string,()=>string>={};_console.log(r.toString()); (0.13s)
    --- PASS: TestRecordRefusals/const_r:Record<string,number>={};_console.log(String(r['toString'])); (0.20s)
    --- PASS: TestRecordRefusals/const_r:Record<string,number>={};_console.log(String('constructor'_in_r)); (0.11s)
    --- PASS: TestRecordRefusals/interface_Animal_{name:string}_interface_Dog_{name:'dog'}_const_dogs:Record<string,Dog>={};_const_copy:Record<string,Animal>={...dogs}; (0.06s)
    --- PASS: TestRecordRefusals/interface_Animal_{name:string}_interface_Dog_extends_Animal_{bark:string}_const_dogs:Record<string,Dog>={};_const_animals:Record<string,Animal>=dogs; (0.05s)
    --- PASS: TestRecordRefusals/function_view(r:Record<string,number>|{x:number}):{x?:number}_{return_r;}_const_r:Record<string,number>={};_console.log(String(view(r).x)); (0.12s)
    --- PASS: TestRecordRefusals/const_records:Record<string,number>={};_const_view:{x?:number}=records; (0.03s)
    --- PASS: TestRecordRefusals/const_inner:Record<string,number>={};_const_holder={inner};_const_view:{inner:{x?:number}}=holder; (0.05s)
    --- PASS: TestRecordRefusals/type_R=Readonly<Record<string,number>>;_const_r:R={};_console.log(String(r['x'])); (0.04s)
    --- PASS: TestRecordRefusals/const_fixed={x:1};_const_r:Record<string,number>=fixed; (0.04s)
    --- PASS: TestRecordRefusals/interface_R_{[key:string]:R}_const_r:R={};_r['self']=r; (0.08s)
    --- PASS: TestRecordRefusals/interface_Node_{links:Record<string,Node>}_const_a:Node={links:{}};_a.links['self']=a; (0.13s)
=== RUN   TestRecordPrototypeLiteralNames/const_r:Record<string,number>={};_console.log(String('propertyIsEnumerable'_in_r));
=== RUN   TestRecordPrototypeLiteralNames/const_r:Record<string,number>={};_console.log(String(r['toString']));
=== RUN   TestRecordPrototypeLiteralNames/const_r:Record<string,number>={};_console.log(String('toString'_in_r));
=== RUN   TestRecordPrototypeLiteralNames/const_r:Record<string,number>={};_console.log(String(r['valueOf']));
=== RUN   TestRecordPrototypeLiteralNames/const_r:Record<string,number>={};_console.log(String('valueOf'_in_r));
=== RUN   TestRecordPrototypeLiteralNames/const_r:Record<string,number>={};_console.log(String(r['__proto__']));
=== RUN   TestRecordPrototypeLiteralNames/const_r:Record<string,number>={};_console.log(String('__proto__'_in_r));
=== RUN   TestRecordPrototypeLiteralNames/const_r:Record<string,number>={};_console.log(String(r['toLocaleString']));
=== RUN   TestRecordPrototypeLiteralNames/const_r:Record<string,number>={};_console.log(String('toLocaleString'_in_r));
--- PASS: TestRecordPrototypeLiteralNames (2.82s)
    --- PASS: TestRecordPrototypeLiteralNames/const_r:Record<string,number>={};_console.log(String(r['constructor'])); (0.39s)
    --- PASS: TestRecordPrototypeLiteralNames/const_r:Record<string,number>={};_console.log(String('constructor'_in_r)); (0.29s)
    --- PASS: TestRecordPrototypeLiteralNames/const_r:Record<string,number>={};_console.log(String(r['__defineGetter__'])); (0.11s)
    --- PASS: TestRecordPrototypeLiteralNames/const_r:Record<string,number>={};_console.log(String('__defineGetter__'_in_r)); (0.16s)
    --- PASS: TestRecordPrototypeLiteralNames/const_r:Record<string,number>={};_console.log(String(r['__defineSetter__'])); (0.08s)
    --- PASS: TestRecordPrototypeLiteralNames/const_r:Record<string,number>={};_console.log(String('__defineSetter__'_in_r)); (0.19s)
    --- PASS: TestRecordPrototypeLiteralNames/const_r:Record<string,number>={};_console.log(String(r['hasOwnProperty'])); (0.15s)
    --- PASS: TestRecordPrototypeLiteralNames/const_r:Record<string,number>={};_console.log(String('hasOwnProperty'_in_r)); (0.06s)
    --- PASS: TestRecordPrototypeLiteralNames/const_r:Record<string,number>={};_console.log(String(r['__lookupGetter__'])); (0.05s)
    --- PASS: TestRecordPrototypeLiteralNames/const_r:Record<string,number>={};_console.log(String('__lookupGetter__'_in_r)); (0.05s)
    --- PASS: TestRecordPrototypeLiteralNames/const_r:Record<string,number>={};_console.log(String(r['__lookupSetter__'])); (0.05s)
    --- PASS: TestRecordPrototypeLiteralNames/const_r:Record<string,number>={};_console.log(String('__lookupSetter__'_in_r)); (0.15s)
    --- PASS: TestRecordPrototypeLiteralNames/const_r:Record<string,number>={};_console.log(String(r['isPrototypeOf'])); (0.05s)
    --- PASS: TestRecordPrototypeLiteralNames/const_r:Record<string,number>={};_console.log(String('isPrototypeOf'_in_r)); (0.05s)
    --- PASS: TestRecordPrototypeLiteralNames/const_r:Record<string,number>={};_console.log(String(r['propertyIsEnumerable'])); (0.27s)
    --- PASS: TestRecordPrototypeLiteralNames/const_r:Record<string,number>={};_console.log(String('propertyIsEnumerable'_in_r)); (0.03s)
    --- PASS: TestRecordPrototypeLiteralNames/const_r:Record<string,number>={};_console.log(String(r['toString'])); (0.12s)
    --- PASS: TestRecordPrototypeLiteralNames/const_r:Record<string,number>={};_console.log(String('toString'_in_r)); (0.09s)
    --- PASS: TestRecordPrototypeLiteralNames/const_r:Record<string,number>={};_console.log(String(r['valueOf'])); (0.09s)
    --- PASS: TestRecordPrototypeLiteralNames/const_r:Record<string,number>={};_console.log(String('valueOf'_in_r)); (0.04s)
    --- PASS: TestRecordPrototypeLiteralNames/const_r:Record<string,number>={};_console.log(String(r['__proto__'])); (0.04s)
    --- PASS: TestRecordPrototypeLiteralNames/const_r:Record<string,number>={};_console.log(String('__proto__'_in_r)); (0.06s)
    --- PASS: TestRecordPrototypeLiteralNames/const_r:Record<string,number>={};_console.log(String(r['toLocaleString'])); (0.17s)
    --- PASS: TestRecordPrototypeLiteralNames/const_r:Record<string,number>={};_console.log(String('toLocaleString'_in_r)); (0.09s)
PASS
ok  	github.com/system-inc/adamic/internal/lower	2.882s
