=== RUN   TestCheckedViewDictionaryContainerBatch
=== RUN   TestCheckedViewDictionaryContainerBatch/wildcard-directories-good
    checked_view_dictionary_container_test.go:60: native: mkdir /home/agent/.cache/adamic/runtime/.build-1821765500: no space left on device
=== RUN   TestCheckedViewDictionaryContainerBatch/wildcard-directories-wrong
    checked_view_dictionary_container_test.go:60: native: mkdir /home/agent/.cache/adamic/runtime/.build-1821765500: no space left on device
=== RUN   TestCheckedViewDictionaryContainerBatch/wildcard-directories-missing
    checked_view_dictionary_container_test.go:60: native: mkdir /home/agent/.cache/adamic/runtime/.build-1821765500: no space left on device
=== RUN   TestCheckedViewDictionaryContainerBatch/watch-options-good
    checked_view_dictionary_container_test.go:60: native: mkdir /home/agent/.cache/adamic/runtime/.build-1821765500: no space left on device
=== RUN   TestCheckedViewDictionaryContainerBatch/watch-options-wrong
    checked_view_dictionary_container_test.go:60: native: mkdir /home/agent/.cache/adamic/runtime/.build-1821765500: no space left on device
=== RUN   TestCheckedViewDictionaryContainerBatch/watch-options-missing
    checked_view_dictionary_container_test.go:60: native: mkdir /home/agent/.cache/adamic/runtime/.build-1821765500: no space left on device
=== RUN   TestCheckedViewDictionaryContainerBatch/version-paths-good
    checked_view_dictionary_container_test.go:60: native: mkdir /home/agent/.cache/adamic/runtime/.build-1821765500: no space left on device
=== RUN   TestCheckedViewDictionaryContainerBatch/version-paths-wrong
    checked_view_dictionary_container_test.go:60: native: mkdir /home/agent/.cache/adamic/runtime/.build-1821765500: no space left on device
=== RUN   TestCheckedViewDictionaryContainerBatch/version-paths-missing
    checked_view_dictionary_container_test.go:60: native: mkdir /home/agent/.cache/adamic/runtime/.build-1821765500: no space left on device
=== RUN   TestCheckedViewDictionaryContainerBatch/incremental-multi-options-good
    checked_view_dictionary_container_test.go:60: native: mkdir /home/agent/.cache/adamic/runtime/.build-1821765500: no space left on device
=== RUN   TestCheckedViewDictionaryContainerBatch/incremental-multi-options-wrong
    checked_view_dictionary_container_test.go:60: native: mkdir /home/agent/.cache/adamic/runtime/.build-1821765500: no space left on device
=== RUN   TestCheckedViewDictionaryContainerBatch/incremental-multi-options-missing
    checked_view_dictionary_container_test.go:60: native: mkdir /home/agent/.cache/adamic/runtime/.build-1821765500: no space left on device
=== RUN   TestCheckedViewDictionaryContainerBatch/incremental-bundle-options-good
    checked_view_dictionary_container_test.go:60: native: mkdir /home/agent/.cache/adamic/runtime/.build-1821765500: no space left on device
=== RUN   TestCheckedViewDictionaryContainerBatch/incremental-bundle-options-wrong
    checked_view_dictionary_container_test.go:60: native: mkdir /home/agent/.cache/adamic/runtime/.build-1821765500: no space left on device
=== RUN   TestCheckedViewDictionaryContainerBatch/incremental-bundle-options-missing
    checked_view_dictionary_container_test.go:60: native: mkdir /home/agent/.cache/adamic/runtime/.build-1821765500: no space left on device
=== RUN   TestCheckedViewDictionaryContainerBatch/incremental-options-good
    checked_view_dictionary_container_test.go:60: native: mkdir /home/agent/.cache/adamic/runtime/.build-1821765500: no space left on device
=== RUN   TestCheckedViewDictionaryContainerBatch/incremental-options-wrong
    checked_view_dictionary_container_test.go:60: native: mkdir /home/agent/.cache/adamic/runtime/.build-1821765500: no space left on device
=== RUN   TestCheckedViewDictionaryContainerBatch/incremental-options-missing
    checked_view_dictionary_container_test.go:60: native: mkdir /home/agent/.cache/adamic/runtime/.build-1821765500: no space left on device
=== RUN   TestCheckedViewDictionaryContainerBatch/reusable-state-options-good
    checked_view_dictionary_container_test.go:60: native: mkdir /home/agent/.cache/adamic/runtime/.build-1821765500: no space left on device
=== RUN   TestCheckedViewDictionaryContainerBatch/reusable-state-options-wrong
    checked_view_dictionary_container_test.go:60: native: mkdir /home/agent/.cache/adamic/runtime/.build-1821765500: no space left on device
=== RUN   TestCheckedViewDictionaryContainerBatch/reusable-state-options-missing
    checked_view_dictionary_container_test.go:60: native: mkdir /home/agent/.cache/adamic/runtime/.build-1821765500: no space left on device
=== RUN   TestCheckedViewDictionaryContainerBatch/builder-state-options-good
    checked_view_dictionary_container_test.go:60: native: mkdir /home/agent/.cache/adamic/runtime/.build-1821765500: no space left on device
=== RUN   TestCheckedViewDictionaryContainerBatch/builder-state-options-wrong
    checked_view_dictionary_container_test.go:60: native: mkdir /home/agent/.cache/adamic/runtime/.build-1821765500: no space left on device
=== RUN   TestCheckedViewDictionaryContainerBatch/builder-state-options-missing
    checked_view_dictionary_container_test.go:60: native: mkdir /home/agent/.cache/adamic/runtime/.build-1821765500: no space left on device
--- FAIL: TestCheckedViewDictionaryContainerBatch (0.68s)
    --- FAIL: TestCheckedViewDictionaryContainerBatch/wildcard-directories-good (0.06s)
    --- FAIL: TestCheckedViewDictionaryContainerBatch/wildcard-directories-wrong (0.03s)
    --- FAIL: TestCheckedViewDictionaryContainerBatch/wildcard-directories-missing (0.03s)
    --- FAIL: TestCheckedViewDictionaryContainerBatch/watch-options-good (0.03s)
    --- FAIL: TestCheckedViewDictionaryContainerBatch/watch-options-wrong (0.03s)
    --- FAIL: TestCheckedViewDictionaryContainerBatch/watch-options-missing (0.03s)
    --- FAIL: TestCheckedViewDictionaryContainerBatch/version-paths-good (0.03s)
    --- FAIL: TestCheckedViewDictionaryContainerBatch/version-paths-wrong (0.03s)
    --- FAIL: TestCheckedViewDictionaryContainerBatch/version-paths-missing (0.02s)
    --- FAIL: TestCheckedViewDictionaryContainerBatch/incremental-multi-options-good (0.03s)
    --- FAIL: TestCheckedViewDictionaryContainerBatch/incremental-multi-options-wrong (0.02s)
    --- FAIL: TestCheckedViewDictionaryContainerBatch/incremental-multi-options-missing (0.02s)
    --- FAIL: TestCheckedViewDictionaryContainerBatch/incremental-bundle-options-good (0.03s)
    --- FAIL: TestCheckedViewDictionaryContainerBatch/incremental-bundle-options-wrong (0.03s)
    --- FAIL: TestCheckedViewDictionaryContainerBatch/incremental-bundle-options-missing (0.04s)
    --- FAIL: TestCheckedViewDictionaryContainerBatch/incremental-options-good (0.03s)
    --- FAIL: TestCheckedViewDictionaryContainerBatch/incremental-options-wrong (0.03s)
    --- FAIL: TestCheckedViewDictionaryContainerBatch/incremental-options-missing (0.02s)
    --- FAIL: TestCheckedViewDictionaryContainerBatch/reusable-state-options-good (0.03s)
    --- FAIL: TestCheckedViewDictionaryContainerBatch/reusable-state-options-wrong (0.03s)
    --- FAIL: TestCheckedViewDictionaryContainerBatch/reusable-state-options-missing (0.03s)
    --- FAIL: TestCheckedViewDictionaryContainerBatch/builder-state-options-good (0.03s)
    --- FAIL: TestCheckedViewDictionaryContainerBatch/builder-state-options-wrong (0.03s)
    --- FAIL: TestCheckedViewDictionaryContainerBatch/builder-state-options-missing (0.02s)
=== RUN   TestCheckedViewDictionaryOptionalContainers
=== RUN   TestCheckedViewDictionaryOptionalContainers/optional-watch-good
    checked_view_dictionary_optional_test.go:24: native: mkdir /home/agent/.cache/adamic/runtime/.build-1821765500: no space left on device
=== RUN   TestCheckedViewDictionaryOptionalContainers/optional-watch-wrong
    checked_view_dictionary_optional_test.go:24: native: mkdir /home/agent/.cache/adamic/runtime/.build-1821765500: no space left on device
=== RUN   TestCheckedViewDictionaryOptionalContainers/optional-watch-missing
    checked_view_dictionary_optional_test.go:24: native: mkdir /home/agent/.cache/adamic/runtime/.build-1821765500: no space left on device
=== RUN   TestCheckedViewDictionaryOptionalContainers/optional-watch-receiver-missing
    checked_view_dictionary_optional_test.go:24: native: mkdir /home/agent/.cache/adamic/runtime/.build-1821765500: no space left on device
=== RUN   TestCheckedViewDictionaryOptionalContainers/optional-watch-undefined
    checked_view_dictionary_optional_test.go:24: native: mkdir /home/agent/.cache/adamic/runtime/.build-1821765500: no space left on device
=== RUN   TestCheckedViewDictionaryOptionalContainers/optional-options-good
    checked_view_dictionary_optional_test.go:24: native: mkdir /home/agent/.cache/adamic/runtime/.build-1821765500: no space left on device
=== RUN   TestCheckedViewDictionaryOptionalContainers/optional-options-wrong
    checked_view_dictionary_optional_test.go:24: native: mkdir /home/agent/.cache/adamic/runtime/.build-1821765500: no space left on device
=== RUN   TestCheckedViewDictionaryOptionalContainers/optional-options-missing
    checked_view_dictionary_optional_test.go:24: native: mkdir /home/agent/.cache/adamic/runtime/.build-1821765500: no space left on device
=== RUN   TestCheckedViewDictionaryOptionalContainers/optional-options-receiver-missing
    checked_view_dictionary_optional_test.go:24: native: mkdir /home/agent/.cache/adamic/runtime/.build-1821765500: no space left on device
=== RUN   TestCheckedViewDictionaryOptionalContainers/optional-options-undefined
    checked_view_dictionary_optional_test.go:24: native: mkdir /home/agent/.cache/adamic/runtime/.build-1821765500: no space left on device
=== RUN   TestCheckedViewDictionaryOptionalContainers/optional-wildcard-good
    checked_view_dictionary_optional_test.go:24: native: mkdir /home/agent/.cache/adamic/runtime/.build-1821765500: no space left on device
=== RUN   TestCheckedViewDictionaryOptionalContainers/optional-wildcard-wrong
    checked_view_dictionary_optional_test.go:24: native: mkdir /home/agent/.cache/adamic/runtime/.build-1821765500: no space left on device
=== RUN   TestCheckedViewDictionaryOptionalContainers/optional-wildcard-missing
    checked_view_dictionary_optional_test.go:24: native: mkdir /home/agent/.cache/adamic/runtime/.build-1821765500: no space left on device
=== RUN   TestCheckedViewDictionaryOptionalContainers/optional-wildcard-receiver-missing
    checked_view_dictionary_optional_test.go:24: native: mkdir /home/agent/.cache/adamic/runtime/.build-1821765500: no space left on device
=== RUN   TestCheckedViewDictionaryOptionalContainers/optional-wildcard-undefined
    checked_view_dictionary_optional_test.go:24: native: mkdir /home/agent/.cache/adamic/runtime/.build-1821765500: no space left on device
--- FAIL: TestCheckedViewDictionaryOptionalContainers (0.44s)
    --- FAIL: TestCheckedViewDictionaryOptionalContainers/optional-watch-good (0.03s)
    --- FAIL: TestCheckedViewDictionaryOptionalContainers/optional-watch-wrong (0.02s)
    --- FAIL: TestCheckedViewDictionaryOptionalContainers/optional-watch-missing (0.03s)
    --- FAIL: TestCheckedViewDictionaryOptionalContainers/optional-watch-receiver-missing (0.02s)
    --- FAIL: TestCheckedViewDictionaryOptionalContainers/optional-watch-undefined (0.03s)
    --- FAIL: TestCheckedViewDictionaryOptionalContainers/optional-options-good (0.03s)
    --- FAIL: TestCheckedViewDictionaryOptionalContainers/optional-options-wrong (0.02s)
    --- FAIL: TestCheckedViewDictionaryOptionalContainers/optional-options-missing (0.03s)
    --- FAIL: TestCheckedViewDictionaryOptionalContainers/optional-options-receiver-missing (0.03s)
    --- FAIL: TestCheckedViewDictionaryOptionalContainers/optional-options-undefined (0.04s)
    --- FAIL: TestCheckedViewDictionaryOptionalContainers/optional-wildcard-good (0.03s)
    --- FAIL: TestCheckedViewDictionaryOptionalContainers/optional-wildcard-wrong (0.03s)
    --- FAIL: TestCheckedViewDictionaryOptionalContainers/optional-wildcard-missing (0.04s)
    --- FAIL: TestCheckedViewDictionaryOptionalContainers/optional-wildcard-receiver-missing (0.03s)
    --- FAIL: TestCheckedViewDictionaryOptionalContainers/optional-wildcard-undefined (0.03s)
=== RUN   TestCheckedViewDictionaryOptionalAbsenceMutant
    checked_view_dictionary_optional_test.go:77: semantic mutant must compile:  native: mkdir /home/agent/.cache/adamic/runtime/.build-2156613224: no space left on device
--- FAIL: TestCheckedViewDictionaryOptionalAbsenceMutant (0.04s)
=== RUN   TestCheckedViewDictionaryArrays
=== RUN   TestCheckedViewDictionaryArrays/paths-good
    checked_view_dictionary_propagation_test.go:54: native: mkdir /home/agent/.cache/adamic/runtime/.build-1821765500: no space left on device
=== RUN   TestCheckedViewDictionaryArrays/paths-missing
    checked_view_dictionary_propagation_test.go:54: native: mkdir /home/agent/.cache/adamic/runtime/.build-1821765500: no space left on device
=== RUN   TestCheckedViewDictionaryArrays/paths-container-wrong
    checked_view_dictionary_propagation_test.go:54: native: mkdir /home/agent/.cache/adamic/runtime/.build-1821765500: no space left on device
=== RUN   TestCheckedViewDictionaryArrays/paths-wrong
    checked_view_dictionary_propagation_test.go:54: native: mkdir /home/agent/.cache/adamic/runtime/.build-1821765500: no space left on device
=== RUN   TestCheckedViewDictionaryArrays/paths-element-wrong
    checked_view_dictionary_propagation_test.go:54: native: mkdir /home/agent/.cache/adamic/runtime/.build-1821765500: no space left on device
=== RUN   TestCheckedViewDictionaryArrays/paths-key-missing
    checked_view_dictionary_propagation_test.go:54: native: mkdir /home/agent/.cache/adamic/runtime/.build-1821765500: no space left on device
--- FAIL: TestCheckedViewDictionaryArrays (0.16s)
    --- FAIL: TestCheckedViewDictionaryArrays/paths-good (0.03s)
    --- FAIL: TestCheckedViewDictionaryArrays/paths-missing (0.03s)
    --- FAIL: TestCheckedViewDictionaryArrays/paths-container-wrong (0.02s)
    --- FAIL: TestCheckedViewDictionaryArrays/paths-wrong (0.03s)
    --- FAIL: TestCheckedViewDictionaryArrays/paths-element-wrong (0.03s)
    --- FAIL: TestCheckedViewDictionaryArrays/paths-key-missing (0.02s)
FAIL
gate cache: native hits=0 misses=0
gate cache: node hits=0 misses=0
gate cache: probe hits=0 misses=0
FAIL	github.com/system-inc/adamic/internal/oracle	1.334s
FAIL
