=== RUN   TestCheckedViewNullish
=== RUN   TestCheckedViewNullish/number-both
    checked_views_nullish_test.go:28: Node and both backends: "number:false:false\n8\nobject:true:false\nundefined:false:true\n"
--- PASS: TestCheckedViewNullish (0.54s)
    --- PASS: TestCheckedViewNullish/number-both (0.54s)
=== RUN   TestCheckedViewNullishMutants
=== RUN   TestCheckedViewNullishMutants/number-null-opposite
    checked_views_nullish_test.go:46: source Node: exit=0 stdout="undefined:false:true\nobject:true:false\n" stderr=""
    checked_views_nullish_test.go:52: caught opposite: adamic: panic: field read failed: node.value matches no member of number | null; expected number | null, found undefined
    checked_views_nullish_test.go:52: caught opposite: adamic: panic: field read failed: node.value matches no member of number | null; expected number | null, found undefined
    checked_views_nullish_test.go:52: caught opposite: adamic: panic: field read failed: node.value matches no member of number | null; expected number | null, found undefined
=== RUN   TestCheckedViewNullishMutants/string-both-wrong
    checked_views_nullish_test.go:46: source Node: exit=0 stdout="number:false:false\n42:present\nobject:true:false\nundefined:false:true\n" stderr=""
    checked_views_nullish_test.go:52: caught wrong: adamic: panic: field read failed: node.value matches no member of string | null | undefined; expected string | null | undefined, found number
    checked_views_nullish_test.go:52: caught wrong: adamic: panic: field read failed: node.value matches no member of string | null | undefined; expected string | null | undefined, found number
    checked_views_nullish_test.go:52: caught wrong: adamic: panic: field read failed: node.value matches no member of string | null | undefined; expected string | null | undefined, found number
--- PASS: TestCheckedViewNullishMutants (0.82s)
    --- PASS: TestCheckedViewNullishMutants/number-null-opposite (0.41s)
    --- PASS: TestCheckedViewNullishMutants/string-both-wrong (0.41s)
=== RUN   TestCheckedViewNullishCallableSignatureMutant
    checked_views_nullish_test.go:100: Node source: exit=0 stdout="function:false:false\nordinary\nfunction:false:false\n42\nobject:true:false\nundefined:false:true\n"
    checked_views_nullish_test.go:104: caught signature mutant: /workspace/adamic/stage3/interface-downcasts/nullish/fixtures/callable-signature-mutant.a:10:14: Adamic 0.1 refuses checked view read of field value with unsupported callable contract; prove or implement the callable contract before reading this field
--- PASS: TestCheckedViewNullishCallableSignatureMutant (0.11s)
PASS
gate cache: native hits=0 misses=1
gate cache: node hits=0 misses=7
gate cache: probe hits=0 misses=0
ok  	github.com/system-inc/adamic/internal/oracle	1.485s
