=== RUN   TestCheckedViewIntersectionRequiredUndefinedPresence
=== RUN   TestCheckedViewIntersectionRequiredUndefinedPresence/finite-missing
    checked_views_intersections_presence_test.go:31: gate cache node hit
    checked_views_intersections_presence_test.go:40: gate cache node miss
=== RUN   TestCheckedViewIntersectionRequiredUndefinedPresence/finite-undefined
    checked_views_intersections_presence_test.go:31: gate cache node hit
    checked_views_intersections_presence_test.go:40: gate cache node miss
    oracle_test.go:651: gate cache native miss
=== RUN   TestCheckedViewIntersectionRequiredUndefinedPresence/recursive-missing
    checked_views_intersections_presence_test.go:31: gate cache node hit
    checked_views_intersections_presence_test.go:40: gate cache node miss
=== RUN   TestCheckedViewIntersectionRequiredUndefinedPresence/recursive-undefined
    checked_views_intersections_presence_test.go:31: gate cache node hit
    checked_views_intersections_presence_test.go:40: gate cache node miss
    oracle_test.go:651: gate cache native miss
--- PASS: TestCheckedViewIntersectionRequiredUndefinedPresence (20.64s)
    --- PASS: TestCheckedViewIntersectionRequiredUndefinedPresence/finite-missing (18.99s)
    --- PASS: TestCheckedViewIntersectionRequiredUndefinedPresence/finite-undefined (0.60s)
    --- PASS: TestCheckedViewIntersectionRequiredUndefinedPresence/recursive-missing (0.35s)
    --- PASS: TestCheckedViewIntersectionRequiredUndefinedPresence/recursive-undefined (0.70s)
=== RUN   TestCheckedViewCompleteBrand
=== RUN   TestCheckedViewCompleteBrand/good
    checked_views_mixed_unions_test.go:317: gate cache node miss
    checked_views_mixed_unions_test.go:328: gate cache node miss
=== RUN   TestCheckedViewCompleteBrand/undefined
    checked_views_mixed_unions_test.go:317: gate cache node miss
    checked_views_mixed_unions_test.go:328: gate cache node miss
    checked_views_mixed_unions_test.go:361: gate cache node miss
    checked_views_mixed_unions_test.go:368: first-member substitution caught: exit 0 stdout "wordword\n"
    checked_views_mixed_unions_test.go:368: first-member substitution caught: exit 0 stdout "wordword\n"
=== RUN   TestCheckedViewCompleteBrand/wrong
    checked_views_mixed_unions_test.go:317: gate cache node miss
    checked_views_mixed_unions_test.go:328: gate cache node miss
    checked_views_mixed_unions_test.go:345: gate cache node miss
    checked_views_mixed_unions_test.go:352: member-check removal caught: exit 0 stdout "uncheckedunchecked\n"
    checked_views_mixed_unions_test.go:352: member-check removal caught: exit 0 stdout "uncheckedunchecked\n"
=== RUN   TestCheckedViewCompleteBrand/null
    checked_views_mixed_unions_test.go:317: gate cache node miss
    checked_views_mixed_unions_test.go:328: gate cache node miss
    checked_views_mixed_unions_test.go:345: gate cache node miss
    checked_views_mixed_unions_test.go:352: member-check removal caught: exit 0 stdout "uncheckedunchecked\n"
    checked_views_mixed_unions_test.go:352: member-check removal caught: exit 0 stdout "uncheckedunchecked\n"
=== RUN   TestCheckedViewCompleteBrand/missing
    checked_views_mixed_unions_test.go:317: gate cache node miss
    checked_views_mixed_unions_test.go:328: gate cache node miss
    checked_views_mixed_unions_test.go:345: gate cache node miss
    checked_views_mixed_unions_test.go:352: member-check removal caught: exit 0 stdout "uncheckedunchecked\n"
    checked_views_mixed_unions_test.go:352: member-check removal caught: exit 0 stdout "uncheckedunchecked\n"
=== RUN   TestCheckedViewCompleteBrand/internal
    checked_views_mixed_unions_test.go:317: gate cache node miss
    checked_views_mixed_unions_test.go:328: gate cache node miss
=== RUN   TestCheckedViewCompleteBrand/object
    checked_views_mixed_unions_test.go:317: gate cache node miss
    checked_views_mixed_unions_test.go:328: gate cache node miss
    checked_views_mixed_unions_test.go:345: gate cache node miss
    checked_views_mixed_unions_test.go:352: member-check removal caught: exit 0 stdout "uncheckedunchecked\n"
    checked_views_mixed_unions_test.go:352: member-check removal caught: exit 0 stdout "uncheckedunchecked\n"
=== RUN   TestCheckedViewCompleteBrand/symbol-good
    checked_views_mixed_unions_test.go:317: gate cache node miss
    checked_views_mixed_unions_test.go:328: gate cache node miss
=== RUN   TestCheckedViewCompleteBrand/symbol-undefined
    checked_views_mixed_unions_test.go:317: gate cache node miss
    checked_views_mixed_unions_test.go:328: gate cache node miss
    checked_views_mixed_unions_test.go:361: gate cache node miss
    checked_views_mixed_unions_test.go:368: first-member substitution caught: exit 0 stdout "wordword\n"
    checked_views_mixed_unions_test.go:368: first-member substitution caught: exit 0 stdout "wordword\n"
=== RUN   TestCheckedViewCompleteBrand/symbol-wrong
    checked_views_mixed_unions_test.go:317: gate cache node miss
    checked_views_mixed_unions_test.go:328: gate cache node miss
    checked_views_mixed_unions_test.go:345: gate cache node miss
    checked_views_mixed_unions_test.go:352: member-check removal caught: exit 0 stdout "uncheckedunchecked\n"
    checked_views_mixed_unions_test.go:352: member-check removal caught: exit 0 stdout "uncheckedunchecked\n"
=== RUN   TestCheckedViewCompleteBrand/symbol-null
    checked_views_mixed_unions_test.go:317: gate cache node miss
    checked_views_mixed_unions_test.go:328: gate cache node miss
    checked_views_mixed_unions_test.go:345: gate cache node miss
    checked_views_mixed_unions_test.go:352: member-check removal caught: exit 0 stdout "uncheckedunchecked\n"
    checked_views_mixed_unions_test.go:352: member-check removal caught: exit 0 stdout "uncheckedunchecked\n"
--- PASS: TestCheckedViewCompleteBrand (6.07s)
    --- PASS: TestCheckedViewCompleteBrand/good (0.55s)
    --- PASS: TestCheckedViewCompleteBrand/undefined (0.83s)
    --- PASS: TestCheckedViewCompleteBrand/wrong (0.44s)
    --- PASS: TestCheckedViewCompleteBrand/null (0.47s)
    --- PASS: TestCheckedViewCompleteBrand/missing (0.49s)
    --- PASS: TestCheckedViewCompleteBrand/internal (0.58s)
    --- PASS: TestCheckedViewCompleteBrand/object (0.42s)
    --- PASS: TestCheckedViewCompleteBrand/symbol-good (0.50s)
    --- PASS: TestCheckedViewCompleteBrand/symbol-undefined (0.79s)
    --- PASS: TestCheckedViewCompleteBrand/symbol-wrong (0.44s)
    --- PASS: TestCheckedViewCompleteBrand/symbol-null (0.57s)
=== RUN   TestOptionalClassReads
=== RUN   TestOptionalClassReads/class_derived.a
    optional_checked_test.go:110: gate cache node miss
    optional_checked_test.go:126: gate cache node miss
    optional_checked_test.go:128: stderr differs
=== RUN   TestOptionalClassReads/class_expression.a
    optional_checked_test.go:110: gate cache node miss
=== RUN   TestOptionalClassReads/class_generic.a
    optional_checked_test.go:110: gate cache node miss
    optional_checked_test.go:126: gate cache node miss
    optional_checked_test.go:128: stderr differs
=== RUN   TestOptionalClassReads/class_generic_compound.a
    optional_checked_test.go:110: gate cache node miss
    optional_checked_test.go:126: gate cache node miss
    optional_checked_test.go:128: stderr differs
=== RUN   TestOptionalClassReads/class_transitive.a
    optional_checked_test.go:110: gate cache node miss
    optional_checked_test.go:126: gate cache node miss
    optional_checked_test.go:128: stderr differs
--- FAIL: TestOptionalClassReads (3.00s)
    --- FAIL: TestOptionalClassReads/class_derived.a (0.79s)
    --- PASS: TestOptionalClassReads/class_expression.a (0.18s)
    --- FAIL: TestOptionalClassReads/class_generic.a (0.74s)
    --- FAIL: TestOptionalClassReads/class_generic_compound.a (0.73s)
    --- FAIL: TestOptionalClassReads/class_transitive.a (0.56s)
FAIL
gate cache: native hits=0 misses=2
gate cache: node hits=4 misses=43
gate cache: probe hits=0 misses=0
FAIL	github.com/system-inc/adamic/internal/oracle	29.737s
FAIL
