=== RUN   TestCheckedViewFiniteStringKeyComponent
=== RUN   TestCheckedViewFiniteStringKeyComponent/9761/target
=== RUN   TestCheckedViewFiniteStringKeyComponent/9761/strict
=== RUN   TestCheckedViewFiniteStringKeyComponent/9761/undefined
=== RUN   TestCheckedViewFiniteStringKeyComponent/9761/missing
=== RUN   TestCheckedViewFiniteStringKeyComponent/9761/wrong
    checked_views_primitive_pairs_test.go:127: literal-member bypass caught: exit 0 stdout "uncheckedunchecked\n"
    checked_views_primitive_pairs_test.go:127: literal-member bypass caught: exit 0 stdout "uncheckedunchecked\n"
=== RUN   TestCheckedViewFiniteStringKeyComponent/9761/number
=== RUN   TestCheckedViewFiniteStringKeyComponent/9761/null
=== RUN   TestCheckedViewFiniteStringKeyComponent/97180/target
=== RUN   TestCheckedViewFiniteStringKeyComponent/97180/strict
=== RUN   TestCheckedViewFiniteStringKeyComponent/97180/undefined
=== RUN   TestCheckedViewFiniteStringKeyComponent/97180/missing
=== RUN   TestCheckedViewFiniteStringKeyComponent/97180/wrong
    checked_views_primitive_pairs_test.go:127: literal-member bypass caught: exit 0 stdout "uncheckedunchecked\n"
    checked_views_primitive_pairs_test.go:127: literal-member bypass caught: exit 0 stdout "uncheckedunchecked\n"
=== RUN   TestCheckedViewFiniteStringKeyComponent/97180/number
=== RUN   TestCheckedViewFiniteStringKeyComponent/97180/null
--- PASS: TestCheckedViewFiniteStringKeyComponent (4.64s)
    --- PASS: TestCheckedViewFiniteStringKeyComponent/9761/target (0.44s)
    --- PASS: TestCheckedViewFiniteStringKeyComponent/9761/strict (0.38s)
    --- PASS: TestCheckedViewFiniteStringKeyComponent/9761/undefined (0.38s)
    --- PASS: TestCheckedViewFiniteStringKeyComponent/9761/missing (0.38s)
    --- PASS: TestCheckedViewFiniteStringKeyComponent/9761/wrong (0.33s)
    --- PASS: TestCheckedViewFiniteStringKeyComponent/9761/number (0.22s)
    --- PASS: TestCheckedViewFiniteStringKeyComponent/9761/null (0.22s)
    --- PASS: TestCheckedViewFiniteStringKeyComponent/97180/target (0.38s)
    --- PASS: TestCheckedViewFiniteStringKeyComponent/97180/strict (0.38s)
    --- PASS: TestCheckedViewFiniteStringKeyComponent/97180/undefined (0.37s)
    --- PASS: TestCheckedViewFiniteStringKeyComponent/97180/missing (0.41s)
    --- PASS: TestCheckedViewFiniteStringKeyComponent/97180/wrong (0.33s)
    --- PASS: TestCheckedViewFiniteStringKeyComponent/97180/number (0.21s)
    --- PASS: TestCheckedViewFiniteStringKeyComponent/97180/null (0.21s)
=== RUN   TestCheckedViewPrimitiveArrayPairGap
=== RUN   TestCheckedViewPrimitiveArrayPairGap/string
=== RUN   TestCheckedViewPrimitiveArrayPairGap/number
=== RUN   TestCheckedViewPrimitiveArrayPairGap/plain-number
=== RUN   TestCheckedViewPrimitiveArrayPairGap/plain-string
=== RUN   TestCheckedViewPrimitiveArrayPairGap/wrong
=== RUN   TestCheckedViewPrimitiveArrayPairGap/bounds
--- PASS: TestCheckedViewPrimitiveArrayPairGap (0.77s)
    --- PASS: TestCheckedViewPrimitiveArrayPairGap/string (0.13s)
    --- PASS: TestCheckedViewPrimitiveArrayPairGap/number (0.13s)
    --- PASS: TestCheckedViewPrimitiveArrayPairGap/plain-number (0.13s)
    --- PASS: TestCheckedViewPrimitiveArrayPairGap/plain-string (0.12s)
    --- PASS: TestCheckedViewPrimitiveArrayPairGap/wrong (0.12s)
    --- PASS: TestCheckedViewPrimitiveArrayPairGap/bounds (0.13s)
=== RUN   TestCheckedViewOpenCompilerOptionKeySelection
=== RUN   TestCheckedViewOpenCompilerOptionKeySelection/9761/string
=== RUN   TestCheckedViewOpenCompilerOptionKeySelection/9761/number
=== RUN   TestCheckedViewOpenCompilerOptionKeySelection/9761/undefined
=== RUN   TestCheckedViewOpenCompilerOptionKeySelection/9761/missing
=== RUN   TestCheckedViewOpenCompilerOptionKeySelection/9761/wrong
    checked_views_primitive_pairs_test.go:197: open-key read bypass caught: exit 0 stdout "uncheckedunchecked\n"
    checked_views_primitive_pairs_test.go:197: open-key read bypass caught: exit 0 stdout "uncheckedunchecked\n"
=== RUN   TestCheckedViewOpenCompilerOptionKeySelection/9761/null
    checked_views_primitive_pairs_test.go:197: open-key read bypass caught: exit 0 stdout "uncheckedunchecked\n"
    checked_views_primitive_pairs_test.go:197: open-key read bypass caught: exit 0 stdout "uncheckedunchecked\n"
=== RUN   TestCheckedViewOpenCompilerOptionKeySelection/97180/string
=== RUN   TestCheckedViewOpenCompilerOptionKeySelection/97180/number
=== RUN   TestCheckedViewOpenCompilerOptionKeySelection/97180/undefined
=== RUN   TestCheckedViewOpenCompilerOptionKeySelection/97180/missing
=== RUN   TestCheckedViewOpenCompilerOptionKeySelection/97180/wrong
    checked_views_primitive_pairs_test.go:197: open-key read bypass caught: exit 0 stdout "uncheckedunchecked\n"
    checked_views_primitive_pairs_test.go:197: open-key read bypass caught: exit 0 stdout "uncheckedunchecked\n"
=== RUN   TestCheckedViewOpenCompilerOptionKeySelection/97180/null
    checked_views_primitive_pairs_test.go:197: open-key read bypass caught: exit 0 stdout "uncheckedunchecked\n"
    checked_views_primitive_pairs_test.go:197: open-key read bypass caught: exit 0 stdout "uncheckedunchecked\n"
--- PASS: TestCheckedViewOpenCompilerOptionKeySelection (5.04s)
    --- PASS: TestCheckedViewOpenCompilerOptionKeySelection/9761/string (0.37s)
    --- PASS: TestCheckedViewOpenCompilerOptionKeySelection/9761/number (0.42s)
    --- PASS: TestCheckedViewOpenCompilerOptionKeySelection/9761/undefined (0.39s)
    --- PASS: TestCheckedViewOpenCompilerOptionKeySelection/9761/missing (0.38s)
    --- PASS: TestCheckedViewOpenCompilerOptionKeySelection/9761/wrong (0.48s)
    --- PASS: TestCheckedViewOpenCompilerOptionKeySelection/9761/null (0.48s)
    --- PASS: TestCheckedViewOpenCompilerOptionKeySelection/97180/string (0.39s)
    --- PASS: TestCheckedViewOpenCompilerOptionKeySelection/97180/number (0.40s)
    --- PASS: TestCheckedViewOpenCompilerOptionKeySelection/97180/undefined (0.39s)
    --- PASS: TestCheckedViewOpenCompilerOptionKeySelection/97180/missing (0.39s)
    --- PASS: TestCheckedViewOpenCompilerOptionKeySelection/97180/wrong (0.48s)
    --- PASS: TestCheckedViewOpenCompilerOptionKeySelection/97180/null (0.48s)
PASS
gate cache: native hits=0 misses=8
gate cache: node hits=0 misses=64
gate cache: probe hits=0 misses=0
ok  	github.com/system-inc/adamic/internal/oracle	10.452s
