=== RUN   TestCheckedViewIntersectionRequiredUndefinedPresence
=== RUN   TestCheckedViewIntersectionRequiredUndefinedPresence/finite-missing
    checked_views_intersections_presence_test.go:31: gate cache node miss
    checked_views_intersections_presence_test.go:40: gate cache node miss
    checked_views_intersections_presence_test.go:48: required undefined field must retain presence: got oracle.run{stdout:[]uint8{0x74, 0x72, 0x75, 0x65, 0xa}, stderr:[]uint8{}, exitCode:0}
    checked_views_intersections_presence_test.go:48: required undefined field must retain presence: got oracle.run{stdout:[]uint8{0x74, 0x72, 0x75, 0x65, 0xa}, stderr:[]uint8{}, exitCode:0}
    checked_views_intersections_presence_test.go:48: required undefined field must retain presence: got oracle.run{stdout:[]uint8{0x74, 0x72, 0x75, 0x65, 0xa}, stderr:[]uint8{}, exitCode:0}
=== RUN   TestCheckedViewIntersectionRequiredUndefinedPresence/finite-undefined
    checked_views_intersections_presence_test.go:31: gate cache node miss
    checked_views_intersections_presence_test.go:40: gate cache node miss
    oracle_test.go:651: gate cache native miss
=== RUN   TestCheckedViewIntersectionRequiredUndefinedPresence/recursive-missing
    checked_views_intersections_presence_test.go:31: gate cache node miss
    checked_views_intersections_presence_test.go:40: gate cache node miss
    checked_views_intersections_presence_test.go:48: required undefined field must retain presence: got oracle.run{stdout:[]uint8{0x74, 0x72, 0x75, 0x65, 0xa}, stderr:[]uint8{}, exitCode:0}
    checked_views_intersections_presence_test.go:48: required undefined field must retain presence: got oracle.run{stdout:[]uint8{0x74, 0x72, 0x75, 0x65, 0xa}, stderr:[]uint8{}, exitCode:0}
    checked_views_intersections_presence_test.go:48: required undefined field must retain presence: got oracle.run{stdout:[]uint8{0x74, 0x72, 0x75, 0x65, 0xa}, stderr:[]uint8{}, exitCode:0}
=== RUN   TestCheckedViewIntersectionRequiredUndefinedPresence/recursive-undefined
    checked_views_intersections_presence_test.go:31: gate cache node miss
    checked_views_intersections_presence_test.go:40: gate cache node miss
    oracle_test.go:651: gate cache native miss
--- FAIL: TestCheckedViewIntersectionRequiredUndefinedPresence (16.16s)
    --- FAIL: TestCheckedViewIntersectionRequiredUndefinedPresence/finite-missing (14.59s)
    --- PASS: TestCheckedViewIntersectionRequiredUndefinedPresence/finite-undefined (0.58s)
    --- FAIL: TestCheckedViewIntersectionRequiredUndefinedPresence/recursive-missing (0.40s)
    --- PASS: TestCheckedViewIntersectionRequiredUndefinedPresence/recursive-undefined (0.59s)
FAIL
gate cache: native hits=0 misses=2
gate cache: node hits=0 misses=8
gate cache: probe hits=0 misses=0
FAIL	github.com/system-inc/adamic/internal/oracle	16.176s
FAIL
