{
  "symbols": [
    "regexp.EscapeClassRune",
    "regexp.identityEscape",
    "regexp.literalRune"
  ],
  "rules": [
    "@next/next/no-html-link-for-pages",
    "@typescript-eslint/no-empty-object-type",
    "no-restricted-exports",
    "no-restricted-imports"
  ],
  "sources": 641,
  "packages": [
    "./internal/lint/rules/core",
    "./internal/lint/rules/next",
    "./internal/lint/rules/typescript"
  ],
  "capture_gate_exit": 0,
  "cohere_commit": "715ba94f3608a6500086b1076ce5cb7e51b836db"
}
stage1/cohere/lint/helpers/slot02/batch8/testdata/sources.jsonl.gz 7a2441355e3c62eb1d32503fd40e6a1e1db9325a51f57c6dd2ec91121f61f111 byte-identical
stage1/cohere/lint/helpers/slot02/batch8/testdata/coverage.json ee3c3e3d2d92cc4cdd01800b577ee0fc23b0e2f74033136e3cac416bf2860875 byte-identical
