--- FAIL: TestCensusComputedRelation (0.03s)
panic: Unhandled case in Node.Text: *ast.ComputedPropertyName [recovered, repanicked]

goroutine 21 [running]:
testing.tRunner.func1.2({0x1b9df08, 0x26383994ee10})
	/workspace/adamic-tools/go/src/testing/testing.go:2123 +0x232
testing.tRunner.func1()
	/workspace/adamic-tools/go/src/testing/testing.go:2126 +0x329
panic({0x1b9df08?, 0x26383994ee10?})
	/workspace/adamic-tools/go/src/runtime/panic.go:859 +0x125
github.com/microsoft/TypeScript/tsc/internal/ast.(*Node).Text(0x809e9b?)
	/workspace/adamic/cohere/TypeScript/tsc/internal/ast/ast.go:308 +0x42c
github.com/system-inc/adamic/internal/lower.relationFieldExpression(0x26383995ea00?, {0x263838ee0064, 0x5})
	/workspace/adamic/internal/lower/proven_relations.go:177 +0x97
github.com/system-inc/adamic/internal/lower.(*lowering).optionalRelationFailure(0x26383995ea00, 0x263839957bc0, 0x263839956c00, 0x263839120500, 0x263839862ba8)
	/workspace/adamic/internal/lower/proven_relations.go:157 +0xbf9
github.com/system-inc/adamic/internal/lower.(*lowering).provenRelation(0x26383995ea00, 0x263838f631c0, 0x263839120500, 0x263839956c00)
	/workspace/adamic/internal/lower/proven_relations.go:22 +0x1b7
github.com/system-inc/adamic/internal/lower.(*lowering).refuseWidening(0x26383995ea00, 0x263838f631c0)
	/workspace/adamic/internal/lower/invariance.go:419 +0x305
github.com/system-inc/adamic/internal/lower.(*lowering).refuseStringWidening(0x26383995ea00, 0x263838f631c0)
	/workspace/adamic/internal/lower/library_string.go:355 +0x3d
github.com/system-inc/adamic/internal/lower.(*lowering).refuse.func2(0x263838f631c0)
	/workspace/adamic/internal/lower/refusals.go:183 +0xc07
github.com/microsoft/TypeScript/tsc/internal/ast.visit(...)
	/workspace/adamic/cohere/TypeScript/tsc/internal/ast/ast.go:33
github.com/microsoft/TypeScript/tsc/internal/ast.(*VariableDeclaration).ForEachChild(0x263838f19658, 0x263839863ce8)
	/workspace/adamic/cohere/TypeScript/tsc/internal/ast/ast_generated.go:1729 +0xc2
github.com/microsoft/TypeScript/tsc/internal/ast.(*Node).ForEachChild(0x26383995ea00?, 0x263839863ce8)
	/workspace/adamic/cohere/TypeScript/tsc/internal/ast/ast_generated.go:8740 +0x1438
github.com/system-inc/adamic/internal/lower.(*lowering).refuse.func2(0x263838f19658)
	/workspace/adamic/internal/lower/refusals.go:192 +0xcac
github.com/microsoft/TypeScript/tsc/internal/ast.visitNodes(...)
	/workspace/adamic/cohere/TypeScript/tsc/internal/ast/ast.go:40
github.com/microsoft/TypeScript/tsc/internal/ast.visitNodeList(...)
	/workspace/adamic/cohere/TypeScript/tsc/internal/ast/ast.go:49
github.com/microsoft/TypeScript/tsc/internal/ast.(*VariableDeclarationList).ForEachChild(...)
	/workspace/adamic/cohere/TypeScript/tsc/internal/ast/ast_generated.go:1774
github.com/microsoft/TypeScript/tsc/internal/ast.(*Node).ForEachChild(0x26383995ea00?, 0x263839863ce8)
	/workspace/adamic/cohere/TypeScript/tsc/internal/ast/ast_generated.go:8742 +0x3084
github.com/system-inc/adamic/internal/lower.(*lowering).refuse.func2(0x263838f65ac0)
	/workspace/adamic/internal/lower/refusals.go:192 +0xcac
github.com/microsoft/TypeScript/tsc/internal/ast.visit(...)
	/workspace/adamic/cohere/TypeScript/tsc/internal/ast/ast.go:33
github.com/microsoft/TypeScript/tsc/internal/ast.(*VariableStatement).ForEachChild(0x645c5e?, 0x263838f83980?)
	/workspace/adamic/cohere/TypeScript/tsc/internal/ast/ast_generated.go:1679 +0x62
github.com/microsoft/TypeScript/tsc/internal/ast.(*Node).ForEachChild(0x26383995ea00?, 0x263839863ce8)
	/workspace/adamic/cohere/TypeScript/tsc/internal/ast/ast_generated.go:8738 +0x1032
github.com/system-inc/adamic/internal/lower.(*lowering).refuse.func2(0x2638390af130)
	/workspace/adamic/internal/lower/refusals.go:192 +0xcac
github.com/microsoft/TypeScript/tsc/internal/ast.visitNodes(...)
	/workspace/adamic/cohere/TypeScript/tsc/internal/ast/ast.go:40
github.com/microsoft/TypeScript/tsc/internal/ast.visitNodeList(...)
	/workspace/adamic/cohere/TypeScript/tsc/internal/ast/ast.go:49
github.com/microsoft/TypeScript/tsc/internal/ast.(*SourceFile).ForEachChild(0x263839434a88, 0x263839863ce8)
	/workspace/adamic/cohere/TypeScript/tsc/internal/ast/ast.go:2783 +0x9b
github.com/microsoft/TypeScript/tsc/internal/ast.(*Node).ForEachChild(0x263839863c28?, 0x263839863ce8)
	/workspace/adamic/cohere/TypeScript/tsc/internal/ast/ast_generated.go:9002 +0x1ec5
github.com/system-inc/adamic/internal/lower.(*lowering).refuse(0x26383995ea00, 0x263839434a88)
	/workspace/adamic/internal/lower/refusals.go:195 +0x547
github.com/system-inc/adamic/internal/lower.Lower({0x1c541b8?, 0x1d3ea40?}, 0x263838ed8b70)
	/workspace/adamic/internal/lower/lower.go:43 +0x37b
github.com/system-inc/adamic/internal/lower.lowerSource(0x2638390acd88, {0x263838e7b520, 0xcc})
	/workspace/adamic/internal/lower/lower_test.go:25 +0x19a
github.com/system-inc/adamic/internal/lower.TestCensusComputedRelation(0x2638390acd88)
	/workspace/adamic/internal/lower/census_panics_test.go:77 +0x45
testing.tRunner(0x2638390acd88, 0x1c5e5d0)
	/workspace/adamic-tools/go/src/testing/testing.go:2193 +0xea
created by testing.(*T).Run in goroutine 1
	/workspace/adamic-tools/go/src/testing/testing.go:2258 +0x4d4
FAIL	github.com/system-inc/adamic/internal/lower	0.043s
FAIL
