=== RUN   TestRulesAgree
    lint_test.go:399: cohere cases: 2031 unique source/rule/options combinations
    lint_test.go:432: EXPLICIT LIMIT: parser recovery is not ported for /tmp/adamic-gate/TestRulesAgree2348002427/019/case-079/Thing.ts	@typescript-eslint/method-signature-style			false	{"Style":"method"}	unsupported-recovery
    lint_test.go:433: Go recovered output: case 0
        recovery findings only
    lint_test.go:433: explicit unsupported recovery: /tmp/adamic-gate/TestRulesAgree2348002427/003/scanner: timeout=false: exit status 70: adamic: panic: parser slice expected OpenBraceToken, got EndOfFile at 11 in /tmp/adamic-gate/TestRulesAgree2348002427/019/case-079/Thing.ts
    lint_test.go:433: explicit unsupported recovery: node: timeout=false: exit status 70: adamic: panic: parser slice expected OpenBraceToken, got EndOfFile at 11 in /tmp/adamic-gate/TestRulesAgree2348002427/019/case-079/Thing.ts
    lint_test.go:432: EXPLICIT LIMIT: parser recovery is not ported for /tmp/adamic-gate/TestRulesAgree2348002427/019/case-081/Thing.ts	@typescript-eslint/method-signature-style			false	{"Style":"method"}	unsupported-recovery
    lint_test.go:433: Go recovered output: case 0
        recovery findings only
    lint_test.go:433: explicit unsupported recovery: /tmp/adamic-gate/TestRulesAgree2348002427/003/scanner: timeout=true: signal: killed: 
    lint_test.go:433: explicit unsupported recovery: node: timeout=true: signal: killed: 
    lint_test.go:432: EXPLICIT LIMIT: parser recovery is not ported for /tmp/adamic-gate/TestRulesAgree2348002427/019/case-085/Thing.ts	@typescript-eslint/method-signature-style			false	{"Style":"method"}	unsupported-recovery
    lint_test.go:433: Go recovered output: case 0
        recovery findings only
    lint_test.go:433: explicit unsupported recovery: /tmp/adamic-gate/TestRulesAgree2348002427/003/scanner: timeout=false: exit status 70: adamic: panic: parser slice expected GreaterThanToken, got Identifier at 17 in /tmp/adamic-gate/TestRulesAgree2348002427/019/case-085/Thing.ts
    lint_test.go:433: explicit unsupported recovery: node: timeout=false: exit status 70: adamic: panic: parser slice expected GreaterThanToken, got Identifier at 17 in /tmp/adamic-gate/TestRulesAgree2348002427/019/case-085/Thing.ts
    lint_test.go:432: EXPLICIT LIMIT: parser recovery is not ported for /tmp/adamic-gate/TestRulesAgree2348002427/019/case-086/Thing.ts	@typescript-eslint/method-signature-style			false	{"Style":"method"}	unsupported-recovery
    lint_test.go:433: Go recovered output: case 0
        recovery findings only
    lint_test.go:433: explicit unsupported recovery: /tmp/adamic-gate/TestRulesAgree2348002427/003/scanner: timeout=false: exit status 70: adamic: panic: parser slice expected GreaterThanToken, got OpenParenToken at 17 in /tmp/adamic-gate/TestRulesAgree2348002427/019/case-086/Thing.ts
    lint_test.go:433: explicit unsupported recovery: node: timeout=false: exit status 70: adamic: panic: parser slice expected GreaterThanToken, got OpenParenToken at 17 in /tmp/adamic-gate/TestRulesAgree2348002427/019/case-086/Thing.ts
    lint_test.go:432: EXPLICIT LIMIT: parser recovery is not ported for /tmp/adamic-gate/TestRulesAgree2348002427/019/case-095/Thing.ts	@typescript-eslint/method-signature-style			false	{"Style":"property"}	unsupported-recovery
    lint_test.go:433: Go recovered output: case 0
        recovery findings only
    lint_test.go:433: explicit unsupported recovery: /tmp/adamic-gate/TestRulesAgree2348002427/003/scanner: timeout=false: exit status 70: adamic: panic: parser slice expected OpenBraceToken, got EndOfFile at 11 in /tmp/adamic-gate/TestRulesAgree2348002427/019/case-095/Thing.ts
    lint_test.go:433: explicit unsupported recovery: node: timeout=false: exit status 70: adamic: panic: parser slice expected OpenBraceToken, got EndOfFile at 11 in /tmp/adamic-gate/TestRulesAgree2348002427/019/case-095/Thing.ts
    lint_test.go:432: EXPLICIT LIMIT: parser recovery is not ported for /tmp/adamic-gate/TestRulesAgree2348002427/019/case-097/Thing.ts	@typescript-eslint/method-signature-style			false	{"Style":"property"}	unsupported-recovery
    lint_test.go:433: Go recovered output: case 0
        /tmp/adamic-gate/TestRulesAgree2348002427/019/case-097/Thing.ts:1:15
          @typescript-eslint/method-signature-style  This is written as a shorthand method signature, which TypeScript checks bivariantly: a parameter can be narrowed by an implementer and the compiler will not object, so a call that type-checks can still be wrong at runtime. A function property is checked the strict way and catches that.
        
        range 14 33 errorMethod fix	m: (a: string) => void;		14 33
        recovery findings only
    lint_test.go:433: explicit unsupported recovery: /tmp/adamic-gate/TestRulesAgree2348002427/003/scanner: timeout=true: signal: killed: 
    lint_test.go:433: explicit unsupported recovery: node: timeout=true: signal: killed: 
    lint_test.go:432: EXPLICIT LIMIT: parser recovery is not ported for /tmp/adamic-gate/TestRulesAgree2348002427/019/case-099/Thing.ts	@typescript-eslint/method-signature-style			false	{"Style":"property"}	unsupported-recovery
    lint_test.go:433: Go recovered output: case 0
        /tmp/adamic-gate/TestRulesAgree2348002427/019/case-099/Thing.ts:1:15
          @typescript-eslint/method-signature-style  This is written as a shorthand method signature, which TypeScript checks bivariantly: a parameter can be narrowed by an implementer and the compiler will not object, so a call that type-checks can still be wrong at runtime. A function property is checked the strict way and catches that.
        
        range 14 34 errorMethod fix	m: (a: string) => void;		14 34
        recovery findings only
    lint_test.go:433: explicit unsupported recovery: /tmp/adamic-gate/TestRulesAgree2348002427/003/scanner: timeout=false: exit status 70: adamic: panic: parser slice expected GreaterThanToken, got Identifier at 17 in /tmp/adamic-gate/TestRulesAgree2348002427/019/case-099/Thing.ts
    lint_test.go:433: explicit unsupported recovery: node: timeout=false: exit status 70: adamic: panic: parser slice expected GreaterThanToken, got Identifier at 17 in /tmp/adamic-gate/TestRulesAgree2348002427/019/case-099/Thing.ts
    lint_test.go:432: EXPLICIT LIMIT: parser recovery is not ported for /tmp/adamic-gate/TestRulesAgree2348002427/019/case-100/Thing.ts	@typescript-eslint/method-signature-style			false	{"Style":"property"}	unsupported-recovery
    lint_test.go:433: Go recovered output: case 0
        /tmp/adamic-gate/TestRulesAgree2348002427/019/case-100/Thing.ts:1:15
          @typescript-eslint/method-signature-style  This is written as a shorthand method signature, which TypeScript checks bivariantly: a parameter can be narrowed by an implementer and the compiler will not object, so a call that type-checks can still be wrong at runtime. A function property is checked the strict way and catches that.
        
        range 14 27 errorMethod 			14 27
        recovery findings only
    lint_test.go:433: explicit unsupported recovery: /tmp/adamic-gate/TestRulesAgree2348002427/003/scanner: timeout=false: exit status 70: adamic: panic: parser slice expected GreaterThanToken, got OpenParenToken at 17 in /tmp/adamic-gate/TestRulesAgree2348002427/019/case-100/Thing.ts
    lint_test.go:433: explicit unsupported recovery: node: timeout=false: exit status 70: adamic: panic: parser slice expected GreaterThanToken, got OpenParenToken at 17 in /tmp/adamic-gate/TestRulesAgree2348002427/019/case-100/Thing.ts
    lint_test.go:438: Go, Node, emitted JavaScript, native identical: 13057451 bytes
--- PASS: TestRulesAgree (129.74s)
=== RUN   TestCompilerAndStage1Agree
    lint_test.go:514: compiler and stage1: 397 files
    lint_test.go:515: Go, Node, emitted JavaScript, native identical: 20436911 bytes
--- PASS: TestCompilerAndStage1Agree (86.37s)
=== RUN   TestOwnedWitnesses
    registration_test.go:45: Go, Node, emitted JavaScript, native identical: 93498 bytes
--- PASS: TestOwnedWitnesses (24.65s)
PASS
ok  	github.com/system-inc/adamic/stage1/cohere/lint	240.777s
