 1:  f67c7b48 =  1:  e34c1be5 Inventory cohere lint rules and plan helper-first porting
 2:  d334c4ad =  2:  4567bb41 Preserve inventory validation and mutation evidence
 3:  eb13e59e =  3:  814efd10 Claim shared lint option and message helpers
 4:  b0573bc0 =  4:  3cf4a1b6 Build shared lint option validation and policy helpers
 5:  8373d0ec =  5:  3f706df4 Claim parser anchored comment helpers
 6:  17967633 =  6:  dcdfc0fa Claim react identifier helper for slot 05
 7:  ec2efb0b =  7:  178d409c Yield duplicate identifier claim and reserve JSX attribute names
 8:  9062dd42 =  8:  b0387d85 Yield earlier attribute claim and reserve import bindings
 9:  2751bd40 =  9:  8c4d5cbc Restore earliest identifier reservation after other slots yield
10:  4f80568f = 10:  2c2f512a Claim React component base predicate as third helper
11:  9ca655ba = 11:  042d0930 Record final claim ownership and component leaf dependency
12:  7495d047 = 12:  9bff797c Port identifier matching import bindings and React component bases
13:  2612bffa = 13:  2f2542aa Report helper consumers mutants and passing bounded gate
14:  1f96cd80 = 14:  1e16f2ed Claim Tailwind reader factory for second helper batch
15:  454576db = 15:  289e469c Claim Tailwind class value dispatcher and withdraw factory
16:  2cb4e386 = 16:  700f239a Claim Tailwind callee values reader
17:  14d4b917 = 17:  be5aa98d Claim Tailwind variable values reader
18:  2e6f4754 = 18:  50ced9a2 Build Tailwind callee and variable value helpers
19:  029e8b37 = 19:  2d1e055e Record retained slot 05 helpers and claim collisions
20:  f5fcad6c = 20:  9d2ef239 Claim exact JSX name matcher for slot 05
21:  02c25574 = 21:  e5ff03a4 Claim normalized import filename helper
22:  1400e9ef = 22:  73bdbfb5 Claim Unicode-aware React hook name helper
23:  3bd700c3 = 23:  c5822567 Confirm earlier exact JSX matcher ownership
24:  f7618f0e = 24:  45189c6f Build exact JSX names normalized filenames and Unicode hook names
25:  0016365d = 25:  bb4bc7c7 Record third helper batch evidence and readiness
26:  7dd3e57a = 26:  367c3b8c Claim CSS escape terminator predicate
27:  a1516923 = 27:  231c3db8 Claim ordered live theme key iterator
28:  c5d97a36 = 28:  c08e4df1 Yield duplicate escape predicate and claim theme entries
29:  4dbe66de = 29:  fbf11126 Claim ordered namespace theme key reader
30:  1dc9436b = 30:  cb81a0cf Build ordered theme iteration entries and namespace keys
31:  53bdea31 = 31:  292eda94 Record fourth helper batch evidence and readiness
32:  bdd71188 = 32:  e58a9423 Claim ordered theme store mutation helpers
33:  2d6aeafb = 33:  162fa39c Build ordered theme clearing compaction and deletion
34:  c71be154 = 34:  2684e142 Report fifth helper batch consumers and mutant evidence
35:  6819471e = 35:  5b4c41f0 Claim theme construction and literal lookup helpers
36:  26011445 = 36:  9392e698 Record earlier theme constructor claim ownership
37:  b3609b4e = 37:  306937f7 Build fresh theme construction and ordered literal lookup
38:  358c2975 = 38:  57170e7b Report sixth helper batch ownership and oracle evidence
39:  df3002d3 = 39:  0f8e8161 Record helper branch rebase and landing oracle gate
40:  a215682c = 40:  91691fdc Claim three descriptor and utility construction helpers
41:  646c8f6e = 41:  6883c4d6 Port descriptor construction and utility evaluator helpers with Go oracles
42:  a64a2d1b = 42:  1d5218cb Report seventh helper batch comparisons and ownership
43:  1405ac2f = 43:  7c6459f2 Claim candidate and variant parsers and design system loading
44:  1e6ae7f4 = 44:  e89d4f66 Port candidate and variant parsing and design system loading with Go oracles
45:  cd60fa5a = 45:  8b30cf98 Report parser and loader helper oracles and remaining integration limits
46:  2d45d44e = 46:  702a51db Reserve three import and JSX helpers after landing check
47:  aeffd7f2 = 47:  979c5738 Port imported names and withdraw earlier owned overlaps
48:  994d3827 = 48:  ae3bad59 Reserve unclaimed decimal and capture group helpers
49:  ef37b8d3 = 49:  b04a2b52 Port byte indexed decimal and capture group helpers
50:  11a96b57 = 50:  ed05fa78 Report retained import and regexp helper oracle results
51:  8965e621 = 51:  5a45d8be Record helper landing oracle on current main
52:  94e0c374 = 52:  ee9a081c Reserve control escape and regexp prefix helpers
53:  6d12e3fa = 53:  35048fee Port control escapes and withdraw earlier owned prefixes
54:  72538c13 = 54:  260a2038 Reserve unclaimed named regexp opener helpers
55:  cdc87e17 = 55:  179387f9 Port named regexp readers with Go oracle and mutants
56:  45136a1f = 56:  c9dca5cd Report regexp helper oracle evidence and claim resolution
57:  3d6341d2 = 57:  e365b5aa Claim regexp formatting and uppercase expansion helpers
58:  a7356ae4 = 58:  d9b54941 Port regexp formatting and uppercase expansion helpers
59:  9c1a8401 = 59:  dc5f70ad Report formatting helper oracle evidence and readiness
