=== RUN   TestNativeAgreesWithNode
=== PAUSE TestNativeAgreesWithNode
=== CONT  TestNativeAgreesWithNode
=== RUN   TestNativeAgreesWithNode/internal/oracle/testdata/regexp.a
=== PAUSE TestNativeAgreesWithNode/internal/oracle/testdata/regexp.a
=== RUN   TestNativeAgreesWithNode/internal/oracle/testdata/regexp_matchall_nonglobal.a
=== PAUSE TestNativeAgreesWithNode/internal/oracle/testdata/regexp_matchall_nonglobal.a
=== RUN   TestNativeAgreesWithNode/internal/oracle/testdata/regexp_replaceall_nonglobal.a
=== PAUSE TestNativeAgreesWithNode/internal/oracle/testdata/regexp_replaceall_nonglobal.a
=== RUN   TestNativeAgreesWithNode/internal/oracle/testdata/regexp_null_narrowed.a
=== PAUSE TestNativeAgreesWithNode/internal/oracle/testdata/regexp_null_narrowed.a
=== RUN   TestNativeAgreesWithNode/internal/oracle/testdata/regexp_replace.a
=== PAUSE TestNativeAgreesWithNode/internal/oracle/testdata/regexp_replace.a
=== RUN   TestNativeAgreesWithNode/internal/oracle/testdata/regexp_split.a
=== PAUSE TestNativeAgreesWithNode/internal/oracle/testdata/regexp_split.a
=== RUN   TestNativeAgreesWithNode/internal/oracle/testdata/regexp_exec.a
=== PAUSE TestNativeAgreesWithNode/internal/oracle/testdata/regexp_exec.a
=== RUN   TestNativeAgreesWithNode/internal/oracle/testdata/regexp_match.a
=== PAUSE TestNativeAgreesWithNode/internal/oracle/testdata/regexp_match.a
=== RUN   TestNativeAgreesWithNode/internal/oracle/testdata/regexp_search.a
=== PAUSE TestNativeAgreesWithNode/internal/oracle/testdata/regexp_search.a
=== RUN   TestNativeAgreesWithNode/internal/oracle/testdata/regexp_unicode.a
=== PAUSE TestNativeAgreesWithNode/internal/oracle/testdata/regexp_unicode.a
=== RUN   TestNativeAgreesWithNode/internal/oracle/testdata/regexp_split_pair_pattern.a
=== PAUSE TestNativeAgreesWithNode/internal/oracle/testdata/regexp_split_pair_pattern.a
=== RUN   TestNativeAgreesWithNode/internal/oracle/testdata/regexp_cycle_fields.a
=== PAUSE TestNativeAgreesWithNode/internal/oracle/testdata/regexp_cycle_fields.a
=== RUN   TestNativeAgreesWithNode/internal/oracle/testdata/regexp_cycle_collections.a
=== PAUSE TestNativeAgreesWithNode/internal/oracle/testdata/regexp_cycle_collections.a
=== RUN   TestNativeAgreesWithNode/internal/oracle/testdata/regexp_cycle_closures.a
=== PAUSE TestNativeAgreesWithNode/internal/oracle/testdata/regexp_cycle_closures.a
=== RUN   TestNativeAgreesWithNode/internal/oracle/testdata/regexp_cycle_weak.a
=== PAUSE TestNativeAgreesWithNode/internal/oracle/testdata/regexp_cycle_weak.a
=== CONT  TestNativeAgreesWithNode/internal/oracle/testdata/regexp.a
=== CONT  TestNativeAgreesWithNode/internal/oracle/testdata/regexp_cycle_weak.a
=== CONT  TestNativeAgreesWithNode/internal/oracle/testdata/regexp_cycle_closures.a
=== CONT  TestNativeAgreesWithNode/internal/oracle/testdata/regexp_cycle_collections.a
=== CONT  TestNativeAgreesWithNode/internal/oracle/testdata/regexp_cycle_fields.a
=== CONT  TestNativeAgreesWithNode/internal/oracle/testdata/regexp_split_pair_pattern.a
=== CONT  TestNativeAgreesWithNode/internal/oracle/testdata/regexp_unicode.a
=== CONT  TestNativeAgreesWithNode/internal/oracle/testdata/regexp_search.a
=== CONT  TestNativeAgreesWithNode/internal/oracle/testdata/regexp_match.a
=== CONT  TestNativeAgreesWithNode/internal/oracle/testdata/regexp_exec.a
=== CONT  TestNativeAgreesWithNode/internal/oracle/testdata/regexp_split.a
=== CONT  TestNativeAgreesWithNode/internal/oracle/testdata/regexp_replace.a
=== CONT  TestNativeAgreesWithNode/internal/oracle/testdata/regexp_null_narrowed.a
=== CONT  TestNativeAgreesWithNode/internal/oracle/testdata/regexp_replaceall_nonglobal.a
=== CONT  TestNativeAgreesWithNode/internal/oracle/testdata/regexp_matchall_nonglobal.a
--- PASS: TestNativeAgreesWithNode (0.03s)
    --- PASS: TestNativeAgreesWithNode/internal/oracle/testdata/regexp_cycle_weak.a (1.48s)
    --- PASS: TestNativeAgreesWithNode/internal/oracle/testdata/regexp_cycle_closures.a (1.56s)
    --- PASS: TestNativeAgreesWithNode/internal/oracle/testdata/regexp_cycle_collections.a (1.72s)
    --- PASS: TestNativeAgreesWithNode/internal/oracle/testdata/regexp_cycle_fields.a (2.27s)
    --- PASS: TestNativeAgreesWithNode/internal/oracle/testdata/regexp_split_pair_pattern.a (1.40s)
    --- PASS: TestNativeAgreesWithNode/internal/oracle/testdata/regexp_search.a (1.29s)
    --- PASS: TestNativeAgreesWithNode/internal/oracle/testdata/regexp_unicode.a (1.83s)
    --- PASS: TestNativeAgreesWithNode/internal/oracle/testdata/regexp_match.a (1.42s)
    --- PASS: TestNativeAgreesWithNode/internal/oracle/testdata/regexp.a (3.92s)
    --- PASS: TestNativeAgreesWithNode/internal/oracle/testdata/regexp_exec.a (1.32s)
    --- PASS: TestNativeAgreesWithNode/internal/oracle/testdata/regexp_split.a (1.57s)
    --- PASS: TestNativeAgreesWithNode/internal/oracle/testdata/regexp_null_narrowed.a (1.18s)
    --- PASS: TestNativeAgreesWithNode/internal/oracle/testdata/regexp_replace.a (1.49s)
    --- PASS: TestNativeAgreesWithNode/internal/oracle/testdata/regexp_replaceall_nonglobal.a (1.24s)
    --- PASS: TestNativeAgreesWithNode/internal/oracle/testdata/regexp_matchall_nonglobal.a (0.96s)
PASS
gate cache: native hits=0 misses=42
gate cache: node hits=0 misses=30
gate cache: probe hits=0 misses=0
ok  	github.com/system-inc/adamic/internal/oracle	5.205s
