=== RUN   TestBatch18Helpers
    batch18_test.go:84: real helper observations: {"control_calls":27,"live":{"array-callback-return":{"binary":16,"if":30},"consistent-return":{"class":18,"if":66},"no-unreachable-loop":{"binary":492,"class":2,"if":371},"react-hooks/rules-of-hooks":{"binary":32,"class":11,"if":88}},"live_calls":1126,"total_calls":1153}
    batch18_test.go:92: 1153 lines match real Go, Node source, emitted JavaScript and sanitized native
--- PASS: TestBatch18Helpers (13.90s)
=== RUN   TestBatch18Mutants
    batch18_test.go:97: real helper observations: {"control_calls":27,"live":{"array-callback-return":{"binary":16,"if":30},"consistent-return":{"class":18,"if":66},"no-unreachable-loop":{"binary":492,"class":2,"if":371},"react-hooks/rules-of-hooks":{"binary":32,"class":11,"if":88}},"live_calls":1126,"total_calls":1153}
=== RUN   TestBatch18Mutants/binary_expression.a
    batch18_test.go:147: compiled semantic mutant caught at line 101: got "2/expr:1195:-1:-1:2>2:-1;expr:1196:-1:-1:2>2:4;" Go "4/expr:1195:-1:-1:2>2:-1;new:-1:-1:-1:2>2:4;link:2:4:-1:2>2:-1;new:-1:-1:-1:2>2:5;link:2:5:-1:2>2:-1;enter:5:-1:-1:2>5:-1;expr:1196:-1:-1:5>5:-1;link:5:4:-1:5>5:-1;enter:4:-1:-1:5>4:-1;"
=== RUN   TestBatch18Mutants/binary_expression.a#01
    batch18_test.go:147: compiled semantic mutant caught at line 1130: got "5/reads:21258:-1:-1:5>5:-1;expr:21259:-1:-1:5>5:7;writes:21258:-1:-1:5>5:-1;" Go "7/reads:21258:-1:-1:5>5:-1;new:-1:-1:-1:5>5:7;link:5:7:-1:5>5:-1;new:-1:-1:-1:5>5:8;link:5:8:-1:5>5:-1;enter:8:-1:-1:5>8:-1;expr:21259:-1:-1:8>8:-1;writes:21258:-1:-1:8>8:-1;link:8:7:-1:8>8:-1;enter:7:-1:-1:8>7:-1;"
=== RUN   TestBatch18Mutants/binary_expression.a#02
    batch18_test.go:147: compiled semantic mutant caught at line 303: got "0/reads:3989:-1:-1:0>0:0;expr:3990:-1:-1:0>0:-1;writes:3989:-1:-1:0>0:-1;" Go "0/destructure:3989:-1:-1:0>0:0;reads:3989:-1:-1:0>0:-1;expr:3990:-1:-1:0>0:-1;writes:3989:-1:-1:0>0:-1;"
=== RUN   TestBatch18Mutants/binary_expression.a#03
    batch18_test.go:147: compiled semantic mutant caught at line 962: got "0/expr:16435:-1:-1:0>0:-1;expr:16436:-1:-1:0>0:-1;" Go "0/reads:16435:-1:-1:0>0:-1;expr:16436:-1:-1:0>0:-1;writes:16435:-1:-1:0>0:-1;"
=== RUN   TestBatch18Mutants/binary_expression.a#04
    batch18_test.go:147: compiled semantic mutant caught at line 303: got "0/reads:3989:-1:-1:0>0:0;expr:3990:-1:-1:0>0:-1;writes:3989:-1:-1:0>0:-1;" Go "0/destructure:3989:-1:-1:0>0:0;reads:3989:-1:-1:0>0:-1;expr:3990:-1:-1:0>0:-1;writes:3989:-1:-1:0>0:-1;"
=== RUN   TestBatch18Mutants/binary_expression.a#05
    batch18_test.go:147: compiled semantic mutant caught at line 968: got "1/destructure:16656:-1:-1:0>0:1;expr:16657:-1:-1:0>0:-1;bind:16657:-1:-1:0>1:-1;" Go "1/destructure:16656:-1:-1:0>0:1;expr:16657:-1:-1:0>0:-1;bind:16656:-1:-1:0>1:-1;"
=== RUN   TestBatch18Mutants/binary_expression.a#06
    batch18_test.go:147: compiled semantic mutant caught at line 91: got "7/expr:954:-1:-1:7>7:-1;expr:953:-1:-1:7>7:-1;" Go "7/expr:953:-1:-1:7>7:-1;expr:954:-1:-1:7>7:-1;"
=== RUN   TestBatch18Mutants/class_like.a
    batch18_test.go:147: compiled semantic mutant caught at line 1152: got "0/decorators:21436:-1:-1:0>0:-1;typeParameters:21436:-1:-1:0>0:-1;" Go "0/"
=== RUN   TestBatch18Mutants/class_like.a#01
    batch18_test.go:147: compiled semantic mutant caught at line 4: got "0/typeParameters:67:-1:-1:0>0:-1;memberHeader:68:-1:-1:0>0:-1;" Go "0/decorators:67:-1:-1:0>0:-1;typeParameters:67:-1:-1:0>0:-1;memberHeader:68:-1:-1:0>0:-1;"
=== RUN   TestBatch18Mutants/class_like.a#02
    batch18_test.go:147: compiled semantic mutant caught at line 4: got "0/decorators:67:-1:-1:0>0:-1;memberHeader:68:-1:-1:0>0:-1;" Go "0/decorators:67:-1:-1:0>0:-1;typeParameters:67:-1:-1:0>0:-1;memberHeader:68:-1:-1:0>0:-1;"
=== RUN   TestBatch18Mutants/class_like.a#03
    batch18_test.go:147: compiled semantic mutant caught at line 1151: got "0/decorators:21423:-1:-1:0>0:-1;typeParameters:21423:-1:-1:0>0:-1;expr:21424:-1:-1:0>0:-1;expr:21425:-1:-1:0>0:-1;expr:21426:-1:-1:0>0:-1;" Go "0/decorators:21423:-1:-1:0>0:-1;typeParameters:21423:-1:-1:0>0:-1;"
=== RUN   TestBatch18Mutants/class_like.a#04
    batch18_test.go:147: compiled semantic mutant caught at line 1153: got "0/decorators:21423:-1:-1:0>0:-1;typeParameters:21423:-1:-1:0>0:-1;expr:21424:-1:-1:0>0:-1;expr:21425:-1:-1:0>0:-1;expr:21426:-1:-1:0>0:-1;memberHeader:21427:-1:-1:0>0:-1;memberHeader:21428:-1:-1:0>0:-1;" Go "0/decorators:21423:-1:-1:0>0:-1;typeParameters:21423:-1:-1:0>0:-1;expr:21425:-1:-1:0>0:-1;expr:21426:-1:-1:0>0:-1;memberHeader:21427:-1:-1:0>0:-1;memberHeader:21428:-1:-1:0>0:-1;"
=== RUN   TestBatch18Mutants/class_like.a#05
    batch18_test.go:147: compiled semantic mutant caught at line 1151: got "0/decorators:21423:-1:-1:0>0:-1;typeParameters:21423:-1:-1:0>0:-1;memberHeader:21427:-1:-1:0>0:-1;memberHeader:21428:-1:-1:0>0:-1;" Go "0/decorators:21423:-1:-1:0>0:-1;typeParameters:21423:-1:-1:0>0:-1;"
=== RUN   TestBatch18Mutants/class_like.a#06
    batch18_test.go:147: compiled semantic mutant caught at line 4: got "0/decorators:67:-1:-1:0>0:-1;typeParameters:67:-1:-1:0>0:-1;memberHeader:67:-1:-1:0>0:-1;" Go "0/decorators:67:-1:-1:0>0:-1;typeParameters:67:-1:-1:0>0:-1;memberHeader:68:-1:-1:0>0:-1;"
=== RUN   TestBatch18Mutants/if_statement.a
    batch18_test.go:147: compiled semantic mutant caught at line 1: got "1/new:-1:-1:-1:0>0:1;new:-1:-1:-1:0>0:2;condition:4:2:2:0>0:-1;enter:2:-1:-1:0>2:-1;statement:5:-1:-1:2>3:-1;link:3:1:-1:3>3:-1;enter:1:-1:-1:3>1:-1;" Go "1/new:-1:-1:-1:0>0:1;new:-1:-1:-1:0>0:2;condition:4:2:1:0>0:-1;enter:2:-1:-1:0>2:-1;statement:5:-1:-1:2>3:-1;link:3:1:-1:3>3:-1;enter:1:-1:-1:3>1:-1;"
=== RUN   TestBatch18Mutants/if_statement.a#01
    batch18_test.go:147: compiled semantic mutant caught at line 1: got "1/new:-1:-1:-1:0>0:1;new:-1:-1:-1:0>0:2;condition:4:1:2:0>0:-1;enter:2:-1:-1:0>2:-1;statement:5:-1:-1:2>3:-1;link:3:1:-1:3>3:-1;enter:1:-1:-1:3>1:-1;" Go "1/new:-1:-1:-1:0>0:1;new:-1:-1:-1:0>0:2;condition:4:2:1:0>0:-1;enter:2:-1:-1:0>2:-1;statement:5:-1:-1:2>3:-1;link:3:1:-1:3>3:-1;enter:1:-1:-1:3>1:-1;"
=== RUN   TestBatch18Mutants/if_statement.a#02
    batch18_test.go:147: compiled semantic mutant caught at line 1: got "1/new:-1:-1:-1:0>0:1;new:-1:-1:-1:0>0:2;condition:4:2:1:0>0:-1;enter:2:-1:-1:0>2:-1;statement:-1:-1:-1:2>3:-1;link:3:1:-1:3>3:-1;enter:1:-1:-1:3>1:-1;" Go "1/new:-1:-1:-1:0>0:1;new:-1:-1:-1:0>0:2;condition:4:2:1:0>0:-1;enter:2:-1:-1:0>2:-1;statement:5:-1:-1:2>3:-1;link:3:1:-1:3>3:-1;enter:1:-1:-1:3>1:-1;"
=== RUN   TestBatch18Mutants/if_statement.a#03
    batch18_test.go:147: compiled semantic mutant caught at line 1: got "3/new:-1:-1:-1:0>0:1;new:-1:-1:-1:0>0:2;condition:4:2:1:0>0:-1;enter:2:-1:-1:0>2:-1;statement:5:-1:-1:2>3:-1;link:3:1:-1:3>3:-1;" Go "1/new:-1:-1:-1:0>0:1;new:-1:-1:-1:0>0:2;condition:4:2:1:0>0:-1;enter:2:-1:-1:0>2:-1;statement:5:-1:-1:2>3:-1;link:3:1:-1:3>3:-1;enter:1:-1:-1:3>1:-1;"
--- PASS: TestBatch18Mutants (66.59s)
    --- PASS: TestBatch18Mutants/binary_expression.a (4.08s)
    --- PASS: TestBatch18Mutants/binary_expression.a#01 (4.34s)
    --- PASS: TestBatch18Mutants/binary_expression.a#02 (4.08s)
    --- PASS: TestBatch18Mutants/binary_expression.a#03 (3.90s)
    --- PASS: TestBatch18Mutants/binary_expression.a#04 (3.52s)
    --- PASS: TestBatch18Mutants/binary_expression.a#05 (3.34s)
    --- PASS: TestBatch18Mutants/binary_expression.a#06 (3.38s)
    --- PASS: TestBatch18Mutants/class_like.a (3.77s)
    --- PASS: TestBatch18Mutants/class_like.a#01 (3.53s)
    --- PASS: TestBatch18Mutants/class_like.a#02 (4.22s)
    --- PASS: TestBatch18Mutants/class_like.a#03 (3.24s)
    --- PASS: TestBatch18Mutants/class_like.a#04 (3.70s)
    --- PASS: TestBatch18Mutants/class_like.a#05 (3.37s)
    --- PASS: TestBatch18Mutants/class_like.a#06 (3.76s)
    --- PASS: TestBatch18Mutants/if_statement.a (3.23s)
    --- PASS: TestBatch18Mutants/if_statement.a#01 (3.48s)
    --- PASS: TestBatch18Mutants/if_statement.a#02 (3.31s)
    --- PASS: TestBatch18Mutants/if_statement.a#03 (3.16s)
PASS
ok  	github.com/system-inc/adamic/stage1/cohere/lint/helpers/slot03	80.495s
