case 0
fixed	\u000a          var Hello = createReactClass({\u000a            render: function() {\u000a              return <div>> default parser</div>;\u000a            }\u000a          });\u000a        
case 1
fixed	\u000a          var Hello = createReactClass({\u000a            render: function() {\u000a              return <div>Multiple errors: '>> default parser</div>;\u000a            }\u000a          });\u000a        
case 2
fixed	\u000a          var Hello = createReactClass({\u000a            render: function() {\u000a              return <div>first line is ok\u000a              so is second\u000a              and here are some bad entities: ></div>\u000a            }\u000a          });\u000a        
case 3
fixed	\u000a          var Hello = createReactClass({\u000a            render: function() {\u000a              return <div>{"Unbalanced braces - default parser"}}</div>;\u000a            }\u000a          });\u000a        
case 4
fixed	\u000a        <script>window.foo = "bar"</script>\u000a      
case 5
fixed	\u000a        var Hello = createReactClass({\u000a          render: function() {\u000a            return (\u000a              <div/>\u000a            );\u000a          }\u000a        });\u000a      
case 6
fixed	\u000a        var Hello = createReactClass({\u000a          render: function() {\u000a            return <>> babel-eslint</>;\u000a          }\u000a        });\u000a      
case 7
fixed	\u000a        var Hello = createReactClass({\u000a          render: function() {\u000a            return <>Here is some text!</>;\u000a          }\u000a        });\u000a      
case 8
fixed	\u000a        var Hello = createReactClass({\u000a          render: function() {\u000a            return <>I&rsquo;ve escaped some entities: &gt; &lt; &amp;</>;\u000a          }\u000a        });\u000a      
case 9
fixed	\u000a        var Hello = createReactClass({\u000a          render: function() {\u000a            return <>first line is ok\u000a            so is second\u000a            and here are some bad entities: ></>\u000a          }\u000a        });\u000a      
case 10
fixed	\u000a        var Hello = createReactClass({\u000a          render: function() {\u000a            return <>foo & bar</>;\u000a          }\u000a        });\u000a      
case 11
fixed	\u000a        var Hello = createReactClass({\u000a          render: function() {\u000a            return <>{">" + "<" + "&" + '"'}</>;\u000a          },\u000a        });\u000a      
case 12
fixed	\u000a        var Hello = createReactClass({\u000a          render: function() {\u000a            return <>{"Unbalanced braces - babel-eslint"}}</>;\u000a          }\u000a        });\u000a      
case 13
fixed	\u000a        var Hello = createReactClass({\u000a          render: function() {\u000a            return <div>'</div>;\u000a          }\u000a        });\u000a      
case 14
fixed	\u000a        var Hello = createReactClass({\u000a          render: function() {\u000a            return <div>Here is some text!</div>;\u000a          }\u000a        });\u000a      
case 15
fixed	\u000a        var Hello = createReactClass({\u000a          render: function() {\u000a            return <div>I&rsquo;ve escaped some entities: &gt; &lt; &amp;</div>;\u000a          }\u000a        });\u000a      
case 16
fixed	\u000a        var Hello = createReactClass({\u000a          render: function() {\u000a            return <div>first line is ok\u000a            so is second\u000a            and here are some escaped entities: &gt; &lt; &amp;</div>;\u000a          }\u000a        });\u000a      
case 17
fixed	\u000a        var Hello = createReactClass({\u000a          render: function() {\u000a            return <div>{">" + "<" + "&" + '"'}</div>;\u000a          },\u000a        });\u000a      
case 18
fixed	\u000a        var Hello = createReactClass({\u000a          render: function() {\u000a            return <span>foo & bar</span>;\u000a          }\u000a        });\u000a      
case 19
fixed	\u000a        var Hello = createReactClass({\u000a          render: function() {\u000a            return <span>foo & bar</span>;\u000a          }\u000a        });\u000a      
case 20
fixed	const a = "he said \u005c"hi\u005c"";
case 21
fixed	const a = <div title="a>b" />;
case 22
fixed	const a = <div>&gt;&amp;&quot;&apos;&#125;</div>;
case 23
fixed	const a = <div>'</div>;
case 24
fixed	const a = <div>Multiple errors: '>> default parser</div>;
case 25
fixed	const a = <div>a&b</div>;
case 26
fixed	const a = <div>a&b</div>;
case 27
fixed	const a = <div>a'b"c</div>;
case 28
fixed	const a = <div>a'b"c</div>;
case 29
fixed	const a = <div>a'b"c</div>;
case 30
fixed	const a = <div>caf\u00e9 "q" \ud83d\ude00 'y'</div>;
case 31
fixed	const a = <div>foo & bar</div>;
case 32
fixed	const a = <div>foo bar</div>;
case 33
fixed	const a = <div>foo bar</div>;
case 34
fixed	const a = <div>ok\u000a  bad: "q"\u000a  more</div>;
case 35
fixed	const a = <div>x"y</div>;
case 36
fixed	const a = <div>{"has > and quote \u005c""}</div>;
case 37
fixed	const a = `it's here`;
case 38
fixed	const a = <div>Hello > "world" 'friend' }</div>;\u000a
