case 0
finding	101	102	unescapedEntityAlts	`>` can be escaped with `&gt;`.
suggestion	replaceWithAlt	Replace with `&gt;`.
edit	101	117	&gt; default parser
fixed	\u000a          var Hello = createReactClass({\u000a            render: function() {\u000a              return <div>> default parser</div>;\u000a            }\u000a          });\u000a        
case 1
finding	118	119	unescapedEntityAlts	`'` can be escaped with `&apos;`, `&lsquo;`, `&#39;`, `&rsquo;`.
suggestion	replaceWithAlt	Replace with `&apos;`.
edit	101	136	Multiple errors: &apos;>> default parser
suggestion	replaceWithAlt	Replace with `&lsquo;`.
edit	101	136	Multiple errors: &lsquo;>> default parser
suggestion	replaceWithAlt	Replace with `&#39;`.
edit	101	136	Multiple errors: &#39;>> default parser
suggestion	replaceWithAlt	Replace with `&rsquo;`.
edit	101	136	Multiple errors: &rsquo;>> default parser
finding	119	120	unescapedEntityAlts	`>` can be escaped with `&gt;`.
suggestion	replaceWithAlt	Replace with `&gt;`.
edit	101	136	Multiple errors: '&gt;> default parser
finding	120	121	unescapedEntityAlts	`>` can be escaped with `&gt;`.
suggestion	replaceWithAlt	Replace with `&gt;`.
edit	101	136	Multiple errors: '>&gt; default parser
fixed	\u000a          var Hello = createReactClass({\u000a            render: function() {\u000a              return <div>Multiple errors: '>> default parser</div>;\u000a            }\u000a          });\u000a        
case 2
finding	191	192	unescapedEntityAlts	`>` can be escaped with `&gt;`.
suggestion	replaceWithAlt	Replace with `&gt;`.
edit	101	192	first line is ok\u000a              so is second\u000a              and here are some bad entities: &gt;
fixed	\u000a          var Hello = createReactClass({\u000a            render: function() {\u000a              return <div>first line is ok\u000a              so is second\u000a              and here are some bad entities: ></div>\u000a            }\u000a          });\u000a        
case 3
finding	139	140	unescapedEntityAlts	`}` can be escaped with `&#125;`.
suggestion	replaceWithAlt	Replace with `&#125;`.
edit	139	140	&#125;
fixed	\u000a          var Hello = createReactClass({\u000a            render: function() {\u000a              return <div>{"Unbalanced braces - default parser"}}</div>;\u000a            }\u000a          });\u000a        
case 4
finding	30	31	unescapedEntityAlts	`"` can be escaped with `&quot;`, `&ldquo;`, `&#34;`, `&rdquo;`.
suggestion	replaceWithAlt	Replace with `&quot;`.
edit	17	35	window.foo = &quot;bar"
suggestion	replaceWithAlt	Replace with `&ldquo;`.
edit	17	35	window.foo = &ldquo;bar"
suggestion	replaceWithAlt	Replace with `&#34;`.
edit	17	35	window.foo = &#34;bar"
suggestion	replaceWithAlt	Replace with `&rdquo;`.
edit	17	35	window.foo = &rdquo;bar"
finding	34	35	unescapedEntityAlts	`"` can be escaped with `&quot;`, `&ldquo;`, `&#34;`, `&rdquo;`.
suggestion	replaceWithAlt	Replace with `&quot;`.
edit	17	35	window.foo = "bar&quot;
suggestion	replaceWithAlt	Replace with `&ldquo;`.
edit	17	35	window.foo = "bar&ldquo;
suggestion	replaceWithAlt	Replace with `&#34;`.
edit	17	35	window.foo = "bar&#34;
suggestion	replaceWithAlt	Replace with `&rdquo;`.
edit	17	35	window.foo = "bar&rdquo;
fixed	\u000a        <script>window.foo = "bar"</script>\u000a      
case 5
fixed	\u000a        var Hello = createReactClass({\u000a          render: function() {\u000a            return (\u000a              <div/>\u000a            );\u000a          }\u000a        });\u000a      
case 6
finding	92	93	unescapedEntityAlts	`>` can be escaped with `&gt;`.
suggestion	replaceWithAlt	Replace with `&gt;`.
edit	92	106	&gt; babel-eslint
fixed	\u000a        var Hello = createReactClass({\u000a          render: function() {\u000a            return <>> babel-eslint</>;\u000a          }\u000a        });\u000a      
case 7
fixed	\u000a        var Hello = createReactClass({\u000a          render: function() {\u000a            return <>Here is some text!</>;\u000a          }\u000a        });\u000a      
case 8
fixed	\u000a        var Hello = createReactClass({\u000a          render: function() {\u000a            return <>I&rsquo;ve escaped some entities: &gt; &lt; &amp;</>;\u000a          }\u000a        });\u000a      
case 9
finding	178	179	unescapedEntityAlts	`>` can be escaped with `&gt;`.
suggestion	replaceWithAlt	Replace with `&gt;`.
edit	92	179	first line is ok\u000a            so is second\u000a            and here are some bad entities: &gt;
fixed	\u000a        var Hello = createReactClass({\u000a          render: function() {\u000a            return <>first line is ok\u000a            so is second\u000a            and here are some bad entities: ></>\u000a          }\u000a        });\u000a      
case 10
finding	96	97	unescapedEntity	HTML entity `&` is written raw in JSX text and must be escaped.
fixed	\u000a        var Hello = createReactClass({\u000a          render: function() {\u000a            return <>foo & bar</>;\u000a          }\u000a        });\u000a      
case 11
fixed	\u000a        var Hello = createReactClass({\u000a          render: function() {\u000a            return <>{">" + "<" + "&" + '"'}</>;\u000a          },\u000a        });\u000a      
case 12
finding	128	129	unescapedEntityAlts	`}` can be escaped with `&#125;`.
suggestion	replaceWithAlt	Replace with `&#125;`.
edit	128	129	&#125;
fixed	\u000a        var Hello = createReactClass({\u000a          render: function() {\u000a            return <>{"Unbalanced braces - babel-eslint"}}</>;\u000a          }\u000a        });\u000a      
case 13
finding	95	96	unescapedEntityAlts	`'` can be escaped with `&apos;`, `&lsquo;`, `&#39;`, `&rsquo;`.
suggestion	replaceWithAlt	Replace with `&apos;`.
edit	95	96	&apos;
suggestion	replaceWithAlt	Replace with `&lsquo;`.
edit	95	96	&lsquo;
suggestion	replaceWithAlt	Replace with `&#39;`.
edit	95	96	&#39;
suggestion	replaceWithAlt	Replace with `&rsquo;`.
edit	95	96	&rsquo;
fixed	\u000a        var Hello = createReactClass({\u000a          render: function() {\u000a            return <div>'</div>;\u000a          }\u000a        });\u000a      
case 14
fixed	\u000a        var Hello = createReactClass({\u000a          render: function() {\u000a            return <div>Here is some text!</div>;\u000a          }\u000a        });\u000a      
case 15
fixed	\u000a        var Hello = createReactClass({\u000a          render: function() {\u000a            return <div>I&rsquo;ve escaped some entities: &gt; &lt; &amp;</div>;\u000a          }\u000a        });\u000a      
case 16
fixed	\u000a        var Hello = createReactClass({\u000a          render: function() {\u000a            return <div>first line is ok\u000a            so is second\u000a            and here are some escaped entities: &gt; &lt; &amp;</div>;\u000a          }\u000a        });\u000a      
case 17
fixed	\u000a        var Hello = createReactClass({\u000a          render: function() {\u000a            return <div>{">" + "<" + "&" + '"'}</div>;\u000a          },\u000a        });\u000a      
case 18
finding	100	101	unescapedEntity	HTML entity `&` is written raw in JSX text and must be escaped.
fixed	\u000a        var Hello = createReactClass({\u000a          render: function() {\u000a            return <span>foo & bar</span>;\u000a          }\u000a        });\u000a      
case 19
finding	100	101	unescapedEntityAlts	`&` can be escaped with `&amp;`.
suggestion	replaceWithAlt	Replace with `&amp;`.
edit	96	105	foo &amp; bar
fixed	\u000a        var Hello = createReactClass({\u000a          render: function() {\u000a            return <span>foo & bar</span>;\u000a          }\u000a        });\u000a      
case 20
fixed	const a = "he said \u005c"hi\u005c"";
case 21
fixed	const a = <div title="a>b" />;
case 22
fixed	const a = <div>&gt;&amp;&quot;&apos;&#125;</div>;
case 23
finding	15	16	unescapedEntityAlts	`'` can be escaped with `&apos;`, `&lsquo;`, `&#39;`, `&rsquo;`.
suggestion	replaceWithAlt	Replace with `&apos;`.
edit	15	16	&apos;
suggestion	replaceWithAlt	Replace with `&lsquo;`.
edit	15	16	&lsquo;
suggestion	replaceWithAlt	Replace with `&#39;`.
edit	15	16	&#39;
suggestion	replaceWithAlt	Replace with `&rsquo;`.
edit	15	16	&rsquo;
fixed	const a = <div>'</div>;
case 24
finding	32	33	unescapedEntityAlts	`'` can be escaped with `&apos;`, `&lsquo;`, `&#39;`, `&rsquo;`.
suggestion	replaceWithAlt	Replace with `&apos;`.
edit	15	50	Multiple errors: &apos;>> default parser
suggestion	replaceWithAlt	Replace with `&lsquo;`.
edit	15	50	Multiple errors: &lsquo;>> default parser
suggestion	replaceWithAlt	Replace with `&#39;`.
edit	15	50	Multiple errors: &#39;>> default parser
suggestion	replaceWithAlt	Replace with `&rsquo;`.
edit	15	50	Multiple errors: &rsquo;>> default parser
finding	33	34	unescapedEntityAlts	`>` can be escaped with `&gt;`.
suggestion	replaceWithAlt	Replace with `&gt;`.
edit	15	50	Multiple errors: '&gt;> default parser
finding	34	35	unescapedEntityAlts	`>` can be escaped with `&gt;`.
suggestion	replaceWithAlt	Replace with `&gt;`.
edit	15	50	Multiple errors: '>&gt; default parser
fixed	const a = <div>Multiple errors: '>> default parser</div>;
case 25
fixed	const a = <div>a&b</div>;
case 26
finding	16	17	unescapedEntityAlts	`&` can be escaped with .
fixed	const a = <div>a&b</div>;
case 27
finding	16	17	unescapedEntityAlts	`'` can be escaped with `&apos;`, `&lsquo;`, `&#39;`, `&rsquo;`.
suggestion	replaceWithAlt	Replace with `&apos;`.
edit	15	20	a&apos;b"c
suggestion	replaceWithAlt	Replace with `&lsquo;`.
edit	15	20	a&lsquo;b"c
suggestion	replaceWithAlt	Replace with `&#39;`.
edit	15	20	a&#39;b"c
suggestion	replaceWithAlt	Replace with `&rsquo;`.
edit	15	20	a&rsquo;b"c
finding	18	19	unescapedEntityAlts	`"` can be escaped with `&quot;`, `&ldquo;`, `&#34;`, `&rdquo;`.
suggestion	replaceWithAlt	Replace with `&quot;`.
edit	15	20	a'b&quot;c
suggestion	replaceWithAlt	Replace with `&ldquo;`.
edit	15	20	a'b&ldquo;c
suggestion	replaceWithAlt	Replace with `&#34;`.
edit	15	20	a'b&#34;c
suggestion	replaceWithAlt	Replace with `&rdquo;`.
edit	15	20	a'b&rdquo;c
fixed	const a = <div>a'b"c</div>;
case 28
fixed	const a = <div>a'b"c</div>;
case 29
finding	16	17	unescapedEntityAlts	`'` can be escaped with `&apos;`, `&lsquo;`, `&#39;`, `&rsquo;`.
suggestion	replaceWithAlt	Replace with `&apos;`.
edit	15	20	a&apos;b"c
suggestion	replaceWithAlt	Replace with `&lsquo;`.
edit	15	20	a&lsquo;b"c
suggestion	replaceWithAlt	Replace with `&#39;`.
edit	15	20	a&#39;b"c
suggestion	replaceWithAlt	Replace with `&rsquo;`.
edit	15	20	a&rsquo;b"c
finding	18	19	unescapedEntityAlts	`"` can be escaped with `&quot;`, `&ldquo;`, `&#34;`, `&rdquo;`.
suggestion	replaceWithAlt	Replace with `&quot;`.
edit	15	20	a'b&quot;c
suggestion	replaceWithAlt	Replace with `&ldquo;`.
edit	15	20	a'b&ldquo;c
suggestion	replaceWithAlt	Replace with `&#34;`.
edit	15	20	a'b&#34;c
suggestion	replaceWithAlt	Replace with `&rdquo;`.
edit	15	20	a'b&rdquo;c
fixed	const a = <div>a'b"c</div>;
case 30
finding	21	22	unescapedEntityAlts	`"` can be escaped with `&quot;`, `&ldquo;`, `&#34;`, `&rdquo;`.
suggestion	replaceWithAlt	Replace with `&quot;`.
edit	15	33	caf\u00e9 &quot;q" \ud83d\ude00 'y'
suggestion	replaceWithAlt	Replace with `&ldquo;`.
edit	15	33	caf\u00e9 &ldquo;q" \ud83d\ude00 'y'
suggestion	replaceWithAlt	Replace with `&#34;`.
edit	15	33	caf\u00e9 &#34;q" \ud83d\ude00 'y'
suggestion	replaceWithAlt	Replace with `&rdquo;`.
edit	15	33	caf\u00e9 &rdquo;q" \ud83d\ude00 'y'
finding	23	24	unescapedEntityAlts	`"` can be escaped with `&quot;`, `&ldquo;`, `&#34;`, `&rdquo;`.
suggestion	replaceWithAlt	Replace with `&quot;`.
edit	15	33	caf\u00e9 "q&quot; \ud83d\ude00 'y'
suggestion	replaceWithAlt	Replace with `&ldquo;`.
edit	15	33	caf\u00e9 "q&ldquo; \ud83d\ude00 'y'
suggestion	replaceWithAlt	Replace with `&#34;`.
edit	15	33	caf\u00e9 "q&#34; \ud83d\ude00 'y'
suggestion	replaceWithAlt	Replace with `&rdquo;`.
edit	15	33	caf\u00e9 "q&rdquo; \ud83d\ude00 'y'
finding	30	31	unescapedEntityAlts	`'` can be escaped with `&apos;`, `&lsquo;`, `&#39;`, `&rsquo;`.
suggestion	replaceWithAlt	Replace with `&apos;`.
edit	15	33	caf\u00e9 "q" \ud83d\ude00 &apos;y'
suggestion	replaceWithAlt	Replace with `&lsquo;`.
edit	15	33	caf\u00e9 "q" \ud83d\ude00 &lsquo;y'
suggestion	replaceWithAlt	Replace with `&#39;`.
edit	15	33	caf\u00e9 "q" \ud83d\ude00 &#39;y'
suggestion	replaceWithAlt	Replace with `&rsquo;`.
edit	15	33	caf\u00e9 "q" \ud83d\ude00 &rsquo;y'
finding	32	33	unescapedEntityAlts	`'` can be escaped with `&apos;`, `&lsquo;`, `&#39;`, `&rsquo;`.
suggestion	replaceWithAlt	Replace with `&apos;`.
edit	15	33	caf\u00e9 "q" \ud83d\ude00 'y&apos;
suggestion	replaceWithAlt	Replace with `&lsquo;`.
edit	15	33	caf\u00e9 "q" \ud83d\ude00 'y&lsquo;
suggestion	replaceWithAlt	Replace with `&#39;`.
edit	15	33	caf\u00e9 "q" \ud83d\ude00 'y&#39;
suggestion	replaceWithAlt	Replace with `&rsquo;`.
edit	15	33	caf\u00e9 "q" \ud83d\ude00 'y&rsquo;
fixed	const a = <div>caf\u00e9 "q" \ud83d\ude00 'y'</div>;
case 31
finding	19	20	unescapedEntity	HTML entity `&` is written raw in JSX text and must be escaped.
fixed	const a = <div>foo & bar</div>;
case 32
fixed	const a = <div>foo bar</div>;
case 33
fixed	const a = <div>foo bar</div>;
case 34
finding	25	26	unescapedEntityAlts	`"` can be escaped with `&quot;`, `&ldquo;`, `&#34;`, `&rdquo;`.
suggestion	replaceWithAlt	Replace with `&quot;`.
edit	15	35	ok\u000a  bad: &quot;q"\u000a  more
suggestion	replaceWithAlt	Replace with `&ldquo;`.
edit	15	35	ok\u000a  bad: &ldquo;q"\u000a  more
suggestion	replaceWithAlt	Replace with `&#34;`.
edit	15	35	ok\u000a  bad: &#34;q"\u000a  more
suggestion	replaceWithAlt	Replace with `&rdquo;`.
edit	15	35	ok\u000a  bad: &rdquo;q"\u000a  more
finding	27	28	unescapedEntityAlts	`"` can be escaped with `&quot;`, `&ldquo;`, `&#34;`, `&rdquo;`.
suggestion	replaceWithAlt	Replace with `&quot;`.
edit	15	35	ok\u000a  bad: "q&quot;\u000a  more
suggestion	replaceWithAlt	Replace with `&ldquo;`.
edit	15	35	ok\u000a  bad: "q&ldquo;\u000a  more
suggestion	replaceWithAlt	Replace with `&#34;`.
edit	15	35	ok\u000a  bad: "q&#34;\u000a  more
suggestion	replaceWithAlt	Replace with `&rdquo;`.
edit	15	35	ok\u000a  bad: "q&rdquo;\u000a  more
fixed	const a = <div>ok\u000a  bad: "q"\u000a  more</div>;
case 35
finding	16	17	unescapedEntityAlts	`"` can be escaped with `&quot;`, `&ldquo;`, `&#34;`, `&rdquo;`.
suggestion	replaceWithAlt	Replace with `&quot;`.
edit	15	18	x&quot;y
suggestion	replaceWithAlt	Replace with `&ldquo;`.
edit	15	18	x&ldquo;y
suggestion	replaceWithAlt	Replace with `&#34;`.
edit	15	18	x&#34;y
suggestion	replaceWithAlt	Replace with `&rdquo;`.
edit	15	18	x&rdquo;y
fixed	const a = <div>x"y</div>;
case 36
fixed	const a = <div>{"has > and quote \u005c""}</div>;
case 37
fixed	const a = `it's here`;
case 38
finding	21	22	unescapedEntityAlts	`>` can be escaped with `&gt;`.
suggestion	replaceWithAlt	Replace with `&gt;`.
edit	15	41	Hello &gt; "world" 'friend' }
finding	23	24	unescapedEntityAlts	`"` can be escaped with `&quot;`, `&ldquo;`, `&#34;`, `&rdquo;`.
suggestion	replaceWithAlt	Replace with `&quot;`.
edit	15	41	Hello > &quot;world" 'friend' }
suggestion	replaceWithAlt	Replace with `&ldquo;`.
edit	15	41	Hello > &ldquo;world" 'friend' }
suggestion	replaceWithAlt	Replace with `&#34;`.
edit	15	41	Hello > &#34;world" 'friend' }
suggestion	replaceWithAlt	Replace with `&rdquo;`.
edit	15	41	Hello > &rdquo;world" 'friend' }
finding	29	30	unescapedEntityAlts	`"` can be escaped with `&quot;`, `&ldquo;`, `&#34;`, `&rdquo;`.
suggestion	replaceWithAlt	Replace with `&quot;`.
edit	15	41	Hello > "world&quot; 'friend' }
suggestion	replaceWithAlt	Replace with `&ldquo;`.
edit	15	41	Hello > "world&ldquo; 'friend' }
suggestion	replaceWithAlt	Replace with `&#34;`.
edit	15	41	Hello > "world&#34; 'friend' }
suggestion	replaceWithAlt	Replace with `&rdquo;`.
edit	15	41	Hello > "world&rdquo; 'friend' }
finding	31	32	unescapedEntityAlts	`'` can be escaped with `&apos;`, `&lsquo;`, `&#39;`, `&rsquo;`.
suggestion	replaceWithAlt	Replace with `&apos;`.
edit	15	41	Hello > "world" &apos;friend' }
suggestion	replaceWithAlt	Replace with `&lsquo;`.
edit	15	41	Hello > "world" &lsquo;friend' }
suggestion	replaceWithAlt	Replace with `&#39;`.
edit	15	41	Hello > "world" &#39;friend' }
suggestion	replaceWithAlt	Replace with `&rsquo;`.
edit	15	41	Hello > "world" &rsquo;friend' }
finding	38	39	unescapedEntityAlts	`'` can be escaped with `&apos;`, `&lsquo;`, `&#39;`, `&rsquo;`.
suggestion	replaceWithAlt	Replace with `&apos;`.
edit	15	41	Hello > "world" 'friend&apos; }
suggestion	replaceWithAlt	Replace with `&lsquo;`.
edit	15	41	Hello > "world" 'friend&lsquo; }
suggestion	replaceWithAlt	Replace with `&#39;`.
edit	15	41	Hello > "world" 'friend&#39; }
suggestion	replaceWithAlt	Replace with `&rsquo;`.
edit	15	41	Hello > "world" 'friend&rsquo; }
finding	40	41	unescapedEntityAlts	`}` can be escaped with `&#125;`.
suggestion	replaceWithAlt	Replace with `&#125;`.
edit	15	41	Hello > "world" 'friend' &#125;
fixed	const a = <div>Hello > "world" 'friend' }</div>;\u000a
