=== RUN   TestLazyViewAdaptedCensus
    view_adapted_census_test.go:21: set LAZY_ADAPTED_ROOT, LAZY_ADAPTED_SITES and LAZY_ADAPTED_OUTPUT
--- SKIP: TestLazyViewAdaptedCensus (0.00s)
=== RUN   TestViewIntersectionContracts
=== PAUSE TestViewIntersectionContracts
=== RUN   TestLazyViewCensus
    view_lazy_census_test.go:29: set LAZY_VIEW_CENSUS_ROOT, LAZY_VIEW_CENSUS_SEEDS and LAZY_VIEW_CENSUS_OUTPUT
--- SKIP: TestLazyViewCensus (0.00s)
=== RUN   TestLazyViewDemandUsesSharedFlow
=== RUN   TestLazyViewDemandUsesSharedFlow/helper_merge
=== RUN   TestLazyViewDemandUsesSharedFlow/wider_helper
=== RUN   TestLazyViewDemandUsesSharedFlow/ordinary_only
=== RUN   TestLazyViewDemandUsesSharedFlow/callback_unknown
=== RUN   TestLazyViewDemandUsesSharedFlow/missing_producer
--- PASS: TestLazyViewDemandUsesSharedFlow (0.00s)
    --- PASS: TestLazyViewDemandUsesSharedFlow/helper_merge (0.00s)
    --- PASS: TestLazyViewDemandUsesSharedFlow/wider_helper (0.00s)
    --- PASS: TestLazyViewDemandUsesSharedFlow/ordinary_only (0.00s)
    --- PASS: TestLazyViewDemandUsesSharedFlow/callback_unknown (0.00s)
    --- PASS: TestLazyViewDemandUsesSharedFlow/missing_producer (0.00s)
=== RUN   TestLazyViewArrayDemand
=== RUN   TestLazyViewArrayDemand/index
=== RUN   TestLazyViewArrayDemand/map
=== RUN   TestLazyViewArrayDemand/visit
=== RUN   TestLazyViewArrayDemand/reduce
=== RUN   TestLazyViewArrayDemand/pop
=== RUN   TestLazyViewArrayDemand/join
=== RUN   TestLazyViewArrayDemand/for_of
--- PASS: TestLazyViewArrayDemand (0.00s)
    --- PASS: TestLazyViewArrayDemand/index (0.00s)
    --- PASS: TestLazyViewArrayDemand/map (0.00s)
    --- PASS: TestLazyViewArrayDemand/visit (0.00s)
    --- PASS: TestLazyViewArrayDemand/reduce (0.00s)
    --- PASS: TestLazyViewArrayDemand/pop (0.00s)
    --- PASS: TestLazyViewArrayDemand/join (0.00s)
    --- PASS: TestLazyViewArrayDemand/for_of (0.00s)
=== CONT  TestViewIntersectionContracts
=== RUN   TestViewIntersectionContracts/interfaces
=== RUN   TestViewIntersectionContracts/nested
=== RUN   TestViewIntersectionContracts/brand
=== RUN   TestViewIntersectionContracts/runtime_member
=== RUN   TestViewIntersectionContracts/optional_brand
=== RUN   TestViewIntersectionContracts/primitive_brand_lane
--- PASS: TestViewIntersectionContracts (1.27s)
    --- PASS: TestViewIntersectionContracts/interfaces (0.24s)
    --- PASS: TestViewIntersectionContracts/nested (0.19s)
    --- PASS: TestViewIntersectionContracts/brand (0.19s)
    --- PASS: TestViewIntersectionContracts/runtime_member (0.20s)
    --- PASS: TestViewIntersectionContracts/optional_brand (0.22s)
    --- PASS: TestViewIntersectionContracts/primitive_brand_lane (0.25s)
PASS
ok  	github.com/system-inc/adamic/internal/lower	1.411s
testing: warning: no tests to run
PASS
ok  	github.com/system-inc/adamic/internal/native	0.024s [no tests to run]
testing: warning: no tests to run
PASS
ok  	github.com/system-inc/adamic/internal/javascript	0.004s [no tests to run]
=== RUN   TestCheckedViewArrays
=== PAUSE TestCheckedViewArrays
=== RUN   TestCheckedViewLane4HelperReads
=== RUN   TestCheckedViewLane4HelperReads/helper-good
=== RUN   TestCheckedViewLane4HelperReads/helper-wrong
    checked_views_mixed_unions_test.go:51: unchecked helper mutant caught: exit 0 stdout "true\nfalse\n"
    checked_views_mixed_unions_test.go:51: unchecked helper mutant caught: exit 0 stdout "true\n42\n"
--- PASS: TestCheckedViewLane4HelperReads (0.89s)
    --- PASS: TestCheckedViewLane4HelperReads/helper-good (0.42s)
    --- PASS: TestCheckedViewLane4HelperReads/helper-wrong (0.46s)
=== RUN   TestCheckedViewMixedSelection
=== RUN   TestCheckedViewMixedSelection/string-number-undefined
=== RUN   TestCheckedViewMixedSelection/string-object
=== RUN   TestCheckedViewMixedSelection/untagged-objects
=== RUN   TestCheckedViewMixedSelection/false-string-undefined
--- PASS: TestCheckedViewMixedSelection (2.52s)
    --- PASS: TestCheckedViewMixedSelection/string-number-undefined (0.53s)
    --- PASS: TestCheckedViewMixedSelection/string-object (0.54s)
    --- PASS: TestCheckedViewMixedSelection/untagged-objects (0.51s)
    --- PASS: TestCheckedViewMixedSelection/false-string-undefined (0.42s)
=== RUN   TestCheckedViewObjectPrimitiveSource
=== RUN   TestCheckedViewObjectPrimitiveSource/comment-good
=== RUN   TestCheckedViewObjectPrimitiveSource/comment-flags-wrong
    checked_views_object_primitive_unions_test.go:140: wrong-shape acceptance caught: exit 0 stdout "nested:0\n"
    checked_views_object_primitive_unions_test.go:140: wrong-shape acceptance caught: exit 0 stdout "nested:false\n"
    checked_views_object_primitive_unions_test.go:170: read check removal caught (comment-flags-wrong): exit 0 stdout "nested:0\n"
    checked_views_object_primitive_unions_test.go:170: read check removal caught (comment-flags-wrong): exit 0 stdout "nested:false\n"
=== RUN   TestCheckedViewObjectPrimitiveSource/comment-boolean
    checked_views_object_primitive_unions_test.go:83: outer wrong-member acceptance caught (comment-boolean): exit 0 stdout "wrong\n"
    checked_views_object_primitive_unions_test.go:83: outer wrong-member acceptance caught (comment-boolean): exit 0 stdout "wrong\n"
    checked_views_object_primitive_unions_test.go:170: read check removal caught (comment-boolean): exit 0 stdout "absent\n"
    checked_views_object_primitive_unions_test.go:170: read check removal caught (comment-boolean): exit 0 stdout "wrong\n"
=== RUN   TestCheckedViewObjectPrimitiveSource/literal-good
=== RUN   TestCheckedViewObjectPrimitiveSource/literal-boolean
    checked_views_object_primitive_unions_test.go:83: outer wrong-member acceptance caught (literal-boolean): exit 0 stdout "wrong\n"
    checked_views_object_primitive_unions_test.go:83: outer wrong-member acceptance caught (literal-boolean): exit 0 stdout "wrong\n"
    checked_views_object_primitive_unions_test.go:170: read check removal caught (literal-boolean): exit 0 stdout "wrong\n"
    checked_views_object_primitive_unions_test.go:170: read check removal caught (literal-boolean): exit 0 stdout "wrong\n"
=== RUN   TestCheckedViewObjectPrimitiveSource/literal-negative-wrong
    checked_views_object_primitive_unions_test.go:140: wrong-shape acceptance caught: exit 0 stdout "true:123\n"
    checked_views_object_primitive_unions_test.go:140: wrong-shape acceptance caught: exit 0 stdout "42:123\n"
    checked_views_object_primitive_unions_test.go:170: read check removal caught (literal-negative-wrong): exit 0 stdout "false:123\n"
    checked_views_object_primitive_unions_test.go:170: read check removal caught (literal-negative-wrong): exit 0 stdout "42:123\n"
=== RUN   TestCheckedViewObjectPrimitiveSource/literal-text-wrong
=== RUN   TestCheckedViewObjectPrimitiveSource/node-indicator-false
    checked_views_object_primitive_unions_test.go:110: wrong-member acceptance caught: exit 0 stdout "false\n"
    checked_views_object_primitive_unions_test.go:110: wrong-member acceptance caught: exit 0 stdout "false\n"
    checked_views_object_primitive_unions_test.go:170: read check removal caught (node-indicator-false): exit 0 stdout "absent\n"
    checked_views_object_primitive_unions_test.go:170: read check removal caught (node-indicator-false): exit 0 stdout "false\n"
=== RUN   TestCheckedViewObjectPrimitiveSource/diagnostic-boolean
=== RUN   TestCheckedViewObjectPrimitiveSource/diagnostic-code-wrong
    checked_views_object_primitive_unions_test.go:140: wrong-shape acceptance caught: exit 0 stdout "0\n"
    checked_views_object_primitive_unions_test.go:140: wrong-shape acceptance caught: exit 0 stdout "false\n"
    checked_views_object_primitive_unions_test.go:170: read check removal caught (diagnostic-code-wrong): exit 0 stdout "0\n"
    checked_views_object_primitive_unions_test.go:170: read check removal caught (diagnostic-code-wrong): exit 0 stdout "false\n"
=== RUN   TestCheckedViewObjectPrimitiveSource/node-indicator-flags-wrong
    checked_views_object_primitive_unions_test.go:140: wrong-shape acceptance caught: exit 0 stdout "0\n"
    checked_views_object_primitive_unions_test.go:140: wrong-shape acceptance caught: exit 0 stdout "false\n"
    checked_views_object_primitive_unions_test.go:170: read check removal caught (node-indicator-flags-wrong): exit 0 stdout "0\n"
    checked_views_object_primitive_unions_test.go:170: read check removal caught (node-indicator-flags-wrong): exit 0 stdout "false\n"
=== RUN   TestCheckedViewObjectPrimitiveSource/diagnostic-good
=== RUN   TestCheckedViewObjectPrimitiveSource/diagnostic-wrong
=== RUN   TestCheckedViewObjectPrimitiveSource/node-indicator-good
=== RUN   TestCheckedViewObjectPrimitiveSource/node-indicator-wrong
--- PASS: TestCheckedViewObjectPrimitiveSource (19.04s)
    --- PASS: TestCheckedViewObjectPrimitiveSource/comment-good (0.84s)
    --- PASS: TestCheckedViewObjectPrimitiveSource/comment-flags-wrong (1.27s)
    --- PASS: TestCheckedViewObjectPrimitiveSource/comment-boolean (1.96s)
    --- PASS: TestCheckedViewObjectPrimitiveSource/literal-good (0.99s)
    --- PASS: TestCheckedViewObjectPrimitiveSource/literal-boolean (1.99s)
    --- PASS: TestCheckedViewObjectPrimitiveSource/literal-negative-wrong (2.22s)
    --- PASS: TestCheckedViewObjectPrimitiveSource/literal-text-wrong (0.90s)
    --- PASS: TestCheckedViewObjectPrimitiveSource/node-indicator-false (1.63s)
    --- PASS: TestCheckedViewObjectPrimitiveSource/diagnostic-boolean (1.94s)
    --- PASS: TestCheckedViewObjectPrimitiveSource/diagnostic-code-wrong (1.44s)
    --- PASS: TestCheckedViewObjectPrimitiveSource/node-indicator-flags-wrong (1.22s)
    --- PASS: TestCheckedViewObjectPrimitiveSource/diagnostic-good (0.63s)
    --- PASS: TestCheckedViewObjectPrimitiveSource/diagnostic-wrong (0.61s)
    --- PASS: TestCheckedViewObjectPrimitiveSource/node-indicator-good (0.65s)
    --- PASS: TestCheckedViewObjectPrimitiveSource/node-indicator-wrong (0.77s)
=== RUN   TestCheckedViewObjectPrimitiveOriginalPairs
=== RUN   TestCheckedViewObjectPrimitiveOriginalPairs/literal-good
=== RUN   TestCheckedViewObjectPrimitiveOriginalPairs/literal-boolean
    checked_views_object_primitive_unions_test.go:336: accept wrong union member caught: exit 0 stdout "wrong\n"
    checked_views_object_primitive_unions_test.go:336: accept wrong union member caught: exit 0 stdout "wrong\n"
    checked_views_object_primitive_unions_test.go:336: skip outer union check caught: exit 0 stdout "wrong\n"
    checked_views_object_primitive_unions_test.go:336: skip outer union check caught: exit 0 stdout "wrong\n"
=== RUN   TestCheckedViewObjectPrimitiveOriginalPairs/literal-negative-wrong
    checked_views_object_primitive_unions_test.go:336: accept wrong nested shape caught: exit 0 stdout "true:123\n"
    checked_views_object_primitive_unions_test.go:336: accept wrong nested shape caught: exit 0 stdout "42:123\n"
    checked_views_object_primitive_unions_test.go:336: drop transitive check caught: exit 0 stdout "false:123\n"
    checked_views_object_primitive_unions_test.go:336: drop transitive check caught: exit 0 stdout "42:123\n"
=== RUN   TestCheckedViewObjectPrimitiveOriginalPairs/literal-text-wrong
=== RUN   TestCheckedViewObjectPrimitiveOriginalPairs/source-file-helpers-good
=== RUN   TestCheckedViewObjectPrimitiveOriginalPairs/source-file-helpers-false
    checked_views_object_primitive_unions_test.go:336: accept wrong union member caught: exit 0 stdout "false\n"
    checked_views_object_primitive_unions_test.go:336: accept wrong union member caught: exit 0 stdout "false\n"
    checked_views_object_primitive_unions_test.go:336: skip outer union check caught: exit 0 stdout "absent\n"
    checked_views_object_primitive_unions_test.go:336: skip outer union check caught: exit 0 stdout "false\n"
=== RUN   TestCheckedViewObjectPrimitiveOriginalPairs/source-file-uninitialized
    checked_views_object_primitive_unions_test.go:336: treat uninitialized optional slot as undefined caught: exit 0 stdout "absent\n"
    checked_views_object_primitive_unions_test.go:336: treat uninitialized optional slot as undefined caught: exit 0 stdout "absent\n"
=== RUN   TestCheckedViewObjectPrimitiveOriginalPairs/source-file-good
    checked_views_object_primitive_unions_test.go:373: reject allowed absence caught: exit 70 stdout "true\n80\nabsent\n"
    checked_views_object_primitive_unions_test.go:373: reject allowed absence caught: exit 70 stdout "true\n80\nabsent\n"
=== RUN   TestCheckedViewObjectPrimitiveOriginalPairs/source-file-false
    checked_views_object_primitive_unions_test.go:336: accept wrong union member caught: exit 0 stdout "false\n"
    checked_views_object_primitive_unions_test.go:336: accept wrong union member caught: exit 0 stdout "false\n"
    checked_views_object_primitive_unions_test.go:336: skip outer union check caught: exit 0 stdout "absent\n"
    checked_views_object_primitive_unions_test.go:336: skip outer union check caught: exit 0 stdout "false\n"
=== RUN   TestCheckedViewObjectPrimitiveOriginalPairs/source-file-kind-wrong
    checked_views_object_primitive_unions_test.go:336: accept wrong nested shape caught: exit 0 stdout "0\n"
    checked_views_object_primitive_unions_test.go:336: accept wrong nested shape caught: exit 0 stdout "false\n"
    checked_views_object_primitive_unions_test.go:336: drop transitive check caught: exit 0 stdout "0\n"
    checked_views_object_primitive_unions_test.go:336: drop transitive check caught: exit 0 stdout "false\n"
=== RUN   TestCheckedViewObjectPrimitiveOriginalPairs/diagnostic-good
=== RUN   TestCheckedViewObjectPrimitiveOriginalPairs/diagnostic-boolean
    checked_views_object_primitive_unions_test.go:336: accept wrong union member caught: exit 0 stdout "wrong\n"
    checked_views_object_primitive_unions_test.go:336: accept wrong union member caught: exit 0 stdout "wrong\n"
    checked_views_object_primitive_unions_test.go:336: skip outer union check caught: exit 0 stdout "wrong\n"
    checked_views_object_primitive_unions_test.go:336: skip outer union check caught: exit 0 stdout "wrong\n"
=== RUN   TestCheckedViewObjectPrimitiveOriginalPairs/diagnostic-code-wrong
    checked_views_object_primitive_unions_test.go:336: accept wrong nested shape caught: exit 0 stdout "chain:0\n"
    checked_views_object_primitive_unions_test.go:336: accept wrong nested shape caught: exit 0 stdout "chain:false\n"
    checked_views_object_primitive_unions_test.go:336: drop transitive check caught: exit 0 stdout "chain:0\n"
    checked_views_object_primitive_unions_test.go:336: drop transitive check caught: exit 0 stdout "chain:false\n"
=== RUN   TestCheckedViewObjectPrimitiveOriginalPairs/bindable-expression-unread
=== RUN   TestCheckedViewObjectPrimitiveOriginalPairs/bindable-expression-frontier
    checked_views_object_primitive_unions_test.go:462: uncertified original pair: checked view read of field expression with unsupported representation conversion contract
--- PASS: TestCheckedViewObjectPrimitiveOriginalPairs (26.25s)
    --- PASS: TestCheckedViewObjectPrimitiveOriginalPairs/literal-good (1.57s)
    --- PASS: TestCheckedViewObjectPrimitiveOriginalPairs/literal-boolean (1.87s)
    --- PASS: TestCheckedViewObjectPrimitiveOriginalPairs/literal-negative-wrong (1.86s)
    --- PASS: TestCheckedViewObjectPrimitiveOriginalPairs/literal-text-wrong (1.65s)
    --- PASS: TestCheckedViewObjectPrimitiveOriginalPairs/source-file-helpers-good (1.58s)
    --- PASS: TestCheckedViewObjectPrimitiveOriginalPairs/source-file-helpers-false (1.87s)
    --- PASS: TestCheckedViewObjectPrimitiveOriginalPairs/source-file-uninitialized (1.76s)
    --- PASS: TestCheckedViewObjectPrimitiveOriginalPairs/source-file-good (1.92s)
    --- PASS: TestCheckedViewObjectPrimitiveOriginalPairs/source-file-false (2.31s)
    --- PASS: TestCheckedViewObjectPrimitiveOriginalPairs/source-file-kind-wrong (2.16s)
    --- PASS: TestCheckedViewObjectPrimitiveOriginalPairs/diagnostic-good (1.65s)
    --- PASS: TestCheckedViewObjectPrimitiveOriginalPairs/diagnostic-boolean (2.00s)
    --- PASS: TestCheckedViewObjectPrimitiveOriginalPairs/diagnostic-code-wrong (1.92s)
    --- PASS: TestCheckedViewObjectPrimitiveOriginalPairs/bindable-expression-unread (1.57s)
    --- PASS: TestCheckedViewObjectPrimitiveOriginalPairs/bindable-expression-frontier (0.54s)
=== CONT  TestCheckedViewArrays
=== RUN   TestCheckedViewArrays/array-lazy
=== PAUSE TestCheckedViewArrays/array-lazy
=== RUN   TestCheckedViewArrays/array-iteration
=== PAUSE TestCheckedViewArrays/array-iteration
=== RUN   TestCheckedViewArrays/array-map
=== PAUSE TestCheckedViewArrays/array-map
=== RUN   TestCheckedViewArrays/array-pop
=== PAUSE TestCheckedViewArrays/array-pop
=== RUN   TestCheckedViewArrays/array-bounds
=== PAUSE TestCheckedViewArrays/array-bounds
=== RUN   TestCheckedViewArrays/array-second
=== PAUSE TestCheckedViewArrays/array-second
=== RUN   TestCheckedViewArrays/array-length-kind
=== PAUSE TestCheckedViewArrays/array-length-kind
=== RUN   TestCheckedViewArrays/callable-missing
=== PAUSE TestCheckedViewArrays/callable-missing
=== RUN   TestCheckedViewArrays/callable-uninitialized
=== PAUSE TestCheckedViewArrays/callable-uninitialized
=== RUN   TestCheckedViewArrays/callable-kind
=== PAUSE TestCheckedViewArrays/callable-kind
=== RUN   TestCheckedViewArrays/array-missing
=== PAUSE TestCheckedViewArrays/array-missing
=== RUN   TestCheckedViewArrays/array-uninitialized
=== PAUSE TestCheckedViewArrays/array-uninitialized
=== RUN   TestCheckedViewArrays/array-boolean
=== PAUSE TestCheckedViewArrays/array-boolean
=== RUN   TestCheckedViewArrays/array-iteration-bad
=== PAUSE TestCheckedViewArrays/array-iteration-bad
=== RUN   TestCheckedViewArrays/array-map-bad
=== PAUSE TestCheckedViewArrays/array-map-bad
=== RUN   TestCheckedViewArrays/array-alias
=== PAUSE TestCheckedViewArrays/array-alias
=== RUN   TestCheckedViewArrays/array-undefined
=== PAUSE TestCheckedViewArrays/array-undefined
=== RUN   TestCheckedViewArrays/array-string-literal
=== PAUSE TestCheckedViewArrays/array-string-literal
=== RUN   TestCheckedViewArrays/nullable-array-string
=== PAUSE TestCheckedViewArrays/nullable-array-string
=== RUN   TestCheckedViewArrays/nullable-array-element
=== PAUSE TestCheckedViewArrays/nullable-array-element
=== RUN   TestCheckedViewArrays/generic-array-element
=== PAUSE TestCheckedViewArrays/generic-array-element
=== RUN   TestCheckedViewArrays/array-field
=== PAUSE TestCheckedViewArrays/array-field
=== RUN   TestCheckedViewArrays/array-element
=== PAUSE TestCheckedViewArrays/array-element
=== RUN   TestCheckedViewArrays/object-element
=== PAUSE TestCheckedViewArrays/object-element
=== RUN   TestCheckedViewArrays/non-array
=== PAUSE TestCheckedViewArrays/non-array
=== CONT  TestCheckedViewArrays/array-lazy
=== CONT  TestCheckedViewArrays/array-iteration-bad
=== CONT  TestCheckedViewArrays/nullable-array-element
=== CONT  TestCheckedViewArrays/array-undefined
=== CONT  TestCheckedViewArrays/callable-missing
=== CONT  TestCheckedViewArrays/array-boolean
=== CONT  TestCheckedViewArrays/array-uninitialized
=== CONT  TestCheckedViewArrays/array-missing
=== CONT  TestCheckedViewArrays/callable-kind
=== CONT  TestCheckedViewArrays/callable-uninitialized
=== CONT  TestCheckedViewArrays/array-bounds
=== CONT  TestCheckedViewArrays/array-length-kind
=== CONT  TestCheckedViewArrays/array-second
=== CONT  TestCheckedViewArrays/array-map
=== CONT  TestCheckedViewArrays/array-pop
=== CONT  TestCheckedViewArrays/nullable-array-string
=== CONT  TestCheckedViewArrays/array-alias
=== CONT  TestCheckedViewArrays/array-string-literal
=== CONT  TestCheckedViewArrays/array-map-bad
=== CONT  TestCheckedViewArrays/array-iteration
=== CONT  TestCheckedViewArrays/array-element
=== CONT  TestCheckedViewArrays/non-array
=== CONT  TestCheckedViewArrays/object-element
=== CONT  TestCheckedViewArrays/array-field
=== CONT  TestCheckedViewArrays/generic-array-element
--- PASS: TestCheckedViewArrays (0.00s)
    --- PASS: TestCheckedViewArrays/array-undefined (0.67s)
    --- PASS: TestCheckedViewArrays/nullable-array-element (0.81s)
    --- PASS: TestCheckedViewArrays/callable-missing (0.87s)
    --- PASS: TestCheckedViewArrays/array-iteration-bad (0.95s)
    --- PASS: TestCheckedViewArrays/array-lazy (1.11s)
    --- PASS: TestCheckedViewArrays/array-uninitialized (0.60s)
    --- PASS: TestCheckedViewArrays/array-boolean (0.82s)
    --- PASS: TestCheckedViewArrays/array-missing (0.82s)
    --- PASS: TestCheckedViewArrays/callable-kind (0.78s)
    --- PASS: TestCheckedViewArrays/callable-uninitialized (0.81s)
    --- PASS: TestCheckedViewArrays/array-length-kind (0.69s)
    --- PASS: TestCheckedViewArrays/array-bounds (0.99s)
    --- PASS: TestCheckedViewArrays/array-second (0.80s)
    --- PASS: TestCheckedViewArrays/array-map (1.05s)
    --- PASS: TestCheckedViewArrays/nullable-array-string (0.68s)
    --- PASS: TestCheckedViewArrays/array-pop (1.04s)
    --- PASS: TestCheckedViewArrays/array-string-literal (0.74s)
    --- PASS: TestCheckedViewArrays/array-alias (0.89s)
    --- PASS: TestCheckedViewArrays/array-map-bad (0.85s)
    --- PASS: TestCheckedViewArrays/array-iteration (0.92s)
    --- PASS: TestCheckedViewArrays/array-element (0.92s)
    --- PASS: TestCheckedViewArrays/non-array (0.72s)
    --- PASS: TestCheckedViewArrays/object-element (0.92s)
    --- PASS: TestCheckedViewArrays/generic-array-element (0.58s)
    --- PASS: TestCheckedViewArrays/array-field (0.74s)
PASS
gate cache: native hits=0 misses=0
gate cache: node hits=0 misses=143
gate cache: probe hits=0 misses=0
ok  	github.com/system-inc/adamic/internal/oracle	53.104s
