/tmp/adamic-gate/stage3-meter.0qVD1D/main-adapted/src/compiler/_namespaces/ts.moduleSpecifiers.ts 1 0 measured on a checker-rejected program
/tmp/adamic-gate/stage3-meter.0qVD1D/main-adapted/src/compiler/_namespaces/ts.performance.ts 1 0 measured on a checker-rejected program
/tmp/adamic-gate/stage3-meter.0qVD1D/main-adapted/src/compiler/_namespaces/ts.ts 77 0 measured on a checker-rejected program
/tmp/adamic-gate/stage3-meter.0qVD1D/main-adapted/src/compiler/binder.ts 16 394 measured on a checker-rejected program
/tmp/adamic-gate/stage3-meter.0qVD1D/main-adapted/src/compiler/builder.ts 85 151 measured on a checker-rejected program
/tmp/adamic-gate/stage3-meter.0qVD1D/main-adapted/src/compiler/builderPublic.ts 16 7 measured on a checker-rejected program
/tmp/adamic-gate/stage3-meter.0qVD1D/main-adapted/src/compiler/builderState.ts 5 23 measured on a checker-rejected program
/tmp/adamic-gate/stage3-meter.0qVD1D/main-adapted/src/compiler/builderStatePublic.ts 3 0 measured on a checker-rejected program
/tmp/adamic-gate/stage3-meter.0qVD1D/main-adapted/src/compiler/checker.ts 51 36 measured on a checker-rejected program
/tmp/adamic-gate/stage3-meter.0qVD1D/main-adapted/src/compiler/commandLineParser.ts 166 200 measured on a checker-rejected program
/tmp/adamic-gate/stage3-meter.0qVD1D/main-adapted/src/compiler/core.ts 261 390 measured on a checker-rejected program
/tmp/adamic-gate/stage3-meter.0qVD1D/main-adapted/src/compiler/corePublic.ts 9 1 measured on a checker-rejected program
/tmp/adamic-gate/stage3-meter.0qVD1D/main-adapted/src/compiler/debug.ts 5 133 measured on a checker-rejected program
/tmp/adamic-gate/stage3-meter.0qVD1D/main-adapted/src/compiler/diagnosticInformationMap.generated.ts 3 1 measured on a checker-rejected program
/tmp/adamic-gate/stage3-meter.0qVD1D/main-adapted/src/compiler/emitter.ts 50 484 measured on a checker-rejected program
/tmp/adamic-gate/stage3-meter.0qVD1D/main-adapted/src/compiler/executeCommandLine.ts 50 64 measured on a checker-rejected program
/tmp/adamic-gate/stage3-meter.0qVD1D/main-adapted/src/compiler/expressionToTypeNode.ts 9 102 measured on a checker-rejected program
/tmp/adamic-gate/stage3-meter.0qVD1D/main-adapted/src/compiler/factory/baseNodeFactory.ts 3 1 measured on a checker-rejected program
/tmp/adamic-gate/stage3-meter.0qVD1D/main-adapted/src/compiler/factory/emitHelpers.ts 45 20 measured on a checker-rejected program
/tmp/adamic-gate/stage3-meter.0qVD1D/main-adapted/src/compiler/factory/emitNode.ts 41 40 measured on a checker-rejected program
/tmp/adamic-gate/stage3-meter.0qVD1D/main-adapted/src/compiler/factory/nodeChildren.ts 6 6 measured on a checker-rejected program
/tmp/adamic-gate/stage3-meter.0qVD1D/main-adapted/src/compiler/factory/nodeConverters.ts 3 43 measured on a checker-rejected program
/tmp/adamic-gate/stage3-meter.0qVD1D/main-adapted/src/compiler/factory/nodeFactory.ts 26 16 measured on a checker-rejected program
/tmp/adamic-gate/stage3-meter.0qVD1D/main-adapted/src/compiler/factory/nodeTests.ts 228 227 measured on a checker-rejected program
/tmp/adamic-gate/stage3-meter.0qVD1D/main-adapted/src/compiler/factory/parenthesizerRules.ts 3 39 measured on a checker-rejected program
/tmp/adamic-gate/stage3-meter.0qVD1D/main-adapted/src/compiler/factory/utilities.ts 108 238 measured on a checker-rejected program
/tmp/adamic-gate/stage3-meter.0qVD1D/main-adapted/src/compiler/factory/utilitiesPublic.ts 4 3 measured on a checker-rejected program
/tmp/adamic-gate/stage3-meter.0qVD1D/main-adapted/src/compiler/hostErrors.ts 2 4 measured on a checker-rejected program
/tmp/adamic-gate/stage3-meter.0qVD1D/main-adapted/src/compiler/moduleNameResolver.ts 163 162 measured on a checker-rejected program
/tmp/adamic-gate/stage3-meter.0qVD1D/main-adapted/src/compiler/moduleSpecifiers.ts 49 91 measured on a checker-rejected program
/tmp/adamic-gate/stage3-meter.0qVD1D/main-adapted/src/compiler/parser.ts 75 331 measured on a checker-rejected program
/tmp/adamic-gate/stage3-meter.0qVD1D/main-adapted/src/compiler/path.ts 81 58 measured on a checker-rejected program
/tmp/adamic-gate/stage3-meter.0qVD1D/main-adapted/src/compiler/performance.ts 24 10 measured on a checker-rejected program
/tmp/adamic-gate/stage3-meter.0qVD1D/main-adapted/src/compiler/performanceCore.ts 11 3 measured on a checker-rejected program
/tmp/adamic-gate/stage3-meter.0qVD1D/main-adapted/src/compiler/program.ts 84 98 measured on a checker-rejected program
/tmp/adamic-gate/stage3-meter.0qVD1D/main-adapted/src/compiler/programDiagnostics.ts 5 32 measured on a checker-rejected program
/tmp/adamic-gate/stage3-meter.0qVD1D/main-adapted/src/compiler/resolutionCache.ts 31 29 measured on a checker-rejected program
/tmp/adamic-gate/stage3-meter.0qVD1D/main-adapted/src/compiler/scanner.ts 84 107 measured on a checker-rejected program
/tmp/adamic-gate/stage3-meter.0qVD1D/main-adapted/src/compiler/semver.ts 29 22 measured on a checker-rejected program
/tmp/adamic-gate/stage3-meter.0qVD1D/main-adapted/src/compiler/sourcemap.ts 31 40 measured on a checker-rejected program
/tmp/adamic-gate/stage3-meter.0qVD1D/main-adapted/src/compiler/symbolWalker.ts 2 20 measured on a checker-rejected program
/tmp/adamic-gate/stage3-meter.0qVD1D/main-adapted/src/compiler/sys.ts 58 71 measured on a checker-rejected program
/tmp/adamic-gate/stage3-meter.0qVD1D/main-adapted/src/compiler/tracing.ts 8 25 measured on a checker-rejected program
/tmp/adamic-gate/stage3-meter.0qVD1D/main-adapted/src/compiler/transformer.ts 17 10 measured on a checker-rejected program
/tmp/adamic-gate/stage3-meter.0qVD1D/main-adapted/src/compiler/transformers/classFields.ts 23 7 measured on a checker-rejected program
/tmp/adamic-gate/stage3-meter.0qVD1D/main-adapted/src/compiler/transformers/classThis.ts 7 9 measured on a checker-rejected program
/tmp/adamic-gate/stage3-meter.0qVD1D/main-adapted/src/compiler/transformers/declarations.ts 14 6 measured on a checker-rejected program
/tmp/adamic-gate/stage3-meter.0qVD1D/main-adapted/src/compiler/transformers/declarations/diagnostics.ts 8 24 measured on a checker-rejected program
/tmp/adamic-gate/stage3-meter.0qVD1D/main-adapted/src/compiler/transformers/destructuring.ts 22 53 measured on a checker-rejected program
/tmp/adamic-gate/stage3-meter.0qVD1D/main-adapted/src/compiler/transformers/es2015.ts 13 0 measured on a checker-rejected program
/tmp/adamic-gate/stage3-meter.0qVD1D/main-adapted/src/compiler/transformers/es2016.ts 2 2 measured on a checker-rejected program
/tmp/adamic-gate/stage3-meter.0qVD1D/main-adapted/src/compiler/transformers/es2017.ts 6 1 measured on a checker-rejected program
/tmp/adamic-gate/stage3-meter.0qVD1D/main-adapted/src/compiler/transformers/es2018.ts 4 68 measured on a checker-rejected program
/tmp/adamic-gate/stage3-meter.0qVD1D/main-adapted/src/compiler/transformers/es2019.ts 2 2 measured on a checker-rejected program
/tmp/adamic-gate/stage3-meter.0qVD1D/main-adapted/src/compiler/transformers/es2020.ts 2 19 measured on a checker-rejected program
/tmp/adamic-gate/stage3-meter.0qVD1D/main-adapted/src/compiler/transformers/es2021.ts 2 1 measured on a checker-rejected program
/tmp/adamic-gate/stage3-meter.0qVD1D/main-adapted/src/compiler/transformers/esDecorators.ts 9 0 measured on a checker-rejected program
/tmp/adamic-gate/stage3-meter.0qVD1D/main-adapted/src/compiler/transformers/esnext.ts 9 1 measured on a checker-rejected program
/tmp/adamic-gate/stage3-meter.0qVD1D/main-adapted/src/compiler/transformers/generators.ts 16 2 measured on a checker-rejected program
/tmp/adamic-gate/stage3-meter.0qVD1D/main-adapted/src/compiler/transformers/jsx.ts 3 0 measured on a checker-rejected program
/tmp/adamic-gate/stage3-meter.0qVD1D/main-adapted/src/compiler/transformers/legacyDecorators.ts 2 23 measured on a checker-rejected program
/tmp/adamic-gate/stage3-meter.0qVD1D/main-adapted/src/compiler/transformers/module/esnextAnd2015.ts 2 0 measured on a checker-rejected program
/tmp/adamic-gate/stage3-meter.0qVD1D/main-adapted/src/compiler/transformers/module/impliedNodeFormatDependent.ts 2 4 measured on a checker-rejected program
/tmp/adamic-gate/stage3-meter.0qVD1D/main-adapted/src/compiler/transformers/module/module.ts 3 170 measured on a checker-rejected program
/tmp/adamic-gate/stage3-meter.0qVD1D/main-adapted/src/compiler/transformers/module/system.ts 2 140 measured on a checker-rejected program
/tmp/adamic-gate/stage3-meter.0qVD1D/main-adapted/src/compiler/transformers/namedEvaluation.ts 21 44 measured on a checker-rejected program
/tmp/adamic-gate/stage3-meter.0qVD1D/main-adapted/src/compiler/transformers/taggedTemplate.ts 5 10 measured on a checker-rejected program
/tmp/adamic-gate/stage3-meter.0qVD1D/main-adapted/src/compiler/transformers/ts.ts 5 109 measured on a checker-rejected program
/tmp/adamic-gate/stage3-meter.0qVD1D/main-adapted/src/compiler/transformers/typeSerializer.ts 6 33 measured on a checker-rejected program
/tmp/adamic-gate/stage3-meter.0qVD1D/main-adapted/src/compiler/transformers/utilities.ts 50 110 measured on a checker-rejected program
/tmp/adamic-gate/stage3-meter.0qVD1D/main-adapted/src/compiler/tsbuild.ts 5 5 measured on a checker-rejected program
/tmp/adamic-gate/stage3-meter.0qVD1D/main-adapted/src/compiler/tsbuildPublic.ts 106 137 measured on a checker-rejected program
/tmp/adamic-gate/stage3-meter.0qVD1D/main-adapted/src/compiler/types.ts 875 9 measured on a checker-rejected program
/tmp/adamic-gate/stage3-meter.0qVD1D/main-adapted/src/compiler/utilities.ts 892 1229 measured on a checker-rejected program
/tmp/adamic-gate/stage3-meter.0qVD1D/main-adapted/src/compiler/utilitiesPublic.ts 251 319 measured on a checker-rejected program
/tmp/adamic-gate/stage3-meter.0qVD1D/main-adapted/src/compiler/visitorPublic.ts 41 61 measured on a checker-rejected program
/tmp/adamic-gate/stage3-meter.0qVD1D/main-adapted/src/compiler/watch.ts 46 107 measured on a checker-rejected program
/tmp/adamic-gate/stage3-meter.0qVD1D/main-adapted/src/compiler/watchPublic.ts 25 14 measured on a checker-rejected program
/tmp/adamic-gate/stage3-meter.0qVD1D/main-adapted/src/compiler/watchUtilities.ts 26 41 measured on a checker-rejected program
