=== RUN   TestCheckedViewCallableShareBFamilies
=== RUN   TestCheckedViewCallableShareBFamilies/rank-1099/good
=== RUN   TestCheckedViewCallableShareBFamilies/rank-1099/wrong-value
=== RUN   TestCheckedViewCallableShareBFamilies/rank-1099/wrong-arity
=== RUN   TestCheckedViewCallableShareBFamilies/rank-1108/good
=== RUN   TestCheckedViewCallableShareBFamilies/rank-1108/wrong-value
=== RUN   TestCheckedViewCallableShareBFamilies/rank-1108/wrong-arity
=== RUN   TestCheckedViewCallableShareBFamilies/rank-1108/wrong-result
=== RUN   TestCheckedViewCallableShareBFamilies/rank-1108/wrong-members
=== RUN   TestCheckedViewCallableShareBFamilies/rank-1111/good
=== RUN   TestCheckedViewCallableShareBFamilies/rank-1111/wrong-value
=== RUN   TestCheckedViewCallableShareBFamilies/rank-1111/wrong-arity
=== RUN   TestCheckedViewCallableShareBFamilies/rank-1111/wrong-result
=== RUN   TestCheckedViewCallableShareBFamilies/rank-1111/wrong-members
=== RUN   TestCheckedViewCallableShareBFamilies/rank-1114/good
=== RUN   TestCheckedViewCallableShareBFamilies/rank-1114/wrong-value
=== RUN   TestCheckedViewCallableShareBFamilies/rank-1114/wrong-arity
=== RUN   TestCheckedViewCallableShareBFamilies/rank-1114/wrong-result
=== RUN   TestCheckedViewCallableShareBFamilies/rank-1114/wrong-members
=== RUN   TestCheckedViewCallableShareBFamilies/rank-1117/good
=== RUN   TestCheckedViewCallableShareBFamilies/rank-1117/wrong-value
=== RUN   TestCheckedViewCallableShareBFamilies/rank-1117/wrong-arity
=== RUN   TestCheckedViewCallableShareBFamilies/rank-1117/wrong-result
=== RUN   TestCheckedViewCallableShareBFamilies/rank-1117/wrong-members
=== RUN   TestCheckedViewCallableShareBFamilies/rank-1135/good
=== RUN   TestCheckedViewCallableShareBFamilies/rank-1135/wrong-value
=== RUN   TestCheckedViewCallableShareBFamilies/rank-1135/wrong-arity
=== RUN   TestCheckedViewCallableShareBFamilies/rank-1141/good
=== RUN   TestCheckedViewCallableShareBFamilies/rank-1141/wrong-value
=== RUN   TestCheckedViewCallableShareBFamilies/rank-1141/wrong-arity
=== RUN   TestCheckedViewCallableShareBFamilies/rank-1141/wrong-result
=== RUN   TestCheckedViewCallableShareBFamilies/rank-1141/wrong-members
=== RUN   TestCheckedViewCallableShareBFamilies/rank-1144/good
=== RUN   TestCheckedViewCallableShareBFamilies/rank-1144/wrong-value
=== RUN   TestCheckedViewCallableShareBFamilies/rank-1144/wrong-arity
=== RUN   TestCheckedViewCallableShareBFamilies/rank-1144/wrong-result
=== RUN   TestCheckedViewCallableShareBFamilies/rank-1288/good
=== RUN   TestCheckedViewCallableShareBFamilies/rank-1288/wrong-value
=== RUN   TestCheckedViewCallableShareBFamilies/rank-1288/wrong-arity
=== RUN   TestCheckedViewCallableShareBFamilies/rank-1288/wrong-result
=== RUN   TestCheckedViewCallableShareBFamilies/rank-1297/good
=== RUN   TestCheckedViewCallableShareBFamilies/rank-1297/wrong-value
=== RUN   TestCheckedViewCallableShareBFamilies/rank-1297/wrong-arity
=== RUN   TestCheckedViewCallableShareBFamilies/rank-1315/good
=== RUN   TestCheckedViewCallableShareBFamilies/rank-1315/wrong-value
=== RUN   TestCheckedViewCallableShareBFamilies/rank-1315/wrong-arity
=== RUN   TestCheckedViewCallableShareBFamilies/rank-1315/wrong-result
=== RUN   TestCheckedViewCallableShareBFamilies/rank-1315/wrong-members
=== RUN   TestCheckedViewCallableShareBFamilies/rank-1360/good
=== RUN   TestCheckedViewCallableShareBFamilies/rank-1360/wrong-value
=== RUN   TestCheckedViewCallableShareBFamilies/rank-1360/wrong-arity
=== RUN   TestCheckedViewCallableShareBFamilies/rank-1360/wrong-result
=== RUN   TestCheckedViewCallableShareBFamilies/rank-1360/wrong-members
=== RUN   TestCheckedViewCallableShareBFamilies/rank-1378/good
=== RUN   TestCheckedViewCallableShareBFamilies/rank-1378/wrong-value
=== RUN   TestCheckedViewCallableShareBFamilies/rank-1378/wrong-arity
=== RUN   TestCheckedViewCallableShareBFamilies/rank-1381/good
=== RUN   TestCheckedViewCallableShareBFamilies/rank-1381/wrong-value
=== RUN   TestCheckedViewCallableShareBFamilies/rank-1381/wrong-arity
=== RUN   TestCheckedViewCallableShareBFamilies/rank-1381/wrong-result
=== RUN   TestCheckedViewCallableShareBFamilies/rank-1381/wrong-members
=== RUN   TestCheckedViewCallableShareBFamilies/rank-1384/good
=== RUN   TestCheckedViewCallableShareBFamilies/rank-1384/wrong-value
=== RUN   TestCheckedViewCallableShareBFamilies/rank-1384/wrong-arity
=== RUN   TestCheckedViewCallableShareBFamilies/rank-1384/wrong-result
=== RUN   TestCheckedViewCallableShareBFamilies/rank-1384/wrong-members
=== RUN   TestCheckedViewCallableShareBFamilies/rank-1387/good
=== RUN   TestCheckedViewCallableShareBFamilies/rank-1387/wrong-value
=== RUN   TestCheckedViewCallableShareBFamilies/rank-1387/wrong-arity
=== RUN   TestCheckedViewCallableShareBFamilies/rank-1387/wrong-result
=== RUN   TestCheckedViewCallableShareBFamilies/rank-1387/wrong-members
=== RUN   TestCheckedViewCallableShareBFamilies/rank-1390/good
=== RUN   TestCheckedViewCallableShareBFamilies/rank-1390/wrong-value
=== RUN   TestCheckedViewCallableShareBFamilies/rank-1390/wrong-arity
=== RUN   TestCheckedViewCallableShareBFamilies/rank-1390/wrong-result
=== RUN   TestCheckedViewCallableShareBFamilies/rank-1390/wrong-members
=== RUN   TestCheckedViewCallableShareBFamilies/rank-1393/good
=== RUN   TestCheckedViewCallableShareBFamilies/rank-1393/wrong-value
=== RUN   TestCheckedViewCallableShareBFamilies/rank-1393/wrong-arity
=== RUN   TestCheckedViewCallableShareBFamilies/rank-1393/wrong-result
=== RUN   TestCheckedViewCallableShareBFamilies/rank-1393/wrong-members
=== RUN   TestCheckedViewCallableShareBFamilies/rank-1405/good
=== RUN   TestCheckedViewCallableShareBFamilies/rank-1405/wrong-value
=== RUN   TestCheckedViewCallableShareBFamilies/rank-1405/wrong-arity
=== RUN   TestCheckedViewCallableShareBFamilies/rank-1405/wrong-result
=== RUN   TestCheckedViewCallableShareBFamilies/rank-1405/wrong-members
=== RUN   TestCheckedViewCallableShareBFamilies/rank-1417/good
=== RUN   TestCheckedViewCallableShareBFamilies/rank-1417/wrong-value
=== RUN   TestCheckedViewCallableShareBFamilies/rank-1417/wrong-arity
=== RUN   TestCheckedViewCallableShareBFamilies/rank-1417/wrong-result
--- PASS: TestCheckedViewCallableShareBFamilies (64.97s)
    --- PASS: TestCheckedViewCallableShareBFamilies/rank-1099/good (0.61s)
    --- PASS: TestCheckedViewCallableShareBFamilies/rank-1099/wrong-value (0.54s)
    --- PASS: TestCheckedViewCallableShareBFamilies/rank-1099/wrong-arity (0.56s)
    --- PASS: TestCheckedViewCallableShareBFamilies/rank-1108/good (0.61s)
    --- PASS: TestCheckedViewCallableShareBFamilies/rank-1108/wrong-value (0.45s)
    --- PASS: TestCheckedViewCallableShareBFamilies/rank-1108/wrong-arity (0.54s)
    --- PASS: TestCheckedViewCallableShareBFamilies/rank-1108/wrong-result (0.57s)
    --- PASS: TestCheckedViewCallableShareBFamilies/rank-1108/wrong-members (0.51s)
    --- PASS: TestCheckedViewCallableShareBFamilies/rank-1111/good (0.60s)
    --- PASS: TestCheckedViewCallableShareBFamilies/rank-1111/wrong-value (0.48s)
    --- PASS: TestCheckedViewCallableShareBFamilies/rank-1111/wrong-arity (0.55s)
    --- PASS: TestCheckedViewCallableShareBFamilies/rank-1111/wrong-result (0.53s)
    --- PASS: TestCheckedViewCallableShareBFamilies/rank-1111/wrong-members (0.54s)
    --- PASS: TestCheckedViewCallableShareBFamilies/rank-1114/good (0.88s)
    --- PASS: TestCheckedViewCallableShareBFamilies/rank-1114/wrong-value (0.85s)
    --- PASS: TestCheckedViewCallableShareBFamilies/rank-1114/wrong-arity (0.87s)
    --- PASS: TestCheckedViewCallableShareBFamilies/rank-1114/wrong-result (0.93s)
    --- PASS: TestCheckedViewCallableShareBFamilies/rank-1114/wrong-members (0.76s)
    --- PASS: TestCheckedViewCallableShareBFamilies/rank-1117/good (1.03s)
    --- PASS: TestCheckedViewCallableShareBFamilies/rank-1117/wrong-value (0.74s)
    --- PASS: TestCheckedViewCallableShareBFamilies/rank-1117/wrong-arity (0.89s)
    --- PASS: TestCheckedViewCallableShareBFamilies/rank-1117/wrong-result (0.93s)
    --- PASS: TestCheckedViewCallableShareBFamilies/rank-1117/wrong-members (1.08s)
    --- PASS: TestCheckedViewCallableShareBFamilies/rank-1135/good (0.85s)
    --- PASS: TestCheckedViewCallableShareBFamilies/rank-1135/wrong-value (0.68s)
    --- PASS: TestCheckedViewCallableShareBFamilies/rank-1135/wrong-arity (0.85s)
    --- PASS: TestCheckedViewCallableShareBFamilies/rank-1141/good (0.94s)
    --- PASS: TestCheckedViewCallableShareBFamilies/rank-1141/wrong-value (0.91s)
    --- PASS: TestCheckedViewCallableShareBFamilies/rank-1141/wrong-arity (0.81s)
    --- PASS: TestCheckedViewCallableShareBFamilies/rank-1141/wrong-result (0.89s)
    --- PASS: TestCheckedViewCallableShareBFamilies/rank-1141/wrong-members (0.68s)
    --- PASS: TestCheckedViewCallableShareBFamilies/rank-1144/good (0.80s)
    --- PASS: TestCheckedViewCallableShareBFamilies/rank-1144/wrong-value (0.80s)
    --- PASS: TestCheckedViewCallableShareBFamilies/rank-1144/wrong-arity (0.85s)
    --- PASS: TestCheckedViewCallableShareBFamilies/rank-1144/wrong-result (0.83s)
    --- PASS: TestCheckedViewCallableShareBFamilies/rank-1288/good (0.81s)
    --- PASS: TestCheckedViewCallableShareBFamilies/rank-1288/wrong-value (0.77s)
    --- PASS: TestCheckedViewCallableShareBFamilies/rank-1288/wrong-arity (0.81s)
    --- PASS: TestCheckedViewCallableShareBFamilies/rank-1288/wrong-result (1.00s)
    --- PASS: TestCheckedViewCallableShareBFamilies/rank-1297/good (0.78s)
    --- PASS: TestCheckedViewCallableShareBFamilies/rank-1297/wrong-value (1.04s)
    --- PASS: TestCheckedViewCallableShareBFamilies/rank-1297/wrong-arity (0.82s)
    --- PASS: TestCheckedViewCallableShareBFamilies/rank-1315/good (0.77s)
    --- PASS: TestCheckedViewCallableShareBFamilies/rank-1315/wrong-value (0.59s)
    --- PASS: TestCheckedViewCallableShareBFamilies/rank-1315/wrong-arity (0.83s)
    --- PASS: TestCheckedViewCallableShareBFamilies/rank-1315/wrong-result (0.78s)
    --- PASS: TestCheckedViewCallableShareBFamilies/rank-1315/wrong-members (0.81s)
    --- PASS: TestCheckedViewCallableShareBFamilies/rank-1360/good (0.78s)
    --- PASS: TestCheckedViewCallableShareBFamilies/rank-1360/wrong-value (0.69s)
    --- PASS: TestCheckedViewCallableShareBFamilies/rank-1360/wrong-arity (0.78s)
    --- PASS: TestCheckedViewCallableShareBFamilies/rank-1360/wrong-result (0.84s)
    --- PASS: TestCheckedViewCallableShareBFamilies/rank-1360/wrong-members (0.82s)
    --- PASS: TestCheckedViewCallableShareBFamilies/rank-1378/good (0.85s)
    --- PASS: TestCheckedViewCallableShareBFamilies/rank-1378/wrong-value (0.65s)
    --- PASS: TestCheckedViewCallableShareBFamilies/rank-1378/wrong-arity (0.70s)
    --- PASS: TestCheckedViewCallableShareBFamilies/rank-1381/good (0.95s)
    --- PASS: TestCheckedViewCallableShareBFamilies/rank-1381/wrong-value (0.87s)
    --- PASS: TestCheckedViewCallableShareBFamilies/rank-1381/wrong-arity (0.83s)
    --- PASS: TestCheckedViewCallableShareBFamilies/rank-1381/wrong-result (0.78s)
    --- PASS: TestCheckedViewCallableShareBFamilies/rank-1381/wrong-members (0.66s)
    --- PASS: TestCheckedViewCallableShareBFamilies/rank-1384/good (0.77s)
    --- PASS: TestCheckedViewCallableShareBFamilies/rank-1384/wrong-value (0.82s)
    --- PASS: TestCheckedViewCallableShareBFamilies/rank-1384/wrong-arity (0.89s)
    --- PASS: TestCheckedViewCallableShareBFamilies/rank-1384/wrong-result (0.98s)
    --- PASS: TestCheckedViewCallableShareBFamilies/rank-1384/wrong-members (1.04s)
    --- PASS: TestCheckedViewCallableShareBFamilies/rank-1387/good (1.02s)
    --- PASS: TestCheckedViewCallableShareBFamilies/rank-1387/wrong-value (0.94s)
    --- PASS: TestCheckedViewCallableShareBFamilies/rank-1387/wrong-arity (0.69s)
    --- PASS: TestCheckedViewCallableShareBFamilies/rank-1387/wrong-result (0.49s)
    --- PASS: TestCheckedViewCallableShareBFamilies/rank-1387/wrong-members (0.57s)
    --- PASS: TestCheckedViewCallableShareBFamilies/rank-1390/good (0.74s)
    --- PASS: TestCheckedViewCallableShareBFamilies/rank-1390/wrong-value (0.61s)
    --- PASS: TestCheckedViewCallableShareBFamilies/rank-1390/wrong-arity (0.59s)
    --- PASS: TestCheckedViewCallableShareBFamilies/rank-1390/wrong-result (0.58s)
    --- PASS: TestCheckedViewCallableShareBFamilies/rank-1390/wrong-members (0.60s)
    --- PASS: TestCheckedViewCallableShareBFamilies/rank-1393/good (0.53s)
    --- PASS: TestCheckedViewCallableShareBFamilies/rank-1393/wrong-value (0.55s)
    --- PASS: TestCheckedViewCallableShareBFamilies/rank-1393/wrong-arity (0.58s)
    --- PASS: TestCheckedViewCallableShareBFamilies/rank-1393/wrong-result (0.55s)
    --- PASS: TestCheckedViewCallableShareBFamilies/rank-1393/wrong-members (0.53s)
    --- PASS: TestCheckedViewCallableShareBFamilies/rank-1405/good (0.62s)
    --- PASS: TestCheckedViewCallableShareBFamilies/rank-1405/wrong-value (0.57s)
    --- PASS: TestCheckedViewCallableShareBFamilies/rank-1405/wrong-arity (0.54s)
    --- PASS: TestCheckedViewCallableShareBFamilies/rank-1405/wrong-result (0.59s)
    --- PASS: TestCheckedViewCallableShareBFamilies/rank-1405/wrong-members (0.61s)
    --- PASS: TestCheckedViewCallableShareBFamilies/rank-1417/good (0.56s)
    --- PASS: TestCheckedViewCallableShareBFamilies/rank-1417/wrong-value (0.42s)
    --- PASS: TestCheckedViewCallableShareBFamilies/rank-1417/wrong-arity (0.50s)
    --- PASS: TestCheckedViewCallableShareBFamilies/rank-1417/wrong-result (0.50s)
=== RUN   TestCheckedViewCallableShareBArityMutants
=== RUN   TestCheckedViewCallableShareBArityMutants/rank-1099
    checked_views_callable_share_b_test.go:131: arity mutant caught by exit-70/message pin: backend 0 ran exit 0 stdout ""
    checked_views_callable_share_b_test.go:131: arity mutant caught by exit-70/message pin: backend 1 ran exit 0 stdout ""
=== RUN   TestCheckedViewCallableShareBArityMutants/rank-1108
    checked_views_callable_share_b_test.go:131: arity mutant caught by exit-70/message pin: backend 0 ran exit 0 stdout "3\n"
    checked_views_callable_share_b_test.go:131: arity mutant caught by exit-70/message pin: backend 1 ran exit 0 stdout "3\n"
=== RUN   TestCheckedViewCallableShareBArityMutants/rank-1111
    checked_views_callable_share_b_test.go:131: arity mutant caught by exit-70/message pin: backend 0 ran exit 0 stdout "3\n"
    checked_views_callable_share_b_test.go:131: arity mutant caught by exit-70/message pin: backend 1 ran exit 0 stdout "3\n"
=== RUN   TestCheckedViewCallableShareBArityMutants/rank-1114
    checked_views_callable_share_b_test.go:131: arity mutant caught by exit-70/message pin: backend 0 ran exit 0 stdout "3\n"
    checked_views_callable_share_b_test.go:131: arity mutant caught by exit-70/message pin: backend 1 ran exit 0 stdout "3\n"
=== RUN   TestCheckedViewCallableShareBArityMutants/rank-1117
    checked_views_callable_share_b_test.go:131: arity mutant caught by exit-70/message pin: backend 0 ran exit 0 stdout "answer3\n"
    checked_views_callable_share_b_test.go:131: arity mutant caught by exit-70/message pin: backend 1 ran exit 0 stdout "answer3\n"
=== RUN   TestCheckedViewCallableShareBArityMutants/rank-1135
    checked_views_callable_share_b_test.go:131: arity mutant caught by exit-70/message pin: backend 0 ran exit 0 stdout ""
    checked_views_callable_share_b_test.go:131: arity mutant caught by exit-70/message pin: backend 1 ran exit 0 stdout ""
=== RUN   TestCheckedViewCallableShareBArityMutants/rank-1141
    checked_views_callable_share_b_test.go:131: arity mutant caught by exit-70/message pin: backend 0 ran exit 0 stdout "3\n"
    checked_views_callable_share_b_test.go:131: arity mutant caught by exit-70/message pin: backend 1 ran exit 0 stdout "3\n"
=== RUN   TestCheckedViewCallableShareBArityMutants/rank-1144
    checked_views_callable_share_b_test.go:131: arity mutant caught by exit-70/message pin: backend 0 ran exit 0 stdout "3\n"
    checked_views_callable_share_b_test.go:131: arity mutant caught by exit-70/message pin: backend 1 ran exit 0 stdout "3\n"
=== RUN   TestCheckedViewCallableShareBArityMutants/rank-1288
    checked_views_callable_share_b_test.go:131: arity mutant caught by exit-70/message pin: backend 0 ran exit 0 stdout "3\n"
    checked_views_callable_share_b_test.go:131: arity mutant caught by exit-70/message pin: backend 1 ran exit 0 stdout "3\n"
=== RUN   TestCheckedViewCallableShareBArityMutants/rank-1297
    checked_views_callable_share_b_test.go:131: arity mutant caught by exit-70/message pin: backend 0 ran exit 0 stdout ""
    checked_views_callable_share_b_test.go:131: arity mutant caught by exit-70/message pin: backend 1 ran exit 0 stdout ""
=== RUN   TestCheckedViewCallableShareBArityMutants/rank-1315
    checked_views_callable_share_b_test.go:131: arity mutant caught by exit-70/message pin: backend 0 ran exit 0 stdout "answer3\n"
    checked_views_callable_share_b_test.go:131: arity mutant caught by exit-70/message pin: backend 1 ran exit 0 stdout "answer3\n"
=== RUN   TestCheckedViewCallableShareBArityMutants/rank-1360
    checked_views_callable_share_b_test.go:131: arity mutant caught by exit-70/message pin: backend 0 ran exit 0 stdout "3\n"
    checked_views_callable_share_b_test.go:131: arity mutant caught by exit-70/message pin: backend 1 ran exit 0 stdout "3\n"
=== RUN   TestCheckedViewCallableShareBArityMutants/rank-1378
    checked_views_callable_share_b_test.go:131: arity mutant caught by exit-70/message pin: backend 0 ran exit 0 stdout ""
    checked_views_callable_share_b_test.go:131: arity mutant caught by exit-70/message pin: backend 1 ran exit 0 stdout ""
=== RUN   TestCheckedViewCallableShareBArityMutants/rank-1381
    checked_views_callable_share_b_test.go:131: arity mutant caught by exit-70/message pin: backend 0 ran exit 0 stdout "3\n"
    checked_views_callable_share_b_test.go:131: arity mutant caught by exit-70/message pin: backend 1 ran exit 0 stdout "3\n"
=== RUN   TestCheckedViewCallableShareBArityMutants/rank-1384
    checked_views_callable_share_b_test.go:131: arity mutant caught by exit-70/message pin: backend 0 ran exit 0 stdout "3\n"
    checked_views_callable_share_b_test.go:131: arity mutant caught by exit-70/message pin: backend 1 ran exit 0 stdout "3\n"
=== RUN   TestCheckedViewCallableShareBArityMutants/rank-1387
    checked_views_callable_share_b_test.go:131: arity mutant caught by exit-70/message pin: backend 0 ran exit 0 stdout "3\n"
    checked_views_callable_share_b_test.go:131: arity mutant caught by exit-70/message pin: backend 1 ran exit 0 stdout "3\n"
=== RUN   TestCheckedViewCallableShareBArityMutants/rank-1390
    checked_views_callable_share_b_test.go:131: arity mutant caught by exit-70/message pin: backend 0 ran exit 0 stdout "3\n"
    checked_views_callable_share_b_test.go:131: arity mutant caught by exit-70/message pin: backend 1 ran exit 0 stdout "3\n"
=== RUN   TestCheckedViewCallableShareBArityMutants/rank-1393
    checked_views_callable_share_b_test.go:131: arity mutant caught by exit-70/message pin: backend 0 ran exit 0 stdout "3\n"
    checked_views_callable_share_b_test.go:131: arity mutant caught by exit-70/message pin: backend 1 ran exit 0 stdout "3\n"
=== RUN   TestCheckedViewCallableShareBArityMutants/rank-1405
    checked_views_callable_share_b_test.go:131: arity mutant caught by exit-70/message pin: backend 0 ran exit 0 stdout "3\n"
    checked_views_callable_share_b_test.go:131: arity mutant caught by exit-70/message pin: backend 1 ran exit 0 stdout "3\n"
=== RUN   TestCheckedViewCallableShareBArityMutants/rank-1417
    checked_views_callable_share_b_test.go:131: arity mutant caught by exit-70/message pin: backend 0 ran exit 0 stdout "3\n"
    checked_views_callable_share_b_test.go:131: arity mutant caught by exit-70/message pin: backend 1 ran exit 0 stdout "3\n"
--- PASS: TestCheckedViewCallableShareBArityMutants (5.23s)
    --- PASS: TestCheckedViewCallableShareBArityMutants/rank-1099 (0.25s)
    --- PASS: TestCheckedViewCallableShareBArityMutants/rank-1108 (0.25s)
    --- PASS: TestCheckedViewCallableShareBArityMutants/rank-1111 (0.25s)
    --- PASS: TestCheckedViewCallableShareBArityMutants/rank-1114 (0.25s)
    --- PASS: TestCheckedViewCallableShareBArityMutants/rank-1117 (0.26s)
    --- PASS: TestCheckedViewCallableShareBArityMutants/rank-1135 (0.27s)
    --- PASS: TestCheckedViewCallableShareBArityMutants/rank-1141 (0.27s)
    --- PASS: TestCheckedViewCallableShareBArityMutants/rank-1144 (0.27s)
    --- PASS: TestCheckedViewCallableShareBArityMutants/rank-1288 (0.27s)
    --- PASS: TestCheckedViewCallableShareBArityMutants/rank-1297 (0.26s)
    --- PASS: TestCheckedViewCallableShareBArityMutants/rank-1315 (0.27s)
    --- PASS: TestCheckedViewCallableShareBArityMutants/rank-1360 (0.25s)
    --- PASS: TestCheckedViewCallableShareBArityMutants/rank-1378 (0.27s)
    --- PASS: TestCheckedViewCallableShareBArityMutants/rank-1381 (0.25s)
    --- PASS: TestCheckedViewCallableShareBArityMutants/rank-1384 (0.27s)
    --- PASS: TestCheckedViewCallableShareBArityMutants/rank-1387 (0.24s)
    --- PASS: TestCheckedViewCallableShareBArityMutants/rank-1390 (0.27s)
    --- PASS: TestCheckedViewCallableShareBArityMutants/rank-1393 (0.27s)
    --- PASS: TestCheckedViewCallableShareBArityMutants/rank-1405 (0.28s)
    --- PASS: TestCheckedViewCallableShareBArityMutants/rank-1417 (0.27s)
=== RUN   TestCheckedViewCallableShareBCounts
--- PASS: TestCheckedViewCallableShareBCounts (11.95s)
=== RUN   TestCheckedViewCallableShareBBlockers
=== RUN   TestCheckedViewCallableShareBBlockers/debug-assert-contract.a
    checked_views_callable_share_b_test.go:249: observed original callable blocker: /workspace/adamic/stage3/interface-downcasts/lane5/gaps/debug-assert-contract.a:6:136: Adamic 0.1 refuses a type predicate whose return is not proven (there is no body proving this parameter); inline the check where you use it, or return a discriminant comparison on the unmodified parameter (adamic/no-type-predicate)
=== RUN   TestCheckedViewCallableShareBBlockers/blocked-assignment.a
    checked_views_callable_share_b_test.go:249: observed original callable blocker: /workspace/adamic/stage3/interface-downcasts/lane5/share-b/blocked-assignment.a:15:17: Adamic 0.1 refuses checked view read of field createAssignment with unsupported callable contract; prove or implement the callable contract before reading this field
=== RUN   TestCheckedViewCallableShareBBlockers/blocked-push.a
    checked_views_callable_share_b_test.go:249: observed original callable blocker: /workspace/adamic/stage3/interface-downcasts/lane5/share-b/blocked-push.a:7:17: Adamic 0.1 refuses checked view read of field push with unsupported callable contract; prove or implement the callable contract before reading this field
=== RUN   TestCheckedViewCallableShareBBlockers/blocked-join.a
    checked_views_callable_share_b_test.go:239: JavaScript array receiver observation: exit 70 stdout "" stderr "adamic: panic: field read failed: result.join expected (separator?: string | undefined) => string, found function with unknown signature\n"
    checked_views_callable_share_b_test.go:240: native array receiver observation: native: clang failed: exit status 1
        /tmp/adamic-gate/adamic-build-1263824041/main.c:53:26: error: incompatible pointer types passing 'adamic_array *' (aka 'struct adamic_array *') to parameter of type 'adamic_object *' (aka 'struct adamic_object *') [-Werror,-Wincompatible-pointer-types]
           53 |         adamic_function_0_probe(adamic_temporary_15);
              |                                 ^~~~~~~~~~~~~~~~~~~
        /tmp/adamic-gate/adamic-build-1263824041/main.c:24:53: note: passing argument to parameter 'adamic_local_0_value' here
           24 | static void adamic_function_0_probe(adamic_object * adamic_local_0_value) {
              |                                                     ^
        1 error generated.
=== RUN   TestCheckedViewCallableShareBBlockers/good.a
    checked_views_callable_share_b_test.go:249: observed original callable blocker: /workspace/adamic/stage3/interface-downcasts/lane5/share-b/rank-205/good.a:5:77: stage 0 can't lower an optional chain longer than one step yet
=== RUN   TestCheckedViewCallableShareBBlockers/good.a#01
    checked_views_callable_share_b_test.go:223: observed signature diagnostic truncation: (node: ArrowFunction, modifiers: readonly Modifier[] | undefined, typeParameters: readonly TypeParameterDeclaration[] | undefined, parameters: ..., type: TypeNode | undefined, equalsGreaterThanToken: EqualsGreaterThanToken, body: ConciseBody) => ArrowFunction
--- PASS: TestCheckedViewCallableShareBBlockers (1.33s)
    --- PASS: TestCheckedViewCallableShareBBlockers/debug-assert-contract.a (0.14s)
    --- PASS: TestCheckedViewCallableShareBBlockers/blocked-assignment.a (0.12s)
    --- PASS: TestCheckedViewCallableShareBBlockers/blocked-push.a (0.13s)
    --- PASS: TestCheckedViewCallableShareBBlockers/blocked-join.a (0.21s)
    --- PASS: TestCheckedViewCallableShareBBlockers/good.a (0.13s)
    --- PASS: TestCheckedViewCallableShareBBlockers/good.a#01 (0.60s)
=== RUN   TestCheckedViewCallableShareBAdmissionProbes
=== RUN   TestCheckedViewCallableShareBAdmissionProbes/rank-16
    checked_views_callable_share_b_test.go:306: rank 16 admission observation: /workspace/adamic/stage3/interface-downcasts/lane5/share-b/rank-16/contract-probe.a:6:63: Adamic 0.1 refuses checked view read of field entries with unsupported callable contract; prove or implement the callable contract before reading this field
=== RUN   TestCheckedViewCallableShareBAdmissionProbes/rank-25
    checked_views_callable_share_b_test.go:306: rank 25 admission observation: /workspace/adamic/stage3/interface-downcasts/lane5/share-b/rank-25/contract-probe.a:9:64: Adamic 0.1 refuses checked view read of field getGeneratedNameForNode with unsupported callable contract; prove or implement the callable contract before reading this field
=== RUN   TestCheckedViewCallableShareBAdmissionProbes/rank-28
    checked_views_callable_share_b_test.go:306: rank 28 admission observation: /workspace/adamic/stage3/interface-downcasts/lane5/share-b/rank-28/contract-probe.a:6:64: Adamic 0.1 refuses checked view read of field createKeywordTypeNode with unsupported callable contract; prove or implement the callable contract before reading this field
=== RUN   TestCheckedViewCallableShareBAdmissionProbes/rank-40
    checked_views_callable_share_b_test.go:306: rank 40 admission observation: /workspace/adamic/stage3/interface-downcasts/lane5/share-b/rank-40/contract-probe.a:31:64: Adamic 0.1 refuses checked view read of field createToken with unsupported callable contract; prove or implement the callable contract before reading this field
=== RUN   TestCheckedViewCallableShareBAdmissionProbes/rank-55
    checked_views_callable_share_b_test.go:306: rank 55 admission observation: /workspace/adamic/stage3/interface-downcasts/lane5/share-b/rank-55/contract-probe.a:5:61: Adamic 0.1 refuses checked view read of field max with unsupported callable contract; prove or implement the callable contract before reading this field
=== RUN   TestCheckedViewCallableShareBAdmissionProbes/rank-130
    checked_views_callable_share_b_test.go:306: rank 130 admission observation: /workspace/adamic/stage3/interface-downcasts/lane5/share-b/rank-130/contract-probe.a:7:64: Adamic 0.1 refuses checked view read of field mergeLexicalEnvironment with unsupported callable contract; prove or implement the callable contract before reading this field
=== RUN   TestCheckedViewCallableShareBAdmissionProbes/rank-172
    checked_views_callable_share_b_test.go:306: rank 172 admission observation: /workspace/adamic/stage3/interface-downcasts/lane5/share-b/rank-172/contract-probe.a:7:64: Adamic 0.1 refuses checked view read of field copyPrologue with unsupported callable contract; prove or implement the callable contract before reading this field
=== RUN   TestCheckedViewCallableShareBAdmissionProbes/rank-181
    checked_views_callable_share_b_test.go:306: rank 181 admission observation: /workspace/adamic/stage3/interface-downcasts/lane5/share-b/rank-181/contract-probe.a:4:38: Adamic 0.1 refuses a type predicate whose return is not proven (there is no body proving this parameter); inline the check where you use it, or return a discriminant comparison on the unmodified parameter (adamic/no-type-predicate)
=== RUN   TestCheckedViewCallableShareBAdmissionProbes/rank-190
    checked_views_callable_share_b_test.go:306: rank 190 admission observation: /workspace/adamic/stage3/interface-downcasts/lane5/share-b/rank-190/contract-probe.a:6:64: Adamic 0.1 refuses checked view read of field restoreEnclosingLabel with unsupported callable contract; prove or implement the callable contract before reading this field
=== RUN   TestCheckedViewCallableShareBAdmissionProbes/rank-226
    checked_views_callable_share_b_test.go:306: rank 226 admission observation: /workspace/adamic/stage3/interface-downcasts/lane5/share-b/rank-226/contract-probe.a:5:70: Adamic 0.1 refuses checked view read of field push with unsupported callable contract; prove or implement the callable contract before reading this field
=== RUN   TestCheckedViewCallableShareBAdmissionProbes/rank-244
    checked_views_callable_share_b_test.go:306: rank 244 admission observation: /workspace/adamic/stage3/interface-downcasts/lane5/share-b/rank-244/contract-probe.a:8:64: Adamic 0.1 refuses checked view read of field getGeneratedPrivateNameForNode with unsupported callable contract; prove or implement the callable contract before reading this field
=== RUN   TestCheckedViewCallableShareBAdmissionProbes/rank-250
    checked_views_callable_share_b_test.go:306: rank 250 admission observation: /workspace/adamic/stage3/interface-downcasts/lane5/share-b/rank-250/contract-probe.a:5:63: Adamic 0.1 refuses checked view read of field defineProperties with unsupported callable contract; prove or implement the callable contract before reading this field
=== RUN   TestCheckedViewCallableShareBAdmissionProbes/rank-253
    checked_views_callable_share_b_test.go:306: rank 253 admission observation: /workspace/adamic/stage3/interface-downcasts/lane5/share-b/rank-253/contract-probe.a:5:63: Adamic 0.1 refuses checked view read of field push with unsupported callable contract; prove or implement the callable contract before reading this field
=== RUN   TestCheckedViewCallableShareBAdmissionProbes/rank-319
    checked_views_callable_share_b_test.go:306: rank 319 admission observation: /workspace/adamic/stage3/interface-downcasts/lane5/share-b/rank-319/contract-probe.a:6:69: Adamic 0.1 refuses checked view read of field map with unsupported callable contract; prove or implement the callable contract before reading this field
=== RUN   TestCheckedViewCallableShareBAdmissionProbes/rank-322
    checked_views_callable_share_b_test.go:306: rank 322 admission observation: /workspace/adamic/stage3/interface-downcasts/lane5/share-b/rank-322/contract-probe.a:5:65: Adamic 0.1 refuses checked view read of field forEach with unsupported callable contract; prove or implement the callable contract before reading this field
=== RUN   TestCheckedViewCallableShareBAdmissionProbes/rank-19
    checked_views_callable_share_b_test.go:306: rank 19 admission observation: /workspace/adamic/stage3/interface-downcasts/lane5/share-b/rank-19/contract-probe.a:6:88: Adamic 0.1 refuses checked view read of field assertNever with unsupported callable contract; prove or implement the callable contract before reading this field
=== RUN   TestCheckedViewCallableShareBAdmissionProbes/rank-43
    checked_views_callable_share_b_test.go:306: rank 43 admission observation: /workspace/adamic/stage3/interface-downcasts/lane5/share-b/rank-43/contract-probe.a:5:110: Adamic 0.1 refuses a type predicate whose return is not proven (there is no body proving this parameter); inline the check where you use it, or return a discriminant comparison on the unmodified parameter (adamic/no-type-predicate)
=== RUN   TestCheckedViewCallableShareBAdmissionProbes/rank-46
    checked_views_callable_share_b_test.go:306: rank 46 admission observation: /workspace/adamic/stage3/interface-downcasts/lane5/share-b/rank-46/contract-probe.a:5:111: Adamic 0.1 refuses a type predicate whose return is not proven (there is no body proving this parameter); inline the check where you use it, or return a discriminant comparison on the unmodified parameter (adamic/no-type-predicate)
=== RUN   TestCheckedViewCallableShareBAdmissionProbes/rank-262
    checked_views_callable_share_b_test.go:306: rank 262 admission observation: /workspace/adamic/stage3/interface-downcasts/lane5/share-b/rank-262/contract-probe.a:6:88: Adamic 0.1 refuses checked view read of field assertLessThanOrEqual with unsupported callable contract; prove or implement the callable contract before reading this field
=== RUN   TestCheckedViewCallableShareBAdmissionProbes/rank-370
    checked_views_callable_share_b_test.go:306: rank 370 admission observation: /workspace/adamic/stage3/interface-downcasts/lane5/share-b/rank-370/contract-probe.a:5:62: Adamic 0.1 refuses checked view read of field push with unsupported callable contract; prove or implement the callable contract before reading this field
=== RUN   TestCheckedViewCallableShareBAdmissionProbes/rank-382
    checked_views_callable_share_b_test.go:306: rank 382 admission observation: /workspace/adamic/stage3/interface-downcasts/lane5/share-b/rank-382/contract-probe.a:5:67: Adamic 0.1 refuses checked view read of field push with unsupported callable contract; prove or implement the callable contract before reading this field
=== RUN   TestCheckedViewCallableShareBAdmissionProbes/rank-388
    checked_views_callable_share_b_test.go:306: rank 388 admission observation: /workspace/adamic/stage3/interface-downcasts/lane5/share-b/rank-388/contract-probe.a:5:62: Adamic 0.1 refuses checked view read of field sort with unsupported callable contract; prove or implement the callable contract before reading this field
=== RUN   TestCheckedViewCallableShareBAdmissionProbes/rank-406
    checked_views_callable_share_b_test.go:306: rank 406 admission observation: /workspace/adamic/stage3/interface-downcasts/lane5/share-b/rank-406/contract-probe.a:5:64: Adamic 0.1 refuses checked view read of field forEach with unsupported callable contract; prove or implement the callable contract before reading this field
=== RUN   TestCheckedViewCallableShareBAdmissionProbes/rank-439
    checked_views_callable_share_b_test.go:306: rank 439 admission observation: /workspace/adamic/stage3/interface-downcasts/lane5/share-b/rank-439/contract-probe.a:8:64: Adamic 0.1 refuses checked view read of field createImportAttributes with unsupported callable contract; prove or implement the callable contract before reading this field
=== RUN   TestCheckedViewCallableShareBAdmissionProbes/rank-463
    checked_views_callable_share_b_test.go:306: rank 463 admission observation: /workspace/adamic/stage3/interface-downcasts/lane5/share-b/rank-463/contract-probe.a:6:63: stage 0 can't lower a call returning any yet
=== RUN   TestCheckedViewCallableShareBAdmissionProbes/rank-496
    checked_views_callable_share_b_test.go:306: rank 496 admission observation: /workspace/adamic/stage3/interface-downcasts/lane5/share-b/rank-496/contract-probe.a:5:69: Adamic 0.1 refuses checked view read of field map with unsupported callable contract; prove or implement the callable contract before reading this field
=== RUN   TestCheckedViewCallableShareBAdmissionProbes/rank-511
    checked_views_callable_share_b_test.go:306: rank 511 admission observation: /workspace/adamic/stage3/interface-downcasts/lane5/share-b/rank-511/contract-probe.a:5:68: Adamic 0.1 refuses checked view read of field push with unsupported callable contract; prove or implement the callable contract before reading this field
=== RUN   TestCheckedViewCallableShareBAdmissionProbes/rank-523
    checked_views_callable_share_b_test.go:306: rank 523 admission observation: /workspace/adamic/stage3/interface-downcasts/lane5/share-b/rank-523/contract-probe.a:5:77: Adamic 0.1 refuses checked view read of field forEach with unsupported callable contract; prove or implement the callable contract before reading this field
=== RUN   TestCheckedViewCallableShareBAdmissionProbes/rank-64
    checked_views_callable_share_b_test.go:306: rank 64 admission observation: /workspace/adamic/stage3/interface-downcasts/lane5/share-b/rank-64/contract-probe.a:16:90: Adamic 0.1 refuses checked view read of field push with unsupported callable contract; prove or implement the callable contract before reading this field
=== RUN   TestCheckedViewCallableShareBAdmissionProbes/rank-265
    checked_views_callable_share_b_test.go:306: rank 265 admission observation: /workspace/adamic/stage3/interface-downcasts/lane5/share-b/rank-265/contract-probe.a:16:90: Adamic 0.1 refuses checked view read of field instant with unsupported callable contract; prove or implement the callable contract before reading this field
=== RUN   TestCheckedViewCallableShareBAdmissionProbes/rank-169
    checked_views_callable_share_b_test.go:306: rank 169 admission observation: /workspace/adamic/stage3/interface-downcasts/lane5/share-b/rank-169/contract-probe.a:30:85: Adamic 0.1 refuses checked view read of field writeSync with unsupported callable contract; prove or implement the callable contract before reading this field
=== RUN   TestCheckedViewCallableShareBAdmissionProbes/rank-739
    checked_views_callable_share_b_test.go:306: rank 739 admission observation: /workspace/adamic/stage3/interface-downcasts/lane5/share-b/rank-739/good.a:6:109: Adamic 0.1 refuses a cast the runtime can't check; use a proven upcast, cast a discriminated object union with unique literal or enum tags to members or a sub-union, or downcast along nominal class ancestry (adamic/no-unchecked-cast)
=== RUN   TestCheckedViewCallableShareBAdmissionProbes/rank-472
    checked_views_callable_share_b_test.go:306: rank 472 admission observation: /workspace/adamic/stage3/interface-downcasts/lane5/share-b/rank-472/contract-probe.a:2:13: Adamic 0.1 refuses a primitive brand member __pathBrand whose type is not void; make __pathBrand void (or optional and typed undefined) so the brand is phantom
=== RUN   TestCheckedViewCallableShareBAdmissionProbes/rank-475
    checked_views_callable_share_b_test.go:306: rank 475 admission observation: /workspace/adamic/stage3/interface-downcasts/lane5/share-b/rank-475/contract-probe.a:2:13: Adamic 0.1 refuses a primitive brand member __pathBrand whose type is not void; make __pathBrand void (or optional and typed undefined) so the brand is phantom
=== RUN   TestCheckedViewCallableShareBAdmissionProbes/rank-544
    checked_views_callable_share_b_test.go:306: rank 544 admission observation: /workspace/adamic/stage3/interface-downcasts/lane5/share-b/rank-544/contract-probe.a:6:95: Adamic 0.1 refuses checked view read of field push with unsupported callable contract; prove or implement the callable contract before reading this field
=== RUN   TestCheckedViewCallableShareBAdmissionProbes/rank-646
    checked_views_callable_share_b_test.go:306: rank 646 admission observation: /workspace/adamic/stage3/interface-downcasts/lane5/share-b/rank-646/contract-probe.a:6:72: Adamic 0.1 refuses checked view read of field map with unsupported callable contract; prove or implement the callable contract before reading this field
=== RUN   TestCheckedViewCallableShareBAdmissionProbes/rank-670
    checked_views_callable_share_b_test.go:306: rank 670 admission observation: /workspace/adamic/stage3/interface-downcasts/lane5/share-b/rank-670/contract-probe.a:6:175: stage 0 can't lower a tuple element of type string | number yet
=== RUN   TestCheckedViewCallableShareBAdmissionProbes/rank-673
    checked_views_callable_share_b_test.go:306: rank 673 admission observation: /workspace/adamic/stage3/interface-downcasts/lane5/share-b/rank-673/contract-probe.a:6:93: Adamic 0.1 refuses checked view read of field forEach with unsupported callable contract; prove or implement the callable contract before reading this field
=== RUN   TestCheckedViewCallableShareBAdmissionProbes/rank-676
    checked_views_callable_share_b_test.go:306: rank 676 admission observation: /workspace/adamic/stage3/interface-downcasts/lane5/share-b/rank-676/contract-probe.a:6:113: Adamic 0.1 refuses checked view read of field map with unsupported callable contract; prove or implement the callable contract before reading this field
=== RUN   TestCheckedViewCallableShareBAdmissionProbes/rank-910
    checked_views_callable_share_b_test.go:306: rank 910 admission observation: /workspace/adamic/stage3/interface-downcasts/lane5/share-b/rank-910/contract-probe.a:5:99: Adamic 0.1 refuses checked view read of field some with unsupported callable contract; prove or implement the callable contract before reading this field
=== RUN   TestCheckedViewCallableShareBAdmissionProbes/rank-994
    checked_views_callable_share_b_test.go:306: rank 994 admission observation: /workspace/adamic/stage3/interface-downcasts/lane5/share-b/rank-994/contract-probe.a:2:13: Adamic 0.1 refuses a primitive brand member __pathBrand whose type is not void; make __pathBrand void (or optional and typed undefined) so the brand is phantom
=== RUN   TestCheckedViewCallableShareBAdmissionProbes/rank-1102
    checked_views_callable_share_b_test.go:306: rank 1102 admission observation: /workspace/adamic/stage3/interface-downcasts/lane5/share-b/rank-1102/contract-probe.a:4:94: Adamic 0.1 refuses a type predicate whose return is not proven (there is no body proving this parameter); inline the check where you use it, or return a discriminant comparison on the unmodified parameter (adamic/no-type-predicate)
=== RUN   TestCheckedViewCallableShareBAdmissionProbes/rank-1150
    checked_views_callable_share_b_test.go:306: rank 1150 admission observation: /workspace/adamic/stage3/interface-downcasts/lane5/share-b/rank-1150/contract-probe.a:5:107: Adamic 0.1 refuses checked view read of field map with unsupported callable contract; prove or implement the callable contract before reading this field
=== RUN   TestCheckedViewCallableShareBAdmissionProbes/rank-1168
    checked_views_callable_share_b_test.go:306: rank 1168 admission observation: /workspace/adamic/stage3/interface-downcasts/lane5/share-b/rank-1168/contract-probe.a:4:103: Adamic 0.1 refuses a type predicate whose return is not proven (there is no body proving this parameter); inline the check where you use it, or return a discriminant comparison on the unmodified parameter (adamic/no-type-predicate)
=== RUN   TestCheckedViewCallableShareBAdmissionProbes/rank-1174
    checked_views_callable_share_b_test.go:306: rank 1174 admission observation: /workspace/adamic/stage3/interface-downcasts/lane5/share-b/rank-1174/contract-probe.a:5:100: Adamic 0.1 refuses checked view read of field map with unsupported callable contract; prove or implement the callable contract before reading this field
=== RUN   TestCheckedViewCallableShareBAdmissionProbes/rank-1177
    checked_views_callable_share_b_test.go:306: rank 1177 admission observation: /workspace/adamic/stage3/interface-downcasts/lane5/share-b/rank-1177/contract-probe.a:5:82: stage 0 can't lower a value of type unknown yet
=== RUN   TestCheckedViewCallableShareBAdmissionProbes/rank-1306
    checked_views_callable_share_b_test.go:306: rank 1306 admission observation: /workspace/adamic/stage3/interface-downcasts/lane5/share-b/rank-1306/contract-probe.a:5:98: Adamic 0.1 refuses checked view read of field forEach with unsupported callable contract; prove or implement the callable contract before reading this field
=== RUN   TestCheckedViewCallableShareBAdmissionProbes/rank-1309
    checked_views_callable_share_b_test.go:306: rank 1309 admission observation: /workspace/adamic/stage3/interface-downcasts/lane5/share-b/rank-1309/contract-probe.a:5:92: Adamic 0.1 refuses checked view read of field push with unsupported callable contract; prove or implement the callable contract before reading this field
=== RUN   TestCheckedViewCallableShareBAdmissionProbes/rank-1366
    checked_views_callable_share_b_test.go:306: rank 1366 admission observation: /workspace/adamic/stage3/interface-downcasts/lane5/share-b/rank-1366/contract-probe.a:4:94: Adamic 0.1 refuses a type predicate whose return is not proven (there is no body proving this parameter); inline the check where you use it, or return a discriminant comparison on the unmodified parameter (adamic/no-type-predicate)
=== RUN   TestCheckedViewCallableShareBAdmissionProbes/rank-1372
    checked_views_callable_share_b_test.go:306: rank 1372 admission observation: /workspace/adamic/stage3/interface-downcasts/lane5/share-b/rank-1372/contract-probe.a:5:105: Adamic 0.1 refuses checked view read of field map with unsupported callable contract; prove or implement the callable contract before reading this field
=== RUN   TestCheckedViewCallableShareBAdmissionProbes/rank-1105
    checked_views_callable_share_b_test.go:306: rank 1105 admission observation: /workspace/adamic/stage3/interface-downcasts/lane5/share-b/rank-1105/contract-probe.a:2:13: Adamic 0.1 refuses a primitive brand member __pathBrand whose type is not void; make __pathBrand void (or optional and typed undefined) so the brand is phantom
--- PASS: TestCheckedViewCallableShareBAdmissionProbes (7.24s)
    --- PASS: TestCheckedViewCallableShareBAdmissionProbes/rank-16 (0.14s)
    --- PASS: TestCheckedViewCallableShareBAdmissionProbes/rank-25 (0.12s)
    --- PASS: TestCheckedViewCallableShareBAdmissionProbes/rank-28 (0.13s)
    --- PASS: TestCheckedViewCallableShareBAdmissionProbes/rank-40 (0.13s)
    --- PASS: TestCheckedViewCallableShareBAdmissionProbes/rank-55 (0.12s)
    --- PASS: TestCheckedViewCallableShareBAdmissionProbes/rank-130 (0.12s)
    --- PASS: TestCheckedViewCallableShareBAdmissionProbes/rank-172 (0.12s)
    --- PASS: TestCheckedViewCallableShareBAdmissionProbes/rank-181 (0.13s)
    --- PASS: TestCheckedViewCallableShareBAdmissionProbes/rank-190 (0.13s)
    --- PASS: TestCheckedViewCallableShareBAdmissionProbes/rank-226 (0.13s)
    --- PASS: TestCheckedViewCallableShareBAdmissionProbes/rank-244 (0.13s)
    --- PASS: TestCheckedViewCallableShareBAdmissionProbes/rank-250 (0.13s)
    --- PASS: TestCheckedViewCallableShareBAdmissionProbes/rank-253 (0.13s)
    --- PASS: TestCheckedViewCallableShareBAdmissionProbes/rank-319 (0.13s)
    --- PASS: TestCheckedViewCallableShareBAdmissionProbes/rank-322 (0.13s)
    --- PASS: TestCheckedViewCallableShareBAdmissionProbes/rank-19 (0.12s)
    --- PASS: TestCheckedViewCallableShareBAdmissionProbes/rank-43 (0.13s)
    --- PASS: TestCheckedViewCallableShareBAdmissionProbes/rank-46 (0.13s)
    --- PASS: TestCheckedViewCallableShareBAdmissionProbes/rank-262 (0.13s)
    --- PASS: TestCheckedViewCallableShareBAdmissionProbes/rank-370 (0.13s)
    --- PASS: TestCheckedViewCallableShareBAdmissionProbes/rank-382 (0.13s)
    --- PASS: TestCheckedViewCallableShareBAdmissionProbes/rank-388 (0.13s)
    --- PASS: TestCheckedViewCallableShareBAdmissionProbes/rank-406 (0.13s)
    --- PASS: TestCheckedViewCallableShareBAdmissionProbes/rank-439 (0.13s)
    --- PASS: TestCheckedViewCallableShareBAdmissionProbes/rank-463 (0.17s)
    --- PASS: TestCheckedViewCallableShareBAdmissionProbes/rank-496 (0.14s)
    --- PASS: TestCheckedViewCallableShareBAdmissionProbes/rank-511 (0.14s)
    --- PASS: TestCheckedViewCallableShareBAdmissionProbes/rank-523 (0.16s)
    --- PASS: TestCheckedViewCallableShareBAdmissionProbes/rank-64 (0.19s)
    --- PASS: TestCheckedViewCallableShareBAdmissionProbes/rank-265 (0.14s)
    --- PASS: TestCheckedViewCallableShareBAdmissionProbes/rank-169 (0.15s)
    --- PASS: TestCheckedViewCallableShareBAdmissionProbes/rank-739 (0.14s)
    --- PASS: TestCheckedViewCallableShareBAdmissionProbes/rank-472 (0.16s)
    --- PASS: TestCheckedViewCallableShareBAdmissionProbes/rank-475 (0.16s)
    --- PASS: TestCheckedViewCallableShareBAdmissionProbes/rank-544 (0.14s)
    --- PASS: TestCheckedViewCallableShareBAdmissionProbes/rank-646 (0.14s)
    --- PASS: TestCheckedViewCallableShareBAdmissionProbes/rank-670 (0.15s)
    --- PASS: TestCheckedViewCallableShareBAdmissionProbes/rank-673 (0.15s)
    --- PASS: TestCheckedViewCallableShareBAdmissionProbes/rank-676 (0.16s)
    --- PASS: TestCheckedViewCallableShareBAdmissionProbes/rank-910 (0.16s)
    --- PASS: TestCheckedViewCallableShareBAdmissionProbes/rank-994 (0.15s)
    --- PASS: TestCheckedViewCallableShareBAdmissionProbes/rank-1102 (0.14s)
    --- PASS: TestCheckedViewCallableShareBAdmissionProbes/rank-1150 (0.14s)
    --- PASS: TestCheckedViewCallableShareBAdmissionProbes/rank-1168 (0.15s)
    --- PASS: TestCheckedViewCallableShareBAdmissionProbes/rank-1174 (0.13s)
    --- PASS: TestCheckedViewCallableShareBAdmissionProbes/rank-1177 (0.14s)
    --- PASS: TestCheckedViewCallableShareBAdmissionProbes/rank-1306 (0.16s)
    --- PASS: TestCheckedViewCallableShareBAdmissionProbes/rank-1309 (0.15s)
    --- PASS: TestCheckedViewCallableShareBAdmissionProbes/rank-1366 (0.15s)
    --- PASS: TestCheckedViewCallableShareBAdmissionProbes/rank-1372 (0.18s)
    --- PASS: TestCheckedViewCallableShareBAdmissionProbes/rank-1105 (0.20s)
=== RUN   TestCheckedViewCallableShareBCollectionReceivers
=== RUN   TestCheckedViewCallableShareBCollectionReceivers/rank-112
    checked_views_callable_share_b_test.go:360: rank 112 native observation: native: clang failed: exit status 1
        /tmp/adamic-gate/adamic-build-2945638735/main.c:63:26: error: incompatible pointer types passing 'adamic_map *' (aka 'struct adamic_map *') to parameter of type 'adamic_object *' (aka 'struct adamic_object *') [-Werror,-Wincompatible-pointer-types]
           63 |         adamic_function_0_probe(adamic_temporary_19);
              |                                 ^~~~~~~~~~~~~~~~~~~
        /tmp/adamic-gate/adamic-build-2945638735/main.c:25:53: note: passing argument to parameter 'adamic_local_1_value' here
           25 | static void adamic_function_0_probe(adamic_object * adamic_local_1_value) {
              |                                                     ^
        1 error generated.
    checked_views_callable_share_b_test.go:361: rank 112 JavaScript observation: "adamic: panic: field read failed: usedLines.get expected (key: string) => boolean | undefined, found function with unknown signature\n"
=== RUN   TestCheckedViewCallableShareBCollectionReceivers/rank-232
    checked_views_callable_share_b_test.go:360: rank 232 native observation: native: clang failed: exit status 1
        /tmp/adamic-gate/adamic-build-3046653803/main.c:64:26: error: incompatible pointer types passing 'adamic_map *' (aka 'struct adamic_map *') to parameter of type 'adamic_object *' (aka 'struct adamic_object *') [-Werror,-Wincompatible-pointer-types]
           64 |         adamic_function_0_probe(adamic_temporary_19);
              |                                 ^~~~~~~~~~~~~~~~~~~
        /tmp/adamic-gate/adamic-build-3046653803/main.c:26:53: note: passing argument to parameter 'adamic_local_1_value' here
           26 | static void adamic_function_0_probe(adamic_object * adamic_local_1_value) {
              |                                                     ^
        1 error generated.
    checked_views_callable_share_b_test.go:361: rank 232 JavaScript observation: "adamic: panic: field read failed: remappedPaths.has expected (key: string) => boolean, found function with unknown signature\n"
=== RUN   TestCheckedViewCallableShareBCollectionReceivers/rank-283
    checked_views_callable_share_b_test.go:360: rank 283 native observation: native: clang failed: exit status 1
        /tmp/adamic-gate/adamic-build-162798703/main.c:58:26: error: incompatible pointer types passing 'adamic_map *' (aka 'struct adamic_map *') to parameter of type 'adamic_object *' (aka 'struct adamic_object *') [-Werror,-Wincompatible-pointer-types]
           58 |         adamic_function_0_probe(adamic_temporary_12);
              |                                 ^~~~~~~~~~~~~~~~~~~
        /tmp/adamic-gate/adamic-build-162798703/main.c:22:53: note: passing argument to parameter 'adamic_local_1_value' here
           22 | static void adamic_function_0_probe(adamic_object * adamic_local_1_value) {
              |                                                     ^
        1 error generated.
    checked_views_callable_share_b_test.go:361: rank 283 JavaScript observation: "adamic: panic: field read failed: durations.clear expected () => void, found function with unknown signature\n"
=== RUN   TestCheckedViewCallableShareBCollectionReceivers/rank-343
    checked_views_callable_share_b_test.go:360: rank 343 native observation: native: clang failed: exit status 1
        /tmp/adamic-gate/adamic-build-723064867/main.c:91:26: error: incompatible pointer types passing 'adamic_map *' (aka 'struct adamic_map *') to parameter of type 'adamic_object *' (aka 'struct adamic_object *') [-Werror,-Wincompatible-pointer-types]
           91 |         adamic_function_0_probe(adamic_temporary_22);
              |                                 ^~~~~~~~~~~~~~~~~~~
        /tmp/adamic-gate/adamic-build-723064867/main.c:31:53: note: passing argument to parameter 'adamic_local_1_value' here
           31 | static void adamic_function_0_probe(adamic_object * adamic_local_1_value) {
              |                                                     ^
        1 error generated.
    checked_views_callable_share_b_test.go:361: rank 343 JavaScript observation: "adamic: panic: field read failed: context.enclosingSymbolTypes.set expected (key: number, value: Type) => Target<number, Type>, found function with unknown signature\n"
=== RUN   TestCheckedViewCallableShareBCollectionReceivers/rank-346
    checked_views_callable_share_b_test.go:360: rank 346 native observation: native: clang failed: exit status 1
        /tmp/adamic-gate/adamic-build-2414298514/main.c:63:26: error: incompatible pointer types passing 'adamic_map *' (aka 'struct adamic_map *') to parameter of type 'adamic_object *' (aka 'struct adamic_object *') [-Werror,-Wincompatible-pointer-types]
           63 |         adamic_function_0_probe(adamic_temporary_19);
              |                                 ^~~~~~~~~~~~~~~~~~~
        /tmp/adamic-gate/adamic-build-2414298514/main.c:25:53: note: passing argument to parameter 'adamic_local_1_value' here
           25 | static void adamic_function_0_probe(adamic_object * adamic_local_1_value) {
              |                                                     ^
        1 error generated.
    checked_views_callable_share_b_test.go:361: rank 346 JavaScript observation: "adamic: panic: field read failed: leftPrologues.has expected (key: string) => boolean, found function with unknown signature\n"
=== RUN   TestCheckedViewCallableShareBCollectionReceivers/rank-184
    checked_views_callable_share_b_test.go:360: rank 184 native observation: native: clang failed: exit status 1
        /tmp/adamic-gate/adamic-build-1089454322/main.c:70:26: error: incompatible pointer types passing 'adamic_array *' (aka 'struct adamic_array *') to parameter of type 'adamic_object *' (aka 'struct adamic_object *') [-Werror,-Wincompatible-pointer-types]
           70 |         adamic_function_0_probe(adamic_temporary_17);
              |                                 ^~~~~~~~~~~~~~~~~~~
        /tmp/adamic-gate/adamic-build-1089454322/main.c:25:53: note: passing argument to parameter 'adamic_local_0_value' here
           25 | static void adamic_function_0_probe(adamic_object * adamic_local_0_value) {
              |                                                     ^
        1 error generated.
    checked_views_callable_share_b_test.go:361: rank 184 JavaScript observation: "adamic: panic: field read failed: statements.slice expected (start?: number | undefined, end?: number | undefined) => Statement[], found function with unknown signature\n"
=== RUN   TestCheckedViewCallableShareBCollectionReceivers/rank-259
    checked_views_callable_share_b_test.go:360: rank 259 native observation: native: clang failed: exit status 1
        /tmp/adamic-gate/adamic-build-1105039770/main.c:58:26: error: incompatible pointer types passing 'adamic_array *' (aka 'struct adamic_array *') to parameter of type 'adamic_object *' (aka 'struct adamic_object *') [-Werror,-Wincompatible-pointer-types]
           58 |         adamic_function_0_probe(adamic_temporary_13);
              |                                 ^~~~~~~~~~~~~~~~~~~
        /tmp/adamic-gate/adamic-build-1105039770/main.c:21:53: note: passing argument to parameter 'adamic_local_0_value' here
           21 | static void adamic_function_0_probe(adamic_object * adamic_local_0_value) {
              |                                                     ^
        1 error generated.
    checked_views_callable_share_b_test.go:361: rank 259 JavaScript observation: "adamic: panic: field read failed: context.typeStack.pop expected () => number | undefined, found function with unknown signature\n"
=== RUN   TestCheckedViewCallableShareBCollectionReceivers/rank-499
    checked_views_callable_share_b_test.go:360: rank 499 native observation: native: clang failed: exit status 1
        /tmp/adamic-gate/adamic-build-3281236637/main.c:57:26: error: incompatible pointer types passing 'adamic_array *' (aka 'struct adamic_array *') to parameter of type 'adamic_object *' (aka 'struct adamic_object *') [-Werror,-Wincompatible-pointer-types]
           57 |         adamic_function_0_probe(adamic_temporary_16);
              |                                 ^~~~~~~~~~~~~~~~~~~
        /tmp/adamic-gate/adamic-build-3281236637/main.c:24:53: note: passing argument to parameter 'adamic_local_0_value' here
           24 | static void adamic_function_0_probe(adamic_object * adamic_local_0_value) {
              |                                                     ^
        1 error generated.
    checked_views_callable_share_b_test.go:361: rank 499 JavaScript observation: "adamic: panic: field read failed: conditions?.includes expected (searchElement: string, fromIndex?: number | undefined) => boolean, found function with unknown signature\n"
=== RUN   TestCheckedViewCallableShareBCollectionReceivers/rank-520
    checked_views_callable_share_b_test.go:360: rank 520 native observation: native: clang failed: exit status 1
        /tmp/adamic-gate/adamic-build-1223751268/main.c:82:26: error: incompatible pointer types passing 'adamic_array *' (aka 'struct adamic_array *') to parameter of type 'adamic_object *' (aka 'struct adamic_object *') [-Werror,-Wincompatible-pointer-types]
           82 |         adamic_function_0_probe(adamic_temporary_19);
              |                                 ^~~~~~~~~~~~~~~~~~~
        /tmp/adamic-gate/adamic-build-1223751268/main.c:28:53: note: passing argument to parameter 'adamic_local_0_value' here
           28 | static void adamic_function_0_probe(adamic_object * adamic_local_0_value) {
              |                                                     ^
        1 error generated.
    checked_views_callable_share_b_test.go:361: rank 520 JavaScript observation: "adamic: panic: field read failed: symbol.declarations.slice expected (start?: number | undefined, end?: number | undefined) => Declaration[], found function with unknown signature\n"
=== RUN   TestCheckedViewCallableShareBCollectionReceivers/rank-97
    checked_views_callable_share_b_test.go:360: rank 97 native observation: native: clang failed: exit status 1
        /tmp/adamic-gate/adamic-build-3135627893/main.c:228:26: error: incompatible pointer types passing 'adamic_map *' (aka 'struct adamic_map *') to parameter of type 'adamic_object *' (aka 'struct adamic_object *') [-Werror,-Wincompatible-pointer-types]
          228 |         adamic_function_0_probe(adamic_temporary_39);
              |                                 ^~~~~~~~~~~~~~~~~~~
        /tmp/adamic-gate/adamic-build-3135627893/main.c:61:53: note: passing argument to parameter 'adamic_local_2_value' here
           61 | static void adamic_function_0_probe(adamic_object * adamic_local_2_value) {
              |                                                     ^
        1 error generated.
    checked_views_callable_share_b_test.go:361: rank 97 JavaScript observation: "adamic: panic: field read failed: topNamespace.parent.parent.symbol.exports?.get expected (key: __String) => Symbol | undefined, found function with unknown signature\n"
=== RUN   TestCheckedViewCallableShareBCollectionReceivers/rank-229
    checked_views_callable_share_b_test.go:360: rank 229 native observation: native: clang failed: exit status 1
        /tmp/adamic-gate/adamic-build-562289818/main.c:89:26: error: incompatible pointer types passing 'adamic_map *' (aka 'struct adamic_map *') to parameter of type 'adamic_object *' (aka 'struct adamic_object *') [-Werror,-Wincompatible-pointer-types]
           89 |         adamic_function_0_probe(adamic_temporary_24);
              |                                 ^~~~~~~~~~~~~~~~~~~
        /tmp/adamic-gate/adamic-build-562289818/main.c:29:53: note: passing argument to parameter 'adamic_local_1_value' here
           29 | static void adamic_function_0_probe(adamic_object * adamic_local_1_value) {
              |                                                     ^
        1 error generated.
    checked_views_callable_share_b_test.go:361: rank 229 JavaScript observation: "adamic: panic: field read failed: optionsNameMap.get expected (key: string) => CommandLineOption | undefined, found function with unknown signature\n"
=== RUN   TestCheckedViewCallableShareBCollectionReceivers/rank-280
    checked_views_callable_share_b_test.go:343: rank 280 lowering observation: /workspace/adamic/stage3/interface-downcasts/lane5/share-b/rank-280/actual-map.a:3:13: Adamic 0.1 refuses a primitive brand member __pathBrand whose type is not void; make __pathBrand void (or optional and typed undefined) so the brand is phantom
=== RUN   TestCheckedViewCallableShareBCollectionReceivers/rank-337
    checked_views_callable_share_b_test.go:343: rank 337 lowering observation: /workspace/adamic/stage3/interface-downcasts/lane5/share-b/rank-337/actual-map.a:2:13: Adamic 0.1 refuses a primitive brand member __pathBrand whose type is not void; make __pathBrand void (or optional and typed undefined) so the brand is phantom
=== RUN   TestCheckedViewCallableShareBCollectionReceivers/rank-340
    checked_views_callable_share_b_test.go:343: rank 340 lowering observation: /workspace/adamic/stage3/interface-downcasts/lane5/share-b/rank-340/actual-map.a:2:13: Adamic 0.1 refuses a primitive brand member __pathBrand whose type is not void; make __pathBrand void (or optional and typed undefined) so the brand is phantom
=== RUN   TestCheckedViewCallableShareBCollectionReceivers/rank-415
    checked_views_callable_share_b_test.go:343: rank 415 lowering observation: /workspace/adamic/stage3/interface-downcasts/lane5/share-b/rank-415/actual-map.a:2:13: Adamic 0.1 refuses a primitive brand member __pathBrand whose type is not void; make __pathBrand void (or optional and typed undefined) so the brand is phantom
=== RUN   TestCheckedViewCallableShareBCollectionReceivers/rank-418
    checked_views_callable_share_b_test.go:343: rank 418 lowering observation: /workspace/adamic/stage3/interface-downcasts/lane5/share-b/rank-418/actual-map.a:2:13: Adamic 0.1 refuses a primitive brand member __pathBrand whose type is not void; make __pathBrand void (or optional and typed undefined) so the brand is phantom
=== RUN   TestCheckedViewCallableShareBCollectionReceivers/rank-421
    checked_views_callable_share_b_test.go:360: rank 421 native observation: native: clang failed: exit status 1
        /tmp/adamic-gate/adamic-build-690982440/main.c:72:26: error: incompatible pointer types passing 'adamic_map *' (aka 'struct adamic_map *') to parameter of type 'adamic_object *' (aka 'struct adamic_object *') [-Werror,-Wincompatible-pointer-types]
           72 |         adamic_function_0_probe(adamic_temporary_18);
              |                                 ^~~~~~~~~~~~~~~~~~~
        /tmp/adamic-gate/adamic-build-690982440/main.c:28:53: note: passing argument to parameter 'adamic_local_0_value' here
           28 | static void adamic_function_0_probe(adamic_object * adamic_local_0_value) {
              |                                                     ^
        1 error generated.
    checked_views_callable_share_b_test.go:361: rank 421 JavaScript observation: "adamic: panic: field read failed: context.remappedSymbolReferences.set expected (key: number, value: Symbol) => Target<number, Symbol>, found function with unknown signature\n"
=== RUN   TestCheckedViewCallableShareBCollectionReceivers/rank-424
    checked_views_callable_share_b_test.go:360: rank 424 native observation: native: clang failed: exit status 1
        /tmp/adamic-gate/adamic-build-1456508812/main.c:52:26: error: incompatible pointer types passing 'adamic_map *' (aka 'struct adamic_map *') to parameter of type 'adamic_object *' (aka 'struct adamic_object *') [-Werror,-Wincompatible-pointer-types]
           52 |         adamic_function_0_probe(adamic_temporary_15);
              |                                 ^~~~~~~~~~~~~~~~~~~
        /tmp/adamic-gate/adamic-build-1456508812/main.c:23:53: note: passing argument to parameter 'adamic_local_0_value' here
           23 | static void adamic_function_0_probe(adamic_object * adamic_local_0_value) {
              |                                                     ^
        1 error generated.
    checked_views_callable_share_b_test.go:361: rank 424 JavaScript observation: "adamic: panic: field read failed: fileDiagnostics.get expected (key: string) => SortedArray<DiagnosticWithLocation> | undefined, found function with unknown signature\n"
=== RUN   TestCheckedViewCallableShareBCollectionReceivers/rank-577
    checked_views_callable_share_b_test.go:360: rank 577 native observation: native: clang failed: exit status 1
        /tmp/adamic-gate/adamic-build-2980062247/main.c:82:26: error: incompatible pointer types passing 'adamic_array *' (aka 'struct adamic_array *') to parameter of type 'adamic_object *' (aka 'struct adamic_object *') [-Werror,-Wincompatible-pointer-types]
           82 |         adamic_function_0_probe(adamic_temporary_19);
              |                                 ^~~~~~~~~~~~~~~~~~~
        /tmp/adamic-gate/adamic-build-2980062247/main.c:28:53: note: passing argument to parameter 'adamic_local_0_value' here
           28 | static void adamic_function_0_probe(adamic_object * adamic_local_0_value) {
              |                                                     ^
        1 error generated.
    checked_views_callable_share_b_test.go:361: rank 577 JavaScript observation: "adamic: panic: field read failed: node.elements.slice expected (start?: number | undefined, end?: number | undefined) => Expression[], found function with unknown signature\n"
=== RUN   TestCheckedViewCallableShareBCollectionReceivers/rank-619
    checked_views_callable_share_b_test.go:343: rank 619 lowering observation: /workspace/adamic/stage3/interface-downcasts/lane5/share-b/rank-619/actual-array.a:2:13: Adamic 0.1 refuses a primitive brand member __pathBrand whose type is not void; make __pathBrand void (or optional and typed undefined) so the brand is phantom
=== RUN   TestCheckedViewCallableShareBCollectionReceivers/rank-679
    checked_views_callable_share_b_test.go:360: rank 679 native observation: native: clang failed: exit status 1
        /tmp/adamic-gate/adamic-build-1693614282/main.c:178:26: error: incompatible pointer types passing 'adamic_array *' (aka 'struct adamic_array *') to parameter of type 'adamic_object *' (aka 'struct adamic_object *') [-Werror,-Wincompatible-pointer-types]
          178 |         adamic_function_0_probe(adamic_temporary_42);
              |                                 ^~~~~~~~~~~~~~~~~~~
        /tmp/adamic-gate/adamic-build-1693614282/main.c:60:53: note: passing argument to parameter 'adamic_local_0_value' here
           60 | static void adamic_function_0_probe(adamic_object * adamic_local_0_value) {
              |                                                     ^
        1 error generated.
    checked_views_callable_share_b_test.go:361: rank 679 JavaScript observation: "adamic: panic: field read failed: this.prerelease.join expected (separator?: string | undefined) => string, found function with unknown signature\n"
=== RUN   TestCheckedViewCallableShareBCollectionReceivers/rank-550
    checked_views_callable_share_b_test.go:343: rank 550 lowering observation: /workspace/adamic/stage3/interface-downcasts/lane5/share-b/rank-550/actual-map.a:2:13: Adamic 0.1 refuses a primitive brand member __pathBrand whose type is not void; make __pathBrand void (or optional and typed undefined) so the brand is phantom
=== RUN   TestCheckedViewCallableShareBCollectionReceivers/rank-553
    checked_views_callable_share_b_test.go:343: rank 553 lowering observation: /workspace/adamic/stage3/interface-downcasts/lane5/share-b/rank-553/actual-map.a:2:13: Adamic 0.1 refuses a primitive brand member __pathBrand whose type is not void; make __pathBrand void (or optional and typed undefined) so the brand is phantom
=== RUN   TestCheckedViewCallableShareBCollectionReceivers/rank-556
    checked_views_callable_share_b_test.go:343: rank 556 lowering observation: /workspace/adamic/stage3/interface-downcasts/lane5/share-b/rank-556/actual-map.a:2:13: Adamic 0.1 refuses a primitive brand member __pathBrand whose type is not void; make __pathBrand void (or optional and typed undefined) so the brand is phantom
=== RUN   TestCheckedViewCallableShareBCollectionReceivers/rank-559
    checked_views_callable_share_b_test.go:343: rank 559 lowering observation: /workspace/adamic/stage3/interface-downcasts/lane5/share-b/rank-559/actual-map.a:2:13: Adamic 0.1 refuses a primitive brand member __pathBrand whose type is not void; make __pathBrand void (or optional and typed undefined) so the brand is phantom
=== RUN   TestCheckedViewCallableShareBCollectionReceivers/rank-562
    checked_views_callable_share_b_test.go:343: rank 562 lowering observation: /workspace/adamic/stage3/interface-downcasts/lane5/share-b/rank-562/actual-map.a:2:13: Adamic 0.1 refuses a primitive brand member __pathBrand whose type is not void; make __pathBrand void (or optional and typed undefined) so the brand is phantom
=== RUN   TestCheckedViewCallableShareBCollectionReceivers/rank-565
    checked_views_callable_share_b_test.go:360: rank 565 native observation: native: clang failed: exit status 1
        /tmp/adamic-gate/adamic-build-1992160666/main.c:60:26: error: incompatible pointer types passing 'adamic_map *' (aka 'struct adamic_map *') to parameter of type 'adamic_object *' (aka 'struct adamic_object *') [-Werror,-Wincompatible-pointer-types]
           60 |         adamic_function_0_probe(adamic_temporary_17);
              |                                 ^~~~~~~~~~~~~~~~~~~
        /tmp/adamic-gate/adamic-build-1992160666/main.c:31:53: note: passing argument to parameter 'adamic_local_0_value' here
           31 | static void adamic_function_0_probe(adamic_object * adamic_local_0_value) {
              |                                                     ^
        1 error generated.
    checked_views_callable_share_b_test.go:361: rank 565 JavaScript observation: "adamic: panic: field read failed: multiMap.get expected (key: string) => TElement[] | TElement | undefined, found function with unknown signature\n"
=== RUN   TestCheckedViewCallableShareBCollectionReceivers/rank-568
    checked_views_callable_share_b_test.go:360: rank 568 native observation: native: clang failed: exit status 1
        /tmp/adamic-gate/adamic-build-174624441/main.c:126:26: error: incompatible pointer types passing 'adamic_map *' (aka 'struct adamic_map *') to parameter of type 'adamic_object *' (aka 'struct adamic_object *') [-Werror,-Wincompatible-pointer-types]
          126 |         adamic_function_0_probe(adamic_temporary_17);
              |                                 ^~~~~~~~~~~~~~~~~~~
        /tmp/adamic-gate/adamic-build-174624441/main.c:38:53: note: passing argument to parameter 'adamic_local_1_value' here
           38 | static void adamic_function_0_probe(adamic_object * adamic_local_1_value) {
              |                                                     ^
        1 error generated.
    checked_views_callable_share_b_test.go:361: rank 568 JavaScript observation: "adamic: panic: field read failed: enumRelation.get expected (key: string) => RelationComparisonResult | undefined, found function with unknown signature\n"
=== RUN   TestCheckedViewCallableShareBCollectionReceivers/rank-571
    checked_views_callable_share_b_test.go:360: rank 571 native observation: native: clang failed: exit status 1
        /tmp/adamic-gate/adamic-build-952206804/main.c:51:26: error: incompatible pointer types passing 'adamic_map *' (aka 'struct adamic_map *') to parameter of type 'adamic_object *' (aka 'struct adamic_object *') [-Werror,-Wincompatible-pointer-types]
           51 |         adamic_function_0_probe(adamic_temporary_15);
              |                                 ^~~~~~~~~~~~~~~~~~~
        /tmp/adamic-gate/adamic-build-952206804/main.c:23:53: note: passing argument to parameter 'adamic_local_0_value' here
           23 | static void adamic_function_0_probe(adamic_object * adamic_local_0_value) {
              |                                                     ^
        1 error generated.
    checked_views_callable_share_b_test.go:361: rank 571 JavaScript observation: "adamic: panic: field read failed: durations.delete expected (key: string) => boolean, found function with unknown signature\n"
=== RUN   TestCheckedViewCallableShareBCollectionReceivers/rank-802
    checked_views_callable_share_b_test.go:343: rank 802 lowering observation: /workspace/adamic/stage3/interface-downcasts/lane5/share-b/rank-802/actual-map.a:2:26: Adamic 0.1 refuses a primitive brand member __compilerOptionsKey whose type is not void; make __compilerOptionsKey void (or optional and typed undefined) so the brand is phantom
=== RUN   TestCheckedViewCallableShareBCollectionReceivers/rank-805
    checked_views_callable_share_b_test.go:343: rank 805 lowering observation: /workspace/adamic/stage3/interface-downcasts/lane5/share-b/rank-805/actual-map.a:2:13: Adamic 0.1 refuses a primitive brand member __pathBrand whose type is not void; make __pathBrand void (or optional and typed undefined) so the brand is phantom
=== RUN   TestCheckedViewCallableShareBCollectionReceivers/rank-808
    checked_views_callable_share_b_test.go:343: rank 808 lowering observation: /workspace/adamic/stage3/interface-downcasts/lane5/share-b/rank-808/actual-map.a:2:13: Adamic 0.1 refuses a primitive brand member __pathBrand whose type is not void; make __pathBrand void (or optional and typed undefined) so the brand is phantom
=== RUN   TestCheckedViewCallableShareBCollectionReceivers/rank-811
    checked_views_callable_share_b_test.go:343: rank 811 lowering observation: /workspace/adamic/stage3/interface-downcasts/lane5/share-b/rank-811/actual-map.a:2:13: Adamic 0.1 refuses a primitive brand member __pathBrand whose type is not void; make __pathBrand void (or optional and typed undefined) so the brand is phantom
=== RUN   TestCheckedViewCallableShareBCollectionReceivers/rank-814
    checked_views_callable_share_b_test.go:343: rank 814 lowering observation: /workspace/adamic/stage3/interface-downcasts/lane5/share-b/rank-814/actual-map.a:2:13: Adamic 0.1 refuses a primitive brand member __pathBrand whose type is not void; make __pathBrand void (or optional and typed undefined) so the brand is phantom
=== RUN   TestCheckedViewCallableShareBCollectionReceivers/rank-817
    checked_views_callable_share_b_test.go:343: rank 817 lowering observation: /workspace/adamic/stage3/interface-downcasts/lane5/share-b/rank-817/actual-map.a:2:13: Adamic 0.1 refuses a primitive brand member __pathBrand whose type is not void; make __pathBrand void (or optional and typed undefined) so the brand is phantom
=== RUN   TestCheckedViewCallableShareBCollectionReceivers/rank-820
    checked_views_callable_share_b_test.go:343: rank 820 lowering observation: /workspace/adamic/stage3/interface-downcasts/lane5/share-b/rank-820/actual-map.a:2:13: Adamic 0.1 refuses a primitive brand member __pathBrand whose type is not void; make __pathBrand void (or optional and typed undefined) so the brand is phantom
=== RUN   TestCheckedViewCallableShareBCollectionReceivers/rank-823
    checked_views_callable_share_b_test.go:343: rank 823 lowering observation: /workspace/adamic/stage3/interface-downcasts/lane5/share-b/rank-823/actual-map.a:2:13: Adamic 0.1 refuses a primitive brand member __pathBrand whose type is not void; make __pathBrand void (or optional and typed undefined) so the brand is phantom
=== RUN   TestCheckedViewCallableShareBCollectionReceivers/rank-826
    checked_views_callable_share_b_test.go:343: rank 826 lowering observation: /workspace/adamic/stage3/interface-downcasts/lane5/share-b/rank-826/actual-map.a:2:13: Adamic 0.1 refuses a primitive brand member __pathBrand whose type is not void; make __pathBrand void (or optional and typed undefined) so the brand is phantom
=== RUN   TestCheckedViewCallableShareBCollectionReceivers/rank-829
    checked_views_callable_share_b_test.go:343: rank 829 lowering observation: /workspace/adamic/stage3/interface-downcasts/lane5/share-b/rank-829/actual-map.a:2:13: Adamic 0.1 refuses a primitive brand member __pathBrand whose type is not void; make __pathBrand void (or optional and typed undefined) so the brand is phantom
=== RUN   TestCheckedViewCallableShareBCollectionReceivers/rank-832
    checked_views_callable_share_b_test.go:343: rank 832 lowering observation: /workspace/adamic/stage3/interface-downcasts/lane5/share-b/rank-832/actual-map.a:2:13: Adamic 0.1 refuses a primitive brand member __pathBrand whose type is not void; make __pathBrand void (or optional and typed undefined) so the brand is phantom
=== RUN   TestCheckedViewCallableShareBCollectionReceivers/rank-835
    checked_views_callable_share_b_test.go:343: rank 835 lowering observation: /workspace/adamic/stage3/interface-downcasts/lane5/share-b/rank-835/actual-map.a:2:13: Adamic 0.1 refuses a primitive brand member __pathBrand whose type is not void; make __pathBrand void (or optional and typed undefined) so the brand is phantom
=== RUN   TestCheckedViewCallableShareBCollectionReceivers/rank-862
    checked_views_callable_share_b_test.go:360: rank 862 native observation: native: clang failed: exit status 1
        /tmp/adamic-gate/adamic-build-2128615331/main.c:61:26: error: incompatible pointer types passing 'adamic_map *' (aka 'struct adamic_map *') to parameter of type 'adamic_object *' (aka 'struct adamic_object *') [-Werror,-Wincompatible-pointer-types]
           61 |         adamic_function_0_probe(adamic_temporary_17);
              |                                 ^~~~~~~~~~~~~~~~~~~
        /tmp/adamic-gate/adamic-build-2128615331/main.c:25:53: note: passing argument to parameter 'adamic_local_0_value' here
           25 | static void adamic_function_0_probe(adamic_object * adamic_local_0_value) {
              |                                                     ^
        1 error generated.
    checked_views_callable_share_b_test.go:361: rank 862 JavaScript observation: "adamic: panic: field read failed: context.remappedSymbolNames!.has expected (key: number) => boolean, found function with unknown signature\n"
=== RUN   TestCheckedViewCallableShareBCollectionReceivers/rank-868
    checked_views_callable_share_b_test.go:360: rank 868 native observation: native: clang failed: exit status 1
        /tmp/adamic-gate/adamic-build-3621063077/main.c:51:26: error: incompatible pointer types passing 'adamic_map *' (aka 'struct adamic_map *') to parameter of type 'adamic_object *' (aka 'struct adamic_object *') [-Werror,-Wincompatible-pointer-types]
           51 |         adamic_function_0_probe(adamic_temporary_15);
              |                                 ^~~~~~~~~~~~~~~~~~~
        /tmp/adamic-gate/adamic-build-3621063077/main.c:23:53: note: passing argument to parameter 'adamic_local_0_value' here
           23 | static void adamic_function_0_probe(adamic_object * adamic_local_0_value) {
              |                                                     ^
        1 error generated.
    checked_views_callable_share_b_test.go:361: rank 868 JavaScript observation: "adamic: panic: field read failed: sourceFilesCache.delete expected (key: string) => boolean, found function with unknown signature\n"
=== RUN   TestCheckedViewCallableShareBCollectionReceivers/rank-871
    checked_views_callable_share_b_test.go:360: rank 871 native observation: native: clang failed: exit status 1
        /tmp/adamic-gate/adamic-build-4043741958/main.c:62:26: error: incompatible pointer types passing 'adamic_map *' (aka 'struct adamic_map *') to parameter of type 'adamic_object *' (aka 'struct adamic_object *') [-Werror,-Wincompatible-pointer-types]
           62 |         adamic_function_0_probe(adamic_temporary_16);
              |                                 ^~~~~~~~~~~~~~~~~~~
        /tmp/adamic-gate/adamic-build-4043741958/main.c:26:53: note: passing argument to parameter 'adamic_local_0_value' here
           26 | static void adamic_function_0_probe(adamic_object * adamic_local_0_value) {
              |                                                     ^
        1 error generated.
    checked_views_callable_share_b_test.go:361: rank 871 JavaScript observation: "adamic: panic: field read failed: packageIdToSourceFile.set expected (key: string, value: SourceFile) => Target<string, SourceFile>, found function with unknown signature\n"
=== RUN   TestCheckedViewCallableShareBCollectionReceivers/rank-874
    checked_views_callable_share_b_test.go:360: rank 874 native observation: native: clang failed: exit status 1
        /tmp/adamic-gate/adamic-build-1691768644/main.c:52:26: error: incompatible pointer types passing 'adamic_map *' (aka 'struct adamic_map *') to parameter of type 'adamic_object *' (aka 'struct adamic_object *') [-Werror,-Wincompatible-pointer-types]
           52 |         adamic_function_0_probe(adamic_temporary_15);
              |                                 ^~~~~~~~~~~~~~~~~~~
        /tmp/adamic-gate/adamic-build-1691768644/main.c:23:53: note: passing argument to parameter 'adamic_local_0_value' here
           23 | static void adamic_function_0_probe(adamic_object * adamic_local_0_value) {
              |                                                     ^
        1 error generated.
    checked_views_callable_share_b_test.go:361: rank 874 JavaScript observation: "adamic: panic: field read failed: reverseHomomorphicMappedCache.get expected (key: string) => Type | undefined, found function with unknown signature\n"
=== RUN   TestCheckedViewCallableShareBCollectionReceivers/rank-877
    checked_views_callable_share_b_test.go:360: rank 877 native observation: native: clang failed: exit status 1
        /tmp/adamic-gate/adamic-build-3734458466/main.c:71:26: error: incompatible pointer types passing 'adamic_map *' (aka 'struct adamic_map *') to parameter of type 'adamic_object *' (aka 'struct adamic_object *') [-Werror,-Wincompatible-pointer-types]
           71 |         adamic_function_0_probe(adamic_temporary_16);
              |                                 ^~~~~~~~~~~~~~~~~~~
        /tmp/adamic-gate/adamic-build-3734458466/main.c:20:53: note: passing argument to parameter 'adamic_local_0_value' here
           20 | static void adamic_function_0_probe(adamic_object * adamic_local_0_value) {
              |                                                     ^
        1 error generated.
    checked_views_callable_share_b_test.go:361: rank 877 JavaScript observation: "adamic: panic: field read failed: activeTypeMappersCaches[activeTypeMappersCount].clear expected () => void, found function with unknown signature\n"
=== RUN   TestCheckedViewCallableShareBCollectionReceivers/rank-880
    checked_views_callable_share_b_test.go:343: rank 880 lowering observation: /workspace/adamic/stage3/interface-downcasts/lane5/share-b/rank-880/actual-map.a:5:81: Adamic 0.1 refuses checked view read of field forEach with unsupported callable contract; prove or implement the callable contract before reading this field
=== RUN   TestCheckedViewCallableShareBCollectionReceivers/rank-907
    checked_views_callable_share_b_test.go:360: rank 907 native observation: native: clang failed: exit status 1
        /tmp/adamic-gate/adamic-build-1530137286/main.c:77:26: error: incompatible pointer types passing 'adamic_array *' (aka 'struct adamic_array *') to parameter of type 'adamic_object *' (aka 'struct adamic_object *') [-Werror,-Wincompatible-pointer-types]
           77 |         adamic_function_0_probe(adamic_temporary_19);
              |                                 ^~~~~~~~~~~~~~~~~~~
        /tmp/adamic-gate/adamic-build-1530137286/main.c:28:53: note: passing argument to parameter 'adamic_local_0_value' here
           28 | static void adamic_function_0_probe(adamic_object * adamic_local_0_value) {
              |                                                     ^
        1 error generated.
    checked_views_callable_share_b_test.go:361: rank 907 JavaScript observation: "adamic: panic: field read failed: node.elements.indexOf expected (searchElement: Expression, fromIndex?: number | undefined) => number, found function with unknown signature\n"
=== RUN   TestCheckedViewCallableShareBCollectionReceivers/rank-1165
    checked_views_callable_share_b_test.go:360: rank 1165 native observation: native: clang failed: exit status 1
        /tmp/adamic-gate/adamic-build-3256493650/main.c:51:26: error: incompatible pointer types passing 'adamic_array *' (aka 'struct adamic_array *') to parameter of type 'adamic_object *' (aka 'struct adamic_object *') [-Werror,-Wincompatible-pointer-types]
           51 |         adamic_function_0_probe(adamic_temporary_15);
              |                                 ^~~~~~~~~~~~~~~~~~~
        /tmp/adamic-gate/adamic-build-3256493650/main.c:22:53: note: passing argument to parameter 'adamic_local_0_value' here
           22 | static void adamic_function_0_probe(adamic_object * adamic_local_0_value) {
              |                                                     ^
        1 error generated.
    checked_views_callable_share_b_test.go:361: rank 1165 JavaScript observation: "adamic: panic: field read failed: awaitedTypeStack.lastIndexOf expected (searchElement: number, fromIndex?: number | undefined) => number, found function with unknown signature\n"
=== RUN   TestCheckedViewCallableShareBCollectionReceivers/rank-1171
    checked_views_callable_share_b_test.go:360: rank 1171 native observation: native: clang failed: exit status 1
        /tmp/adamic-gate/adamic-build-3995811641/main.c:73:26: error: incompatible pointer types passing 'adamic_array *' (aka 'struct adamic_array *') to parameter of type 'adamic_object *' (aka 'struct adamic_object *') [-Werror,-Wincompatible-pointer-types]
           73 |         adamic_function_0_probe(adamic_temporary_18);
              |                                 ^~~~~~~~~~~~~~~~~~~
        /tmp/adamic-gate/adamic-build-3995811641/main.c:25:53: note: passing argument to parameter 'adamic_local_0_value' here
           25 | static void adamic_function_0_probe(adamic_object * adamic_local_0_value) {
              |                                                     ^
        1 error generated.
    checked_views_callable_share_b_test.go:361: rank 1171 JavaScript observation: "adamic: panic: field read failed: sourceFiles.indexOf expected (searchElement: SourceFile, fromIndex?: number | undefined) => number, found function with unknown signature\n"
=== RUN   TestCheckedViewCallableShareBCollectionReceivers/rank-1363
    checked_views_callable_share_b_test.go:360: rank 1363 native observation: native: clang failed: exit status 1
        /tmp/adamic-gate/adamic-build-3540227531/main.c:73:26: error: incompatible pointer types passing 'adamic_array *' (aka 'struct adamic_array *') to parameter of type 'adamic_object *' (aka 'struct adamic_object *') [-Werror,-Wincompatible-pointer-types]
           73 |         adamic_function_0_probe(adamic_temporary_18);
              |                                 ^~~~~~~~~~~~~~~~~~~
        /tmp/adamic-gate/adamic-build-3540227531/main.c:25:53: note: passing argument to parameter 'adamic_local_0_value' here
           25 | static void adamic_function_0_probe(adamic_object * adamic_local_0_value) {
              |                                                     ^
        1 error generated.
    checked_views_callable_share_b_test.go:361: rank 1363 JavaScript observation: "adamic: panic: field read failed: overloadSignatures.indexOf expected (searchElement: Declaration, fromIndex?: number | undefined) => number, found function with unknown signature\n"
=== RUN   TestCheckedViewCallableShareBCollectionReceivers/rank-1375
    checked_views_callable_share_b_test.go:360: rank 1375 native observation: native: clang failed: exit status 1
        /tmp/adamic-gate/adamic-build-3362595257/main.c:165:26: error: incompatible pointer types passing 'adamic_array *' (aka 'struct adamic_array *') to parameter of type 'adamic_object *' (aka 'struct adamic_object *') [-Werror,-Wincompatible-pointer-types]
          165 |         adamic_function_0_probe(adamic_temporary_43);
              |                                 ^~~~~~~~~~~~~~~~~~~
        /tmp/adamic-gate/adamic-build-3362595257/main.c:39:53: note: passing argument to parameter 'adamic_local_0_value' here
           39 | static void adamic_function_0_probe(adamic_object * adamic_local_0_value) {
              |                                                     ^
        1 error generated.
    checked_views_callable_share_b_test.go:361: rank 1375 JavaScript observation: "adamic: panic: field read failed: getTypeChecker().getGlobalDiagnostics().slice expected (start?: number | undefined, end?: number | undefined) => Diagnostic[], found function with unknown signature\n"
--- PASS: TestCheckedViewCallableShareBCollectionReceivers (9.40s)
    --- PASS: TestCheckedViewCallableShareBCollectionReceivers/rank-112 (0.28s)
    --- PASS: TestCheckedViewCallableShareBCollectionReceivers/rank-232 (0.26s)
    --- PASS: TestCheckedViewCallableShareBCollectionReceivers/rank-283 (0.23s)
    --- PASS: TestCheckedViewCallableShareBCollectionReceivers/rank-343 (0.25s)
    --- PASS: TestCheckedViewCallableShareBCollectionReceivers/rank-346 (0.22s)
    --- PASS: TestCheckedViewCallableShareBCollectionReceivers/rank-184 (0.23s)
    --- PASS: TestCheckedViewCallableShareBCollectionReceivers/rank-259 (0.22s)
    --- PASS: TestCheckedViewCallableShareBCollectionReceivers/rank-499 (0.23s)
    --- PASS: TestCheckedViewCallableShareBCollectionReceivers/rank-520 (0.22s)
    --- PASS: TestCheckedViewCallableShareBCollectionReceivers/rank-97 (0.24s)
    --- PASS: TestCheckedViewCallableShareBCollectionReceivers/rank-229 (0.21s)
    --- PASS: TestCheckedViewCallableShareBCollectionReceivers/rank-280 (0.13s)
    --- PASS: TestCheckedViewCallableShareBCollectionReceivers/rank-337 (0.13s)
    --- PASS: TestCheckedViewCallableShareBCollectionReceivers/rank-340 (0.13s)
    --- PASS: TestCheckedViewCallableShareBCollectionReceivers/rank-415 (0.12s)
    --- PASS: TestCheckedViewCallableShareBCollectionReceivers/rank-418 (0.12s)
    --- PASS: TestCheckedViewCallableShareBCollectionReceivers/rank-421 (0.22s)
    --- PASS: TestCheckedViewCallableShareBCollectionReceivers/rank-424 (0.21s)
    --- PASS: TestCheckedViewCallableShareBCollectionReceivers/rank-577 (0.22s)
    --- PASS: TestCheckedViewCallableShareBCollectionReceivers/rank-619 (0.13s)
    --- PASS: TestCheckedViewCallableShareBCollectionReceivers/rank-679 (0.22s)
    --- PASS: TestCheckedViewCallableShareBCollectionReceivers/rank-550 (0.13s)
    --- PASS: TestCheckedViewCallableShareBCollectionReceivers/rank-553 (0.14s)
    --- PASS: TestCheckedViewCallableShareBCollectionReceivers/rank-556 (0.14s)
    --- PASS: TestCheckedViewCallableShareBCollectionReceivers/rank-559 (0.12s)
    --- PASS: TestCheckedViewCallableShareBCollectionReceivers/rank-562 (0.12s)
    --- PASS: TestCheckedViewCallableShareBCollectionReceivers/rank-565 (0.21s)
    --- PASS: TestCheckedViewCallableShareBCollectionReceivers/rank-568 (0.22s)
    --- PASS: TestCheckedViewCallableShareBCollectionReceivers/rank-571 (0.22s)
    --- PASS: TestCheckedViewCallableShareBCollectionReceivers/rank-802 (0.14s)
    --- PASS: TestCheckedViewCallableShareBCollectionReceivers/rank-805 (0.12s)
    --- PASS: TestCheckedViewCallableShareBCollectionReceivers/rank-808 (0.13s)
    --- PASS: TestCheckedViewCallableShareBCollectionReceivers/rank-811 (0.13s)
    --- PASS: TestCheckedViewCallableShareBCollectionReceivers/rank-814 (0.13s)
    --- PASS: TestCheckedViewCallableShareBCollectionReceivers/rank-817 (0.13s)
    --- PASS: TestCheckedViewCallableShareBCollectionReceivers/rank-820 (0.13s)
    --- PASS: TestCheckedViewCallableShareBCollectionReceivers/rank-823 (0.13s)
    --- PASS: TestCheckedViewCallableShareBCollectionReceivers/rank-826 (0.14s)
    --- PASS: TestCheckedViewCallableShareBCollectionReceivers/rank-829 (0.13s)
    --- PASS: TestCheckedViewCallableShareBCollectionReceivers/rank-832 (0.13s)
    --- PASS: TestCheckedViewCallableShareBCollectionReceivers/rank-835 (0.13s)
    --- PASS: TestCheckedViewCallableShareBCollectionReceivers/rank-862 (0.22s)
    --- PASS: TestCheckedViewCallableShareBCollectionReceivers/rank-868 (0.21s)
    --- PASS: TestCheckedViewCallableShareBCollectionReceivers/rank-871 (0.22s)
    --- PASS: TestCheckedViewCallableShareBCollectionReceivers/rank-874 (0.23s)
    --- PASS: TestCheckedViewCallableShareBCollectionReceivers/rank-877 (0.23s)
    --- PASS: TestCheckedViewCallableShareBCollectionReceivers/rank-880 (0.14s)
    --- PASS: TestCheckedViewCallableShareBCollectionReceivers/rank-907 (0.21s)
    --- PASS: TestCheckedViewCallableShareBCollectionReceivers/rank-1165 (0.21s)
    --- PASS: TestCheckedViewCallableShareBCollectionReceivers/rank-1171 (0.22s)
    --- PASS: TestCheckedViewCallableShareBCollectionReceivers/rank-1363 (0.22s)
    --- PASS: TestCheckedViewCallableShareBCollectionReceivers/rank-1375 (0.23s)
=== RUN   TestCheckedViewCallableShareBByteViewModule
=== PAUSE TestCheckedViewCallableShareBByteViewModule
=== RUN   TestCheckedViewCallableShareBDiagnosticNames
=== RUN   TestCheckedViewCallableShareBDiagnosticNames/rank-592
    checked_views_callable_share_b_test.go:420: original type: (modifiers: readonly Modifier[] | undefined, name: string | PropertyName, questionToken: QuestionToken | undefined, typeParameters: readonly TypeParameterDeclaration[] | undefined, parameters: readonly ParameterDeclaration[], type: TypeNode | undefined) => MethodSignature; observed type: (modifiers: readonly Modifier[] | undefined, name: string | PropertyName, questionToken: QuestionToken | undefined, typeParameters: readonly TypeParameterDeclaration[] | undefined, parameters: ..., type: TypeNode | undefined) => MethodSignature
=== RUN   TestCheckedViewCallableShareBDiagnosticNames/rank-751
    checked_views_callable_share_b_test.go:420: original type: (hasLexicalThis: boolean, argumentsExpression: Expression | undefined, promiseConstructor: Expression | EntityName | undefined, parameters: readonly ParameterDeclaration[] | undefined, body: Block) => Expression; observed type: (hasLexicalThis: boolean, argumentsExpression: Expression | undefined, promiseConstructor: EntityName | Expression | undefined, parameters: ... | undefined, body: Block) => Expression
=== RUN   TestCheckedViewCallableShareBDiagnosticNames/rank-976-array-carrier
    checked_views_callable_share_b_test.go:420: original type: (node: MethodSignature, modifiers: readonly Modifier[] | undefined, name: PropertyName, questionToken: QuestionToken | undefined, typeParameters: NodeArray<TypeParameterDeclaration> | undefined, parameters: NodeArray<ParameterDeclaration>, type: TypeNode | undefined) => MethodSignature; observed type: (node: MethodSignature, modifiers: readonly Modifier[] | undefined, name: PropertyName, questionToken: QuestionToken | undefined, typeParameters: NodeArray<...> | undefined, parameters: NodeArray<...>, type: TypeNode | undefined) => MethodSignature
--- PASS: TestCheckedViewCallableShareBDiagnosticNames (1.68s)
    --- PASS: TestCheckedViewCallableShareBDiagnosticNames/rank-592 (0.56s)
    --- PASS: TestCheckedViewCallableShareBDiagnosticNames/rank-751 (0.55s)
    --- PASS: TestCheckedViewCallableShareBDiagnosticNames/rank-976-array-carrier (0.57s)
=== CONT  TestCheckedViewCallableShareBByteViewModule
--- PASS: TestCheckedViewCallableShareBByteViewModule (0.36s)
PASS
gate cache: native hits=0 misses=94
gate cache: node hits=0 misses=365
gate cache: probe hits=0 misses=0
ok  	github.com/system-inc/adamic/internal/oracle	102.176s
