Auto-merging internal/flow/build.go
CONFLICT (content): Merge conflict in internal/flow/build.go
Auto-merging internal/flow/flow_test.go
CONFLICT (content): Merge conflict in internal/flow/flow_test.go
Auto-merging internal/flow/infer.go
Auto-merging internal/fresh/fresh.go
Auto-merging internal/fresh/library_language.go
CONFLICT (content): Merge conflict in internal/fresh/library_language.go
Auto-merging internal/ir/ir.go
Auto-merging internal/javascript/javascript.go
CONFLICT (content): Merge conflict in internal/javascript/javascript.go
Auto-merging internal/lower/assignments.go
Auto-merging internal/lower/cast_proof.go
CONFLICT (content): Merge conflict in internal/lower/cast_proof.go
Auto-merging internal/lower/class.go
Auto-merging internal/lower/class_features.go
Auto-merging internal/lower/control.go
CONFLICT (content): Merge conflict in internal/lower/control.go
Auto-merging internal/lower/exceptions.go
CONFLICT (content): Merge conflict in internal/lower/exceptions.go
Auto-merging internal/lower/expression.go
CONFLICT (content): Merge conflict in internal/lower/expression.go
Auto-merging internal/lower/functions.go
Auto-merging internal/lower/generic.go
CONFLICT (content): Merge conflict in internal/lower/generic.go
Auto-merging internal/lower/invariance.go
CONFLICT (content): Merge conflict in internal/lower/invariance.go
Auto-merging internal/lower/library_json_stringify.go
CONFLICT (content): Merge conflict in internal/lower/library_json_stringify.go
Auto-merging internal/lower/library_math_number.go
CONFLICT (content): Merge conflict in internal/lower/library_math_number.go
Auto-merging internal/lower/library_object.go
Auto-merging internal/lower/library_string.go
CONFLICT (content): Merge conflict in internal/lower/library_string.go
Auto-merging internal/lower/modules.go
CONFLICT (content): Merge conflict in internal/lower/modules.go
Auto-merging internal/lower/object.go
CONFLICT (content): Merge conflict in internal/lower/object.go
Auto-merging internal/lower/optional_widening.go
Auto-merging internal/lower/refusals.go
CONFLICT (content): Merge conflict in internal/lower/refusals.go
Auto-merging internal/lower/statements.go
CONFLICT (content): Merge conflict in internal/lower/statements.go
Auto-merging internal/native/emit.go
Auto-merging internal/native/emit_expressions.go
CONFLICT (content): Merge conflict in internal/native/emit_expressions.go
Auto-merging internal/native/emit_functions.go
CONFLICT (content): Merge conflict in internal/native/emit_functions.go
Auto-merging internal/native/emit_objects.go
Auto-merging internal/native/emit_strings.go
Auto-merging internal/native/library_object.go
Auto-merging internal/native/reuse.go
Auto-merging internal/native/runtime/adamic.h
CONFLICT (content): Merge conflict in internal/native/runtime/adamic.h
Auto-merging internal/native/runtime/heap.c
Auto-merging internal/native/runtime/json_stringify.c
Auto-merging internal/native/runtime/json_stringify.h
Auto-merging internal/native/runtime/library_object.c
CONFLICT (content): Merge conflict in internal/native/runtime/library_object.c
Auto-merging internal/native/runtime/object.c
CONFLICT (content): Merge conflict in internal/native/runtime/object.c
Auto-merging internal/native/runtime/region.c
Auto-merging internal/oracle/counts.md
CONFLICT (content): Merge conflict in internal/oracle/counts.md
Auto-merging internal/oracle/counts_test.go
Auto-merging internal/oracle/oracle_test.go
Auto-merging stage3/fixtures/cycles/status.json
Auto-merging stage3/fixtures/objects/status.json
Auto-merging stage3/fixtures/predicates/status.json
Auto-merging stage3/fixtures/runner/status.json
Automatic merge failed; fix conflicts and then commit the result.
