01_diagnostic_code.a Node 0 main NotYet taste Compiles
02_diagnostic_message.a Node 0 main NotYet taste NotYet
03_diagnostic_file.a Node 0 main Refused taste Compiles
04_jsx_runtime.a Node 0 main Refused taste Compiles
05_this_type.a Node 0 main NotYet taste Compiles
06_localized_message.a Node 0 main Refused taste Refused
07_compact.a Node 0 main NotYet taste NotYet
08_for_each.a Node 0 main Checker taste Checker
09_literal_cache.a Node 0 main Refused taste NotYet
10_global_import_meta.a Node 0 main Refused taste Compiles
11_build_info_pending.a Node 0 main NotYet taste NotYet
12_symbol_links.a Node 0 main Refused taste NotYet
13_void_callback.a Node 0 main Refused taste NotYet
14_relative_complement.a Node 0 main Refused taste NotYet
15_barrel.a Node 0 main Refused taste Refused
16_scan_exclamation.a Node 0 main Refused taste NotYet
17_binder_flow.a Node 0 main Refused taste Compiles
18_named_export.a Node 0 main Refused taste Compiles
19_deprecated_flags.a Node 0 main NotYet taste Compiles
20_jsdoc_terminate.a Node 0 main Refused taste NotYet
21_truthy_loops.a Node 0 main Refused taste Compiles
22_assignment_once.a Node 0 main Refused taste Compiles
23_labels_finally.a Node 0 main Refused taste Compiles
24_proportional_conditions.a Node 0 main Refused taste Compiles
