=== RUN   TestCheckedViewDictionaryFiniteMutants
=== RUN   TestCheckedViewDictionaryFiniteMutants/skip-check
    checked_view_dictionary_finite_test.go:85: gate cache node miss
    checked_view_dictionary_finite_test.go:89: pinned finite-key control catches skip-check: exit=0 stdout="object\n"
    checked_view_dictionary_finite_test.go:89: pinned finite-key control catches skip-check: exit=0 stdout="object\n"
=== RUN   TestCheckedViewDictionaryFiniteMutants/accept-wrong-shape
    checked_view_dictionary_finite_test.go:85: gate cache node miss
    checked_view_dictionary_finite_test.go:89: pinned finite-key control catches accept-wrong-shape: exit=0 stdout="object\n"
    checked_view_dictionary_finite_test.go:89: pinned finite-key control catches accept-wrong-shape: exit=0 stdout="object\n"
=== RUN   TestCheckedViewDictionaryFiniteMutants/drop-transitive-check
    checked_view_dictionary_finite_test.go:85: gate cache node miss
    checked_view_dictionary_finite_test.go:89: pinned finite-key control catches drop-transitive-check: exit=0 stdout="42\n"
    checked_view_dictionary_finite_test.go:89: pinned finite-key control catches drop-transitive-check: exit=0 stdout="wrong\n"
--- PASS: TestCheckedViewDictionaryFiniteMutants (0.47s)
    --- PASS: TestCheckedViewDictionaryFiniteMutants/skip-check (0.19s)
    --- PASS: TestCheckedViewDictionaryFiniteMutants/accept-wrong-shape (0.13s)
    --- PASS: TestCheckedViewDictionaryFiniteMutants/drop-transitive-check (0.15s)
=== RUN   TestCheckedViewDictionaryOptionalShortCircuitMutant
    checked_view_dictionary_finite_test.go:97: gate cache node miss
    checked_view_dictionary_finite_test.go:126: gate cache node miss
    checked_view_dictionary_finite_test.go:130: Node absent-receiver control catches forced read: exit=70 stderr="adamic: panic: field read failed: view?.paths; expected MapLike<string[]> | undefined, found undefined\n"
    checked_view_dictionary_finite_test.go:130: Node absent-receiver control catches forced read: exit=70 stderr="adamic: panic: field read failed: view?.paths; expected MapLike<string[]> | undefined, found undefined\n"
--- PASS: TestCheckedViewDictionaryOptionalShortCircuitMutant (0.30s)
=== RUN   TestCheckedViewDictionaryOptionalPaths
=== RUN   TestCheckedViewDictionaryOptionalPaths/optional-paths-once
    checked_view_dictionary_propagation_test.go:189: gate cache node miss
    checked_view_dictionary_propagation_test.go:194: gate cache node miss
    oracle_test.go:651: gate cache native miss
=== RUN   TestCheckedViewDictionaryOptionalPaths/optional-paths-receiver-missing
    checked_view_dictionary_propagation_test.go:189: gate cache node hit
    checked_view_dictionary_propagation_test.go:194: gate cache node miss
    oracle_test.go:651: gate cache native miss
=== RUN   TestCheckedViewDictionaryOptionalPaths/optional-paths-good
    checked_view_dictionary_propagation_test.go:189: gate cache node miss
    checked_view_dictionary_propagation_test.go:194: gate cache node miss
    oracle_test.go:651: gate cache native miss
=== RUN   TestCheckedViewDictionaryOptionalPaths/optional-paths-missing
    checked_view_dictionary_propagation_test.go:189: gate cache node miss
    checked_view_dictionary_propagation_test.go:194: gate cache node miss
    oracle_test.go:651: gate cache native miss
=== RUN   TestCheckedViewDictionaryOptionalPaths/optional-paths-container-wrong
    checked_view_dictionary_propagation_test.go:189: gate cache node miss
    checked_view_dictionary_propagation_test.go:194: gate cache node miss
    checked_view_dictionary_propagation_test.go:208: pinned exit 70: adamic: panic: field read failed: view?.paths; expected MapLike<string[]> | undefined, found number
    checked_view_dictionary_propagation_test.go:208: pinned exit 70: adamic: panic: field read failed: view?.paths; expected MapLike<string[]> | undefined, found number
    checked_view_dictionary_propagation_test.go:208: pinned exit 70: adamic: panic: field read failed: view?.paths; expected MapLike<string[]> | undefined, found number
=== RUN   TestCheckedViewDictionaryOptionalPaths/optional-paths-wrong
    checked_view_dictionary_propagation_test.go:189: gate cache node miss
    checked_view_dictionary_propagation_test.go:194: gate cache node miss
    checked_view_dictionary_propagation_test.go:208: pinned exit 70: adamic: panic: field read failed: table['item']; expected string[] | undefined, found number
    checked_view_dictionary_propagation_test.go:208: pinned exit 70: adamic: panic: field read failed: table['item']; expected string[] | undefined, found number
    checked_view_dictionary_propagation_test.go:208: pinned exit 70: adamic: panic: field read failed: table['item']; expected string[] | undefined, found number
=== RUN   TestCheckedViewDictionaryOptionalPaths/optional-paths-element-wrong
    checked_view_dictionary_propagation_test.go:189: gate cache node miss
    checked_view_dictionary_propagation_test.go:194: gate cache node miss
    checked_view_dictionary_propagation_test.go:208: pinned exit 70: adamic: panic: element read failed: values[0] expected string, found number
    checked_view_dictionary_propagation_test.go:208: pinned exit 70: adamic: panic: element read failed: values[0] expected string, found number
    checked_view_dictionary_propagation_test.go:208: pinned exit 70: adamic: panic: element read failed: values[0] expected string, found number
=== RUN   TestCheckedViewDictionaryOptionalPaths/optional-paths-key-missing
    checked_view_dictionary_propagation_test.go:189: gate cache node miss
    checked_view_dictionary_propagation_test.go:194: gate cache node miss
    oracle_test.go:651: gate cache native miss
--- PASS: TestCheckedViewDictionaryOptionalPaths (3.83s)
    --- PASS: TestCheckedViewDictionaryOptionalPaths/optional-paths-once (0.57s)
    --- PASS: TestCheckedViewDictionaryOptionalPaths/optional-paths-receiver-missing (0.46s)
    --- PASS: TestCheckedViewDictionaryOptionalPaths/optional-paths-good (0.56s)
    --- PASS: TestCheckedViewDictionaryOptionalPaths/optional-paths-missing (0.54s)
    --- PASS: TestCheckedViewDictionaryOptionalPaths/optional-paths-container-wrong (0.35s)
    --- PASS: TestCheckedViewDictionaryOptionalPaths/optional-paths-wrong (0.42s)
    --- PASS: TestCheckedViewDictionaryOptionalPaths/optional-paths-element-wrong (0.38s)
    --- PASS: TestCheckedViewDictionaryOptionalPaths/optional-paths-key-missing (0.55s)
PASS
gate cache: native hits=0 misses=5
gate cache: node hits=1 misses=20
gate cache: probe hits=0 misses=0
ok  	github.com/system-inc/adamic/internal/oracle	4.617s
