=== RUN   TestHelpersMatchCohere
    helpers_test.go:101: 22412 oracle output lines matched Go, Node and sanitized native
--- PASS: TestHelpersMatchCohere (15.22s)
=== RUN   TestHelperMutants
=== RUN   TestHelperMutants/options_json.ts
    helpers_test.go:145: compiled semantic mutant caught at output line 15157: got "valid", Go "invalid"
=== RUN   TestHelperMutants/option_schema.ts
    helpers_test.go:145: compiled semantic mutant caught at output line 15166: got "valid", Go "invalid"
=== RUN   TestHelperMutants/policy_message.ts
    helpers_test.go:145: compiled semantic mutant caught at output line 22166: got "This throws a bare `{{constructor}}`, which names no declared failure. Raise it through the tier that declares it, `AccountModule.error(identifier, data, cause)`, `ApiWorker.error(...)` or `Base.error(...)`. A bare throw carries no identifier, so the board groups it by its message and one interpolated value mints one identity per value, and it normalizes to 500, so a refusal reads as our fault.", Go "This throws a bare `sentinel é😀`, which names no declared failure. Raise it through the tier that declares it, `AccountModule.error(identifier, data, cause)`, `ApiWorker.error(...)` or `Base.error(...)`. A bare throw carries no identifier, so the board groups it by its message and one interpolated value mints one identity per value, and it normalizes to 500, so a refusal reads as our fault."
=== RUN   TestHelperMutants/strict_options.ts
    helpers_test.go:145: compiled semantic mutant caught at output line 15178: got "valid", Go "invalid"
--- PASS: TestHelperMutants (36.45s)
    --- PASS: TestHelperMutants/options_json.ts (7.43s)
    --- PASS: TestHelperMutants/option_schema.ts (7.51s)
    --- PASS: TestHelperMutants/policy_message.ts (7.15s)
    --- PASS: TestHelperMutants/strict_options.ts (7.10s)
=== RUN   TestMessageRefusalsMatchGo
    helpers_test.go:237: 10 message refusal cases match Go on Node and sanitized native
--- PASS: TestMessageRefusalsMatchGo (7.36s)
=== RUN   TestKnownGapsAreExplicit
--- PASS: TestKnownGapsAreExplicit (2.46s)
=== RUN   TestSlot02AttributeName
    slot02_test.go:159: github.com/system-inc/cohere/internal/lint/ecmascript/jsx.AttributeName: 21 consumers, 21 test files, 1056 actual captured inputs, 1068 distinct parsed sources with controls, 19610 nodes, 19611 node queries
    slot02_test.go:164: Go, Node source and sanitized native agree
    slot02_test.go:204: compiled semantic mutant caught at line 1140: got true:, Go false:
--- PASS: TestSlot02AttributeName (9.48s)
=== RUN   TestSlot02PropertyName
    slot02_test.go:159: github.com/system-inc/cohere/internal/lint/ecmascript/property.Name: 14 consumers, 15 test files, 3308 actual captured inputs, 3327 distinct parsed sources with controls, 44212 nodes, 44213 node queries
    slot02_test.go:164: Go, Node source and sanitized native agree
    slot02_test.go:204: compiled semantic mutant caught at line 8290: got true:foo, Go false:
--- PASS: TestSlot02PropertyName (28.92s)
=== RUN   TestSlot02ReaderFor
    slot02_test.go:233: 80 cache/binding observations match actual Go on Node and sanitized native
    slot02_test.go:274: compiled cache-key mutant caught at line 2: got fills:0:1:true, Go fills:1:1:true
--- PASS: TestSlot02ReaderFor (5.16s)
PASS
ok  	github.com/system-inc/adamic/stage1/cohere/lint/helpers	105.059s
