finding program=1 entry=any seconds=0.049720 kind=not-yet
finding program=34 entry=expando seconds=1.600989 kind=not-yet
finding program=42 entry=eval seconds=1.986765 kind=not-yet
finding program=43 entry=function-type seconds=2.035829 kind=accepted
finding program=44 entry=new-function seconds=2.085311 kind=not-yet
finding program=45 entry=record seconds=2.140624 kind=accepted
finding program=46 entry=optional-widening seconds=2.192857 kind=accepted
finding program=47 entry=merging seconds=2.245453 kind=accepted
finding program=50 entry=any seconds=2.402306 kind=not-yet
finding program=83 entry=expando seconds=4.008991 kind=not-yet
finding program=91 entry=eval seconds=4.391555 kind=not-yet
finding program=92 entry=function-type seconds=4.439499 kind=accepted
finding program=93 entry=new-function seconds=4.485636 kind=not-yet
finding program=94 entry=record seconds=4.535607 kind=accepted
finding program=95 entry=optional-widening seconds=4.599560 kind=accepted
finding program=96 entry=merging seconds=4.653903 kind=accepted
finding program=99 entry=any seconds=4.791817 kind=not-yet
finding program=132 entry=expando seconds=6.484943 kind=not-yet
finding program=140 entry=eval seconds=6.878474 kind=not-yet
finding program=141 entry=function-type seconds=6.932016 kind=accepted
finding program=142 entry=new-function seconds=6.976529 kind=not-yet
finding program=143 entry=record seconds=7.021062 kind=accepted
finding program=144 entry=optional-widening seconds=7.068571 kind=accepted
finding program=145 entry=merging seconds=7.116696 kind=accepted
finding program=148 entry=any seconds=7.253106 kind=not-yet
finding program=181 entry=expando seconds=8.802481 kind=not-yet
finding program=189 entry=eval seconds=9.201687 kind=not-yet
finding program=190 entry=function-type seconds=9.248838 kind=accepted
finding program=191 entry=new-function seconds=9.291558 kind=not-yet
finding program=192 entry=record seconds=9.339238 kind=accepted
finding program=193 entry=optional-widening seconds=9.391561 kind=accepted
finding program=194 entry=merging seconds=9.443790 kind=accepted
finding program=197 entry=any seconds=9.595270 kind=not-yet
finding program=230 entry=expando seconds=11.349847 kind=not-yet
finding program=238 entry=eval seconds=11.792772 kind=not-yet
finding program=239 entry=function-type seconds=11.845207 kind=accepted
finding program=240 entry=new-function seconds=11.901003 kind=not-yet
finding program=241 entry=record seconds=11.952858 kind=accepted
finding program=242 entry=optional-widening seconds=12.002587 kind=accepted
finding program=243 entry=merging seconds=12.059267 kind=accepted
finding program=246 entry=any seconds=12.212509 kind=not-yet
finding program=279 entry=expando seconds=13.777931 kind=not-yet
finding program=287 entry=eval seconds=14.141342 kind=not-yet
finding program=288 entry=function-type seconds=14.187335 kind=accepted
finding program=289 entry=new-function seconds=14.232121 kind=not-yet
finding program=290 entry=record seconds=14.274969 kind=accepted
finding program=291 entry=optional-widening seconds=14.325992 kind=accepted
finding program=292 entry=merging seconds=14.370694 kind=accepted
finding program=295 entry=any seconds=14.512022 kind=not-yet
finding program=328 entry=expando seconds=16.190624 kind=not-yet
finding program=336 entry=eval seconds=16.631703 kind=not-yet
finding program=337 entry=function-type seconds=16.686525 kind=accepted
finding program=338 entry=new-function seconds=16.738033 kind=not-yet
finding program=339 entry=record seconds=16.795646 kind=accepted
finding program=340 entry=optional-widening seconds=16.847767 kind=accepted
finding program=341 entry=merging seconds=16.904737 kind=accepted
finding program=344 entry=any seconds=17.067459 kind=not-yet
finding program=377 entry=expando seconds=18.730552 kind=not-yet
finding program=385 entry=eval seconds=19.106736 kind=not-yet
finding program=386 entry=function-type seconds=19.159848 kind=accepted
finding program=387 entry=new-function seconds=19.215862 kind=not-yet
finding program=388 entry=record seconds=19.267442 kind=accepted
finding program=389 entry=optional-widening seconds=19.319407 kind=accepted
finding program=390 entry=merging seconds=19.367496 kind=accepted
finding program=393 entry=any seconds=19.542452 kind=not-yet
finding program=426 entry=expando seconds=21.251189 kind=not-yet
finding program=434 entry=eval seconds=21.632085 kind=not-yet
finding program=435 entry=function-type seconds=21.678439 kind=accepted
finding program=436 entry=new-function seconds=21.730320 kind=not-yet
finding program=437 entry=record seconds=21.778101 kind=accepted
finding program=438 entry=optional-widening seconds=21.824335 kind=accepted
finding program=439 entry=merging seconds=21.870740 kind=accepted
finding program=442 entry=any seconds=22.015790 kind=not-yet
finding program=475 entry=expando seconds=23.741247 kind=not-yet
finding program=483 entry=eval seconds=24.176072 kind=not-yet
finding program=484 entry=function-type seconds=24.236103 kind=accepted
finding program=485 entry=new-function seconds=24.288934 kind=not-yet
finding program=486 entry=record seconds=24.345721 kind=accepted
finding program=487 entry=optional-widening seconds=24.399454 kind=accepted
finding program=488 entry=merging seconds=24.455740 kind=accepted
finding program=491 entry=any seconds=24.652621 kind=not-yet
finding program=524 entry=expando seconds=26.383736 kind=not-yet
finding program=532 entry=eval seconds=26.759776 kind=not-yet
finding program=533 entry=function-type seconds=26.806632 kind=accepted
finding program=534 entry=new-function seconds=26.852594 kind=not-yet
finding program=535 entry=record seconds=26.904927 kind=accepted
finding program=536 entry=optional-widening seconds=26.954044 kind=accepted
finding program=537 entry=merging seconds=27.006814 kind=accepted
finding program=540 entry=any seconds=27.204028 kind=not-yet
finding program=573 entry=expando seconds=29.983071 kind=not-yet
finding program=581 entry=eval seconds=30.440650 kind=not-yet
finding program=582 entry=function-type seconds=30.497914 kind=accepted
finding program=583 entry=new-function seconds=30.557319 kind=not-yet
finding program=584 entry=record seconds=30.616133 kind=accepted
finding program=585 entry=optional-widening seconds=30.676157 kind=accepted
finding program=586 entry=merging seconds=30.726020 kind=accepted
finding program=589 entry=any seconds=30.887120 kind=not-yet
finding program=622 entry=expando seconds=32.868047 kind=not-yet
finding program=630 entry=eval seconds=33.798554 kind=not-yet
finding program=631 entry=function-type seconds=33.935541 kind=accepted
finding program=632 entry=new-function seconds=34.110110 kind=not-yet
finding program=633 entry=record seconds=34.298322 kind=accepted
finding program=634 entry=optional-widening seconds=34.422769 kind=accepted
finding program=635 entry=merging seconds=34.509075 kind=accepted
finding program=638 entry=any seconds=34.714735 kind=not-yet
finding program=671 entry=expando seconds=36.742611 kind=not-yet
finding program=679 entry=eval seconds=37.239060 kind=not-yet
finding program=680 entry=function-type seconds=37.303660 kind=accepted
finding program=681 entry=new-function seconds=37.353021 kind=not-yet
finding program=682 entry=record seconds=37.407847 kind=accepted
finding program=683 entry=optional-widening seconds=37.456207 kind=accepted
finding program=684 entry=merging seconds=37.512833 kind=accepted
finding program=687 entry=any seconds=37.706045 kind=not-yet
finding program=720 entry=expando seconds=40.621055 kind=not-yet
finding program=728 entry=eval seconds=41.092523 kind=not-yet
finding program=729 entry=function-type seconds=41.152321 kind=accepted
finding program=730 entry=new-function seconds=41.208711 kind=not-yet
finding program=731 entry=record seconds=41.259618 kind=accepted
finding program=732 entry=optional-widening seconds=41.319041 kind=accepted
finding program=733 entry=merging seconds=41.373676 kind=accepted
finding program=736 entry=any seconds=41.532947 kind=not-yet
finding program=769 entry=expando seconds=43.298768 kind=not-yet
finding program=777 entry=eval seconds=43.702068 kind=not-yet
finding program=778 entry=function-type seconds=43.748049 kind=accepted
finding program=779 entry=new-function seconds=43.792375 kind=not-yet
finding program=780 entry=record seconds=43.837912 kind=accepted
finding program=781 entry=optional-widening seconds=43.884129 kind=accepted
finding program=782 entry=merging seconds=43.928699 kind=accepted
finding program=785 entry=any seconds=44.069599 kind=not-yet
finding program=818 entry=expando seconds=45.738581 kind=not-yet
finding program=826 entry=eval seconds=46.124789 kind=not-yet
finding program=827 entry=function-type seconds=46.189301 kind=accepted
finding program=828 entry=new-function seconds=46.250943 kind=not-yet
finding program=829 entry=record seconds=46.306065 kind=accepted
finding program=830 entry=optional-widening seconds=46.355558 kind=accepted
finding program=831 entry=merging seconds=46.407375 kind=accepted
finding program=834 entry=any seconds=46.550472 kind=not-yet
finding program=867 entry=expando seconds=48.125276 kind=not-yet
finding program=875 entry=eval seconds=48.483255 kind=not-yet
finding program=876 entry=function-type seconds=48.536393 kind=accepted
finding program=877 entry=new-function seconds=48.586403 kind=not-yet
finding program=878 entry=record seconds=48.634514 kind=accepted
finding program=879 entry=optional-widening seconds=48.683258 kind=accepted
finding program=880 entry=merging seconds=48.729696 kind=accepted
finding program=883 entry=any seconds=48.869529 kind=not-yet
finding program=916 entry=expando seconds=50.478188 kind=not-yet
finding program=924 entry=eval seconds=50.855163 kind=not-yet
finding program=925 entry=function-type seconds=50.900785 kind=accepted
finding program=926 entry=new-function seconds=50.956452 kind=not-yet
finding program=927 entry=record seconds=51.004980 kind=accepted
finding program=928 entry=optional-widening seconds=51.052417 kind=accepted
finding program=929 entry=merging seconds=51.097066 kind=accepted
finding program=932 entry=any seconds=51.240385 kind=not-yet
finding program=965 entry=expando seconds=52.853062 kind=not-yet
finding program=973 entry=eval seconds=53.268326 kind=not-yet
finding program=974 entry=function-type seconds=53.340349 kind=accepted
finding program=975 entry=new-function seconds=53.389451 kind=not-yet
finding program=976 entry=record seconds=53.453738 kind=accepted
finding program=977 entry=optional-widening seconds=53.511505 kind=accepted
finding program=978 entry=merging seconds=53.569649 kind=accepted
finding program=981 entry=any seconds=53.730801 kind=not-yet
finding program=1014 entry=expando seconds=55.523279 kind=not-yet
finding program=1022 entry=eval seconds=55.967805 kind=not-yet
finding program=1023 entry=function-type seconds=56.016563 kind=accepted
finding program=1024 entry=new-function seconds=56.065499 kind=not-yet
finding program=1025 entry=record seconds=56.110569 kind=accepted
finding program=1026 entry=optional-widening seconds=56.157587 kind=accepted
finding program=1027 entry=merging seconds=56.206834 kind=accepted
finding program=1030 entry=any seconds=56.354199 kind=not-yet
finding program=1063 entry=expando seconds=58.067300 kind=not-yet
finding program=1071 entry=eval seconds=58.462042 kind=not-yet
finding program=1072 entry=function-type seconds=58.513184 kind=accepted
finding program=1073 entry=new-function seconds=58.560145 kind=not-yet
finding program=1074 entry=record seconds=58.612175 kind=accepted
finding program=1075 entry=optional-widening seconds=58.656259 kind=accepted
finding program=1076 entry=merging seconds=58.706528 kind=accepted
finding program=1079 entry=any seconds=58.845995 kind=not-yet
finding program=1112 entry=expando seconds=60.577027 kind=not-yet
finding program=1120 entry=eval seconds=60.996709 kind=not-yet
finding program=1121 entry=function-type seconds=61.043574 kind=accepted
finding program=1122 entry=new-function seconds=61.090568 kind=not-yet
finding program=1123 entry=record seconds=61.137075 kind=accepted
finding program=1124 entry=optional-widening seconds=61.183772 kind=accepted
finding program=1125 entry=merging seconds=61.232129 kind=accepted
finding program=1128 entry=any seconds=61.376424 kind=not-yet
finding program=1161 entry=expando seconds=63.004255 kind=not-yet
finding program=1169 entry=eval seconds=63.370955 kind=not-yet
finding program=1170 entry=function-type seconds=63.415695 kind=accepted
finding program=1171 entry=new-function seconds=63.463468 kind=not-yet
finding program=1172 entry=record seconds=63.509689 kind=accepted
finding program=1173 entry=optional-widening seconds=63.556337 kind=accepted
finding program=1174 entry=merging seconds=63.607317 kind=accepted
finding program=1177 entry=any seconds=63.746041 kind=not-yet
finding program=1210 entry=expando seconds=65.327002 kind=not-yet
finding program=1218 entry=eval seconds=65.748224 kind=not-yet
finding program=1219 entry=function-type seconds=65.798745 kind=accepted
finding program=1220 entry=new-function seconds=65.850211 kind=not-yet
finding program=1221 entry=record seconds=65.896464 kind=accepted
finding program=1222 entry=optional-widening seconds=65.949786 kind=accepted
finding program=1223 entry=merging seconds=66.005919 kind=accepted
finding program=1226 entry=any seconds=66.159752 kind=not-yet
finding program=1259 entry=expando seconds=67.750608 kind=not-yet
finding program=1267 entry=eval seconds=68.126216 kind=not-yet
finding program=1268 entry=function-type seconds=68.171395 kind=accepted
finding program=1269 entry=new-function seconds=68.217385 kind=not-yet
finding program=1270 entry=record seconds=68.263119 kind=accepted
finding program=1271 entry=optional-widening seconds=68.309017 kind=accepted
finding program=1272 entry=merging seconds=68.356662 kind=accepted
finding program=1275 entry=any seconds=68.497630 kind=not-yet
finding program=1308 entry=expando seconds=70.110103 kind=not-yet
finding program=1316 entry=eval seconds=70.482571 kind=not-yet
finding program=1317 entry=function-type seconds=70.534192 kind=accepted
finding program=1318 entry=new-function seconds=70.590905 kind=not-yet
finding program=1319 entry=record seconds=70.636382 kind=accepted
finding program=1320 entry=optional-widening seconds=70.686259 kind=accepted
finding program=1321 entry=merging seconds=70.734030 kind=accepted
finding program=1324 entry=any seconds=70.875497 kind=not-yet
finding program=1357 entry=expando seconds=72.445565 kind=not-yet
finding program=1365 entry=eval seconds=72.822768 kind=not-yet
finding program=1366 entry=function-type seconds=72.870295 kind=accepted
finding program=1367 entry=new-function seconds=72.918137 kind=not-yet
finding program=1368 entry=record seconds=72.970333 kind=accepted
finding program=1369 entry=optional-widening seconds=73.018798 kind=accepted
finding program=1370 entry=merging seconds=73.067720 kind=accepted
finding program=1373 entry=any seconds=73.216144 kind=not-yet
finding program=1406 entry=expando seconds=74.860973 kind=not-yet
finding program=1414 entry=eval seconds=75.251436 kind=not-yet
finding program=1415 entry=function-type seconds=75.300011 kind=accepted
finding program=1416 entry=new-function seconds=75.346357 kind=not-yet
finding program=1417 entry=record seconds=75.394221 kind=accepted
finding program=1418 entry=optional-widening seconds=75.441019 kind=accepted
finding program=1419 entry=merging seconds=75.491479 kind=accepted
finding program=1422 entry=any seconds=75.643628 kind=not-yet
finding program=1455 entry=expando seconds=77.266180 kind=not-yet
finding program=1463 entry=eval seconds=77.650745 kind=not-yet
finding program=1464 entry=function-type seconds=77.698969 kind=accepted
finding program=1465 entry=new-function seconds=77.745738 kind=not-yet
finding program=1466 entry=record seconds=77.792896 kind=accepted
finding program=1467 entry=optional-widening seconds=77.844922 kind=accepted
finding program=1468 entry=merging seconds=77.892516 kind=accepted
finding program=1471 entry=any seconds=78.046164 kind=not-yet
finding program=1504 entry=expando seconds=79.597939 kind=not-yet
finding program=1512 entry=eval seconds=79.989493 kind=not-yet
finding program=1513 entry=function-type seconds=80.037592 kind=accepted
finding program=1514 entry=new-function seconds=80.082581 kind=not-yet
finding program=1515 entry=record seconds=80.126934 kind=accepted
finding program=1516 entry=optional-widening seconds=80.173757 kind=accepted
finding program=1517 entry=merging seconds=80.223997 kind=accepted
finding program=1520 entry=any seconds=80.376251 kind=not-yet
finding program=1553 entry=expando seconds=81.976383 kind=not-yet
finding program=1561 entry=eval seconds=82.360123 kind=not-yet
finding program=1562 entry=function-type seconds=82.407535 kind=accepted
finding program=1563 entry=new-function seconds=82.455829 kind=not-yet
finding program=1564 entry=record seconds=82.506179 kind=accepted
finding program=1565 entry=optional-widening seconds=82.553183 kind=accepted
finding program=1566 entry=merging seconds=82.630408 kind=accepted
finding program=1569 entry=any seconds=82.774356 kind=not-yet
finding program=1602 entry=expando seconds=84.366843 kind=not-yet
finding program=1610 entry=eval seconds=84.825320 kind=not-yet
finding program=1611 entry=function-type seconds=84.872594 kind=accepted
finding program=1612 entry=new-function seconds=84.920657 kind=not-yet
finding program=1613 entry=record seconds=84.968672 kind=accepted
finding program=1614 entry=optional-widening seconds=85.016679 kind=accepted
finding program=1615 entry=merging seconds=85.063396 kind=accepted
finding program=1618 entry=any seconds=85.222100 kind=not-yet
finding program=1651 entry=expando seconds=86.847208 kind=not-yet
finding program=1659 entry=eval seconds=87.229930 kind=not-yet
finding program=1660 entry=function-type seconds=87.279267 kind=accepted
finding program=1661 entry=new-function seconds=87.326624 kind=not-yet
finding program=1662 entry=record seconds=87.375691 kind=accepted
finding program=1663 entry=optional-widening seconds=87.442510 kind=accepted
finding program=1664 entry=merging seconds=87.490740 kind=accepted
finding program=1667 entry=any seconds=87.630999 kind=not-yet
finding program=1700 entry=expando seconds=89.253318 kind=not-yet
finding program=1708 entry=eval seconds=89.623823 kind=not-yet
finding program=1709 entry=function-type seconds=89.674521 kind=accepted
finding program=1710 entry=new-function seconds=89.722427 kind=not-yet
finding program=1711 entry=record seconds=89.767672 kind=accepted
finding program=1712 entry=optional-widening seconds=89.814923 kind=accepted
finding program=1713 entry=merging seconds=89.864482 kind=accepted
finding program=1716 entry=any seconds=90.015104 kind=not-yet
finding program=1749 entry=expando seconds=91.674862 kind=not-yet
finding program=1757 entry=eval seconds=92.079825 kind=not-yet
finding program=1758 entry=function-type seconds=92.131930 kind=accepted
finding program=1759 entry=new-function seconds=92.185350 kind=not-yet
finding program=1760 entry=record seconds=92.231608 kind=accepted
finding program=1761 entry=optional-widening seconds=92.283145 kind=accepted
finding program=1762 entry=merging seconds=92.332200 kind=accepted
finding program=1765 entry=any seconds=92.486266 kind=not-yet
finding program=1798 entry=expando seconds=94.072981 kind=not-yet
finding program=1806 entry=eval seconds=94.443037 kind=not-yet
finding program=1807 entry=function-type seconds=94.487279 kind=accepted
finding program=1808 entry=new-function seconds=94.534189 kind=not-yet
finding program=1809 entry=record seconds=94.581965 kind=accepted
finding program=1810 entry=optional-widening seconds=94.630788 kind=accepted
finding program=1811 entry=merging seconds=94.679993 kind=accepted
finding program=1814 entry=any seconds=94.823839 kind=not-yet
finding program=1847 entry=expando seconds=96.454198 kind=not-yet
finding program=1855 entry=eval seconds=96.909103 kind=not-yet
finding program=1856 entry=function-type seconds=96.957037 kind=accepted
finding program=1857 entry=new-function seconds=97.007378 kind=not-yet
finding program=1858 entry=record seconds=97.057143 kind=accepted
finding program=1859 entry=optional-widening seconds=97.108634 kind=accepted
finding program=1860 entry=merging seconds=97.158469 kind=accepted
finding program=1863 entry=any seconds=97.355113 kind=not-yet
finding program=1896 entry=expando seconds=100.821789 kind=not-yet
finding program=1904 entry=eval seconds=102.996487 kind=not-yet
finding program=1905 entry=function-type seconds=103.419172 kind=accepted
finding program=1906 entry=new-function seconds=103.784241 kind=not-yet
finding program=1907 entry=record seconds=104.183307 kind=accepted
finding program=1908 entry=optional-widening seconds=104.603340 kind=accepted
finding program=1909 entry=merging seconds=105.009316 kind=accepted
finding program=1912 entry=any seconds=106.329001 kind=not-yet
finding program=1945 entry=expando seconds=112.602616 kind=not-yet
finding program=1953 entry=eval seconds=114.442695 kind=not-yet
finding program=1954 entry=function-type seconds=114.679224 kind=accepted
finding program=1955 entry=new-function seconds=114.879719 kind=not-yet
finding program=1956 entry=record seconds=114.961563 kind=accepted
finding program=1957 entry=optional-widening seconds=115.037690 kind=accepted
finding program=1958 entry=merging seconds=115.108515 kind=accepted
finding program=1961 entry=any seconds=115.292200 kind=not-yet
finding program=1994 entry=expando seconds=118.926456 kind=not-yet
