=== RUN   TestHelpersMatchCohere
    helpers_test.go:101: 22412 oracle output lines matched Go, Node and sanitized native
--- PASS: TestHelpersMatchCohere (55.81s)
=== RUN   TestHelperMutants
=== RUN   TestHelperMutants/options_json.ts
    helpers_test.go:145: compiled semantic mutant caught at output line 15157: got "valid", Go "invalid"
=== RUN   TestHelperMutants/option_schema.ts
    helpers_test.go:145: compiled semantic mutant caught at output line 15166: got "valid", Go "invalid"
=== RUN   TestHelperMutants/policy_message.ts
    helpers_test.go:145: compiled semantic mutant caught at output line 22166: got "This throws a bare `{{constructor}}`, which names no declared failure. Raise it through the tier that declares it, `AccountModule.error(identifier, data, cause)`, `ApiWorker.error(...)` or `Base.error(...)`. A bare throw carries no identifier, so the board groups it by its message and one interpolated value mints one identity per value, and it normalizes to 500, so a refusal reads as our fault.", Go "This throws a bare `sentinel é😀`, which names no declared failure. Raise it through the tier that declares it, `AccountModule.error(identifier, data, cause)`, `ApiWorker.error(...)` or `Base.error(...)`. A bare throw carries no identifier, so the board groups it by its message and one interpolated value mints one identity per value, and it normalizes to 500, so a refusal reads as our fault."
=== RUN   TestHelperMutants/strict_options.ts
    helpers_test.go:145: compiled semantic mutant caught at output line 15178: got "valid", Go "invalid"
--- PASS: TestHelperMutants (52.83s)
    --- PASS: TestHelperMutants/options_json.ts (10.54s)
    --- PASS: TestHelperMutants/option_schema.ts (8.99s)
    --- PASS: TestHelperMutants/policy_message.ts (12.01s)
    --- PASS: TestHelperMutants/strict_options.ts (9.20s)
=== RUN   TestMessageRefusalsMatchGo
    helpers_test.go:237: 10 message refusal cases match Go on Node and sanitized native
--- PASS: TestMessageRefusalsMatchGo (8.07s)
=== RUN   TestKnownGapsAreExplicit
--- PASS: TestKnownGapsAreExplicit (1.63s)
PASS
ok  	github.com/system-inc/adamic/stage1/cohere/lint/helpers	118.342s
=== RUN   TestCommentsMatchCohere
    comments_test.go:96: Go, Node and sanitized native match 390 output lines
--- PASS: TestCommentsMatchCohere (37.79s)
=== RUN   TestCommentMutants
=== RUN   TestCommentMutants/can_begin_at.ts
    comments_test.go:139: compiled semantic mutant caught at line 251: got "cached 0 0"; Go "cached 1 1"
=== RUN   TestCommentMutants/collect_list_interiors.ts
    comments_test.go:139: compiled semantic mutant caught at line 3: got "cached 0 0"; Go "cached 1 1"
=== RUN   TestCommentMutants/sort_by_position.ts
    comments_test.go:139: compiled semantic mutant caught at line 60: got "47 54 1 0 47 0\t/* f */"; Go "6 13 1 0 6 0\t/* t */"
=== RUN   TestCommentMutants/all.ts
    comments_test.go:139: compiled semantic mutant caught at line 201: got "cached 0 0"; Go "cached 1 1"
=== RUN   TestCommentMutants/for_file.ts
    comments_test.go:139: compiled semantic mutant caught at line 2: got "cache 0 0 0"; Go "cache 1 0 0"
--- PASS: TestCommentMutants (65.58s)
    --- PASS: TestCommentMutants/can_begin_at.ts (14.86s)
    --- PASS: TestCommentMutants/collect_list_interiors.ts (11.34s)
    --- PASS: TestCommentMutants/sort_by_position.ts (9.30s)
    --- PASS: TestCommentMutants/all.ts (10.60s)
    --- PASS: TestCommentMutants/for_file.ts (14.08s)
=== RUN   TestConsumerCommentHelpers
    comments_test.go:162: Go, Node and sanitized native agree on 32770 consumer output lines with the stated AST adapter
--- PASS: TestConsumerCommentHelpers (48.14s)
=== RUN   TestJsxParserGapIsExplicit
    comments_test.go:204: 4 valid Go JSX inputs explicitly refuse in the independent-parser adapter; AST-adapter helper comparisons cover them separately
--- PASS: TestJsxParserGapIsExplicit (14.36s)
=== RUN   TestJsxAdapterGuardMutant
    comments_test.go:255: compiled adapter-guard mutant finishes the unsupported JSX input with exit 0; the explicit-refusal check requires exit 70 and catches it
--- PASS: TestJsxAdapterGuardMutant (11.52s)
PASS
ok  	github.com/system-inc/adamic/stage1/cohere/lint/helpers/comments	177.409s
