s...hint: Using 'master' as the name for the initial branch. This default branch name
hint: will change to "main" in Git 3.0. To configure the initial branch name
hint: to use in all of your new repositories, which will suppress this warning,
hint: call:
hint:
hint: 	git config --global init.defaultBranch <name>
hint:
hint: Names commonly chosen instead of 'master' are 'main', 'trunk' and
hint: 'development'. The just-created branch can be renamed via this command:
hint:
hint: 	git branch -m <name>
hint:
hint: Disable this message with "git config set advice.defaultBranchName false"
Initialized empty Git repository in /tmp/adamic-gate/tmp1007gux5/inputs/typescript-aku4fuup/checkout/.git/
From /tmp/adamic-gate/tmp1007gux5/source
 * branch            32b4be26da8312eb774387c35f04f55d3343bf5a -> FETCH_HEAD
HEAD is now at 32b4be2 Proof
hint: Using 'master' as the name for the initial branch. This default branch name
hint: will change to "main" in Git 3.0. To configure the initial branch name
hint: to use in all of your new repositories, which will suppress this warning,
hint: call:
hint:
hint: 	git config --global init.defaultBranch <name>
hint:
hint: Names commonly chosen instead of 'master' are 'main', 'trunk' and
hint: 'development'. The just-created branch can be renamed via this command:
hint:
hint: 	git branch -m <name>
hint:
hint: Disable this message with "git config set advice.defaultBranchName false"
Initialized empty Git repository in /tmp/adamic-gate/tmp1007gux5/inputs/typescript-dddnsbmk/checkout/.git/
From /tmp/adamic-gate/tmp1007gux5/source
 * branch            32b4be26da8312eb774387c35f04f55d3343bf5a -> FETCH_HEAD
HEAD is now at 32b4be2 Proof
hint: Using 'master' as the name for the initial branch. This default branch name
hint: will change to "main" in Git 3.0. To configure the initial branch name
hint: to use in all of your new repositories, which will suppress this warning,
hint: call:
hint:
hint: 	git config --global init.defaultBranch <name>
hint:
hint: Names commonly chosen instead of 'master' are 'main', 'trunk' and
hint: 'development'. The just-created branch can be renamed via this command:
hint:
hint: 	git branch -m <name>
hint:
hint: Disable this message with "git config set advice.defaultBranchName false"
Initialized empty Git repository in /tmp/adamic-gate/tmp1007gux5/inputs/typescript-tuiq1sp_/checkout/.git/
From /tmp/adamic-gate/tmp1007gux5/source
 * branch            33a4cd9d92e1245d2df62db1c280f15d05215341 -> FETCH_HEAD
HEAD is now at 33a4cd9 Proof
hint: Using 'master' as the name for the initial branch. This default branch name
hint: will change to "main" in Git 3.0. To configure the initial branch name
hint: to use in all of your new repositories, which will suppress this warning,
hint: call:
hint:
hint: 	git config --global init.defaultBranch <name>
hint:
hint: Names commonly chosen instead of 'master' are 'main', 'trunk' and
hint: 'development'. The just-created branch can be renamed via this command:
hint:
hint: 	git branch -m <name>
hint:
hint: Disable this message with "git config set advice.defaultBranchName false"
Initialized empty Git repository in /tmp/adamic-gate/tmp1007gux5/inputs/typescript-ez0_ure_/checkout/.git/
From /tmp/adamic-gate/tmp1007gux5/source
 * branch            32b4be26da8312eb774387c35f04f55d3343bf5a -> FETCH_HEAD
HEAD is now at 32b4be2 Proof
hint: Using 'master' as the name for the initial branch. This default branch name
hint: will change to "main" in Git 3.0. To configure the initial branch name
hint: to use in all of your new repositories, which will suppress this warning,
hint: call:
hint:
hint: 	git config --global init.defaultBranch <name>
hint:
hint: Names commonly chosen instead of 'master' are 'main', 'trunk' and
hint: 'development'. The just-created branch can be renamed via this command:
hint:
hint: 	git branch -m <name>
hint:
hint: Disable this message with "git config set advice.defaultBranchName false"
Initialized empty Git repository in /tmp/adamic-gate/tmp1007gux5/inputs/typescript-u5enjx9n/checkout/.git/
From /tmp/adamic-gate/tmp1007gux5/source
 * branch            32b4be26da8312eb774387c35f04f55d3343bf5a -> FETCH_HEAD
HEAD is now at 32b4be2 Proof
....
----------------------------------------------------------------------
Ran 8 tests in 0.217s

OK (skipped=1)
