go version go1.27.1 linux/amd64
setup: go ready (0.077s)
setup: submodules ready (0.118s)
setup: node v24.19.0 skipped (validated version, checksum and installed bytes); step-duration=0.138s
v24.19.0
setup: node ready (0.252s)
clang version 20.1.8 (https://github.com/llvm/llvm-project 87f0227cb60147a26a1eeb4fb06e3b505e9c7261)
setup: clang ready (/workspace/css-gate-tools/llvm/bin/clang) (0.303s)
setup: markdown dependencies skipped (validated lock and installed bytes); step-duration=0.006s
setup: markdown dependencies ready (0.315s)
setup: stage3 API dependencies skipped (validated API lock and installed bytes); step-duration=0.055s
setup: stage3 API dependencies checked (0.430s)
setup: gate input css-printer skipped (validated lock and installed bytes); step-duration=0.681s
setup: gate input css skipped (validated lock and installed bytes); step-duration=0.051s
setup: gate input graphql skipped (validated lock and installed bytes); step-duration=0.564s
setup: gate input media-query skipped (validated lock and installed bytes); step-duration=0.014s
setup: gate input selector skipped (validated lock and installed bytes); step-duration=0.069s
setup: gate input values skipped (validated lock and installed bytes); step-duration=0.029s
setup: gate input json-prettier skipped (validated lock and installed bytes); step-duration=0.041s
setup: gate input shared Prettier paths shared prettier 3.9.6: CSS numbers, CSS strings and Markdown inline paths verified; step-duration=0.104s
setup: gate npm inputs ready (2.052s)
setup: downloading module dependencies in /workspace/adamic
all modules verified
setup: downloading module dependencies in /workspace/adamic/cohere
all modules verified
setup: downloading module dependencies in /workspace/adamic/cohere/TypeScript/tools
all modules verified
setup: downloading module dependencies in /workspace/adamic/cohere/TypeScript/tools/customlint/testdata
all modules verified
setup: downloading module dependencies in /workspace/adamic/cohere/TypeScript/tsc
all modules verified
setup: downloading module dependencies in /workspace/adamic/cohere/TypeScript-shim/ast
all modules verified
setup: downloading module dependencies in /workspace/adamic/cohere/TypeScript-shim/bundled
all modules verified
setup: downloading module dependencies in /workspace/adamic/cohere/TypeScript-shim/checker
all modules verified
setup: downloading module dependencies in /workspace/adamic/cohere/TypeScript-shim/compiler
all modules verified
setup: downloading module dependencies in /workspace/adamic/cohere/TypeScript-shim/core
all modules verified
setup: downloading module dependencies in /workspace/adamic/cohere/TypeScript-shim/format
all modules verified
setup: downloading module dependencies in /workspace/adamic/cohere/TypeScript-shim/incremental
all modules verified
setup: downloading module dependencies in /workspace/adamic/cohere/TypeScript-shim/locale
all modules verified
setup: downloading module dependencies in /workspace/adamic/cohere/TypeScript-shim/parser
all modules verified
setup: downloading module dependencies in /workspace/adamic/cohere/TypeScript-shim/scanner
all modules verified
setup: downloading module dependencies in /workspace/adamic/cohere/TypeScript-shim/tsoptions
all modules verified
setup: downloading module dependencies in /workspace/adamic/cohere/TypeScript-shim/tspath
all modules verified
setup: downloading module dependencies in /workspace/adamic/cohere/TypeScript-shim/vfs
all modules verified
setup: downloading module dependencies in /workspace/adamic/cohere/TypeScript-shim/vfs/cachedvfs
all modules verified
setup: downloading module dependencies in /workspace/adamic/cohere/TypeScript-shim/vfs/osvfs
all modules verified
setup: module dependencies downloaded and verified (20 module directories); step-duration=13.241s
setup: module dependencies ready (13.423s)
setup: gate input CSS fixtures skipped (validated exact commit, sparse set, counts and checkout bytes); step-duration=0.180s
setup: gate input TypeScript source skipped (validated exact commit and checkout bytes); step-duration=17.719s
setup: gate input 100 MiB gitignore skipped (validated deterministic 100 MiB bytes); step-duration=0.151s
setup: gate corpora ready (18.174s)
setup: gate input checker archive skipped (validated Go actions and archive bytes); step-duration=0.160s
setup: go build skipped (validated warming stamp) (19.153s)
setup: test binaries deferred (use --warm-tests) (19.159s)
setup: build cache warm (19.163s)
setup: workspace sums restored to the commit (19.264s)
setup: build-flags commit=b58b2eef18fe899ed9b435393e17255c396ca9e6 nproc=5 cpu.max=400000 100000 go=go version go1.27.1 linux/amd64 clang=clang version 20.1.8 (https://github.com/llvm/llvm-project 87f0227cb60147a26a1eeb4fb06e3b505e9c7261) node=v24.19.0 cached=yes warm-tests=false gate-inputs=true load-before=1.53 1.39 1.36 1/812 242153 load-after=2.03 1.52 1.40 1/813 243019
setup: done on 5 processors (cgroup cpu.max: 400000 100000), 17.6 GB (19.336s)
setup: source /workspace/css-gate-tools/env.sh
setup: logs /tmp/adamic-gate/setup.dtvI9c
setup: node v24.19.0
