=== RUN   TestMutants
=== RUN   TestMutants/constructor_return_suppressed
    lint_test.go:491: constructor_return_suppressed caught on Node: case 24 line 554: port "fixed\tclass C { constructor() { return 1; } }\\u000a", Go "/tmp/adamic-gate/TestMutantsconstructor_return_suppressed2974789013/007/no-constructor-return-0.ts:1:27"
        Go context:
          no-empty  This block is empty, which leaves a reader unable to tell a deliberate no-op from a body that was deleted or never written. The distinction matters most in a `catch`, where an empty block is the difference between swallowing an error on purpose and swallowing it by accident. Write a comment saying why nothing happens here, or remove the block.
        
        range 52 54 unexpectedBlock 		
        fixed	const \u00e9 = '\ud83d\ude00';\u000d\u000a \u00e9 == null;\u000a \u000d\u000a if(\u00e9){} // outside\u000a
        case 24
        /tmp/adamic-gate/TestMutantsconstructor_return_suppressed2974789013/007/no-constructor-return-0.ts:1:27
          no-constructor-return  This returns a value from a constructor, where it is either discarded or worse. `new C()` evaluates to the new instance and throws the returned value away, unless that value is an object, in which case the language substitutes it for the instance and every field this constructor assigned is lost. Neither outcome is one a reader expects from a `new`, so return nothing and assign to `this` instead.
        
        range 26 35 noConstructorReturn 		
        fixed	class C { constructor() { return 1; } }\u000a
    lint_test.go:491: constructor_return_suppressed caught on emitted JavaScript: case 24 line 554: port "fixed\tclass C { constructor() { return 1; } }\\u000a", Go "/tmp/adamic-gate/TestMutantsconstructor_return_suppressed2974789013/007/no-constructor-return-0.ts:1:27"
        Go context:
          no-empty  This block is empty, which leaves a reader unable to tell a deliberate no-op from a body that was deleted or never written. The distinction matters most in a `catch`, where an empty block is the difference between swallowing an error on purpose and swallowing it by accident. Write a comment saying why nothing happens here, or remove the block.
        
        range 52 54 unexpectedBlock 		
        fixed	const \u00e9 = '\ud83d\ude00';\u000d\u000a \u00e9 == null;\u000a \u000d\u000a if(\u00e9){} // outside\u000a
        case 24
        /tmp/adamic-gate/TestMutantsconstructor_return_suppressed2974789013/007/no-constructor-return-0.ts:1:27
          no-constructor-return  This returns a value from a constructor, where it is either discarded or worse. `new C()` evaluates to the new instance and throws the returned value away, unless that value is an object, in which case the language substitutes it for the instance and every field this constructor assigned is lost. Neither outcome is one a reader expects from a `new`, so return nothing and assign to `this` instead.
        
        range 26 35 noConstructorReturn 		
        fixed	class C { constructor() { return 1; } }\u000a
    lint_test.go:491: constructor_return_suppressed caught on native: case 24 line 554: port "fixed\tclass C { constructor() { return 1; } }\\u000a", Go "/tmp/adamic-gate/TestMutantsconstructor_return_suppressed2974789013/007/no-constructor-return-0.ts:1:27"
        Go context:
          no-empty  This block is empty, which leaves a reader unable to tell a deliberate no-op from a body that was deleted or never written. The distinction matters most in a `catch`, where an empty block is the difference between swallowing an error on purpose and swallowing it by accident. Write a comment saying why nothing happens here, or remove the block.
        
        range 52 54 unexpectedBlock 		
        fixed	const \u00e9 = '\ud83d\ude00';\u000d\u000a \u00e9 == null;\u000a \u000d\u000a if(\u00e9){} // outside\u000a
        case 24
        /tmp/adamic-gate/TestMutantsconstructor_return_suppressed2974789013/007/no-constructor-return-0.ts:1:27
          no-constructor-return  This returns a value from a constructor, where it is either discarded or worse. `new C()` evaluates to the new instance and throws the returned value away, unless that value is an object, in which case the language substitutes it for the instance and every field this constructor assigned is lost. Neither outcome is one a reader expects from a `new`, so return nothing and assign to `this` instead.
        
        range 26 35 noConstructorReturn 		
        fixed	class C { constructor() { return 1; } }\u000a
=== RUN   TestMutants/delete_identifier_suppressed
    lint_test.go:491: delete_identifier_suppressed caught on Node: case 24 line 554: port "fixed\tdelete value;\\u000a", Go "/tmp/adamic-gate/TestMutantsdelete_identifier_suppressed3557903168/007/no-delete-var-0.ts:1:1"
        Go context:
          no-empty  This block is empty, which leaves a reader unable to tell a deliberate no-op from a body that was deleted or never written. The distinction matters most in a `catch`, where an empty block is the difference between swallowing an error on purpose and swallowing it by accident. Write a comment saying why nothing happens here, or remove the block.
        
        range 52 54 unexpectedBlock 		
        fixed	const \u00e9 = '\ud83d\ude00';\u000d\u000a \u00e9 == null;\u000a \u000d\u000a if(\u00e9){} // outside\u000a
        case 24
        /tmp/adamic-gate/TestMutantsdelete_identifier_suppressed3557903168/007/no-delete-var-0.ts:1:1
          no-delete-var  `delete` removes a property from an object; it cannot remove a variable. Applied to a bare name this does nothing in strict mode and throws a SyntaxError where strict mode is enforced, which every module in this codebase is. So the line either has no effect or breaks the file, and neither is what it reads as doing. To drop a reference, assign undefined; to remove a property, delete the property.
        
        range 0 12 unexpectedDeleteVar 		
        fixed	delete value;\u000a
    lint_test.go:491: delete_identifier_suppressed caught on emitted JavaScript: case 24 line 554: port "fixed\tdelete value;\\u000a", Go "/tmp/adamic-gate/TestMutantsdelete_identifier_suppressed3557903168/007/no-delete-var-0.ts:1:1"
        Go context:
          no-empty  This block is empty, which leaves a reader unable to tell a deliberate no-op from a body that was deleted or never written. The distinction matters most in a `catch`, where an empty block is the difference between swallowing an error on purpose and swallowing it by accident. Write a comment saying why nothing happens here, or remove the block.
        
        range 52 54 unexpectedBlock 		
        fixed	const \u00e9 = '\ud83d\ude00';\u000d\u000a \u00e9 == null;\u000a \u000d\u000a if(\u00e9){} // outside\u000a
        case 24
        /tmp/adamic-gate/TestMutantsdelete_identifier_suppressed3557903168/007/no-delete-var-0.ts:1:1
          no-delete-var  `delete` removes a property from an object; it cannot remove a variable. Applied to a bare name this does nothing in strict mode and throws a SyntaxError where strict mode is enforced, which every module in this codebase is. So the line either has no effect or breaks the file, and neither is what it reads as doing. To drop a reference, assign undefined; to remove a property, delete the property.
        
        range 0 12 unexpectedDeleteVar 		
        fixed	delete value;\u000a
    lint_test.go:491: delete_identifier_suppressed caught on native: case 24 line 554: port "fixed\tdelete value;\\u000a", Go "/tmp/adamic-gate/TestMutantsdelete_identifier_suppressed3557903168/007/no-delete-var-0.ts:1:1"
        Go context:
          no-empty  This block is empty, which leaves a reader unable to tell a deliberate no-op from a body that was deleted or never written. The distinction matters most in a `catch`, where an empty block is the difference between swallowing an error on purpose and swallowing it by accident. Write a comment saying why nothing happens here, or remove the block.
        
        range 52 54 unexpectedBlock 		
        fixed	const \u00e9 = '\ud83d\ude00';\u000d\u000a \u00e9 == null;\u000a \u000d\u000a if(\u00e9){} // outside\u000a
        case 24
        /tmp/adamic-gate/TestMutantsdelete_identifier_suppressed3557903168/007/no-delete-var-0.ts:1:1
          no-delete-var  `delete` removes a property from an object; it cannot remove a variable. Applied to a bare name this does nothing in strict mode and throws a SyntaxError where strict mode is enforced, which every module in this codebase is. So the line either has no effect or breaks the file, and neither is what it reads as doing. To drop a reference, assign undefined; to remove a property, delete the property.
        
        range 0 12 unexpectedDeleteVar 		
        fixed	delete value;\u000a
=== RUN   TestMutants/null_inequality_only
    lint_test.go:491: null_inequality_only caught on Node: case 8 line 218: port "/tmp/adamic-gate/TestMutantsnull_inequality_only2496845573/003/generated-2.ts:1:71", Go "/tmp/adamic-gate/TestMutantsnull_inequality_only2496845573/003/generated-2.ts:1:67"
        Go context:
        range 18 20 unexpected suggestion	===	Use `===` instead of `==`. This changes what the comparison answers wherever the operands can differ in type, so it is offered rather than applied.
        /tmp/adamic-gate/TestMutantsnull_inequality_only2496845573/003/generated-2.ts:1:37
          eqeqeq  This compares with `!=`, which coerces its operands to a common type before comparing. That makes the comparison non-transitive, which is the one property every reader assumes a comparison has: `0 == '0'` and `'0' == []` disagree while `0 == []` is true. Write `!==`, which compares without coercing.
        
        range 36 38 unexpected fix	!==	
        /tmp/adamic-gate/TestMutantsnull_inequality_only2496845573/003/generated-2.ts:1:67
          no-eq-null  This compares against `null` with `==` or `!=`, which also matches `undefined`. That coercion is usually what the author wanted and is never what the code says, so a reader cannot tell a deliberate both-values check from a typo. Write `=== null` when only null is meant, or `== null` deliberately somewhere the convention says so.
        
        range 66 77 unexpected 		
        /tmp/adamic-gate/TestMutantsnull_inequality_only2496845573/003/generated-2.ts:1:71
    lint_test.go:491: null_inequality_only caught on emitted JavaScript: case 8 line 218: port "/tmp/adamic-gate/TestMutantsnull_inequality_only2496845573/003/generated-2.ts:1:71", Go "/tmp/adamic-gate/TestMutantsnull_inequality_only2496845573/003/generated-2.ts:1:67"
        Go context:
        range 18 20 unexpected suggestion	===	Use `===` instead of `==`. This changes what the comparison answers wherever the operands can differ in type, so it is offered rather than applied.
        /tmp/adamic-gate/TestMutantsnull_inequality_only2496845573/003/generated-2.ts:1:37
          eqeqeq  This compares with `!=`, which coerces its operands to a common type before comparing. That makes the comparison non-transitive, which is the one property every reader assumes a comparison has: `0 == '0'` and `'0' == []` disagree while `0 == []` is true. Write `!==`, which compares without coercing.
        
        range 36 38 unexpected fix	!==	
        /tmp/adamic-gate/TestMutantsnull_inequality_only2496845573/003/generated-2.ts:1:67
          no-eq-null  This compares against `null` with `==` or `!=`, which also matches `undefined`. That coercion is usually what the author wanted and is never what the code says, so a reader cannot tell a deliberate both-values check from a typo. Write `=== null` when only null is meant, or `== null` deliberately somewhere the convention says so.
        
        range 66 77 unexpected 		
        /tmp/adamic-gate/TestMutantsnull_inequality_only2496845573/003/generated-2.ts:1:71
    lint_test.go:491: null_inequality_only caught on native: case 8 line 218: port "/tmp/adamic-gate/TestMutantsnull_inequality_only2496845573/003/generated-2.ts:1:71", Go "/tmp/adamic-gate/TestMutantsnull_inequality_only2496845573/003/generated-2.ts:1:67"
        Go context:
        range 18 20 unexpected suggestion	===	Use `===` instead of `==`. This changes what the comparison answers wherever the operands can differ in type, so it is offered rather than applied.
        /tmp/adamic-gate/TestMutantsnull_inequality_only2496845573/003/generated-2.ts:1:37
          eqeqeq  This compares with `!=`, which coerces its operands to a common type before comparing. That makes the comparison non-transitive, which is the one property every reader assumes a comparison has: `0 == '0'` and `'0' == []` disagree while `0 == []` is true. Write `!==`, which compares without coercing.
        
        range 36 38 unexpected fix	!==	
        /tmp/adamic-gate/TestMutantsnull_inequality_only2496845573/003/generated-2.ts:1:67
          no-eq-null  This compares against `null` with `==` or `!=`, which also matches `undefined`. That coercion is usually what the author wanted and is never what the code says, so a reader cannot tell a deliberate both-values check from a typo. Write `=== null` when only null is meant, or `== null` deliberately somewhere the convention says so.
        
        range 66 77 unexpected 		
        /tmp/adamic-gate/TestMutantsnull_inequality_only2496845573/003/generated-2.ts:1:71
--- PASS: TestMutants (99.90s)
    --- PASS: TestMutants/constructor_return_suppressed (31.49s)
    --- PASS: TestMutants/delete_identifier_suppressed (32.76s)
    --- PASS: TestMutants/null_inequality_only (32.00s)
PASS
ok  	github.com/system-inc/adamic/stage1/cohere/lint	99.947s
