=== RUN   TestMutants
=== RUN   TestMutants/prefer-destructuring-object-fix
    lint_test.go:759: prefer-destructuring-object-fix caught on Node: case 146 line 2747: port "range 4 20 preferDestructuring fix\t{foo} = (object)\t\t4 20", Go "range 4 20 preferDestructuring fix\t{foo} = object\t\t4 20"
        Go context:
        fixed	const item = array[0];\u000a
        case 146
        /tmp/adamic-gate/TestMutantsprefer-destructuring-object-fix1990048598/017/prefer-destructuring-1.ts:1:5
          prefer-destructuring  Use object destructuring. Pulling one name out of an object or array by hand repeats the name on both sides, so a rename touches two places and the two can drift. Destructuring writes it once.
        
        range 4 20 preferDestructuring fix	{foo} = object		4 20
        fixed	var {foo} = object;\u000a
    lint_test.go:759: prefer-destructuring-object-fix caught on emitted JavaScript: case 146 line 2747: port "range 4 20 preferDestructuring fix\t{foo} = (object)\t\t4 20", Go "range 4 20 preferDestructuring fix\t{foo} = object\t\t4 20"
        Go context:
        fixed	const item = array[0];\u000a
        case 146
        /tmp/adamic-gate/TestMutantsprefer-destructuring-object-fix1990048598/017/prefer-destructuring-1.ts:1:5
          prefer-destructuring  Use object destructuring. Pulling one name out of an object or array by hand repeats the name on both sides, so a rename touches two places and the two can drift. Destructuring writes it once.
        
        range 4 20 preferDestructuring fix	{foo} = object		4 20
        fixed	var {foo} = object;\u000a
    lint_test.go:759: prefer-destructuring-object-fix caught on native: case 146 line 2747: port "range 4 20 preferDestructuring fix\t{foo} = (object)\t\t4 20", Go "range 4 20 preferDestructuring fix\t{foo} = object\t\t4 20"
        Go context:
        fixed	const item = array[0];\u000a
        case 146
        /tmp/adamic-gate/TestMutantsprefer-destructuring-object-fix1990048598/017/prefer-destructuring-1.ts:1:5
          prefer-destructuring  Use object destructuring. Pulling one name out of an object or array by hand repeats the name on both sides, so a rename touches two places and the two can drift. Destructuring writes it once.
        
        range 4 20 preferDestructuring fix	{foo} = object		4 20
        fixed	var {foo} = object;\u000a
--- PASS: TestMutants (26.22s)
    --- PASS: TestMutants/prefer-destructuring-object-fix (21.36s)
PASS
ok  	github.com/system-inc/adamic/stage1/cohere/lint	26.241s
