=== RUN   TestClosureConventionDropCount
=== PAUSE TestClosureConventionDropCount
=== RUN   TestDecodeASCIIUnit08
=== PAUSE TestDecodeASCIIUnit08
=== RUN   TestDecodeASCIIUnit24
=== PAUSE TestDecodeASCIIUnit24
=== RUN   TestDecodeASCIIUnit40
=== PAUSE TestDecodeASCIIUnit40
=== RUN   TestDecodeASCIIWASIUnit11
=== PAUSE TestDecodeASCIIWASIUnit11
=== RUN   TestDecodeASCIIWASIUnit27
=== PAUSE TestDecodeASCIIWASIUnit27
=== RUN   TestDecodeASCIIWASIUnit43
=== PAUSE TestDecodeASCIIWASIUnit43
=== RUN   TestSizeClassesShareTheirChunks
    heap_test.go:139: control: peak 5896 KiB, acquired 79 chunks, largest generation 79 chunks
    heap_test.go:139: churn: peak 6296 KiB, acquired 85 chunks, largest generation 79 chunks
    heap_test.go:150: peak 6296 KiB through every class, 5896 KiB at one size
--- PASS: TestSizeClassesShareTheirChunks (0.09s)
=== RUN   TestLoopCallCoverage
=== PAUSE TestLoopCallCoverage
=== RUN   TestNormalizeMatchesNodePoints08
=== PAUSE TestNormalizeMatchesNodePoints08
=== RUN   TestRecordsAgainstNode
=== PAUSE TestRecordsAgainstNode
=== RUN   TestRegExpBytecodeRandomNodeUnit00
=== PAUSE TestRegExpBytecodeRandomNodeUnit00
=== RUN   TestRegExpBytecodeRandomNodeUnit16
=== PAUSE TestRegExpBytecodeRandomNodeUnit16
=== RUN   TestRegExpBytecodeRandomNodeUnit32
=== PAUSE TestRegExpBytecodeRandomNodeUnit32
=== RUN   TestStringViewAfterAppendMatchesNode
=== PAUSE TestStringViewAfterAppendMatchesNode
=== RUN   TestViewMixedUnionUnknownAndUnavailable
=== PAUSE TestViewMixedUnionUnknownAndUnavailable
=== RUN   TestWASIUnit15
    wasm_test.go:376: WASI integration is opt-in: set ADAMIC_TEST_WASI=1 and WASI_SYSROOT, with WASI clang and Node 24 on PATH
--- SKIP: TestWASIUnit15 (0.00s)
=== RUN   TestWASIUnit31
    wasm_test.go:456: WASI integration is opt-in: set ADAMIC_TEST_WASI=1 and WASI_SYSROOT, with WASI clang and Node 24 on PATH
--- SKIP: TestWASIUnit31 (0.00s)
=== CONT  TestClosureConventionDropCount
=== CONT  TestNormalizeMatchesNodePoints08
=== CONT  TestDecodeASCIIWASIUnit11
    decode_ascii_test.go:417: set ADAMIC_TEST_WASI=1
=== CONT  TestRegExpBytecodeRandomNodeUnit32
=== NAME  TestDecodeASCIIWASIUnit11
    split_units_test.go:293: unit elapsed 0.000s
--- SKIP: TestDecodeASCIIWASIUnit11 (0.00s)
=== CONT  TestLoopCallCoverage
=== CONT  TestRegExpBytecodeRandomNodeUnit00
--- PASS: TestLoopCallCoverage (0.17s)
=== CONT  TestDecodeASCIIUnit40
    decode_ascii_test.go:337: corpus phase 0.000s (including cache wait)
    decode_ascii_test.go:337: compile phase 0.001s (including cache wait)
=== NAME  TestClosureConventionDropCount
    closure_convention_test.go:54: drop-count mutant rejected by clang under -Werror: expected 3, have 2
--- PASS: TestClosureConventionDropCount (0.36s)
=== CONT  TestDecodeASCIIUnit24
    decode_ascii_test.go:257: corpus phase 0.000s (including cache wait)
    decode_ascii_test.go:257: compile phase 0.002s (including cache wait)
=== NAME  TestRegExpBytecodeRandomNodeUnit00
    regexp_test.go:371: compiling 247 patterns, 250 executions, 654551 C bytes
=== NAME  TestRegExpBytecodeRandomNodeUnit32
    regexp_test.go:531: compiling 249 patterns, 250 executions, 707557 C bytes
    regexp_test.go:531: mode=[] native execution totals: 250 cases, 0 disagreements
    regexp_test.go:531: mode=[unlimited] native execution totals: 250 cases, 0 disagreements
--- PASS: TestRegExpBytecodeRandomNodeUnit32 (2.01s)
=== CONT  TestDecodeASCIIUnit08
    decode_ascii_test.go:177: corpus phase 0.000s (including cache wait)
    decode_ascii_test.go:177: compile phase 0.003s (including cache wait)
=== NAME  TestRegExpBytecodeRandomNodeUnit00
    regexp_test.go:371: mode=[] native execution totals: 250 cases, 0 disagreements
    regexp_test.go:371: mode=[unlimited] native execution totals: 250 cases, 0 disagreements
--- PASS: TestRegExpBytecodeRandomNodeUnit00 (2.04s)
=== CONT  TestRecordsAgainstNode
=== RUN   TestRecordsAgainstNode/semantics
    record_test.go:75: adamic: counts: allocations 91 frees 91 retains 129 releases 116 peak 25 regions 0
=== RUN   TestRecordsAgainstNode/prototypes
    record_test.go:75: adamic: counts: allocations 22 frees 22 retains 15 releases 39 peak 5 regions 0
=== RUN   TestRecordsAgainstNode/reads
    record_test.go:75: adamic: counts: allocations 27 frees 27 retains 3 releases 28 peak 5 regions 0
=== RUN   TestRecordsAgainstNode/references
    record_test.go:75: adamic: counts: allocations 350024 frees 350024 retains 10005 releases 50025 peak 300000 regions 0
=== RUN   TestRecordsAgainstNode/iteration
    record_test.go:75: adamic: counts: allocations 19 frees 19 retains 10 releases 18 peak 12 regions 0
=== RUN   TestRecordsAgainstNode/numeric
    record_test.go:75: adamic: counts: allocations 350004 frees 350004 retains 100001 releases 350002 peak 100005 regions 0
=== RUN   TestRecordsAgainstNode/two-indices
    record_test.go:75: adamic: counts: allocations 9 frees 9 retains 2 releases 9 peak 7 regions 0
=== RUN   TestRecordsAgainstNode/workload-1000000
=== NAME  TestNormalizeMatchesNodePoints08
    normalize_test.go:288: 65536 lines, 0 mismatches
    split_units_test.go:293: unit elapsed 5.009s
--- PASS: TestNormalizeMatchesNodePoints08 (5.01s)
=== CONT  TestRegExpBytecodeRandomNodeUnit16
=== NAME  TestDecodeASCIIUnit24
    decode_ascii_test.go:257: run phase 5.197s
    decode_ascii_test.go:257: prefixes=2048 cases=2129920 Node and baseline identical
        
    split_units_test.go:293: unit elapsed 5.204s
--- PASS: TestDecodeASCIIUnit24 (5.20s)
=== CONT  TestViewMixedUnionUnknownAndUnavailable
=== RUN   TestViewMixedUnionUnknownAndUnavailable/false
=== RUN   TestViewMixedUnionUnknownAndUnavailable/false/0
=== RUN   TestViewMixedUnionUnknownAndUnavailable/false/1
=== RUN   TestViewMixedUnionUnknownAndUnavailable/false/2
=== RUN   TestViewMixedUnionUnknownAndUnavailable/false/3
=== RUN   TestViewMixedUnionUnknownAndUnavailable/false/4
=== RUN   TestViewMixedUnionUnknownAndUnavailable/false/5
=== RUN   TestViewMixedUnionUnknownAndUnavailable/true
=== NAME  TestRegExpBytecodeRandomNodeUnit16
    regexp_test.go:451: compiling 250 patterns, 250 executions, 591265 C bytes
=== RUN   TestViewMixedUnionUnknownAndUnavailable/true/0
=== RUN   TestViewMixedUnionUnknownAndUnavailable/true/1
=== RUN   TestViewMixedUnionUnknownAndUnavailable/true/2
=== RUN   TestViewMixedUnionUnknownAndUnavailable/true/3
=== RUN   TestViewMixedUnionUnknownAndUnavailable/true/4
=== RUN   TestViewMixedUnionUnknownAndUnavailable/true/5
--- PASS: TestViewMixedUnionUnknownAndUnavailable (0.42s)
    --- PASS: TestViewMixedUnionUnknownAndUnavailable/false (0.11s)
        --- PASS: TestViewMixedUnionUnknownAndUnavailable/false/0 (0.00s)
        --- PASS: TestViewMixedUnionUnknownAndUnavailable/false/1 (0.00s)
        --- PASS: TestViewMixedUnionUnknownAndUnavailable/false/2 (0.00s)
        --- PASS: TestViewMixedUnionUnknownAndUnavailable/false/3 (0.00s)
        --- PASS: TestViewMixedUnionUnknownAndUnavailable/false/4 (0.00s)
        --- PASS: TestViewMixedUnionUnknownAndUnavailable/false/5 (0.00s)
    --- PASS: TestViewMixedUnionUnknownAndUnavailable/true (0.31s)
        --- PASS: TestViewMixedUnionUnknownAndUnavailable/true/0 (0.00s)
        --- PASS: TestViewMixedUnionUnknownAndUnavailable/true/1 (0.00s)
        --- PASS: TestViewMixedUnionUnknownAndUnavailable/true/2 (0.00s)
        --- PASS: TestViewMixedUnionUnknownAndUnavailable/true/3 (0.00s)
        --- PASS: TestViewMixedUnionUnknownAndUnavailable/true/4 (0.00s)
        --- PASS: TestViewMixedUnionUnknownAndUnavailable/true/5 (0.00s)
=== CONT  TestStringViewAfterAppendMatchesNode
    string_index_test.go:406: 43 lines match Node, including literal, stack and in-place append views
--- PASS: TestStringViewAfterAppendMatchesNode (0.35s)
=== CONT  TestDecodeASCIIWASIUnit43
    decode_ascii_test.go:577: set ADAMIC_TEST_WASI=1
    split_units_test.go:293: unit elapsed 0.000s
--- SKIP: TestDecodeASCIIWASIUnit43 (0.00s)
=== CONT  TestDecodeASCIIWASIUnit27
    decode_ascii_test.go:497: set ADAMIC_TEST_WASI=1
    split_units_test.go:293: unit elapsed 0.000s
--- SKIP: TestDecodeASCIIWASIUnit27 (0.00s)
=== NAME  TestRegExpBytecodeRandomNodeUnit16
    regexp_test.go:451: mode=[] native execution totals: 250 cases, 0 disagreements
    regexp_test.go:451: mode=[unlimited] native execution totals: 250 cases, 0 disagreements
--- PASS: TestRegExpBytecodeRandomNodeUnit16 (1.64s)
=== NAME  TestDecodeASCIIUnit08
    decode_ascii_test.go:177: run phase 4.763s
    decode_ascii_test.go:177: prefixes=2048 cases=2129920 Node and baseline identical
        
    split_units_test.go:293: unit elapsed 4.768s
--- PASS: TestDecodeASCIIUnit08 (4.77s)
=== NAME  TestDecodeASCIIUnit40
    decode_ascii_test.go:337: run phase 7.114s
    decode_ascii_test.go:337: prefixes=2048 cases=2129920 Node and baseline identical
        
    split_units_test.go:293: unit elapsed 7.117s
--- PASS: TestDecodeASCIIUnit40 (7.12s)
=== NAME  TestRecordsAgainstNode/workload-1000000
    record_test.go:75: adamic: counts: allocations 3500004 frees 3500004 retains 500001 releases 3000002 peak 1000003 regions 0
=== RUN   TestRecordsAgainstNode/bench-1000
    record_test.go:75: adamic: counts: allocations 3504 frees 3504 retains 501 releases 3002 peak 1003 regions 0
=== NAME  TestRecordsAgainstNode
    record_test.go:89: Object.getOwnPropertyNames(Object.prototype) on Node v24.19.0: constructor, __defineGetter__, __defineSetter__, hasOwnProperty, __lookupGetter__, __lookupSetter__, isPrototypeOf, propertyIsEnumerable, toString, valueOf, __proto__, toLocaleString
=== RUN   TestRecordsAgainstNode/missing-get/constructor
=== RUN   TestRecordsAgainstNode/missing-has/constructor
=== RUN   TestRecordsAgainstNode/missing-get/__defineGetter__
=== RUN   TestRecordsAgainstNode/missing-has/__defineGetter__
=== RUN   TestRecordsAgainstNode/missing-get/__defineSetter__
=== RUN   TestRecordsAgainstNode/missing-has/__defineSetter__
=== RUN   TestRecordsAgainstNode/missing-get/hasOwnProperty
=== RUN   TestRecordsAgainstNode/missing-has/hasOwnProperty
=== RUN   TestRecordsAgainstNode/missing-get/__lookupGetter__
=== RUN   TestRecordsAgainstNode/missing-has/__lookupGetter__
=== RUN   TestRecordsAgainstNode/missing-get/__lookupSetter__
=== RUN   TestRecordsAgainstNode/missing-has/__lookupSetter__
=== RUN   TestRecordsAgainstNode/missing-get/isPrototypeOf
=== RUN   TestRecordsAgainstNode/missing-has/isPrototypeOf
=== RUN   TestRecordsAgainstNode/missing-get/propertyIsEnumerable
=== RUN   TestRecordsAgainstNode/missing-has/propertyIsEnumerable
=== RUN   TestRecordsAgainstNode/missing-get/toString
=== RUN   TestRecordsAgainstNode/missing-has/toString
=== RUN   TestRecordsAgainstNode/missing-get/valueOf
=== RUN   TestRecordsAgainstNode/missing-has/valueOf
=== RUN   TestRecordsAgainstNode/missing-get/__proto__
=== RUN   TestRecordsAgainstNode/missing-has/__proto__
=== RUN   TestRecordsAgainstNode/missing-get/toLocaleString
=== RUN   TestRecordsAgainstNode/missing-has/toLocaleString
=== RUN   TestRecordsAgainstNode/proto-assignment
--- PASS: TestRecordsAgainstNode (10.56s)
    --- PASS: TestRecordsAgainstNode/semantics (0.07s)
    --- PASS: TestRecordsAgainstNode/prototypes (0.06s)
    --- PASS: TestRecordsAgainstNode/reads (0.05s)
    --- PASS: TestRecordsAgainstNode/references (0.36s)
    --- PASS: TestRecordsAgainstNode/iteration (0.04s)
    --- PASS: TestRecordsAgainstNode/numeric (1.57s)
    --- PASS: TestRecordsAgainstNode/two-indices (0.05s)
    --- PASS: TestRecordsAgainstNode/workload-1000000 (7.71s)
    --- PASS: TestRecordsAgainstNode/bench-1000 (0.04s)
    --- PASS: TestRecordsAgainstNode/missing-get/constructor (0.00s)
    --- PASS: TestRecordsAgainstNode/missing-has/constructor (0.00s)
    --- PASS: TestRecordsAgainstNode/missing-get/__defineGetter__ (0.00s)
    --- PASS: TestRecordsAgainstNode/missing-has/__defineGetter__ (0.00s)
    --- PASS: TestRecordsAgainstNode/missing-get/__defineSetter__ (0.00s)
    --- PASS: TestRecordsAgainstNode/missing-has/__defineSetter__ (0.00s)
    --- PASS: TestRecordsAgainstNode/missing-get/hasOwnProperty (0.00s)
    --- PASS: TestRecordsAgainstNode/missing-has/hasOwnProperty (0.00s)
    --- PASS: TestRecordsAgainstNode/missing-get/__lookupGetter__ (0.00s)
    --- PASS: TestRecordsAgainstNode/missing-has/__lookupGetter__ (0.00s)
    --- PASS: TestRecordsAgainstNode/missing-get/__lookupSetter__ (0.00s)
    --- PASS: TestRecordsAgainstNode/missing-has/__lookupSetter__ (0.01s)
    --- PASS: TestRecordsAgainstNode/missing-get/isPrototypeOf (0.00s)
    --- PASS: TestRecordsAgainstNode/missing-has/isPrototypeOf (0.01s)
    --- PASS: TestRecordsAgainstNode/missing-get/propertyIsEnumerable (0.01s)
    --- PASS: TestRecordsAgainstNode/missing-has/propertyIsEnumerable (0.00s)
    --- PASS: TestRecordsAgainstNode/missing-get/toString (0.00s)
    --- PASS: TestRecordsAgainstNode/missing-has/toString (0.00s)
    --- PASS: TestRecordsAgainstNode/missing-get/valueOf (0.00s)
    --- PASS: TestRecordsAgainstNode/missing-has/valueOf (0.00s)
    --- PASS: TestRecordsAgainstNode/missing-get/__proto__ (0.00s)
    --- PASS: TestRecordsAgainstNode/missing-has/__proto__ (0.00s)
    --- PASS: TestRecordsAgainstNode/missing-get/toLocaleString (0.00s)
    --- PASS: TestRecordsAgainstNode/missing-has/toLocaleString (0.00s)
    --- PASS: TestRecordsAgainstNode/proto-assignment (0.00s)
PASS
ok  	github.com/system-inc/adamic/internal/native	12.702s
