=== RUN   TestDeterministicRegeneration
=== PAUSE TestDeterministicRegeneration
=== RUN   TestDescriptorRejections
=== PAUSE TestDescriptorRejections
=== RUN   TestDuplicateOracleAdapter
=== PAUSE TestDuplicateOracleAdapter
=== RUN   TestAdamicRuleModule
=== PAUSE TestAdamicRuleModule
=== CONT  TestDeterministicRegeneration
=== CONT  TestDuplicateOracleAdapter
=== CONT  TestAdamicRuleModule
=== CONT  TestDescriptorRejections
=== RUN   TestDescriptorRejections/duplicate_public_name
=== PAUSE TestDescriptorRejections/duplicate_public_name
=== RUN   TestDescriptorRejections/unknown_field
=== PAUSE TestDescriptorRejections/unknown_field
=== RUN   TestDescriptorRejections/missing_named_export
=== PAUSE TestDescriptorRejections/missing_named_export
=== RUN   TestDescriptorRejections/bad_kind
=== PAUSE TestDescriptorRejections/bad_kind
=== RUN   TestDescriptorRejections/missing_oracle_export
=== PAUSE TestDescriptorRejections/missing_oracle_export
=== RUN   TestDescriptorRejections/no_listener
=== PAUSE TestDescriptorRejections/no_listener
=== RUN   TestDescriptorRejections/missing_factory
=== PAUSE TestDescriptorRejections/missing_factory
=== RUN   TestDescriptorRejections/missing_class
=== PAUSE TestDescriptorRejections/missing_class
=== RUN   TestDescriptorRejections/missing_finish_hook
=== PAUSE TestDescriptorRejections/missing_finish_hook
=== RUN   TestDescriptorRejections/unsafe_public_name
=== PAUSE TestDescriptorRejections/unsafe_public_name
=== CONT  TestDescriptorRejections/duplicate_public_name
=== CONT  TestDescriptorRejections/no_listener
=== NAME  TestDuplicateOracleAdapter
    registry_test.go:147: mutant rejected: /tmp/adamic-gate/TestDuplicateOracleAdapter47540952/001/rules/no-empty/rule.json: duplicate oracle adapter "oracleNoDebugger"
--- PASS: TestDuplicateOracleAdapter (0.02s)
=== CONT  TestDescriptorRejections/unsafe_public_name
=== NAME  TestDescriptorRejections/no_listener
    registry_test.go:119: mutant rejected: /tmp/adamic-gate/TestDescriptorRejectionsno_listener3456239500/001/rules/no-debugger/rule.json: visit and kinds required
=== CONT  TestDescriptorRejections/missing_finish_hook
=== NAME  TestDescriptorRejections/duplicate_public_name
    registry_test.go:119: mutant rejected: /tmp/adamic-gate/TestDescriptorRejectionsduplicate_public_name4158685969/001/rules/no-empty/rule.json: invalid or duplicate rule name "no-empty"
=== CONT  TestDescriptorRejections/missing_class
    registry_test.go:119: mutant rejected: /tmp/adamic-gate/TestDescriptorRejectionsmissing_class2573378590/001/rules/no-debugger/rule.json: missing named factory or class
=== NAME  TestAdamicRuleModule
    registry_test.go:171: stale .ts alongside .a rejected
=== CONT  TestDescriptorRejections/missing_factory
=== NAME  TestDescriptorRejections/unsafe_public_name
    registry_test.go:119: mutant rejected: /tmp/adamic-gate/TestDescriptorRejectionsunsafe_public_name1480248845/001/rules/no-debugger/rule.json: invalid or duplicate rule name "bad\\name"
=== CONT  TestDescriptorRejections/bad_kind
--- PASS: TestAdamicRuleModule (0.04s)
=== CONT  TestDescriptorRejections/missing_oracle_export
=== NAME  TestDescriptorRejections/missing_factory
    registry_test.go:119: mutant rejected: /tmp/adamic-gate/TestDescriptorRejectionsmissing_factory4047629091/001/rules/no-debugger/rule.json: missing named factory or class
=== CONT  TestDescriptorRejections/missing_named_export
=== NAME  TestDescriptorRejections/missing_finish_hook
    registry_test.go:119: mutant rejected: /tmp/adamic-gate/TestDescriptorRejectionsmissing_finish_hook1728017467/001/rules/no-debugger/rule.json: missing named hook "missing"
=== NAME  TestDescriptorRejections/bad_kind
    registry_test.go:119: mutant rejected: /tmp/adamic-gate/TestDescriptorRejectionsbad_kind1166743221/001/rules/no-debugger/rule.json: invalid or duplicate kind "NotARealNode"
=== CONT  TestDescriptorRejections/unknown_field
=== NAME  TestDescriptorRejections/missing_named_export
    registry_test.go:119: mutant rejected: /tmp/adamic-gate/TestDescriptorRejectionsmissing_named_export1702741557/001/rules/no-debugger/rule.json: missing named hook "missing"
=== NAME  TestDescriptorRejections/missing_oracle_export
    registry_test.go:119: mutant rejected: /tmp/adamic-gate/TestDescriptorRejectionsmissing_oracle_export468198751/001/rules/no-debugger/rule.json: missing oracle adapter exports
--- PASS: TestDeterministicRegeneration (0.06s)
=== NAME  TestDescriptorRejections/unknown_field
    registry_test.go:119: mutant rejected: /tmp/adamic-gate/TestDescriptorRejectionsunknown_field4016198558/001/rules/no-debugger/rule.json: json: unknown field "vist"
--- PASS: TestDescriptorRejections (0.00s)
    --- PASS: TestDescriptorRejections/no_listener (0.02s)
    --- PASS: TestDescriptorRejections/duplicate_public_name (0.02s)
    --- PASS: TestDescriptorRejections/missing_class (0.01s)
    --- PASS: TestDescriptorRejections/unsafe_public_name (0.02s)
    --- PASS: TestDescriptorRejections/missing_factory (0.01s)
    --- PASS: TestDescriptorRejections/missing_finish_hook (0.03s)
    --- PASS: TestDescriptorRejections/bad_kind (0.01s)
    --- PASS: TestDescriptorRejections/missing_named_export (0.01s)
    --- PASS: TestDescriptorRejections/missing_oracle_export (0.02s)
    --- PASS: TestDescriptorRejections/unknown_field (0.01s)
PASS
ok  	github.com/system-inc/adamic/stage1/cohere/lint/registry	0.068s
