=== RUN   TestMutants
=== RUN   TestMutants/wrong-diagnostic-id
    lint_test.go:781: wrong-diagnostic-id caught on Node: case 145 line 2765: port "range 65 93 wrongStrategy \t\t\t65 93", Go "range 65 93 noBeforeInteractiveScriptOutsideDocument \t\t\t65 93"
        Go context:
        fixed	interface Bare { n: number }; interface WrongType { value: number }; type Alias = string; const Choice={Yes:'Yes'} as const; function guard(x: unknown): x is string { return true; } console.log('one'); console['warn']('two'); let count=0; count++; for(let i=0;i<3;i++){count++;} interface CallableType { method(value: string): number; readonly property: (value: string) => number; } enum Direction { Left=1, Right=Left|2, Other=compute() } let boxed: Number; class Thing implements Boolean {} if(!flag){doOne();}else{doTwo();} const chosen=!flag?left:right; const assigning=()=>left=right; const wrapped=()=>(left=right); function returning(){return left=right;}\u000a
        case 145
        /tmp/adamic-gate/TestMutantswrong-diagnostic-id2688621172/016/no-before-interactive-script-outside-document-0.tsx:2:32
          @next/next/no-before-interactive-script-outside-document  This loads a script with next/script's beforeInteractive strategy outside of pages/_document.js. That strategy only has a place to run before hydration when the framework injects it from the document, so anywhere else the script is either deferred until after hydration or evaluated twice, and code depending on it having already run sees a different order in development than in production. Move the script into pages/_document.js, or pick a strategy that does not promise to run first.
        
        range 65 93 noBeforeInteractiveScriptOutsideDocument 			65 93
        fixed	import Script from "next/script";\u000aexport const C = () => <Script strategy="beforeInteractive" />;\u000a
    lint_test.go:781: wrong-diagnostic-id caught on emitted JavaScript: case 145 line 2765: port "range 65 93 wrongStrategy \t\t\t65 93", Go "range 65 93 noBeforeInteractiveScriptOutsideDocument \t\t\t65 93"
        Go context:
        fixed	interface Bare { n: number }; interface WrongType { value: number }; type Alias = string; const Choice={Yes:'Yes'} as const; function guard(x: unknown): x is string { return true; } console.log('one'); console['warn']('two'); let count=0; count++; for(let i=0;i<3;i++){count++;} interface CallableType { method(value: string): number; readonly property: (value: string) => number; } enum Direction { Left=1, Right=Left|2, Other=compute() } let boxed: Number; class Thing implements Boolean {} if(!flag){doOne();}else{doTwo();} const chosen=!flag?left:right; const assigning=()=>left=right; const wrapped=()=>(left=right); function returning(){return left=right;}\u000a
        case 145
        /tmp/adamic-gate/TestMutantswrong-diagnostic-id2688621172/016/no-before-interactive-script-outside-document-0.tsx:2:32
          @next/next/no-before-interactive-script-outside-document  This loads a script with next/script's beforeInteractive strategy outside of pages/_document.js. That strategy only has a place to run before hydration when the framework injects it from the document, so anywhere else the script is either deferred until after hydration or evaluated twice, and code depending on it having already run sees a different order in development than in production. Move the script into pages/_document.js, or pick a strategy that does not promise to run first.
        
        range 65 93 noBeforeInteractiveScriptOutsideDocument 			65 93
        fixed	import Script from "next/script";\u000aexport const C = () => <Script strategy="beforeInteractive" />;\u000a
    lint_test.go:781: wrong-diagnostic-id caught on native: case 145 line 2765: port "range 65 93 wrongStrategy \t\t\t65 93", Go "range 65 93 noBeforeInteractiveScriptOutsideDocument \t\t\t65 93"
        Go context:
        fixed	interface Bare { n: number }; interface WrongType { value: number }; type Alias = string; const Choice={Yes:'Yes'} as const; function guard(x: unknown): x is string { return true; } console.log('one'); console['warn']('two'); let count=0; count++; for(let i=0;i<3;i++){count++;} interface CallableType { method(value: string): number; readonly property: (value: string) => number; } enum Direction { Left=1, Right=Left|2, Other=compute() } let boxed: Number; class Thing implements Boolean {} if(!flag){doOne();}else{doTwo();} const chosen=!flag?left:right; const assigning=()=>left=right; const wrapped=()=>(left=right); function returning(){return left=right;}\u000a
        case 145
        /tmp/adamic-gate/TestMutantswrong-diagnostic-id2688621172/016/no-before-interactive-script-outside-document-0.tsx:2:32
          @next/next/no-before-interactive-script-outside-document  This loads a script with next/script's beforeInteractive strategy outside of pages/_document.js. That strategy only has a place to run before hydration when the framework injects it from the document, so anywhere else the script is either deferred until after hydration or evaluated twice, and code depending on it having already run sees a different order in development than in production. Move the script into pages/_document.js, or pick a strategy that does not promise to run first.
        
        range 65 93 noBeforeInteractiveScriptOutsideDocument 			65 93
        fixed	import Script from "next/script";\u000aexport const C = () => <Script strategy="beforeInteractive" />;\u000a
=== RUN   TestMutants/wrong-diagnostic-id#01
    lint_test.go:781: wrong-diagnostic-id caught on Node: case 145 line 2765: port "range 23 62 wrongCssTags \t\t\t23 62", Go "range 23 62 noCssTags \t\t\t23 62"
        Go context:
        fixed	interface Bare { n: number }; interface WrongType { value: number }; type Alias = string; const Choice={Yes:'Yes'} as const; function guard(x: unknown): x is string { return true; } console.log('one'); console['warn']('two'); let count=0; count++; for(let i=0;i<3;i++){count++;} interface CallableType { method(value: string): number; readonly property: (value: string) => number; } enum Direction { Left=1, Right=Left|2, Other=compute() } let boxed: Number; class Thing implements Boolean {} if(!flag){doOne();}else{doTwo();} const chosen=!flag?left:right; const assigning=()=>left=right; const wrapped=()=>(left=right); function returning(){return left=right;}\u000a
        case 145
        /tmp/adamic-gate/TestMutantswrong-diagnostic-id#011419562267/016/no-css-tags-0.tsx:1:24
          @next/next/no-css-tags  This is a manual stylesheet <link>. Next builds and versions its own CSS, so a hand-written link to a local stylesheet is not fingerprinted, not bundled, and will serve a stale file from cache after a deploy. Import the stylesheet instead and let the framework emit the tag.
        
        range 23 62 noCssTags 			23 62
        fixed	export const C = () => <link rel="stylesheet" href="/a.css" />;\u000a
    lint_test.go:781: wrong-diagnostic-id caught on emitted JavaScript: case 145 line 2765: port "range 23 62 wrongCssTags \t\t\t23 62", Go "range 23 62 noCssTags \t\t\t23 62"
        Go context:
        fixed	interface Bare { n: number }; interface WrongType { value: number }; type Alias = string; const Choice={Yes:'Yes'} as const; function guard(x: unknown): x is string { return true; } console.log('one'); console['warn']('two'); let count=0; count++; for(let i=0;i<3;i++){count++;} interface CallableType { method(value: string): number; readonly property: (value: string) => number; } enum Direction { Left=1, Right=Left|2, Other=compute() } let boxed: Number; class Thing implements Boolean {} if(!flag){doOne();}else{doTwo();} const chosen=!flag?left:right; const assigning=()=>left=right; const wrapped=()=>(left=right); function returning(){return left=right;}\u000a
        case 145
        /tmp/adamic-gate/TestMutantswrong-diagnostic-id#011419562267/016/no-css-tags-0.tsx:1:24
          @next/next/no-css-tags  This is a manual stylesheet <link>. Next builds and versions its own CSS, so a hand-written link to a local stylesheet is not fingerprinted, not bundled, and will serve a stale file from cache after a deploy. Import the stylesheet instead and let the framework emit the tag.
        
        range 23 62 noCssTags 			23 62
        fixed	export const C = () => <link rel="stylesheet" href="/a.css" />;\u000a
    lint_test.go:781: wrong-diagnostic-id caught on native: case 145 line 2765: port "range 23 62 wrongCssTags \t\t\t23 62", Go "range 23 62 noCssTags \t\t\t23 62"
        Go context:
        fixed	interface Bare { n: number }; interface WrongType { value: number }; type Alias = string; const Choice={Yes:'Yes'} as const; function guard(x: unknown): x is string { return true; } console.log('one'); console['warn']('two'); let count=0; count++; for(let i=0;i<3;i++){count++;} interface CallableType { method(value: string): number; readonly property: (value: string) => number; } enum Direction { Left=1, Right=Left|2, Other=compute() } let boxed: Number; class Thing implements Boolean {} if(!flag){doOne();}else{doTwo();} const chosen=!flag?left:right; const assigning=()=>left=right; const wrapped=()=>(left=right); function returning(){return left=right;}\u000a
        case 145
        /tmp/adamic-gate/TestMutantswrong-diagnostic-id#011419562267/016/no-css-tags-0.tsx:1:24
          @next/next/no-css-tags  This is a manual stylesheet <link>. Next builds and versions its own CSS, so a hand-written link to a local stylesheet is not fingerprinted, not bundled, and will serve a stale file from cache after a deploy. Import the stylesheet instead and let the framework emit the tag.
        
        range 23 62 noCssTags 			23 62
        fixed	export const C = () => <link rel="stylesheet" href="/a.css" />;\u000a
=== RUN   TestMutants/wrong-global-type-name
    lint_test.go:781: wrong-global-type-name caught on Node: case 145 line 2762: port "fixed\texport let handler: Function;\\u000a", Go "/tmp/adamic-gate/TestMutantswrong-global-type-name1572464175/016/no-unsafe-function-type-0.ts:1:21"
        Go context:
          no-return-assign  This return statement assigns rather than returns a value it already has, so it does two things at once and the assignment is the one the reader is likeliest to miss. It is usually a `==` typed as `=`, and where it is deliberate it reads as a value being returned rather than as a write happening on the way out. Assign on its own line and return the variable, or wrap the assignment in its own parentheses to say the write was meant.
        
        range 643 661 returnAssignment 			643 661
        fixed	interface Bare { n: number }; interface WrongType { value: number }; type Alias = string; const Choice={Yes:'Yes'} as const; function guard(x: unknown): x is string { return true; } console.log('one'); console['warn']('two'); let count=0; count++; for(let i=0;i<3;i++){count++;} interface CallableType { method(value: string): number; readonly property: (value: string) => number; } enum Direction { Left=1, Right=Left|2, Other=compute() } let boxed: Number; class Thing implements Boolean {} if(!flag){doOne();}else{doTwo();} const chosen=!flag?left:right; const assigning=()=>left=right; const wrapped=()=>(left=right); function returning(){return left=right;}\u000a
        case 145
        /tmp/adamic-gate/TestMutantswrong-global-type-name1572464175/016/no-unsafe-function-type-0.ts:1:21
          @typescript-eslint/no-unsafe-function-type  The `Function` type accepts any function-like value, so it constrains nothing beyond callability: it says nothing about parameters, nothing about the return type, and a value typed this way can be called with any arguments and produces `any`. That is the opposite of what a type annotation is for. Write the signature the value actually has, such as `(input: string) => number`, or `() => void` when it takes nothing and returns nothing.
        
        range 20 28 bannedFunctionType 			20 28
        fixed	export let handler: Function;\u000a
    lint_test.go:781: wrong-global-type-name caught on emitted JavaScript: case 145 line 2762: port "fixed\texport let handler: Function;\\u000a", Go "/tmp/adamic-gate/TestMutantswrong-global-type-name1572464175/016/no-unsafe-function-type-0.ts:1:21"
        Go context:
          no-return-assign  This return statement assigns rather than returns a value it already has, so it does two things at once and the assignment is the one the reader is likeliest to miss. It is usually a `==` typed as `=`, and where it is deliberate it reads as a value being returned rather than as a write happening on the way out. Assign on its own line and return the variable, or wrap the assignment in its own parentheses to say the write was meant.
        
        range 643 661 returnAssignment 			643 661
        fixed	interface Bare { n: number }; interface WrongType { value: number }; type Alias = string; const Choice={Yes:'Yes'} as const; function guard(x: unknown): x is string { return true; } console.log('one'); console['warn']('two'); let count=0; count++; for(let i=0;i<3;i++){count++;} interface CallableType { method(value: string): number; readonly property: (value: string) => number; } enum Direction { Left=1, Right=Left|2, Other=compute() } let boxed: Number; class Thing implements Boolean {} if(!flag){doOne();}else{doTwo();} const chosen=!flag?left:right; const assigning=()=>left=right; const wrapped=()=>(left=right); function returning(){return left=right;}\u000a
        case 145
        /tmp/adamic-gate/TestMutantswrong-global-type-name1572464175/016/no-unsafe-function-type-0.ts:1:21
          @typescript-eslint/no-unsafe-function-type  The `Function` type accepts any function-like value, so it constrains nothing beyond callability: it says nothing about parameters, nothing about the return type, and a value typed this way can be called with any arguments and produces `any`. That is the opposite of what a type annotation is for. Write the signature the value actually has, such as `(input: string) => number`, or `() => void` when it takes nothing and returns nothing.
        
        range 20 28 bannedFunctionType 			20 28
        fixed	export let handler: Function;\u000a
    lint_test.go:781: wrong-global-type-name caught on native: case 145 line 2762: port "fixed\texport let handler: Function;\\u000a", Go "/tmp/adamic-gate/TestMutantswrong-global-type-name1572464175/016/no-unsafe-function-type-0.ts:1:21"
        Go context:
          no-return-assign  This return statement assigns rather than returns a value it already has, so it does two things at once and the assignment is the one the reader is likeliest to miss. It is usually a `==` typed as `=`, and where it is deliberate it reads as a value being returned rather than as a write happening on the way out. Assign on its own line and return the variable, or wrap the assignment in its own parentheses to say the write was meant.
        
        range 643 661 returnAssignment 			643 661
        fixed	interface Bare { n: number }; interface WrongType { value: number }; type Alias = string; const Choice={Yes:'Yes'} as const; function guard(x: unknown): x is string { return true; } console.log('one'); console['warn']('two'); let count=0; count++; for(let i=0;i<3;i++){count++;} interface CallableType { method(value: string): number; readonly property: (value: string) => number; } enum Direction { Left=1, Right=Left|2, Other=compute() } let boxed: Number; class Thing implements Boolean {} if(!flag){doOne();}else{doTwo();} const chosen=!flag?left:right; const assigning=()=>left=right; const wrapped=()=>(left=right); function returning(){return left=right;}\u000a
        case 145
        /tmp/adamic-gate/TestMutantswrong-global-type-name1572464175/016/no-unsafe-function-type-0.ts:1:21
          @typescript-eslint/no-unsafe-function-type  The `Function` type accepts any function-like value, so it constrains nothing beyond callability: it says nothing about parameters, nothing about the return type, and a value typed this way can be called with any arguments and produces `any`. That is the opposite of what a type annotation is for. Write the signature the value actually has, such as `(input: string) => number`, or `() => void` when it takes nothing and returns nothing.
        
        range 20 28 bannedFunctionType 			20 28
        fixed	export let handler: Function;\u000a
=== RUN   TestMutants/omit-empty-export-fix
    lint_test.go:781: omit-empty-export-fix caught on Node: case 145 line 2765: port "range 24 34 uselessEmptyExport \t\t\t24 34", Go "range 24 34 uselessEmptyExport fix\t\t\t24 34"
        Go context:
        fixed	interface Bare { n: number }; interface WrongType { value: number }; type Alias = string; const Choice={Yes:'Yes'} as const; function guard(x: unknown): x is string { return true; } console.log('one'); console['warn']('two'); let count=0; count++; for(let i=0;i<3;i++){count++;} interface CallableType { method(value: string): number; readonly property: (value: string) => number; } enum Direction { Left=1, Right=Left|2, Other=compute() } let boxed: Number; class Thing implements Boolean {} if(!flag){doOne();}else{doTwo();} const chosen=!flag?left:right; const assigning=()=>left=right; const wrapped=()=>(left=right); function returning(){return left=right;}\u000a
        case 145
        /tmp/adamic-gate/TestMutantsomit-empty-export-fix2169053595/016/no-useless-empty-export-0.ts:2:1
          @typescript-eslint/no-useless-empty-export  An `export {}` exists to make a script into a module, and this file is already a module because something else in it imports or exports. The statement therefore changes nothing, and it reads as though it were load-bearing to anyone deciding whether they may delete it. Remove it.
        
        range 24 34 uselessEmptyExport fix			24 34
        fixed	export const value = 1;\u000a\u000a
    lint_test.go:781: omit-empty-export-fix caught on emitted JavaScript: case 145 line 2765: port "range 24 34 uselessEmptyExport \t\t\t24 34", Go "range 24 34 uselessEmptyExport fix\t\t\t24 34"
        Go context:
        fixed	interface Bare { n: number }; interface WrongType { value: number }; type Alias = string; const Choice={Yes:'Yes'} as const; function guard(x: unknown): x is string { return true; } console.log('one'); console['warn']('two'); let count=0; count++; for(let i=0;i<3;i++){count++;} interface CallableType { method(value: string): number; readonly property: (value: string) => number; } enum Direction { Left=1, Right=Left|2, Other=compute() } let boxed: Number; class Thing implements Boolean {} if(!flag){doOne();}else{doTwo();} const chosen=!flag?left:right; const assigning=()=>left=right; const wrapped=()=>(left=right); function returning(){return left=right;}\u000a
        case 145
        /tmp/adamic-gate/TestMutantsomit-empty-export-fix2169053595/016/no-useless-empty-export-0.ts:2:1
          @typescript-eslint/no-useless-empty-export  An `export {}` exists to make a script into a module, and this file is already a module because something else in it imports or exports. The statement therefore changes nothing, and it reads as though it were load-bearing to anyone deciding whether they may delete it. Remove it.
        
        range 24 34 uselessEmptyExport fix			24 34
        fixed	export const value = 1;\u000a\u000a
    lint_test.go:781: omit-empty-export-fix caught on native: case 145 line 2765: port "range 24 34 uselessEmptyExport \t\t\t24 34", Go "range 24 34 uselessEmptyExport fix\t\t\t24 34"
        Go context:
        fixed	interface Bare { n: number }; interface WrongType { value: number }; type Alias = string; const Choice={Yes:'Yes'} as const; function guard(x: unknown): x is string { return true; } console.log('one'); console['warn']('two'); let count=0; count++; for(let i=0;i<3;i++){count++;} interface CallableType { method(value: string): number; readonly property: (value: string) => number; } enum Direction { Left=1, Right=Left|2, Other=compute() } let boxed: Number; class Thing implements Boolean {} if(!flag){doOne();}else{doTwo();} const chosen=!flag?left:right; const assigning=()=>left=right; const wrapped=()=>(left=right); function returning(){return left=right;}\u000a
        case 145
        /tmp/adamic-gate/TestMutantsomit-empty-export-fix2169053595/016/no-useless-empty-export-0.ts:2:1
          @typescript-eslint/no-useless-empty-export  An `export {}` exists to make a script into a module, and this file is already a module because something else in it imports or exports. The statement therefore changes nothing, and it reads as though it were load-bearing to anyone deciding whether they may delete it. Remove it.
        
        range 24 34 uselessEmptyExport fix			24 34
        fixed	export const value = 1;\u000a\u000a
=== RUN   TestMutants/wrong-enclosing-scope
    lint_test.go:781: wrong-enclosing-scope caught on Node: case 60 line 1111: port "  no-inner-declarations  Move function declaration to function body root. A declaration written inside a block does not belong to that block: `var` reaches the whole enclosing function regardless of the braces around it, and a hoisted function binding has been three different things across engines and editions. Writing it at the root says what actually happens.", Go "  no-inner-declarations  Move function declaration to program root. A declaration written inside a block does not belong to that block: `var` reaches the whole enclosing function regardless of the braces around it, and a hoisted function binding has been three different things across engines and editions. Writing it at the root says what actually happens."
        Go context:
        /tmp/adamic-gate/TestMutantswrong-enclosing-scope634634462/007/generated-6.ts:1:46
          no-await-in-loop  This waits inside a loop, so each iteration blocks on the one before it and the work runs one at a time. Where the iterations do not depend on each other, collecting the promises and awaiting them together turns a sum of latencies into a maximum. Where they do depend on each other, the sequencing is deliberate and the loop is the right shape, which is why this reports rather than repairs.
        
        range 45 54 unexpectedAwait 			45 54
        /tmp/adamic-gate/TestMutantswrong-enclosing-scope634634462/007/generated-6.ts:1:57
          no-inner-declarations  Move function declaration to program root. A declaration written inside a block does not belong to that block: `var` reaches the whole enclosing function regardless of the braces around it, and a hoisted function binding has been three different things across engines and editions. Writing it at the root says what actually happens.
        
        range 56 91 moveDeclToRoot 			56 91
        /tmp/adamic-gate/TestMutantswrong-enclosing-scope634634462/007/generated-6.ts:1:94
          no-with  A `with` block splices an object's properties into the local scope, so a bare name inside it cannot be resolved by reading the code: whether `x` means the object's property or an outer variable is decided at runtime by what the object happens to hold. That defeats the checker and every reader. Bind what you need to a name instead, as in `const { x, y } = point;`.
    lint_test.go:781: wrong-enclosing-scope caught on emitted JavaScript: case 60 line 1111: port "  no-inner-declarations  Move function declaration to function body root. A declaration written inside a block does not belong to that block: `var` reaches the whole enclosing function regardless of the braces around it, and a hoisted function binding has been three different things across engines and editions. Writing it at the root says what actually happens.", Go "  no-inner-declarations  Move function declaration to program root. A declaration written inside a block does not belong to that block: `var` reaches the whole enclosing function regardless of the braces around it, and a hoisted function binding has been three different things across engines and editions. Writing it at the root says what actually happens."
        Go context:
        /tmp/adamic-gate/TestMutantswrong-enclosing-scope634634462/007/generated-6.ts:1:46
          no-await-in-loop  This waits inside a loop, so each iteration blocks on the one before it and the work runs one at a time. Where the iterations do not depend on each other, collecting the promises and awaiting them together turns a sum of latencies into a maximum. Where they do depend on each other, the sequencing is deliberate and the loop is the right shape, which is why this reports rather than repairs.
        
        range 45 54 unexpectedAwait 			45 54
        /tmp/adamic-gate/TestMutantswrong-enclosing-scope634634462/007/generated-6.ts:1:57
          no-inner-declarations  Move function declaration to program root. A declaration written inside a block does not belong to that block: `var` reaches the whole enclosing function regardless of the braces around it, and a hoisted function binding has been three different things across engines and editions. Writing it at the root says what actually happens.
        
        range 56 91 moveDeclToRoot 			56 91
        /tmp/adamic-gate/TestMutantswrong-enclosing-scope634634462/007/generated-6.ts:1:94
          no-with  A `with` block splices an object's properties into the local scope, so a bare name inside it cannot be resolved by reading the code: whether `x` means the object's property or an outer variable is decided at runtime by what the object happens to hold. That defeats the checker and every reader. Bind what you need to a name instead, as in `const { x, y } = point;`.
    lint_test.go:781: wrong-enclosing-scope caught on native: case 60 line 1111: port "  no-inner-declarations  Move function declaration to function body root. A declaration written inside a block does not belong to that block: `var` reaches the whole enclosing function regardless of the braces around it, and a hoisted function binding has been three different things across engines and editions. Writing it at the root says what actually happens.", Go "  no-inner-declarations  Move function declaration to program root. A declaration written inside a block does not belong to that block: `var` reaches the whole enclosing function regardless of the braces around it, and a hoisted function binding has been three different things across engines and editions. Writing it at the root says what actually happens."
        Go context:
        /tmp/adamic-gate/TestMutantswrong-enclosing-scope634634462/007/generated-6.ts:1:46
          no-await-in-loop  This waits inside a loop, so each iteration blocks on the one before it and the work runs one at a time. Where the iterations do not depend on each other, collecting the promises and awaiting them together turns a sum of latencies into a maximum. Where they do depend on each other, the sequencing is deliberate and the loop is the right shape, which is why this reports rather than repairs.
        
        range 45 54 unexpectedAwait 			45 54
        /tmp/adamic-gate/TestMutantswrong-enclosing-scope634634462/007/generated-6.ts:1:57
          no-inner-declarations  Move function declaration to program root. A declaration written inside a block does not belong to that block: `var` reaches the whole enclosing function regardless of the braces around it, and a hoisted function binding has been three different things across engines and editions. Writing it at the root says what actually happens.
        
        range 56 91 moveDeclToRoot 			56 91
        /tmp/adamic-gate/TestMutantswrong-enclosing-scope634634462/007/generated-6.ts:1:94
          no-with  A `with` block splices an object's properties into the local scope, so a bare name inside it cannot be resolved by reading the code: whether `x` means the object's property or an outer variable is decided at runtime by what the object happens to hold. That defeats the checker and every reader. Bind what you need to a name instead, as in `const { x, y } = point;`.
=== RUN   TestMutants/configured-restriction-ignored
    lint_test.go:781: configured-restriction-ignored caught on Node: case 145 line 2762: port "fixed\tfoo.bar;\\u000a", Go "/tmp/adamic-gate/TestMutantsconfigured-restriction-ignored1516654931/016/no-restricted-properties-0.ts:1:1"
        Go context:
          no-return-assign  This return statement assigns rather than returns a value it already has, so it does two things at once and the assignment is the one the reader is likeliest to miss. It is usually a `==` typed as `=`, and where it is deliberate it reads as a value being returned rather than as a write happening on the way out. Assign on its own line and return the variable, or wrap the assignment in its own parentheses to say the write was meant.
        
        range 643 661 returnAssignment 			643 661
        fixed	interface Bare { n: number }; interface WrongType { value: number }; type Alias = string; const Choice={Yes:'Yes'} as const; function guard(x: unknown): x is string { return true; } console.log('one'); console['warn']('two'); let count=0; count++; for(let i=0;i<3;i++){count++;} interface CallableType { method(value: string): number; readonly property: (value: string) => number; } enum Direction { Left=1, Right=Left|2, Other=compute() } let boxed: Number; class Thing implements Boolean {} if(!flag){doOne();}else{doTwo();} const chosen=!flag?left:right; const assigning=()=>left=right; const wrapped=()=>(left=right); function returning(){return left=right;}\u000a
        case 145
        /tmp/adamic-gate/TestMutantsconfigured-restriction-ignored1516654931/016/no-restricted-properties-0.ts:1:1
          no-restricted-properties  `foo.bar` is restricted from being used.
        
        range 0 7 restrictedObjectProperty 			0 7
        fixed	foo.bar;\u000a
    lint_test.go:781: configured-restriction-ignored caught on emitted JavaScript: case 145 line 2762: port "fixed\tfoo.bar;\\u000a", Go "/tmp/adamic-gate/TestMutantsconfigured-restriction-ignored1516654931/016/no-restricted-properties-0.ts:1:1"
        Go context:
          no-return-assign  This return statement assigns rather than returns a value it already has, so it does two things at once and the assignment is the one the reader is likeliest to miss. It is usually a `==` typed as `=`, and where it is deliberate it reads as a value being returned rather than as a write happening on the way out. Assign on its own line and return the variable, or wrap the assignment in its own parentheses to say the write was meant.
        
        range 643 661 returnAssignment 			643 661
        fixed	interface Bare { n: number }; interface WrongType { value: number }; type Alias = string; const Choice={Yes:'Yes'} as const; function guard(x: unknown): x is string { return true; } console.log('one'); console['warn']('two'); let count=0; count++; for(let i=0;i<3;i++){count++;} interface CallableType { method(value: string): number; readonly property: (value: string) => number; } enum Direction { Left=1, Right=Left|2, Other=compute() } let boxed: Number; class Thing implements Boolean {} if(!flag){doOne();}else{doTwo();} const chosen=!flag?left:right; const assigning=()=>left=right; const wrapped=()=>(left=right); function returning(){return left=right;}\u000a
        case 145
        /tmp/adamic-gate/TestMutantsconfigured-restriction-ignored1516654931/016/no-restricted-properties-0.ts:1:1
          no-restricted-properties  `foo.bar` is restricted from being used.
        
        range 0 7 restrictedObjectProperty 			0 7
        fixed	foo.bar;\u000a
    lint_test.go:781: configured-restriction-ignored caught on native: case 145 line 2762: port "fixed\tfoo.bar;\\u000a", Go "/tmp/adamic-gate/TestMutantsconfigured-restriction-ignored1516654931/016/no-restricted-properties-0.ts:1:1"
        Go context:
          no-return-assign  This return statement assigns rather than returns a value it already has, so it does two things at once and the assignment is the one the reader is likeliest to miss. It is usually a `==` typed as `=`, and where it is deliberate it reads as a value being returned rather than as a write happening on the way out. Assign on its own line and return the variable, or wrap the assignment in its own parentheses to say the write was meant.
        
        range 643 661 returnAssignment 			643 661
        fixed	interface Bare { n: number }; interface WrongType { value: number }; type Alias = string; const Choice={Yes:'Yes'} as const; function guard(x: unknown): x is string { return true; } console.log('one'); console['warn']('two'); let count=0; count++; for(let i=0;i<3;i++){count++;} interface CallableType { method(value: string): number; readonly property: (value: string) => number; } enum Direction { Left=1, Right=Left|2, Other=compute() } let boxed: Number; class Thing implements Boolean {} if(!flag){doOne();}else{doTwo();} const chosen=!flag?left:right; const assigning=()=>left=right; const wrapped=()=>(left=right); function returning(){return left=right;}\u000a
        case 145
        /tmp/adamic-gate/TestMutantsconfigured-restriction-ignored1516654931/016/no-restricted-properties-0.ts:1:1
          no-restricted-properties  `foo.bar` is restricted from being used.
        
        range 0 7 restrictedObjectProperty 			0 7
        fixed	foo.bar;\u000a
=== RUN   TestMutants/report-left-reference
    lint_test.go:781: report-left-reference caught on Node: case 145 line 2762: port "/tmp/adamic-gate/TestMutantsreport-left-reference3073009928/016/no-self-assign-0.ts:1:1", Go "/tmp/adamic-gate/TestMutantsreport-left-reference3073009928/016/no-self-assign-0.ts:1:9"
        Go context:
          no-return-assign  This return statement assigns rather than returns a value it already has, so it does two things at once and the assignment is the one the reader is likeliest to miss. It is usually a `==` typed as `=`, and where it is deliberate it reads as a value being returned rather than as a write happening on the way out. Assign on its own line and return the variable, or wrap the assignment in its own parentheses to say the write was meant.
        
        range 643 661 returnAssignment 			643 661
        fixed	interface Bare { n: number }; interface WrongType { value: number }; type Alias = string; const Choice={Yes:'Yes'} as const; function guard(x: unknown): x is string { return true; } console.log('one'); console['warn']('two'); let count=0; count++; for(let i=0;i<3;i++){count++;} interface CallableType { method(value: string): number; readonly property: (value: string) => number; } enum Direction { Left=1, Right=Left|2, Other=compute() } let boxed: Number; class Thing implements Boolean {} if(!flag){doOne();}else{doTwo();} const chosen=!flag?left:right; const assigning=()=>left=right; const wrapped=()=>(left=right); function returning(){return left=right;}\u000a
        case 145
        /tmp/adamic-gate/TestMutantsreport-left-reference3073009928/016/no-self-assign-0.ts:1:9
          no-self-assign  This assigns a value to itself, so it does nothing. The statement is not merely redundant: it is almost always a typo for an assignment that was meant to happen, so the value the author intended to write is still missing and nothing reports that it is.
        
        range 8 13 selfAssignment 			8 13
        fixed	value = value;\u000a
    lint_test.go:781: report-left-reference caught on emitted JavaScript: case 145 line 2762: port "/tmp/adamic-gate/TestMutantsreport-left-reference3073009928/016/no-self-assign-0.ts:1:1", Go "/tmp/adamic-gate/TestMutantsreport-left-reference3073009928/016/no-self-assign-0.ts:1:9"
        Go context:
          no-return-assign  This return statement assigns rather than returns a value it already has, so it does two things at once and the assignment is the one the reader is likeliest to miss. It is usually a `==` typed as `=`, and where it is deliberate it reads as a value being returned rather than as a write happening on the way out. Assign on its own line and return the variable, or wrap the assignment in its own parentheses to say the write was meant.
        
        range 643 661 returnAssignment 			643 661
        fixed	interface Bare { n: number }; interface WrongType { value: number }; type Alias = string; const Choice={Yes:'Yes'} as const; function guard(x: unknown): x is string { return true; } console.log('one'); console['warn']('two'); let count=0; count++; for(let i=0;i<3;i++){count++;} interface CallableType { method(value: string): number; readonly property: (value: string) => number; } enum Direction { Left=1, Right=Left|2, Other=compute() } let boxed: Number; class Thing implements Boolean {} if(!flag){doOne();}else{doTwo();} const chosen=!flag?left:right; const assigning=()=>left=right; const wrapped=()=>(left=right); function returning(){return left=right;}\u000a
        case 145
        /tmp/adamic-gate/TestMutantsreport-left-reference3073009928/016/no-self-assign-0.ts:1:9
          no-self-assign  This assigns a value to itself, so it does nothing. The statement is not merely redundant: it is almost always a typo for an assignment that was meant to happen, so the value the author intended to write is still missing and nothing reports that it is.
        
        range 8 13 selfAssignment 			8 13
        fixed	value = value;\u000a
    lint_test.go:781: report-left-reference caught on native: case 145 line 2762: port "/tmp/adamic-gate/TestMutantsreport-left-reference3073009928/016/no-self-assign-0.ts:1:1", Go "/tmp/adamic-gate/TestMutantsreport-left-reference3073009928/016/no-self-assign-0.ts:1:9"
        Go context:
          no-return-assign  This return statement assigns rather than returns a value it already has, so it does two things at once and the assignment is the one the reader is likeliest to miss. It is usually a `==` typed as `=`, and where it is deliberate it reads as a value being returned rather than as a write happening on the way out. Assign on its own line and return the variable, or wrap the assignment in its own parentheses to say the write was meant.
        
        range 643 661 returnAssignment 			643 661
        fixed	interface Bare { n: number }; interface WrongType { value: number }; type Alias = string; const Choice={Yes:'Yes'} as const; function guard(x: unknown): x is string { return true; } console.log('one'); console['warn']('two'); let count=0; count++; for(let i=0;i<3;i++){count++;} interface CallableType { method(value: string): number; readonly property: (value: string) => number; } enum Direction { Left=1, Right=Left|2, Other=compute() } let boxed: Number; class Thing implements Boolean {} if(!flag){doOne();}else{doTwo();} const chosen=!flag?left:right; const assigning=()=>left=right; const wrapped=()=>(left=right); function returning(){return left=right;}\u000a
        case 145
        /tmp/adamic-gate/TestMutantsreport-left-reference3073009928/016/no-self-assign-0.ts:1:9
          no-self-assign  This assigns a value to itself, so it does nothing. The statement is not merely redundant: it is almost always a typo for an assignment that was meant to happen, so the value the author intended to write is still missing and nothing reports that it is.
        
        range 8 13 selfAssignment 			8 13
        fixed	value = value;\u000a
--- PASS: TestMutants (211.97s)
    --- PASS: TestMutants/wrong-diagnostic-id (30.02s)
    --- PASS: TestMutants/wrong-diagnostic-id#01 (29.53s)
    --- PASS: TestMutants/wrong-global-type-name (31.12s)
    --- PASS: TestMutants/omit-empty-export-fix (28.60s)
    --- PASS: TestMutants/wrong-enclosing-scope (29.35s)
    --- PASS: TestMutants/configured-restriction-ignored (29.87s)
    --- PASS: TestMutants/report-left-reference (30.82s)
PASS
ok  	github.com/system-inc/adamic/stage1/cohere/lint	211.986s
