=== RUN   TestNativeAgreesWithNode
=== PAUSE TestNativeAgreesWithNode
=== CONT  TestNativeAgreesWithNode
=== RUN   TestNativeAgreesWithNode/internal/oracle/testdata/lent_reads.a
=== PAUSE TestNativeAgreesWithNode/internal/oracle/testdata/lent_reads.a
=== CONT  TestNativeAgreesWithNode/internal/oracle/testdata/lent_reads.a
    oracle_test.go:743: the release build: exit codes differ
        sanitized: exit 1, stdout "", stderr "=================================================================\n==1167955==ERROR: AddressSanitizer: heap-use-after-free on address 0x7b816c3e00b0 at pc 0x5609d44c7c39 bp 0x7ffd825a9500 sp 0x7ffd825a94f8\nREAD of size 8 at 0x7b816c3e00b0 thread T0\n    #0 0x5609d44c7c38 in adamic_string_char_code_at /home/agent/.cache/adamic/runtime/bcafbbade1426490f2bb7066424c227b0d94d54e4a0fe3afdd360e0a72e265b6/adamic.h:660:14\n    #1 0x5609d44c6bc4 in main /tmp/adamic-gate/adamic-build-2064675241/main.c:143:31\n    #2 0x7f116d334ca7  (/lib/x86_64-linux-gnu/libc.so.6+0x29ca7) (BuildId: c495b62edadd6c356265942ec1282d98058a7b41)\n    #3 0x7f116d334d64 in __libc_start_main (/lib/x86_64-linux-gnu/libc.so.6+0x29d64) (BuildId: c495b62edadd6c356265942ec1282d98058a7b41)\n    #4 0x5609d43e0450 in _start (/tmp/adamic-gate/TestNativeAgreesWithNodeinternaloracletestdatalent_reads.a3053950023/002/program+0x50450)\n\n0x7b816c3e00b0 is located 32 bytes inside of 68-byte region [0x7b816c3e0090,0x7b816c3e00d4)\nfreed by thread T0 here:\n    #0 0x5609d4482fc6 in free /home/runner/work/llvm-project/llvm-project/compiler-rt/lib/asan/asan_malloc_linux.cpp:51:3\n    #1 0x5609d44dbcb3 in deallocate /home/agent/.cache/adamic/runtime/.build-3535107810/heap.c:212:3\n    #2 0x5609d44dbcb3 in free_one /home/agent/.cache/adamic/runtime/.build-3535107810/heap.c:344:2\n    #3 0x5609d44dbcb3 in release_last /home/agent/.cache/adamic/runtime/.build-3535107810/heap.c:357:3\n    #4 0x5609d44c6bb8 in main /tmp/adamic-gate/adamic-build-2064675241/main.c:142:31\n    #5 0x7f116d334ca7  (/lib/x86_64-linux-gnu/libc.so.6+0x29ca7) (BuildId: c495b62edadd6c356265942ec1282d98058a7b41)\n\npreviously allocated by thread T0 here:\n    #0 0x5609d4483264 in malloc /home/runner/work/llvm-project/llvm-project/compiler-rt/lib/asan/asan_malloc_linux.cpp:67:3\n    #1 0x5609d44daebf in adamic_allocate /home/agent/.cache/adamic/runtime/.build-3535107810/heap.c:196:10\n\nSUMMARY: AddressSanitizer: heap-use-after-free /home/agent/.cache/adamic/runtime/bcafbbade1426490f2bb7066424c227b0d94d54e4a0fe3afdd360e0a72e265b6/adamic.h:660:14 in adamic_string_char_code_at\nShadow bytes around the buggy address:\n  0x7b816c3dfe00: 00 00 00 00 00 00 00 00 00 00 00 00 00 00 00 00\n  0x7b816c3dfe80: 00 00 00 00 00 00 00 00 00 00 00 00 00 00 00 00\n  0x7b816c3dff00: 00 00 00 00 00 00 00 00 00 00 00 00 00 00 00 00\n  0x7b816c3dff80: 00 00 00 00 00 00 00 00 00 00 00 00 00 00 00 00\n  0x7b816c3e0000: fa fa fa fa fd fd fd fd fd fd fd fd fd fa fa fa\n=>0x7b816c3e0080: fa fa fd fd fd fd[fd]fd fd fd fd fa fa fa fa fa\n  0x7b816c3e0100: fd fd fd fd fd fd fd fd fd fa fa fa fa fa 00 00\n  0x7b816c3e0180: 00 00 00 00 00 00 06 fa fa fa fa fa fd fd fd fd\n  0x7b816c3e0200: fd fd fd fd fd fa fa fa fa fa 00 00 00 00 00 00\n  0x7b816c3e0280: 00 00 04 fa fa fa fa fa fa fa fa fa fa fa fa fa\n  0x7b816c3e0300: fa fa fa fa fa fa fa fa fa fa fa fa fa fa fa fa\nShadow byte legend (one shadow byte represents 8 application bytes):\n  Addressable:           00\n  Partially addressable: 01 02 03 04 05 06 07 \n  Heap left redzone:       fa\n  Freed heap region:       fd\n  Stack left redzone:      f1\n  Stack mid redzone:       f2\n  Stack right redzone:     f3\n  Stack after return:      f5\n  Stack use after scope:   f8\n  Global redzone:          f9\n  Global init order:       f6\n  Poisoned by user:        f7\n  Container overflow:      fc\n  Array cookie:            ac\n  Intra object redzone:    bb\n  ASan internal:           fe\n  Left alloca redzone:     ca\n  Right alloca redzone:    cb\n==1167955==ABORTING\n"
        release:   exit 0, stdout "97 xyz2\n97 xyz2\n105 other4\n6 other4\n98 relabeled6\n125 th\n", stderr ""
    oracle_test.go:759: exit codes differ
        node:   exit 0, stdout "97 xyz2\n97 xyz2\n105 other4\n6 other4\n98 relabeled6\n125 th\n", stderr ""
        native: exit 1, stdout "", stderr "=================================================================\n==1167955==ERROR: AddressSanitizer: heap-use-after-free on address 0x7b816c3e00b0 at pc 0x5609d44c7c39 bp 0x7ffd825a9500 sp 0x7ffd825a94f8\nREAD of size 8 at 0x7b816c3e00b0 thread T0\n    #0 0x5609d44c7c38 in adamic_string_char_code_at /home/agent/.cache/adamic/runtime/bcafbbade1426490f2bb7066424c227b0d94d54e4a0fe3afdd360e0a72e265b6/adamic.h:660:14\n    #1 0x5609d44c6bc4 in main /tmp/adamic-gate/adamic-build-2064675241/main.c:143:31\n    #2 0x7f116d334ca7  (/lib/x86_64-linux-gnu/libc.so.6+0x29ca7) (BuildId: c495b62edadd6c356265942ec1282d98058a7b41)\n    #3 0x7f116d334d64 in __libc_start_main (/lib/x86_64-linux-gnu/libc.so.6+0x29d64) (BuildId: c495b62edadd6c356265942ec1282d98058a7b41)\n    #4 0x5609d43e0450 in _start (/tmp/adamic-gate/TestNativeAgreesWithNodeinternaloracletestdatalent_reads.a3053950023/002/program+0x50450)\n\n0x7b816c3e00b0 is located 32 bytes inside of 68-byte region [0x7b816c3e0090,0x7b816c3e00d4)\nfreed by thread T0 here:\n    #0 0x5609d4482fc6 in free /home/runner/work/llvm-project/llvm-project/compiler-rt/lib/asan/asan_malloc_linux.cpp:51:3\n    #1 0x5609d44dbcb3 in deallocate /home/agent/.cache/adamic/runtime/.build-3535107810/heap.c:212:3\n    #2 0x5609d44dbcb3 in free_one /home/agent/.cache/adamic/runtime/.build-3535107810/heap.c:344:2\n    #3 0x5609d44dbcb3 in release_last /home/agent/.cache/adamic/runtime/.build-3535107810/heap.c:357:3\n    #4 0x5609d44c6bb8 in main /tmp/adamic-gate/adamic-build-2064675241/main.c:142:31\n    #5 0x7f116d334ca7  (/lib/x86_64-linux-gnu/libc.so.6+0x29ca7) (BuildId: c495b62edadd6c356265942ec1282d98058a7b41)\n\npreviously allocated by thread T0 here:\n    #0 0x5609d4483264 in malloc /home/runner/work/llvm-project/llvm-project/compiler-rt/lib/asan/asan_malloc_linux.cpp:67:3\n    #1 0x5609d44daebf in adamic_allocate /home/agent/.cache/adamic/runtime/.build-3535107810/heap.c:196:10\n\nSUMMARY: AddressSanitizer: heap-use-after-free /home/agent/.cache/adamic/runtime/bcafbbade1426490f2bb7066424c227b0d94d54e4a0fe3afdd360e0a72e265b6/adamic.h:660:14 in adamic_string_char_code_at\nShadow bytes around the buggy address:\n  0x7b816c3dfe00: 00 00 00 00 00 00 00 00 00 00 00 00 00 00 00 00\n  0x7b816c3dfe80: 00 00 00 00 00 00 00 00 00 00 00 00 00 00 00 00\n  0x7b816c3dff00: 00 00 00 00 00 00 00 00 00 00 00 00 00 00 00 00\n  0x7b816c3dff80: 00 00 00 00 00 00 00 00 00 00 00 00 00 00 00 00\n  0x7b816c3e0000: fa fa fa fa fd fd fd fd fd fd fd fd fd fa fa fa\n=>0x7b816c3e0080: fa fa fd fd fd fd[fd]fd fd fd fd fa fa fa fa fa\n  0x7b816c3e0100: fd fd fd fd fd fd fd fd fd fa fa fa fa fa 00 00\n  0x7b816c3e0180: 00 00 00 00 00 00 06 fa fa fa fa fa fd fd fd fd\n  0x7b816c3e0200: fd fd fd fd fd fa fa fa fa fa 00 00 00 00 00 00\n  0x7b816c3e0280: 00 00 04 fa fa fa fa fa fa fa fa fa fa fa fa fa\n  0x7b816c3e0300: fa fa fa fa fa fa fa fa fa fa fa fa fa fa fa fa\nShadow byte legend (one shadow byte represents 8 application bytes):\n  Addressable:           00\n  Partially addressable: 01 02 03 04 05 06 07 \n  Heap left redzone:       fa\n  Freed heap region:       fd\n  Stack left redzone:      f1\n  Stack mid redzone:       f2\n  Stack right redzone:     f3\n  Stack after return:      f5\n  Stack use after scope:   f8\n  Global redzone:          f9\n  Global init order:       f6\n  Poisoned by user:        f7\n  Container overflow:      fc\n  Array cookie:            ac\n  Intra object redzone:    bb\n  ASan internal:           fe\n  Left alloca redzone:     ca\n  Right alloca redzone:    cb\n==1167955==ABORTING\n"
    oracle_test.go:772: leaks:
        exit 1
        =================================================================
        ==1167962==ERROR: AddressSanitizer: heap-use-after-free on address 0x7c35311e00b0 at pc 0x55b3ad54ec39 bp 0x7ffd62951b60 sp 0x7ffd62951b58
        READ of size 8 at 0x7c35311e00b0 thread T0
            #0 0x55b3ad54ec38 in adamic_string_char_code_at /home/agent/.cache/adamic/runtime/bcafbbade1426490f2bb7066424c227b0d94d54e4a0fe3afdd360e0a72e265b6/adamic.h:660:14
            #1 0x55b3ad54dbc4 in main /tmp/adamic-gate/adamic-build-2064675241/main.c:143:31
            #2 0x7fc5320b8ca7  (/lib/x86_64-linux-gnu/libc.so.6+0x29ca7) (BuildId: c495b62edadd6c356265942ec1282d98058a7b41)
            #3 0x7fc5320b8d64 in __libc_start_main (/lib/x86_64-linux-gnu/libc.so.6+0x29d64) (BuildId: c495b62edadd6c356265942ec1282d98058a7b41)
            #4 0x55b3ad467450 in _start (/tmp/adamic-gate/TestNativeAgreesWithNodeinternaloracletestdatalent_reads.a3053950023/002/program+0x50450)
        
        0x7c35311e00b0 is located 32 bytes inside of 68-byte region [0x7c35311e0090,0x7c35311e00d4)
        freed by thread T0 here:
            #0 0x55b3ad509fc6 in free /home/runner/work/llvm-project/llvm-project/compiler-rt/lib/asan/asan_malloc_linux.cpp:51:3
            #1 0x55b3ad562cb3 in deallocate /home/agent/.cache/adamic/runtime/.build-3535107810/heap.c:212:3
            #2 0x55b3ad562cb3 in free_one /home/agent/.cache/adamic/runtime/.build-3535107810/heap.c:344:2
            #3 0x55b3ad562cb3 in release_last /home/agent/.cache/adamic/runtime/.build-3535107810/heap.c:357:3
            #4 0x55b3ad54dbb8 in main /tmp/adamic-gate/adamic-build-2064675241/main.c:142:31
            #5 0x7fc5320b8ca7  (/lib/x86_64-linux-gnu/libc.so.6+0x29ca7) (BuildId: c495b62edadd6c356265942ec1282d98058a7b41)
        
        previously allocated by thread T0 here:
            #0 0x55b3ad50a264 in malloc /home/runner/work/llvm-project/llvm-project/compiler-rt/lib/asan/asan_malloc_linux.cpp:67:3
            #1 0x55b3ad561ebf in adamic_allocate /home/agent/.cache/adamic/runtime/.build-3535107810/heap.c:196:10
        
        SUMMARY: AddressSanitizer: heap-use-after-free /home/agent/.cache/adamic/runtime/bcafbbade1426490f2bb7066424c227b0d94d54e4a0fe3afdd360e0a72e265b6/adamic.h:660:14 in adamic_string_char_code_at
        Shadow bytes around the buggy address:
          0x7c35311dfe00: 00 00 00 00 00 00 00 00 00 00 00 00 00 00 00 00
          0x7c35311dfe80: 00 00 00 00 00 00 00 00 00 00 00 00 00 00 00 00
          0x7c35311dff00: 00 00 00 00 00 00 00 00 00 00 00 00 00 00 00 00
          0x7c35311dff80: 00 00 00 00 00 00 00 00 00 00 00 00 00 00 00 00
          0x7c35311e0000: fa fa fa fa fd fd fd fd fd fd fd fd fd fa fa fa
        =>0x7c35311e0080: fa fa fd fd fd fd[fd]fd fd fd fd fa fa fa fa fa
          0x7c35311e0100: fd fd fd fd fd fd fd fd fd fa fa fa fa fa 00 00
          0x7c35311e0180: 00 00 00 00 00 00 06 fa fa fa fa fa fd fd fd fd
          0x7c35311e0200: fd fd fd fd fd fa fa fa fa fa 00 00 00 00 00 00
          0x7c35311e0280: 00 00 04 fa fa fa fa fa fa fa fa fa fa fa fa fa
          0x7c35311e0300: fa fa fa fa fa fa fa fa fa fa fa fa fa fa fa fa
        Shadow byte legend (one shadow byte represents 8 application bytes):
          Addressable:           00
          Partially addressable: 01 02 03 04 05 06 07 
          Heap left redzone:       fa
          Freed heap region:       fd
          Stack left redzone:      f1
          Stack mid redzone:       f2
          Stack right redzone:     f3
          Stack after return:      f5
          Stack use after scope:   f8
          Global redzone:          f9
          Global init order:       f6
          Poisoned by user:        f7
          Container overflow:      fc
          Array cookie:            ac
          Intra object redzone:    bb
          ASan internal:           fe
          Left alloca redzone:     ca
          Right alloca redzone:    cb
        ==1167962==ABORTING
--- FAIL: TestNativeAgreesWithNode (0.05s)
    --- FAIL: TestNativeAgreesWithNode/internal/oracle/testdata/lent_reads.a (1.03s)
FAIL
gate cache: native hits=0 misses=3
gate cache: node hits=0 misses=2
gate cache: probe hits=0 misses=0
FAIL	github.com/system-inc/adamic/internal/oracle	1.095s
FAIL
