=== RUN   TestRulesAgree
    lint_test.go:367: checker compilation phases: load=213.648703ms lower=3.991542073s C=722.936539ms JavaScript=36.850717ms
    lint_test.go:367: checker native build: 1m15.227779784s
    lint_test.go:290: capture unexpectedly small: 126 cases
--- FAIL: TestRulesAgree (372.87s)
=== RUN   TestMutants
=== RUN   TestMutants/operator-assignment-reversed-fix
=== PAUSE TestMutants/operator-assignment-reversed-fix
=== CONT  TestMutants/operator-assignment-reversed-fix
    lint_test.go:832: checker compilation phases: load=219.390517ms lower=4.495551119s C=893.518419ms JavaScript=48.09046ms
    lint_test.go:832: checker native mutant build: 10.372537692s
    lint_test.go:855: operator-assignment-reversed-fix caught on Node: case 85 line 4374: port "range 11 20 replaced fix\tx *= x\t\t11 20", Go "range 11 20 replaced \t\t\t11 20"
        Go context:
        
        range 0 9 replaced fix	x += y		0 9
        /tmp/adamic-gate/TestMutantsoperator-assignment-reversed-fix3514336518/016/operator-assignment-0.ts:2:1
          operator-assignment  Assignment (=) can be replaced with operator assignment (*=). Writing the target twice makes a reader check that the two spellings match, and a later rename of one and not the other is a bug the shorthand cannot express.
        
        range 11 20 replaced 			11 20
        /tmp/adamic-gate/TestMutantsoperator-assignment-reversed-fix3514336518/016/operator-assignment-0.ts:3:1
          operator-assignment  Assignment (=) can be replaced with operator assignment (+=). Writing the target twice makes a reader check that the two spellings match, and a later rename of one and not the other is a bug the shorthand cannot express.
        
        range 22 37 replaced 			22 37
    lint_test.go:855: operator-assignment-reversed-fix caught on emitted JavaScript: case 85 line 4374: port "range 11 20 replaced fix\tx *= x\t\t11 20", Go "range 11 20 replaced \t\t\t11 20"
        Go context:
        
        range 0 9 replaced fix	x += y		0 9
        /tmp/adamic-gate/TestMutantsoperator-assignment-reversed-fix3514336518/016/operator-assignment-0.ts:2:1
          operator-assignment  Assignment (=) can be replaced with operator assignment (*=). Writing the target twice makes a reader check that the two spellings match, and a later rename of one and not the other is a bug the shorthand cannot express.
        
        range 11 20 replaced 			11 20
        /tmp/adamic-gate/TestMutantsoperator-assignment-reversed-fix3514336518/016/operator-assignment-0.ts:3:1
          operator-assignment  Assignment (=) can be replaced with operator assignment (+=). Writing the target twice makes a reader check that the two spellings match, and a later rename of one and not the other is a bug the shorthand cannot express.
        
        range 22 37 replaced 			22 37
    lint_test.go:855: operator-assignment-reversed-fix caught on native: case 85 line 4374: port "range 11 20 replaced fix\tx *= x\t\t11 20", Go "range 11 20 replaced \t\t\t11 20"
        Go context:
        
        range 0 9 replaced fix	x += y		0 9
        /tmp/adamic-gate/TestMutantsoperator-assignment-reversed-fix3514336518/016/operator-assignment-0.ts:2:1
          operator-assignment  Assignment (=) can be replaced with operator assignment (*=). Writing the target twice makes a reader check that the two spellings match, and a later rename of one and not the other is a bug the shorthand cannot express.
        
        range 11 20 replaced 			11 20
        /tmp/adamic-gate/TestMutantsoperator-assignment-reversed-fix3514336518/016/operator-assignment-0.ts:3:1
          operator-assignment  Assignment (=) can be replaced with operator assignment (+=). Writing the target twice makes a reader check that the two spellings match, and a later rename of one and not the other is a bug the shorthand cannot express.
        
        range 22 37 replaced 			22 37
--- PASS: TestMutants (0.02s)
    --- PASS: TestMutants/operator-assignment-reversed-fix (19.24s)
=== RUN   TestOwnedWitnesses
    registration_test.go:71: checker native build: 23.836642ms
    registration_test.go:71: Go, Node, emitted JavaScript, native identical: 12847 bytes
--- PASS: TestOwnedWitnesses (1.60s)
FAIL
FAIL	github.com/system-inc/adamic/stage1/cohere/lint	393.827s
FAIL
