--- FAIL: TestRulesAgree (59.24s)
    lint_test.go:399: cohere cases: 2371 unique source/rule/options combinations
    lint_test.go:432: EXPLICIT LIMIT: parser recovery is not ported for /tmp/adamic-gate/TestRulesAgree3522100511/019/case-188/Thing.ts	@typescript-eslint/method-signature-style			false	{"Style":"method"}	unsupported-recovery
    lint_test.go:433: Go recovered output: case 0
        recovery findings only
    lint_test.go:433: explicit unsupported recovery: /tmp/adamic-gate/TestRulesAgree3522100511/003/scanner: timeout=false: exit status 70: adamic: panic: parser slice expected OpenBraceToken, got EndOfFile at 11 in /tmp/adamic-gate/TestRulesAgree3522100511/019/case-188/Thing.ts
    lint_test.go:433: explicit unsupported recovery: node: timeout=false: exit status 70: adamic: panic: parser slice expected OpenBraceToken, got EndOfFile at 11 in /tmp/adamic-gate/TestRulesAgree3522100511/019/case-188/Thing.ts
    lint_test.go:432: EXPLICIT LIMIT: parser recovery is not ported for /tmp/adamic-gate/TestRulesAgree3522100511/019/case-190/Thing.ts	@typescript-eslint/method-signature-style			false	{"Style":"method"}	unsupported-recovery
    lint_test.go:433: Go recovered output: case 0
        recovery findings only
    lint_test.go:433: explicit unsupported recovery: /tmp/adamic-gate/TestRulesAgree3522100511/003/scanner: timeout=true: signal: killed: 
    lint_test.go:433: explicit unsupported recovery: node: timeout=true: signal: killed: 
    lint_test.go:432: EXPLICIT LIMIT: parser recovery is not ported for /tmp/adamic-gate/TestRulesAgree3522100511/019/case-194/Thing.ts	@typescript-eslint/method-signature-style			false	{"Style":"method"}	unsupported-recovery
    lint_test.go:433: Go recovered output: case 0
        recovery findings only
    lint_test.go:433: explicit unsupported recovery: /tmp/adamic-gate/TestRulesAgree3522100511/003/scanner: timeout=false: exit status 70: adamic: panic: parser slice expected GreaterThanToken, got Identifier at 17 in /tmp/adamic-gate/TestRulesAgree3522100511/019/case-194/Thing.ts
    lint_test.go:433: explicit unsupported recovery: node: timeout=false: exit status 70: adamic: panic: parser slice expected GreaterThanToken, got Identifier at 17 in /tmp/adamic-gate/TestRulesAgree3522100511/019/case-194/Thing.ts
    lint_test.go:432: EXPLICIT LIMIT: parser recovery is not ported for /tmp/adamic-gate/TestRulesAgree3522100511/019/case-195/Thing.ts	@typescript-eslint/method-signature-style			false	{"Style":"method"}	unsupported-recovery
    lint_test.go:433: Go recovered output: case 0
        recovery findings only
    lint_test.go:433: explicit unsupported recovery: /tmp/adamic-gate/TestRulesAgree3522100511/003/scanner: timeout=false: exit status 70: adamic: panic: parser slice expected GreaterThanToken, got OpenParenToken at 17 in /tmp/adamic-gate/TestRulesAgree3522100511/019/case-195/Thing.ts
    lint_test.go:433: explicit unsupported recovery: node: timeout=false: exit status 70: adamic: panic: parser slice expected GreaterThanToken, got OpenParenToken at 17 in /tmp/adamic-gate/TestRulesAgree3522100511/019/case-195/Thing.ts
    lint_test.go:432: EXPLICIT LIMIT: parser recovery is not ported for /tmp/adamic-gate/TestRulesAgree3522100511/019/case-204/Thing.ts	@typescript-eslint/method-signature-style			false	{"Style":"property"}	unsupported-recovery
    lint_test.go:433: Go recovered output: case 0
        recovery findings only
    lint_test.go:433: explicit unsupported recovery: /tmp/adamic-gate/TestRulesAgree3522100511/003/scanner: timeout=false: exit status 70: adamic: panic: parser slice expected OpenBraceToken, got EndOfFile at 11 in /tmp/adamic-gate/TestRulesAgree3522100511/019/case-204/Thing.ts
    lint_test.go:433: explicit unsupported recovery: node: timeout=false: exit status 70: adamic: panic: parser slice expected OpenBraceToken, got EndOfFile at 11 in /tmp/adamic-gate/TestRulesAgree3522100511/019/case-204/Thing.ts
    lint_test.go:432: EXPLICIT LIMIT: parser recovery is not ported for /tmp/adamic-gate/TestRulesAgree3522100511/019/case-206/Thing.ts	@typescript-eslint/method-signature-style			false	{"Style":"property"}	unsupported-recovery
    lint_test.go:433: Go recovered output: case 0
        /tmp/adamic-gate/TestRulesAgree3522100511/019/case-206/Thing.ts:1:15
          @typescript-eslint/method-signature-style  This is written as a shorthand method signature, which TypeScript checks bivariantly: a parameter can be narrowed by an implementer and the compiler will not object, so a call that type-checks can still be wrong at runtime. A function property is checked the strict way and catches that.
        
        range 14 33 errorMethod fix	m: (a: string) => void;		14 33
        recovery findings only
    lint_test.go:433: explicit unsupported recovery: /tmp/adamic-gate/TestRulesAgree3522100511/003/scanner: timeout=true: signal: killed: 
    lint_test.go:433: explicit unsupported recovery: node: timeout=true: signal: killed: 
    lint_test.go:432: EXPLICIT LIMIT: parser recovery is not ported for /tmp/adamic-gate/TestRulesAgree3522100511/019/case-208/Thing.ts	@typescript-eslint/method-signature-style			false	{"Style":"property"}	unsupported-recovery
    lint_test.go:433: Go recovered output: case 0
        /tmp/adamic-gate/TestRulesAgree3522100511/019/case-208/Thing.ts:1:15
          @typescript-eslint/method-signature-style  This is written as a shorthand method signature, which TypeScript checks bivariantly: a parameter can be narrowed by an implementer and the compiler will not object, so a call that type-checks can still be wrong at runtime. A function property is checked the strict way and catches that.
        
        range 14 34 errorMethod fix	m: (a: string) => void;		14 34
        recovery findings only
    lint_test.go:433: explicit unsupported recovery: /tmp/adamic-gate/TestRulesAgree3522100511/003/scanner: timeout=false: exit status 70: adamic: panic: parser slice expected GreaterThanToken, got Identifier at 17 in /tmp/adamic-gate/TestRulesAgree3522100511/019/case-208/Thing.ts
    lint_test.go:433: explicit unsupported recovery: node: timeout=false: exit status 70: adamic: panic: parser slice expected GreaterThanToken, got Identifier at 17 in /tmp/adamic-gate/TestRulesAgree3522100511/019/case-208/Thing.ts
    lint_test.go:432: EXPLICIT LIMIT: parser recovery is not ported for /tmp/adamic-gate/TestRulesAgree3522100511/019/case-209/Thing.ts	@typescript-eslint/method-signature-style			false	{"Style":"property"}	unsupported-recovery
    lint_test.go:433: Go recovered output: case 0
        /tmp/adamic-gate/TestRulesAgree3522100511/019/case-209/Thing.ts:1:15
          @typescript-eslint/method-signature-style  This is written as a shorthand method signature, which TypeScript checks bivariantly: a parameter can be narrowed by an implementer and the compiler will not object, so a call that type-checks can still be wrong at runtime. A function property is checked the strict way and catches that.
        
        range 14 27 errorMethod 			14 27
        recovery findings only
    lint_test.go:433: explicit unsupported recovery: /tmp/adamic-gate/TestRulesAgree3522100511/003/scanner: timeout=false: exit status 70: adamic: panic: parser slice expected GreaterThanToken, got OpenParenToken at 17 in /tmp/adamic-gate/TestRulesAgree3522100511/019/case-209/Thing.ts
    lint_test.go:433: explicit unsupported recovery: node: timeout=false: exit status 70: adamic: panic: parser slice expected GreaterThanToken, got OpenParenToken at 17 in /tmp/adamic-gate/TestRulesAgree3522100511/019/case-209/Thing.ts
    lint_test.go:438: Node: case 442 line 4147: port "range 50 61 functionTypeOverCallableType \t\t\t0 63", Go "range 50 61 functionTypeOverCallableType \t\t\t50 61"
        Go context:
        fixed	export type Foo<T> = (a: T) => void;\u000a
        case 442
        /tmp/adamic-gate/TestRulesAgree3522100511/019/case-305/FunctionTypes.ts:3:3
          @typescript-eslint/prefer-function-type  Interface only has a call signature, you should use a function type instead.
        
        range 50 61 functionTypeOverCallableType 			50 61
        fixed	export default interface Foo {\u000a  /** comment */\u000a  (): string;\u000a}\u000a
        case 443
        /tmp/adamic-gate/TestRulesAgree3522100511/019/case-306/FunctionTypes.ts:3:3
          @typescript-eslint/prefer-function-type  Interface only has a call signature, you should use a function type instead.
FAIL
FAIL	github.com/system-inc/adamic/stage1/cohere/lint	1102.583s
FAIL
