1/82 /tmp/adamic-gate/stage3-meter.PPaoOu/area-adapted/src/compiler/_namespaces/ts.moduleSpecifiers.ts checker 1.915s
2/82 /tmp/adamic-gate/stage3-meter.PPaoOu/area-adapted/src/compiler/_namespaces/ts.performance.ts checker 1.777s
3/82 /tmp/adamic-gate/stage3-meter.PPaoOu/area-adapted/src/compiler/_namespaces/ts.ts checker 1.831s
4/82 /tmp/adamic-gate/stage3-meter.PPaoOu/area-adapted/src/compiler/binder.ts checker 1.807s
5/82 /tmp/adamic-gate/stage3-meter.PPaoOu/area-adapted/src/compiler/builder.ts checker 1.769s
6/82 /tmp/adamic-gate/stage3-meter.PPaoOu/area-adapted/src/compiler/builderPublic.ts checker 1.812s
7/82 /tmp/adamic-gate/stage3-meter.PPaoOu/area-adapted/src/compiler/builderState.ts checker 1.879s
8/82 /tmp/adamic-gate/stage3-meter.PPaoOu/area-adapted/src/compiler/builderStatePublic.ts checker 1.847s
9/82 /tmp/adamic-gate/stage3-meter.PPaoOu/area-adapted/src/compiler/checker.ts checker 1.712s
10/82 /tmp/adamic-gate/stage3-meter.PPaoOu/area-adapted/src/compiler/commandLineParser.ts checker 1.738s
11/82 /tmp/adamic-gate/stage3-meter.PPaoOu/area-adapted/src/compiler/core.ts checker 1.733s
12/82 /tmp/adamic-gate/stage3-meter.PPaoOu/area-adapted/src/compiler/corePublic.ts Refused 0.024s
13/82 /tmp/adamic-gate/stage3-meter.PPaoOu/area-adapted/src/compiler/debug.ts checker 1.823s
14/82 /tmp/adamic-gate/stage3-meter.PPaoOu/area-adapted/src/compiler/diagnosticInformationMap.generated.ts checker 1.862s
15/82 /tmp/adamic-gate/stage3-meter.PPaoOu/area-adapted/src/compiler/diagnosticMessages.generated.json error 0.000s
16/82 /tmp/adamic-gate/stage3-meter.PPaoOu/area-adapted/src/compiler/diagnosticMessages.json error 0.000s
17/82 /tmp/adamic-gate/stage3-meter.PPaoOu/area-adapted/src/compiler/emitter.ts checker 2.043s
18/82 /tmp/adamic-gate/stage3-meter.PPaoOu/area-adapted/src/compiler/executeCommandLine.ts checker 2.124s
19/82 /tmp/adamic-gate/stage3-meter.PPaoOu/area-adapted/src/compiler/expressionToTypeNode.ts checker 1.808s
20/82 /tmp/adamic-gate/stage3-meter.PPaoOu/area-adapted/src/compiler/factory/baseNodeFactory.ts checker 1.814s
21/82 /tmp/adamic-gate/stage3-meter.PPaoOu/area-adapted/src/compiler/factory/emitHelpers.ts checker 1.915s
22/82 /tmp/adamic-gate/stage3-meter.PPaoOu/area-adapted/src/compiler/factory/emitNode.ts checker 1.779s
23/82 /tmp/adamic-gate/stage3-meter.PPaoOu/area-adapted/src/compiler/factory/nodeChildren.ts checker 1.805s
24/82 /tmp/adamic-gate/stage3-meter.PPaoOu/area-adapted/src/compiler/factory/nodeConverters.ts checker 1.729s
25/82 /tmp/adamic-gate/stage3-meter.PPaoOu/area-adapted/src/compiler/factory/nodeFactory.ts checker 1.666s
26/82 /tmp/adamic-gate/stage3-meter.PPaoOu/area-adapted/src/compiler/factory/nodeTests.ts checker 1.752s
27/82 /tmp/adamic-gate/stage3-meter.PPaoOu/area-adapted/src/compiler/factory/parenthesizerRules.ts checker 1.861s
28/82 /tmp/adamic-gate/stage3-meter.PPaoOu/area-adapted/src/compiler/factory/utilities.ts checker 1.731s
29/82 /tmp/adamic-gate/stage3-meter.PPaoOu/area-adapted/src/compiler/factory/utilitiesPublic.ts checker 1.707s
30/82 /tmp/adamic-gate/stage3-meter.PPaoOu/area-adapted/src/compiler/hostErrors.ts Refused 0.026s
31/82 /tmp/adamic-gate/stage3-meter.PPaoOu/area-adapted/src/compiler/moduleNameResolver.ts checker 1.694s
32/82 /tmp/adamic-gate/stage3-meter.PPaoOu/area-adapted/src/compiler/moduleSpecifiers.ts checker 1.668s
33/82 /tmp/adamic-gate/stage3-meter.PPaoOu/area-adapted/src/compiler/parser.ts checker 1.826s
34/82 /tmp/adamic-gate/stage3-meter.PPaoOu/area-adapted/src/compiler/path.ts checker 1.745s
35/82 /tmp/adamic-gate/stage3-meter.PPaoOu/area-adapted/src/compiler/performance.ts checker 1.763s
36/82 /tmp/adamic-gate/stage3-meter.PPaoOu/area-adapted/src/compiler/performanceCore.ts checker 1.705s
37/82 /tmp/adamic-gate/stage3-meter.PPaoOu/area-adapted/src/compiler/program.ts checker 1.749s
38/82 /tmp/adamic-gate/stage3-meter.PPaoOu/area-adapted/src/compiler/programDiagnostics.ts checker 1.707s
39/82 /tmp/adamic-gate/stage3-meter.PPaoOu/area-adapted/src/compiler/resolutionCache.ts checker 1.756s
40/82 /tmp/adamic-gate/stage3-meter.PPaoOu/area-adapted/src/compiler/scanner.ts checker 1.699s
41/82 /tmp/adamic-gate/stage3-meter.PPaoOu/area-adapted/src/compiler/semver.ts checker 1.751s
42/82 /tmp/adamic-gate/stage3-meter.PPaoOu/area-adapted/src/compiler/sourcemap.ts checker 1.764s
43/82 /tmp/adamic-gate/stage3-meter.PPaoOu/area-adapted/src/compiler/symbolWalker.ts checker 1.804s
44/82 /tmp/adamic-gate/stage3-meter.PPaoOu/area-adapted/src/compiler/sys.ts checker 1.742s
45/82 /tmp/adamic-gate/stage3-meter.PPaoOu/area-adapted/src/compiler/tracing.ts checker 2.028s
46/82 /tmp/adamic-gate/stage3-meter.PPaoOu/area-adapted/src/compiler/transformer.ts checker 1.809s
47/82 /tmp/adamic-gate/stage3-meter.PPaoOu/area-adapted/src/compiler/transformers/classFields.ts checker 1.883s
48/82 /tmp/adamic-gate/stage3-meter.PPaoOu/area-adapted/src/compiler/transformers/classThis.ts checker 1.775s
49/82 /tmp/adamic-gate/stage3-meter.PPaoOu/area-adapted/src/compiler/transformers/declarations.ts checker 1.758s
50/82 /tmp/adamic-gate/stage3-meter.PPaoOu/area-adapted/src/compiler/transformers/declarations/diagnostics.ts checker 1.706s
51/82 /tmp/adamic-gate/stage3-meter.PPaoOu/area-adapted/src/compiler/transformers/destructuring.ts checker 1.730s
52/82 /tmp/adamic-gate/stage3-meter.PPaoOu/area-adapted/src/compiler/transformers/es2015.ts checker 1.731s
53/82 /tmp/adamic-gate/stage3-meter.PPaoOu/area-adapted/src/compiler/transformers/es2016.ts checker 1.715s
54/82 /tmp/adamic-gate/stage3-meter.PPaoOu/area-adapted/src/compiler/transformers/es2017.ts checker 1.820s
55/82 /tmp/adamic-gate/stage3-meter.PPaoOu/area-adapted/src/compiler/transformers/es2018.ts checker 1.754s
56/82 /tmp/adamic-gate/stage3-meter.PPaoOu/area-adapted/src/compiler/transformers/es2019.ts checker 1.834s
57/82 /tmp/adamic-gate/stage3-meter.PPaoOu/area-adapted/src/compiler/transformers/es2020.ts checker 1.733s
58/82 /tmp/adamic-gate/stage3-meter.PPaoOu/area-adapted/src/compiler/transformers/es2021.ts checker 1.751s
59/82 /tmp/adamic-gate/stage3-meter.PPaoOu/area-adapted/src/compiler/transformers/esDecorators.ts checker 1.759s
60/82 /tmp/adamic-gate/stage3-meter.PPaoOu/area-adapted/src/compiler/transformers/esnext.ts checker 1.926s
61/82 /tmp/adamic-gate/stage3-meter.PPaoOu/area-adapted/src/compiler/transformers/generators.ts checker 1.817s
62/82 /tmp/adamic-gate/stage3-meter.PPaoOu/area-adapted/src/compiler/transformers/jsx.ts checker 1.815s
63/82 /tmp/adamic-gate/stage3-meter.PPaoOu/area-adapted/src/compiler/transformers/legacyDecorators.ts checker 1.808s
64/82 /tmp/adamic-gate/stage3-meter.PPaoOu/area-adapted/src/compiler/transformers/module/esnextAnd2015.ts checker 1.843s
65/82 /tmp/adamic-gate/stage3-meter.PPaoOu/area-adapted/src/compiler/transformers/module/impliedNodeFormatDependent.ts checker 1.919s
66/82 /tmp/adamic-gate/stage3-meter.PPaoOu/area-adapted/src/compiler/transformers/module/module.ts checker 1.855s
67/82 /tmp/adamic-gate/stage3-meter.PPaoOu/area-adapted/src/compiler/transformers/module/system.ts checker 1.878s
68/82 /tmp/adamic-gate/stage3-meter.PPaoOu/area-adapted/src/compiler/transformers/namedEvaluation.ts checker 1.803s
69/82 /tmp/adamic-gate/stage3-meter.PPaoOu/area-adapted/src/compiler/transformers/taggedTemplate.ts checker 1.810s
70/82 /tmp/adamic-gate/stage3-meter.PPaoOu/area-adapted/src/compiler/transformers/ts.ts checker 1.856s
71/82 /tmp/adamic-gate/stage3-meter.PPaoOu/area-adapted/src/compiler/transformers/typeSerializer.ts checker 1.718s
72/82 /tmp/adamic-gate/stage3-meter.PPaoOu/area-adapted/src/compiler/transformers/utilities.ts checker 1.819s
73/82 /tmp/adamic-gate/stage3-meter.PPaoOu/area-adapted/src/compiler/tsbuild.ts checker 1.833s
74/82 /tmp/adamic-gate/stage3-meter.PPaoOu/area-adapted/src/compiler/tsbuildPublic.ts checker 1.783s
75/82 /tmp/adamic-gate/stage3-meter.PPaoOu/area-adapted/src/compiler/tsconfig.json error 0.000s
76/82 /tmp/adamic-gate/stage3-meter.PPaoOu/area-adapted/src/compiler/types.ts checker 1.771s
77/82 /tmp/adamic-gate/stage3-meter.PPaoOu/area-adapted/src/compiler/utilities.ts checker 1.790s
78/82 /tmp/adamic-gate/stage3-meter.PPaoOu/area-adapted/src/compiler/utilitiesPublic.ts checker 1.875s
79/82 /tmp/adamic-gate/stage3-meter.PPaoOu/area-adapted/src/compiler/visitorPublic.ts checker 1.773s
80/82 /tmp/adamic-gate/stage3-meter.PPaoOu/area-adapted/src/compiler/watch.ts checker 1.748s
81/82 /tmp/adamic-gate/stage3-meter.PPaoOu/area-adapted/src/compiler/watchPublic.ts checker 1.717s
82/82 /tmp/adamic-gate/stage3-meter.PPaoOu/area-adapted/src/compiler/watchUtilities.ts checker 1.849s
whole program: 79 roots checker 1.817s
