--- FAIL: TestNativeAgreesWithNode (0.04s)
    --- FAIL: TestNativeAgreesWithNode/internal/oracle/testdata/borrow_element_virtual_store.a (0.54s)
        oracle_test.go:758: the release build: exit codes differ
            sanitized: exit 1, stdout "", stderr "=================================================================\n==47570==ERROR: AddressSanitizer: heap-use-after-free on address 0x7bd9ccbe0108 at pc 0x561ab851c0c2 bp 0x7ffc0fc23990 sp 0x7ffc0fc23988\nREAD of size 8 at 0x7bd9ccbe0108 thread T0\n    #0 0x561ab851c0c1 in adamic_function_0_inspect /tmp/loom-units/loom-unit-340952576/workspace/loom-out/phase/catalog-units/00-rpwjwlvu/adamic-build-3062559657/main.c:84:92\n    #1 0x561ab851bb57 in main /tmp/loom-units/loom-unit-340952576/workspace/loom-out/phase/catalog-units/00-rpwjwlvu/adamic-build-3062559657/main.c:186:2\n    #2 0x7f79cd844ca7  (/lib/x86_64-linux-gnu/libc.so.6+0x29ca7) (BuildId: c495b62edadd6c356265942ec1282d98058a7b41)\n    #3 0x7f79cd844d64 in __libc_start_main (/lib/x86_64-linux-gnu/libc.so.6+0x29d64) (BuildId: c495b62edadd6c356265942ec1282d98058a7b41)\n    #4 0x561ab8435460 in _start (/tmp/loom-units/loom-unit-340952576/workspace/loom-out/phase/catalog-units/00-rpwjwlvu/TestNativeAgreesWithNodeinternaloracletestdataborrow_element1693742045/002/program+0x59460)\n\n0x7bd9ccbe0108 is located 40 bytes inside of 58-byte region [0x7bd9ccbe00e0,0x7bd9ccbe011a)\nfreed by thread T0 here:\n    #0 0x561ab84d7fd6 in free /home/runner/work/llvm-project/llvm-project/compiler-rt/lib/asan/asan_malloc_linux.cpp:51:3\n    #1 0x561ab852f20f in deallocate /home/agent/.cache/adamic/runtime/.build-1596303501/heap.c:212:3\n    #2 0x561ab852f20f in free_one /home/agent/.cache/adamic/runtime/.build-1596303501/heap.c:351:2\n    #3 0x561ab852f20f in release_last /home/agent/.cache/adamic/runtime/.build-1596303501/heap.c:364:3\n    #4 0x561ab851c366 in adamic_function_5_Replacer_read /tmp/loom-units/loom-unit-340952576/workspace/loom-out/phase/catalog-units/00-rpwjwlvu/adamic-build-3062559657/main.c:164:2\n    #5 0x561ab851bf7e in adamic_virtual_dispatch_2 /tmp/loom-units/loom-unit-340952576/workspace/loom-out/phase/catalog-units/00-rpwjwlvu/adamic-build-3062559657/main.c:28:17\n    #6 0x561ab851bf7e in adamic_function_0_inspect /tmp/loom-units/loom-unit-340952576/workspace/loom-out/phase/catalog-units/00-rpwjwlvu/adamic-build-3062559657/main.c:82:31\n    #7 0x561ab851bb57 in main /tmp/loom-units/loom-unit-340952576/workspace/loom-out/phase/catalog-units/00-rpwjwlvu/adamic-build-3062559657/main.c:186:2\n    #8 0x7f79cd844ca7  (/lib/x86_64-linux-gnu/libc.so.6+0x29ca7) (BuildId: c495b62edadd6c356265942ec1282d98058a7b41)\n\npreviously allocated by thread T0 here:\n    #0 0x561ab84d8274 in malloc /home/runner/work/llvm-project/llvm-project/compiler-rt/lib/asan/asan_malloc_linux.cpp:67:3\n    #1 0x561ab852e9bf in adamic_allocate /home/agent/.cache/adamic/runtime/.build-1596303501/heap.c:196:10\n    #2 0x561ab851bb57 in main /tmp/loom-units/loom-unit-340952576/workspace/loom-out/phase/catalog-units/00-rpwjwlvu/adamic-build-3062559657/main.c:186:2\n    #3 0x7f79cd844ca7  (/lib/x86_64-linux-gnu/libc.so.6+0x29ca7) (BuildId: c495b62edadd6c356265942ec1282d98058a7b41)\n\nSUMMARY: AddressSanitizer: heap-use-after-free /tmp/loom-units/loom-unit-340952576/workspace/loom-out/phase/catalog-units/00-rpwjwlvu/adamic-build-3062559657/main.c:84:92 in adamic_function_0_inspect\nShadow bytes around the buggy address:\n  0x7bd9ccbdfe80: 00 00 00 00 00 00 00 00 00 00 00 00 00 00 00 00\n  0x7bd9ccbdff00: 00 00 00 00 00 00 00 00 00 00 00 00 00 00 00 00\n  0x7bd9ccbdff80: 00 00 00 00 00 00 00 00 00 00 00 00 00 00 00 00\n  0x7bd9ccbe0000: fa fa fa fa fd fd fd fd fd fd fd fd fa fa fa fa\n  0x7bd9ccbe0080: fd fd fd fd fd fd fd fa fa fa fa fa fd fd fd fd\n=>0x7bd9ccbe0100: fd[fd]fd fd fa fa fa fa 00 00 00 00 00 00 00 fa\n  0x7bd9ccbe0180: fa fa fa fa 00 00 00 00 00 00 00 02 fa fa fa fa\n  0x7bd9ccbe0200: fa fa fa fa fa fa fa fa fa fa fa fa fa fa fa fa\n  0x7bd9ccbe0280: fa fa fa fa fa fa fa fa fa fa fa fa fa fa fa fa\n  0x7bd9ccbe0300: fa fa fa fa fa fa fa fa fa fa fa fa fa fa fa fa\n  0x7bd9ccbe0380: fa fa fa fa fa fa fa fa fa fa fa fa fa fa fa fa\nShadow byte legend (one shadow byte represents 8 application bytes):\n  Addressable:           00\n  Partially addressable: 01 02 03 04 05 06 07 \n  Heap left redzone:       fa\n  Freed heap region:       fd\n  Stack left redzone:      f1\n  Stack mid redzone:       f2\n  Stack right redzone:     f3\n  Stack after return:      f5\n  Stack use after scope:   f8\n  Global redzone:          f9\n  Global init order:       f6\n  Poisoned by user:        f7\n  Container overflow:      fc\n  Array cookie:            ac\n  Intra object redzone:    bb\n  ASan internal:           fe\n  Left alloca redzone:     ca\n  Right alloca redzone:    cb\n==47570==ABORTING\n"
            release:   exit 0, stdout "item1\nitem1\n", stderr ""
        oracle_test.go:774: exit codes differ
            node:   exit 0, stdout "item1\nitem1\n", stderr ""
            native: exit 1, stdout "", stderr "=================================================================\n==47570==ERROR: AddressSanitizer: heap-use-after-free on address 0x7bd9ccbe0108 at pc 0x561ab851c0c2 bp 0x7ffc0fc23990 sp 0x7ffc0fc23988\nREAD of size 8 at 0x7bd9ccbe0108 thread T0\n    #0 0x561ab851c0c1 in adamic_function_0_inspect /tmp/loom-units/loom-unit-340952576/workspace/loom-out/phase/catalog-units/00-rpwjwlvu/adamic-build-3062559657/main.c:84:92\n    #1 0x561ab851bb57 in main /tmp/loom-units/loom-unit-340952576/workspace/loom-out/phase/catalog-units/00-rpwjwlvu/adamic-build-3062559657/main.c:186:2\n    #2 0x7f79cd844ca7  (/lib/x86_64-linux-gnu/libc.so.6+0x29ca7) (BuildId: c495b62edadd6c356265942ec1282d98058a7b41)\n    #3 0x7f79cd844d64 in __libc_start_main (/lib/x86_64-linux-gnu/libc.so.6+0x29d64) (BuildId: c495b62edadd6c356265942ec1282d98058a7b41)\n    #4 0x561ab8435460 in _start (/tmp/loom-units/loom-unit-340952576/workspace/loom-out/phase/catalog-units/00-rpwjwlvu/TestNativeAgreesWithNodeinternaloracletestdataborrow_element1693742045/002/program+0x59460)\n\n0x7bd9ccbe0108 is located 40 bytes inside of 58-byte region [0x7bd9ccbe00e0,0x7bd9ccbe011a)\nfreed by thread T0 here:\n    #0 0x561ab84d7fd6 in free /home/runner/work/llvm-project/llvm-project/compiler-rt/lib/asan/asan_malloc_linux.cpp:51:3\n    #1 0x561ab852f20f in deallocate /home/agent/.cache/adamic/runtime/.build-1596303501/heap.c:212:3\n    #2 0x561ab852f20f in free_one /home/agent/.cache/adamic/runtime/.build-1596303501/heap.c:351:2\n    #3 0x561ab852f20f in release_last /home/agent/.cache/adamic/runtime/.build-1596303501/heap.c:364:3\n    #4 0x561ab851c366 in adamic_function_5_Replacer_read /tmp/loom-units/loom-unit-340952576/workspace/loom-out/phase/catalog-units/00-rpwjwlvu/adamic-build-3062559657/main.c:164:2\n    #5 0x561ab851bf7e in adamic_virtual_dispatch_2 /tmp/loom-units/loom-unit-340952576/workspace/loom-out/phase/catalog-units/00-rpwjwlvu/adamic-build-3062559657/main.c:28:17\n    #6 0x561ab851bf7e in adamic_function_0_inspect /tmp/loom-units/loom-unit-340952576/workspace/loom-out/phase/catalog-units/00-rpwjwlvu/adamic-build-3062559657/main.c:82:31\n    #7 0x561ab851bb57 in main /tmp/loom-units/loom-unit-340952576/workspace/loom-out/phase/catalog-units/00-rpwjwlvu/adamic-build-3062559657/main.c:186:2\n    #8 0x7f79cd844ca7  (/lib/x86_64-linux-gnu/libc.so.6+0x29ca7) (BuildId: c495b62edadd6c356265942ec1282d98058a7b41)\n\npreviously allocated by thread T0 here:\n    #0 0x561ab84d8274 in malloc /home/runner/work/llvm-project/llvm-project/compiler-rt/lib/asan/asan_malloc_linux.cpp:67:3\n    #1 0x561ab852e9bf in adamic_allocate /home/agent/.cache/adamic/runtime/.build-1596303501/heap.c:196:10\n    #2 0x561ab851bb57 in main /tmp/loom-units/loom-unit-340952576/workspace/loom-out/phase/catalog-units/00-rpwjwlvu/adamic-build-3062559657/main.c:186:2\n    #3 0x7f79cd844ca7  (/lib/x86_64-linux-gnu/libc.so.6+0x29ca7) (BuildId: c495b62edadd6c356265942ec1282d98058a7b41)\n\nSUMMARY: AddressSanitizer: heap-use-after-free /tmp/loom-units/loom-unit-340952576/workspace/loom-out/phase/catalog-units/00-rpwjwlvu/adamic-build-3062559657/main.c:84:92 in adamic_function_0_inspect\nShadow bytes around the buggy address:\n  0x7bd9ccbdfe80: 00 00 00 00 00 00 00 00 00 00 00 00 00 00 00 00\n  0x7bd9ccbdff00: 00 00 00 00 00 00 00 00 00 00 00 00 00 00 00 00\n  0x7bd9ccbdff80: 00 00 00 00 00 00 00 00 00 00 00 00 00 00 00 00\n  0x7bd9ccbe0000: fa fa fa fa fd fd fd fd fd fd fd fd fa fa fa fa\n  0x7bd9ccbe0080: fd fd fd fd fd fd fd fa fa fa fa fa fd fd fd fd\n=>0x7bd9ccbe0100: fd[fd]fd fd fa fa fa fa 00 00 00 00 00 00 00 fa\n  0x7bd9ccbe0180: fa fa fa fa 00 00 00 00 00 00 00 02 fa fa fa fa\n  0x7bd9ccbe0200: fa fa fa fa fa fa fa fa fa fa fa fa fa fa fa fa\n  0x7bd9ccbe0280: fa fa fa fa fa fa fa fa fa fa fa fa fa fa fa fa\n  0x7bd9ccbe0300: fa fa fa fa fa fa fa fa fa fa fa fa fa fa fa fa\n  0x7bd9ccbe0380: fa fa fa fa fa fa fa fa fa fa fa fa fa fa fa fa\nShadow byte legend (one shadow byte represents 8 application bytes):\n  Addressable:           00\n  Partially addressable: 01 02 03 04 05 06 07 \n  Heap left redzone:       fa\n  Freed heap region:       fd\n  Stack left redzone:      f1\n  Stack mid redzone:       f2\n  Stack right redzone:     f3\n  Stack after return:      f5\n  Stack use after scope:   f8\n  Global redzone:          f9\n  Global init order:       f6\n  Poisoned by user:        f7\n  Container overflow:      fc\n  Array cookie:            ac\n  Intra object redzone:    bb\n  ASan internal:           fe\n  Left alloca redzone:     ca\n  Right alloca redzone:    cb\n==47570==ABORTING\n"
        oracle_test.go:787: leaks:
            exit 1
            =================================================================
            ==47577==ERROR: AddressSanitizer: heap-use-after-free on address 0x7b855d1e0108 at pc 0x560309d6e0c2 bp 0x7ffd400c0690 sp 0x7ffd400c0688
            READ of size 8 at 0x7b855d1e0108 thread T0
                #0 0x560309d6e0c1 in adamic_function_0_inspect /tmp/loom-units/loom-unit-340952576/workspace/loom-out/phase/catalog-units/00-rpwjwlvu/adamic-build-3062559657/main.c:84:92
                #1 0x560309d6db57 in main /tmp/loom-units/loom-unit-340952576/workspace/loom-out/phase/catalog-units/00-rpwjwlvu/adamic-build-3062559657/main.c:186:2
                #2 0x7f255dfbaca7  (/lib/x86_64-linux-gnu/libc.so.6+0x29ca7) (BuildId: c495b62edadd6c356265942ec1282d98058a7b41)
                #3 0x7f255dfbad64 in __libc_start_main (/lib/x86_64-linux-gnu/libc.so.6+0x29d64) (BuildId: c495b62edadd6c356265942ec1282d98058a7b41)
                #4 0x560309c87460 in _start (/tmp/loom-units/loom-unit-340952576/workspace/loom-out/phase/catalog-units/00-rpwjwlvu/TestNativeAgreesWithNodeinternaloracletestdataborrow_element1693742045/002/program+0x59460)
            
            0x7b855d1e0108 is located 40 bytes inside of 58-byte region [0x7b855d1e00e0,0x7b855d1e011a)
            freed by thread T0 here:
                #0 0x560309d29fd6 in free /home/runner/work/llvm-project/llvm-project/compiler-rt/lib/asan/asan_malloc_linux.cpp:51:3
                #1 0x560309d8120f in deallocate /home/agent/.cache/adamic/runtime/.build-1596303501/heap.c:212:3
                #2 0x560309d8120f in free_one /home/agent/.cache/adamic/runtime/.build-1596303501/heap.c:351:2
                #3 0x560309d8120f in release_last /home/agent/.cache/adamic/runtime/.build-1596303501/heap.c:364:3
                #4 0x560309d6e366 in adamic_function_5_Replacer_read /tmp/loom-units/loom-unit-340952576/workspace/loom-out/phase/catalog-units/00-rpwjwlvu/adamic-build-3062559657/main.c:164:2
                #5 0x560309d6df7e in adamic_virtual_dispatch_2 /tmp/loom-units/loom-unit-340952576/workspace/loom-out/phase/catalog-units/00-rpwjwlvu/adamic-build-3062559657/main.c:28:17
                #6 0x560309d6df7e in adamic_function_0_inspect /tmp/loom-units/loom-unit-340952576/workspace/loom-out/phase/catalog-units/00-rpwjwlvu/adamic-build-3062559657/main.c:82:31
                #7 0x560309d6db57 in main /tmp/loom-units/loom-unit-340952576/workspace/loom-out/phase/catalog-units/00-rpwjwlvu/adamic-build-3062559657/main.c:186:2
                #8 0x7f255dfbaca7  (/lib/x86_64-linux-gnu/libc.so.6+0x29ca7) (BuildId: c495b62edadd6c356265942ec1282d98058a7b41)
            
            previously allocated by thread T0 here:
                #0 0x560309d2a274 in malloc /home/runner/work/llvm-project/llvm-project/compiler-rt/lib/asan/asan_malloc_linux.cpp:67:3
                #1 0x560309d809bf in adamic_allocate /home/agent/.cache/adamic/runtime/.build-1596303501/heap.c:196:10
                #2 0x560309d6db57 in main /tmp/loom-units/loom-unit-340952576/workspace/loom-out/phase/catalog-units/00-rpwjwlvu/adamic-build-3062559657/main.c:186:2
                #3 0x7f255dfbaca7  (/lib/x86_64-linux-gnu/libc.so.6+0x29ca7) (BuildId: c495b62edadd6c356265942ec1282d98058a7b41)
            
            SUMMARY: AddressSanitizer: heap-use-after-free /tmp/loom-units/loom-unit-340952576/workspace/loom-out/phase/catalog-units/00-rpwjwlvu/adamic-build-3062559657/main.c:84:92 in adamic_function_0_inspect
            Shadow bytes around the buggy address:
              0x7b855d1dfe80: 00 00 00 00 00 00 00 00 00 00 00 00 00 00 00 00
              0x7b855d1dff00: 00 00 00 00 00 00 00 00 00 00 00 00 00 00 00 00
              0x7b855d1dff80: 00 00 00 00 00 00 00 00 00 00 00 00 00 00 00 00
              0x7b855d1e0000: fa fa fa fa fd fd fd fd fd fd fd fd fa fa fa fa
              0x7b855d1e0080: fd fd fd fd fd fd fd fa fa fa fa fa fd fd fd fd
            =>0x7b855d1e0100: fd[fd]fd fd fa fa fa fa 00 00 00 00 00 00 00 fa
              0x7b855d1e0180: fa fa fa fa 00 00 00 00 00 00 00 02 fa fa fa fa
              0x7b855d1e0200: fa fa fa fa fa fa fa fa fa fa fa fa fa fa fa fa
              0x7b855d1e0280: fa fa fa fa fa fa fa fa fa fa fa fa fa fa fa fa
              0x7b855d1e0300: fa fa fa fa fa fa fa fa fa fa fa fa fa fa fa fa
              0x7b855d1e0380: fa fa fa fa fa fa fa fa fa fa fa fa fa fa fa fa
            Shadow byte legend (one shadow byte represents 8 application bytes):
              Addressable:           00
              Partially addressable: 01 02 03 04 05 06 07 
              Heap left redzone:       fa
              Freed heap region:       fd
              Stack left redzone:      f1
              Stack mid redzone:       f2
              Stack right redzone:     f3
              Stack after return:      f5
              Stack use after scope:   f8
              Global redzone:          f9
              Global init order:       f6
              Poisoned by user:        f7
              Container overflow:      fc
              Array cookie:            ac
              Intra object redzone:    bb
              ASan internal:           fe
              Left alloca redzone:     ca
              Right alloca redzone:    cb
            ==47577==ABORTING
FAIL
gate cache: native hits=0 misses=3
gate cache: node hits=0 misses=2
gate cache: probe hits=0 misses=0
FAIL	github.com/system-inc/adamic/internal/oracle	0.583s
FAIL
