{"Time":"2026-10-09T09:53:50.729133707Z","Action":"start","Package":"github.com/system-inc/adamic/internal/oracle"}
{"Time":"2026-10-09T09:53:50.736651951Z","Action":"run","Package":"github.com/system-inc/adamic/internal/oracle","Test":"TestNativeAgreesWithNode"}
{"Time":"2026-10-09T09:53:50.736754382Z","Action":"output","Package":"github.com/system-inc/adamic/internal/oracle","Test":"TestNativeAgreesWithNode","Output":"=== RUN   TestNativeAgreesWithNode\n","OutputType":"frame"}
{"Time":"2026-10-09T09:53:50.736782693Z","Action":"output","Package":"github.com/system-inc/adamic/internal/oracle","Test":"TestNativeAgreesWithNode","Output":"=== PAUSE TestNativeAgreesWithNode\n","OutputType":"frame"}
{"Time":"2026-10-09T09:53:50.736785227Z","Action":"pause","Package":"github.com/system-inc/adamic/internal/oracle","Test":"TestNativeAgreesWithNode"}
{"Time":"2026-10-09T09:53:50.73678742Z","Action":"cont","Package":"github.com/system-inc/adamic/internal/oracle","Test":"TestNativeAgreesWithNode"}
{"Time":"2026-10-09T09:53:50.736789303Z","Action":"output","Package":"github.com/system-inc/adamic/internal/oracle","Test":"TestNativeAgreesWithNode","Output":"=== CONT  TestNativeAgreesWithNode\n","OutputType":"frame"}
{"Time":"2026-10-09T09:53:50.761549465Z","Action":"run","Package":"github.com/system-inc/adamic/internal/oracle","Test":"TestNativeAgreesWithNode/internal/oracle/testdata/hidden_boundary_generic_tnode.a"}
{"Time":"2026-10-09T09:53:50.761594531Z","Action":"output","Package":"github.com/system-inc/adamic/internal/oracle","Test":"TestNativeAgreesWithNode/internal/oracle/testdata/hidden_boundary_generic_tnode.a","Output":"=== RUN   TestNativeAgreesWithNode/internal/oracle/testdata/hidden_boundary_generic_tnode.a\n","OutputType":"frame"}
{"Time":"2026-10-09T09:53:50.761629993Z","Action":"output","Package":"github.com/system-inc/adamic/internal/oracle","Test":"TestNativeAgreesWithNode/internal/oracle/testdata/hidden_boundary_generic_tnode.a","Output":"=== PAUSE TestNativeAgreesWithNode/internal/oracle/testdata/hidden_boundary_generic_tnode.a\n","OutputType":"frame"}
{"Time":"2026-10-09T09:53:50.761633338Z","Action":"pause","Package":"github.com/system-inc/adamic/internal/oracle","Test":"TestNativeAgreesWithNode/internal/oracle/testdata/hidden_boundary_generic_tnode.a"}
{"Time":"2026-10-09T09:53:50.79684499Z","Action":"cont","Package":"github.com/system-inc/adamic/internal/oracle","Test":"TestNativeAgreesWithNode/internal/oracle/testdata/hidden_boundary_generic_tnode.a"}
{"Time":"2026-10-09T09:53:50.796883617Z","Action":"output","Package":"github.com/system-inc/adamic/internal/oracle","Test":"TestNativeAgreesWithNode/internal/oracle/testdata/hidden_boundary_generic_tnode.a","Output":"=== CONT  TestNativeAgreesWithNode/internal/oracle/testdata/hidden_boundary_generic_tnode.a\n","OutputType":"frame"}
{"Time":"2026-10-09T09:53:50.921881217Z","Action":"output","Package":"github.com/system-inc/adamic/internal/oracle","Test":"TestNativeAgreesWithNode/internal/oracle/testdata/hidden_boundary_generic_tnode.a","Output":"    oracle_test.go:753: gate cache node hit\n"}
{"Time":"2026-10-09T09:53:50.922338651Z","Action":"output","Package":"github.com/system-inc/adamic/internal/oracle","Test":"TestNativeAgreesWithNode/internal/oracle/testdata/hidden_boundary_generic_tnode.a","Output":"    oracle_test.go:753: gate cache node miss\n"}
{"Time":"2026-10-09T09:53:50.978776189Z","Action":"output","Package":"github.com/system-inc/adamic/internal/oracle","Test":"TestNativeAgreesWithNode/internal/oracle/testdata/hidden_boundary_generic_tnode.a","Output":"    oracle_test.go:596: gate cache native miss\n"}
{"Time":"2026-10-09T09:53:51.234360483Z","Action":"output","Package":"github.com/system-inc/adamic/internal/oracle","Test":"TestNativeAgreesWithNode/internal/oracle/testdata/hidden_boundary_generic_tnode.a","Output":"    oracle_test.go:589: gate cache native miss\n"}
{"Time":"2026-10-09T09:53:51.336634292Z","Action":"output","Package":"github.com/system-inc/adamic/internal/oracle","Test":"TestNativeAgreesWithNode/internal/oracle/testdata/hidden_boundary_generic_tnode.a","Output":"    oracle_test.go:774: stdout differs\n","OutputType":"error"}
{"Time":"2026-10-09T09:53:51.336707439Z","Action":"output","Package":"github.com/system-inc/adamic/internal/oracle","Test":"TestNativeAgreesWithNode/internal/oracle/testdata/hidden_boundary_generic_tnode.a","Output":"        node:   exit 0, stdout \"7\\n\", stderr \"\"\n","OutputType":"error-continue"}
{"Time":"2026-10-09T09:53:51.336728921Z","Action":"output","Package":"github.com/system-inc/adamic/internal/oracle","Test":"TestNativeAgreesWithNode/internal/oracle/testdata/hidden_boundary_generic_tnode.a","Output":"        native: exit 0, stdout \"0\\n\", stderr \"\"\n","OutputType":"error-continue"}
{"Time":"2026-10-09T09:53:51.336774438Z","Action":"output","Package":"github.com/system-inc/adamic/internal/oracle","Test":"TestNativeAgreesWithNode/internal/oracle/testdata/hidden_boundary_generic_tnode.a","Output":"    oracle_test.go:780: JavaScript backend: stdout differs\n","OutputType":"error"}
{"Time":"2026-10-09T09:53:51.336787728Z","Action":"output","Package":"github.com/system-inc/adamic/internal/oracle","Test":"TestNativeAgreesWithNode/internal/oracle/testdata/hidden_boundary_generic_tnode.a","Output":"        node:    exit 0, stdout \"7\\n\", stderr \"\"\n","OutputType":"error-continue"}
{"Time":"2026-10-09T09:53:51.336798353Z","Action":"output","Package":"github.com/system-inc/adamic/internal/oracle","Test":"TestNativeAgreesWithNode/internal/oracle/testdata/hidden_boundary_generic_tnode.a","Output":"        backend: exit 0, stdout \"0\\n\", stderr \"\"\n","OutputType":"error-continue"}
{"Time":"2026-10-09T09:53:51.337102952Z","Action":"output","Package":"github.com/system-inc/adamic/internal/oracle","Test":"TestNativeAgreesWithNode/internal/oracle/testdata/hidden_boundary_generic_tnode.a","Output":"    oracle_test.go:603: gate cache native hit\n"}
{"Time":"2026-10-09T09:53:51.339166181Z","Action":"output","Package":"github.com/system-inc/adamic/internal/oracle","Test":"TestNativeAgreesWithNode/internal/oracle/testdata/hidden_boundary_generic_tnode.a","Output":"--- FAIL: TestNativeAgreesWithNode/internal/oracle/testdata/hidden_boundary_generic_tnode.a (0.54s)\n","OutputType":"frame"}
{"Time":"2026-10-09T09:53:51.339269643Z","Action":"fail","Package":"github.com/system-inc/adamic/internal/oracle","Test":"TestNativeAgreesWithNode/internal/oracle/testdata/hidden_boundary_generic_tnode.a","Elapsed":0.54}
{"Time":"2026-10-09T09:53:51.339319146Z","Action":"output","Package":"github.com/system-inc/adamic/internal/oracle","Test":"TestNativeAgreesWithNode","Output":"--- FAIL: TestNativeAgreesWithNode (0.06s)\n","OutputType":"frame"}
{"Time":"2026-10-09T09:53:51.339485591Z","Action":"fail","Package":"github.com/system-inc/adamic/internal/oracle","Test":"TestNativeAgreesWithNode","Elapsed":0.06}
{"Time":"2026-10-09T09:53:51.339493713Z","Action":"output","Package":"github.com/system-inc/adamic/internal/oracle","Output":"FAIL\n","OutputType":"frame"}
{"Time":"2026-10-09T09:53:51.339503187Z","Action":"output","Package":"github.com/system-inc/adamic/internal/oracle","Output":"gate cache: native hits=1 misses=2\n"}
{"Time":"2026-10-09T09:53:51.339506332Z","Action":"output","Package":"github.com/system-inc/adamic/internal/oracle","Output":"gate cache: node hits=1 misses=1\n"}
{"Time":"2026-10-09T09:53:51.339509126Z","Action":"output","Package":"github.com/system-inc/adamic/internal/oracle","Output":"gate cache: probe hits=0 misses=0\n"}
{"Time":"2026-10-09T09:53:51.345793313Z","Action":"output","Package":"github.com/system-inc/adamic/internal/oracle","Output":"FAIL\tgithub.com/system-inc/adamic/internal/oracle\t0.616s\n","OutputType":"frame"}
{"Time":"2026-10-09T09:53:51.345847052Z","Action":"fail","Package":"github.com/system-inc/adamic/internal/oracle","Elapsed":0.617}
