stage1/typescript/parser/gaps_test.go: OK
stage1/typescript/parser/generated_test.go: OK
stage1/typescript/parser/jsx_mutants_test.go: OK
stage1/typescript/parser/jsx_rejection_test.go: OK
stage1/typescript/parser/jsx_scanner_mutants_test.go: OK
stage1/typescript/parser/jsx_test.go: OK
stage1/typescript/parser/parser_test.go: OK
stage1/typescript/parser/performance_test.go: OK
stage1/typescript/parser/type_kinds_test.go: OK
stage1/typescript/parser/whole_generated_test.go: OK
stage1/typescript/parser/whole_mutants_test.go: OK
stage1/typescript/parser/whole_test.go: OK
stage1/typescript/parser/testdata/oracle.go: OK
stage1/typescript/scanner/gaps_test.go: OK
stage1/typescript/scanner/profile_test.go: OK
stage1/typescript/scanner/scanner_test.go: OK
stage1/cohere/lint/batch8_capture_test.go: OK
stage1/cohere/lint/batch8_mutants_test.go: OK
stage1/cohere/lint/batch8_positions_test.go: OK
stage1/cohere/lint/batch8_test.go: OK
stage1/cohere/lint/gaps_test.go: OK
stage1/cohere/lint/jsx_integration_test.go: OK
stage1/cohere/lint/lint_test.go: OK
stage1/cohere/lint/testdata/batch8_oracle.go: OK
stage1/cohere/lint/testdata/oracle.go: OK
stage1/typescript/scanner/testdata/oracle.go: OK
