=== RUN   TestNoUnknownClassesReportsTypos
=== PAUSE TestNoUnknownClassesReportsTypos
=== RUN   TestNoUnknownClassesStaysSilent
=== PAUSE TestNoUnknownClassesStaysSilent
=== RUN   TestUnknownIgnoreExemptsProjectClasses
=== PAUSE TestUnknownIgnoreExemptsProjectClasses
=== RUN   TestKnownRootWithUnknownValueIsReported
=== PAUSE TestKnownRootWithUnknownValueIsReported
=== RUN   TestUnknownClassFixturesActuallyRan
=== PAUSE TestUnknownClassFixturesActuallyRan
=== CONT  TestNoUnknownClassesReportsTypos
=== RUN   TestNoUnknownClassesReportsTypos/misspelled_utility
=== PAUSE TestNoUnknownClassesReportsTypos/misspelled_utility
=== RUN   TestNoUnknownClassesReportsTypos/invented_utility
=== PAUSE TestNoUnknownClassesReportsTypos/invented_utility
=== RUN   TestNoUnknownClassesReportsTypos/stylesheet_class_Tailwind_does_not_know
=== PAUSE TestNoUnknownClassesReportsTypos/stylesheet_class_Tailwind_does_not_know
=== RUN   TestNoUnknownClassesReportsTypos/typo_starting_with_a_real_root
=== PAUSE TestNoUnknownClassesReportsTypos/typo_starting_with_a_real_root
=== RUN   TestNoUnknownClassesReportsTypos/another_root-prefixed_typo
=== PAUSE TestNoUnknownClassesReportsTypos/another_root-prefixed_typo
=== RUN   TestNoUnknownClassesReportsTypos/two_unknowns_in_one_literal
=== PAUSE TestNoUnknownClassesReportsTypos/two_unknowns_in_one_literal
=== RUN   TestNoUnknownClassesReportsTypos/unknown_variant_on_a_real_utility
=== PAUSE TestNoUnknownClassesReportsTypos/unknown_variant_on_a_real_utility
=== CONT  TestNoUnknownClassesStaysSilent
=== CONT  TestKnownRootWithUnknownValueIsReported
=== RUN   TestNoUnknownClassesStaysSilent/ordinary_utilities
=== CONT  TestUnknownIgnoreExemptsProjectClasses
=== PAUSE TestNoUnknownClassesStaysSilent/ordinary_utilities
=== RUN   TestNoUnknownClassesStaysSilent/gradient_stops
=== NAME  TestUnknownIgnoreExemptsProjectClasses
    no_unknown_classes_test.go:320: no installed tailwindcss on this machine, so the rule's design system cannot be built and these fixtures would measure a decline rather than an existence check
--- SKIP: TestUnknownIgnoreExemptsProjectClasses (0.00s)
=== NAME  TestKnownRootWithUnknownValueIsReported
    no_unknown_classes_test.go:399: no corpus stylesheet at /Users/kirkouimet/Projects/ahra/app/_theme/styles/theme.css, so there is no live design system to ask
--- SKIP: TestKnownRootWithUnknownValueIsReported (0.00s)
=== CONT  TestUnknownClassFixturesActuallyRan
=== PAUSE TestNoUnknownClassesStaysSilent/gradient_stops
=== RUN   TestNoUnknownClassesReportsTypos/on_a_callee_surface
=== RUN   TestNoUnknownClassesStaysSilent/multi-rule_component_class
=== PAUSE TestNoUnknownClassesStaysSilent/multi-rule_component_class
=== RUN   TestNoUnknownClassesStaysSilent/group_and_peer
=== PAUSE TestNoUnknownClassesStaysSilent/group_and_peer
=== RUN   TestNoUnknownClassesStaysSilent/group_with_a_name
=== PAUSE TestNoUnknownClassesStaysSilent/group_with_a_name
=== RUN   TestNoUnknownClassesStaysSilent/arbitrary_property
=== PAUSE TestNoUnknownClassesStaysSilent/arbitrary_property
=== RUN   TestNoUnknownClassesStaysSilent/arbitrary_value
=== PAUSE TestNoUnknownClassesReportsTypos/on_a_callee_surface
=== PAUSE TestNoUnknownClassesStaysSilent/arbitrary_value
=== NAME  TestUnknownClassFixturesActuallyRan
    no_unknown_classes_test.go:583: no installed tailwindcss found from /Users/kirkouimet/Projects/ahra/app/_theme/styles, so every fixture in this file skipped and the package still reported ok. Either the search root is wrong or this machine has no Tailwind to test against; both need a human, and neither should read as a pass
--- FAIL: TestUnknownClassFixturesActuallyRan (0.00s)
=== RUN   TestNoUnknownClassesReportsTypos/on_a_variable_surface
=== PAUSE TestNoUnknownClassesReportsTypos/on_a_variable_surface
=== CONT  TestNoUnknownClassesReportsTypos/misspelled_utility
=== CONT  TestNoUnknownClassesReportsTypos/two_unknowns_in_one_literal
=== NAME  TestNoUnknownClassesReportsTypos/misspelled_utility
    no_unknown_classes_test.go:204: no installed tailwindcss on this machine, so the rule's design system cannot be built and these fixtures would measure a decline rather than an existence check
=== CONT  TestNoUnknownClassesReportsTypos/typo_starting_with_a_real_root
=== CONT  TestNoUnknownClassesReportsTypos/invented_utility
=== NAME  TestNoUnknownClassesReportsTypos/two_unknowns_in_one_literal
    no_unknown_classes_test.go:204: no installed tailwindcss on this machine, so the rule's design system cannot be built and these fixtures would measure a decline rather than an existence check
=== RUN   TestNoUnknownClassesStaysSilent/variants
=== NAME  TestNoUnknownClassesReportsTypos/typo_starting_with_a_real_root
    no_unknown_classes_test.go:204: no installed tailwindcss on this machine, so the rule's design system cannot be built and these fixtures would measure a decline rather than an existence check
=== PAUSE TestNoUnknownClassesStaysSilent/variants
=== RUN   TestNoUnknownClassesStaysSilent/importance
=== CONT  TestNoUnknownClassesReportsTypos/on_a_variable_surface
=== PAUSE TestNoUnknownClassesStaysSilent/importance
=== RUN   TestNoUnknownClassesStaysSilent/this_repository's_own_static_utility
=== PAUSE TestNoUnknownClassesStaysSilent/this_repository's_own_static_utility
=== RUN   TestNoUnknownClassesStaysSilent/this_repository's_own_functional_utility
=== PAUSE TestNoUnknownClassesStaysSilent/this_repository's_own_functional_utility
=== RUN   TestNoUnknownClassesStaysSilent/this_repository's_own_utility_under_a_variant
=== PAUSE TestNoUnknownClassesStaysSilent/this_repository's_own_utility_under_a_variant
=== RUN   TestNoUnknownClassesStaysSilent/unrelated_attribute
=== PAUSE TestNoUnknownClassesStaysSilent/unrelated_attribute
=== RUN   TestNoUnknownClassesStaysSilent/unrelated_callee
=== PAUSE TestNoUnknownClassesStaysSilent/unrelated_callee
=== CONT  TestNoUnknownClassesReportsTypos/another_root-prefixed_typo
=== NAME  TestNoUnknownClassesReportsTypos/on_a_variable_surface
    no_unknown_classes_test.go:204: no installed tailwindcss on this machine, so the rule's design system cannot be built and these fixtures would measure a decline rather than an existence check
=== CONT  TestNoUnknownClassesReportsTypos/on_a_callee_surface
=== CONT  TestNoUnknownClassesReportsTypos/unknown_variant_on_a_real_utility
=== NAME  TestNoUnknownClassesReportsTypos/another_root-prefixed_typo
    no_unknown_classes_test.go:204: no installed tailwindcss on this machine, so the rule's design system cannot be built and these fixtures would measure a decline rather than an existence check
=== NAME  TestNoUnknownClassesReportsTypos/on_a_callee_surface
    no_unknown_classes_test.go:204: no installed tailwindcss on this machine, so the rule's design system cannot be built and these fixtures would measure a decline rather than an existence check
=== CONT  TestNoUnknownClassesReportsTypos/stylesheet_class_Tailwind_does_not_know
=== CONT  TestNoUnknownClassesStaysSilent/ordinary_utilities
=== CONT  TestNoUnknownClassesStaysSilent/importance
=== NAME  TestNoUnknownClassesStaysSilent/ordinary_utilities
    no_unknown_classes_test.go:306: no installed tailwindcss on this machine, so the rule's design system cannot be built and these fixtures would measure a decline rather than an existence check
=== NAME  TestNoUnknownClassesReportsTypos/invented_utility
    no_unknown_classes_test.go:204: no installed tailwindcss on this machine, so the rule's design system cannot be built and these fixtures would measure a decline rather than an existence check
=== NAME  TestNoUnknownClassesStaysSilent/importance
    no_unknown_classes_test.go:306: no installed tailwindcss on this machine, so the rule's design system cannot be built and these fixtures would measure a decline rather than an existence check
=== CONT  TestNoUnknownClassesStaysSilent/group_with_a_name
=== NAME  TestNoUnknownClassesReportsTypos/stylesheet_class_Tailwind_does_not_know
    no_unknown_classes_test.go:204: no installed tailwindcss on this machine, so the rule's design system cannot be built and these fixtures would measure a decline rather than an existence check
=== CONT  TestNoUnknownClassesStaysSilent/arbitrary_value
=== NAME  TestNoUnknownClassesStaysSilent/group_with_a_name
    no_unknown_classes_test.go:306: no installed tailwindcss on this machine, so the rule's design system cannot be built and these fixtures would measure a decline rather than an existence check
=== NAME  TestNoUnknownClassesStaysSilent/arbitrary_value
    no_unknown_classes_test.go:306: no installed tailwindcss on this machine, so the rule's design system cannot be built and these fixtures would measure a decline rather than an existence check
=== CONT  TestNoUnknownClassesStaysSilent/arbitrary_property
=== CONT  TestNoUnknownClassesStaysSilent/multi-rule_component_class
=== CONT  TestNoUnknownClassesStaysSilent/group_and_peer
=== NAME  TestNoUnknownClassesReportsTypos/unknown_variant_on_a_real_utility
    no_unknown_classes_test.go:204: no installed tailwindcss on this machine, so the rule's design system cannot be built and these fixtures would measure a decline rather than an existence check
=== NAME  TestNoUnknownClassesStaysSilent/multi-rule_component_class
    no_unknown_classes_test.go:306: no installed tailwindcss on this machine, so the rule's design system cannot be built and these fixtures would measure a decline rather than an existence check
=== NAME  TestNoUnknownClassesStaysSilent/group_and_peer
    no_unknown_classes_test.go:306: no installed tailwindcss on this machine, so the rule's design system cannot be built and these fixtures would measure a decline rather than an existence check
=== CONT  TestNoUnknownClassesStaysSilent/variants
=== NAME  TestNoUnknownClassesStaysSilent/arbitrary_property
    no_unknown_classes_test.go:306: no installed tailwindcss on this machine, so the rule's design system cannot be built and these fixtures would measure a decline rather than an existence check
=== CONT  TestNoUnknownClassesStaysSilent/this_repository's_own_utility_under_a_variant
=== CONT  TestNoUnknownClassesStaysSilent/unrelated_callee
--- PASS: TestNoUnknownClassesReportsTypos (0.00s)
    --- SKIP: TestNoUnknownClassesReportsTypos/misspelled_utility (0.00s)
    --- SKIP: TestNoUnknownClassesReportsTypos/two_unknowns_in_one_literal (0.00s)
    --- SKIP: TestNoUnknownClassesReportsTypos/typo_starting_with_a_real_root (0.00s)
    --- SKIP: TestNoUnknownClassesReportsTypos/on_a_variable_surface (0.00s)
    --- SKIP: TestNoUnknownClassesReportsTypos/another_root-prefixed_typo (0.00s)
    --- SKIP: TestNoUnknownClassesReportsTypos/on_a_callee_surface (0.00s)
    --- SKIP: TestNoUnknownClassesReportsTypos/invented_utility (0.00s)
    --- SKIP: TestNoUnknownClassesReportsTypos/stylesheet_class_Tailwind_does_not_know (0.00s)
    --- SKIP: TestNoUnknownClassesReportsTypos/unknown_variant_on_a_real_utility (0.00s)
=== CONT  TestNoUnknownClassesStaysSilent/unrelated_attribute
=== CONT  TestNoUnknownClassesStaysSilent/gradient_stops
=== NAME  TestNoUnknownClassesStaysSilent/variants
    no_unknown_classes_test.go:306: no installed tailwindcss on this machine, so the rule's design system cannot be built and these fixtures would measure a decline rather than an existence check
=== NAME  TestNoUnknownClassesStaysSilent/this_repository's_own_utility_under_a_variant
    no_unknown_classes_test.go:306: no installed tailwindcss on this machine, so the rule's design system cannot be built and these fixtures would measure a decline rather than an existence check
=== NAME  TestNoUnknownClassesStaysSilent/unrelated_callee
    no_unknown_classes_test.go:306: no installed tailwindcss on this machine, so the rule's design system cannot be built and these fixtures would measure a decline rather than an existence check
=== CONT  TestNoUnknownClassesStaysSilent/this_repository's_own_functional_utility
=== CONT  TestNoUnknownClassesStaysSilent/this_repository's_own_static_utility
=== NAME  TestNoUnknownClassesStaysSilent/unrelated_attribute
    no_unknown_classes_test.go:306: no installed tailwindcss on this machine, so the rule's design system cannot be built and these fixtures would measure a decline rather than an existence check
=== NAME  TestNoUnknownClassesStaysSilent/gradient_stops
    no_unknown_classes_test.go:306: no installed tailwindcss on this machine, so the rule's design system cannot be built and these fixtures would measure a decline rather than an existence check
=== NAME  TestNoUnknownClassesStaysSilent/this_repository's_own_functional_utility
    no_unknown_classes_test.go:306: no installed tailwindcss on this machine, so the rule's design system cannot be built and these fixtures would measure a decline rather than an existence check
=== NAME  TestNoUnknownClassesStaysSilent/this_repository's_own_static_utility
    no_unknown_classes_test.go:306: no installed tailwindcss on this machine, so the rule's design system cannot be built and these fixtures would measure a decline rather than an existence check
--- PASS: TestNoUnknownClassesStaysSilent (0.00s)
    --- SKIP: TestNoUnknownClassesStaysSilent/ordinary_utilities (0.00s)
    --- SKIP: TestNoUnknownClassesStaysSilent/importance (0.00s)
    --- SKIP: TestNoUnknownClassesStaysSilent/group_with_a_name (0.00s)
    --- SKIP: TestNoUnknownClassesStaysSilent/arbitrary_value (0.00s)
    --- SKIP: TestNoUnknownClassesStaysSilent/multi-rule_component_class (0.00s)
    --- SKIP: TestNoUnknownClassesStaysSilent/group_and_peer (0.00s)
    --- SKIP: TestNoUnknownClassesStaysSilent/arbitrary_property (0.00s)
    --- SKIP: TestNoUnknownClassesStaysSilent/variants (0.00s)
    --- SKIP: TestNoUnknownClassesStaysSilent/this_repository's_own_utility_under_a_variant (0.00s)
    --- SKIP: TestNoUnknownClassesStaysSilent/unrelated_callee (0.00s)
    --- SKIP: TestNoUnknownClassesStaysSilent/unrelated_attribute (0.00s)
    --- SKIP: TestNoUnknownClassesStaysSilent/gradient_stops (0.00s)
    --- SKIP: TestNoUnknownClassesStaysSilent/this_repository's_own_functional_utility (0.00s)
    --- SKIP: TestNoUnknownClassesStaysSilent/this_repository's_own_static_utility (0.00s)
FAIL
FAIL	github.com/system-inc/cohere/internal/lint/rules/tailwind	0.009s
FAIL
