1/81 /tmp/regex-captures-baseline/src/compiler/_namespaces/ts.moduleSpecifiers.ts checker 7.334s
2/81 /tmp/regex-captures-baseline/src/compiler/_namespaces/ts.performance.ts checker 5.396s
3/81 /tmp/regex-captures-baseline/src/compiler/_namespaces/ts.ts checker 5.665s
4/81 /tmp/regex-captures-baseline/src/compiler/binder.ts checker 6.431s
5/81 /tmp/regex-captures-baseline/src/compiler/builder.ts checker 6.217s
6/81 /tmp/regex-captures-baseline/src/compiler/builderPublic.ts checker 6.833s
7/81 /tmp/regex-captures-baseline/src/compiler/builderState.ts checker 6.216s
8/81 /tmp/regex-captures-baseline/src/compiler/builderStatePublic.ts checker 5.410s
9/81 /tmp/regex-captures-baseline/src/compiler/checker.ts checker 5.370s
10/81 /tmp/regex-captures-baseline/src/compiler/commandLineParser.ts checker 6.114s
11/81 /tmp/regex-captures-baseline/src/compiler/core.ts checker 6.732s
12/81 /tmp/regex-captures-baseline/src/compiler/corePublic.ts checker 5.299s
13/81 /tmp/regex-captures-baseline/src/compiler/debug.ts checker 5.151s
14/81 /tmp/regex-captures-baseline/src/compiler/diagnosticInformationMap.generated.ts checker 5.821s
15/81 /tmp/regex-captures-baseline/src/compiler/diagnosticMessages.generated.json error 0.000s
16/81 /tmp/regex-captures-baseline/src/compiler/diagnosticMessages.json error 0.000s
17/81 /tmp/regex-captures-baseline/src/compiler/emitter.ts checker 5.588s
18/81 /tmp/regex-captures-baseline/src/compiler/executeCommandLine.ts checker 5.389s
19/81 /tmp/regex-captures-baseline/src/compiler/expressionToTypeNode.ts checker 6.673s
20/81 /tmp/regex-captures-baseline/src/compiler/factory/baseNodeFactory.ts checker 6.255s
21/81 /tmp/regex-captures-baseline/src/compiler/factory/emitHelpers.ts checker 11.402s
22/81 /tmp/regex-captures-baseline/src/compiler/factory/emitNode.ts checker 4.588s
23/81 /tmp/regex-captures-baseline/src/compiler/factory/nodeChildren.ts checker 5.800s
24/81 /tmp/regex-captures-baseline/src/compiler/factory/nodeConverters.ts checker 3.456s
25/81 /tmp/regex-captures-baseline/src/compiler/factory/nodeFactory.ts checker 2.941s
26/81 /tmp/regex-captures-baseline/src/compiler/factory/nodeTests.ts checker 2.875s
27/81 /tmp/regex-captures-baseline/src/compiler/factory/parenthesizerRules.ts checker 3.360s
28/81 /tmp/regex-captures-baseline/src/compiler/factory/utilities.ts checker 3.787s
29/81 /tmp/regex-captures-baseline/src/compiler/factory/utilitiesPublic.ts checker 3.955s
30/81 /tmp/regex-captures-baseline/src/compiler/moduleNameResolver.ts checker 2.614s
31/81 /tmp/regex-captures-baseline/src/compiler/moduleSpecifiers.ts checker 2.406s
32/81 /tmp/regex-captures-baseline/src/compiler/parser.ts checker 2.556s
33/81 /tmp/regex-captures-baseline/src/compiler/path.ts checker 2.775s
34/81 /tmp/regex-captures-baseline/src/compiler/performance.ts checker 2.654s
35/81 /tmp/regex-captures-baseline/src/compiler/performanceCore.ts checker 2.328s
36/81 /tmp/regex-captures-baseline/src/compiler/program.ts checker 2.262s
37/81 /tmp/regex-captures-baseline/src/compiler/programDiagnostics.ts checker 2.652s
38/81 /tmp/regex-captures-baseline/src/compiler/resolutionCache.ts checker 2.499s
39/81 /tmp/regex-captures-baseline/src/compiler/scanner.ts checker 2.439s
40/81 /tmp/regex-captures-baseline/src/compiler/semver.ts checker 2.482s
41/81 /tmp/regex-captures-baseline/src/compiler/sourcemap.ts checker 2.856s
42/81 /tmp/regex-captures-baseline/src/compiler/symbolWalker.ts checker 2.556s
43/81 /tmp/regex-captures-baseline/src/compiler/sys.ts checker 2.475s
44/81 /tmp/regex-captures-baseline/src/compiler/tracing.ts checker 3.706s
45/81 /tmp/regex-captures-baseline/src/compiler/transformer.ts checker 2.454s
46/81 /tmp/regex-captures-baseline/src/compiler/transformers/classFields.ts checker 2.550s
47/81 /tmp/regex-captures-baseline/src/compiler/transformers/classThis.ts checker 2.537s
48/81 /tmp/regex-captures-baseline/src/compiler/transformers/declarations.ts checker 2.454s
49/81 /tmp/regex-captures-baseline/src/compiler/transformers/declarations/diagnostics.ts checker 2.400s
50/81 /tmp/regex-captures-baseline/src/compiler/transformers/destructuring.ts checker 2.398s
51/81 /tmp/regex-captures-baseline/src/compiler/transformers/es2015.ts checker 2.404s
52/81 /tmp/regex-captures-baseline/src/compiler/transformers/es2016.ts checker 2.475s
53/81 /tmp/regex-captures-baseline/src/compiler/transformers/es2017.ts checker 2.377s
54/81 /tmp/regex-captures-baseline/src/compiler/transformers/es2018.ts checker 2.404s
55/81 /tmp/regex-captures-baseline/src/compiler/transformers/es2019.ts checker 2.604s
56/81 /tmp/regex-captures-baseline/src/compiler/transformers/es2020.ts checker 2.394s
57/81 /tmp/regex-captures-baseline/src/compiler/transformers/es2021.ts checker 2.405s
58/81 /tmp/regex-captures-baseline/src/compiler/transformers/esDecorators.ts checker 2.609s
59/81 /tmp/regex-captures-baseline/src/compiler/transformers/esnext.ts checker 2.382s
60/81 /tmp/regex-captures-baseline/src/compiler/transformers/generators.ts checker 2.401s
61/81 /tmp/regex-captures-baseline/src/compiler/transformers/jsx.ts checker 2.549s
62/81 /tmp/regex-captures-baseline/src/compiler/transformers/legacyDecorators.ts checker 2.355s
63/81 /tmp/regex-captures-baseline/src/compiler/transformers/module/esnextAnd2015.ts checker 2.387s
64/81 /tmp/regex-captures-baseline/src/compiler/transformers/module/impliedNodeFormatDependent.ts checker 2.243s
65/81 /tmp/regex-captures-baseline/src/compiler/transformers/module/module.ts checker 2.281s
66/81 /tmp/regex-captures-baseline/src/compiler/transformers/module/system.ts checker 2.344s
67/81 /tmp/regex-captures-baseline/src/compiler/transformers/namedEvaluation.ts checker 2.293s
68/81 /tmp/regex-captures-baseline/src/compiler/transformers/taggedTemplate.ts checker 2.263s
69/81 /tmp/regex-captures-baseline/src/compiler/transformers/ts.ts checker 2.394s
70/81 /tmp/regex-captures-baseline/src/compiler/transformers/typeSerializer.ts checker 2.301s
71/81 /tmp/regex-captures-baseline/src/compiler/transformers/utilities.ts checker 2.405s
72/81 /tmp/regex-captures-baseline/src/compiler/tsbuild.ts checker 2.517s
73/81 /tmp/regex-captures-baseline/src/compiler/tsbuildPublic.ts checker 2.939s
74/81 /tmp/regex-captures-baseline/src/compiler/tsconfig.json error 0.000s
75/81 /tmp/regex-captures-baseline/src/compiler/types.ts checker 3.085s
76/81 /tmp/regex-captures-baseline/src/compiler/utilities.ts checker 2.781s
77/81 /tmp/regex-captures-baseline/src/compiler/utilitiesPublic.ts checker 2.561s
78/81 /tmp/regex-captures-baseline/src/compiler/visitorPublic.ts checker 2.724s
79/81 /tmp/regex-captures-baseline/src/compiler/watch.ts checker 2.413s
80/81 /tmp/regex-captures-baseline/src/compiler/watchPublic.ts checker 2.343s
81/81 /tmp/regex-captures-baseline/src/compiler/watchUtilities.ts checker 2.360s
whole program: 78 roots checker 2.870s
