=== RUN   TestNativeAgreesWithNode
=== PAUSE TestNativeAgreesWithNode
=== CONT  TestNativeAgreesWithNode
=== RUN   TestNativeAgreesWithNode/internal/oracle/testdata/accessor_spread_throw_first.a
=== PAUSE TestNativeAgreesWithNode/internal/oracle/testdata/accessor_spread_throw_first.a
=== RUN   TestNativeAgreesWithNode/internal/oracle/testdata/accessor_spread_throw_middle.a
=== PAUSE TestNativeAgreesWithNode/internal/oracle/testdata/accessor_spread_throw_middle.a
=== RUN   TestNativeAgreesWithNode/internal/oracle/testdata/accessor_spread_throw_last.a
=== PAUSE TestNativeAgreesWithNode/internal/oracle/testdata/accessor_spread_throw_last.a
=== CONT  TestNativeAgreesWithNode/internal/oracle/testdata/accessor_spread_throw_first.a
=== CONT  TestNativeAgreesWithNode/internal/oracle/testdata/accessor_spread_throw_last.a
=== CONT  TestNativeAgreesWithNode/internal/oracle/testdata/accessor_spread_throw_middle.a
--- PASS: TestNativeAgreesWithNode (0.02s)
    --- PASS: TestNativeAgreesWithNode/internal/oracle/testdata/accessor_spread_throw_middle.a (21.21s)
    --- PASS: TestNativeAgreesWithNode/internal/oracle/testdata/accessor_spread_throw_last.a (21.24s)
    --- PASS: TestNativeAgreesWithNode/internal/oracle/testdata/accessor_spread_throw_first.a (21.24s)
PASS
gate cache: native hits=0 misses=9
gate cache: node hits=0 misses=6
gate cache: probe hits=0 misses=0
ok  	github.com/system-inc/adamic/internal/oracle	21.264s
