=== RUN   TestNativeAgreesWithNode
=== PAUSE TestNativeAgreesWithNode
=== CONT  TestNativeAgreesWithNode
=== RUN   TestNativeAgreesWithNode/internal/oracle/testdata/accessor_spread_throw_first.a
=== PAUSE TestNativeAgreesWithNode/internal/oracle/testdata/accessor_spread_throw_first.a
=== RUN   TestNativeAgreesWithNode/internal/oracle/testdata/accessor_spread_throw_middle.a
=== PAUSE TestNativeAgreesWithNode/internal/oracle/testdata/accessor_spread_throw_middle.a
=== RUN   TestNativeAgreesWithNode/internal/oracle/testdata/accessor_spread_throw_last.a
=== PAUSE TestNativeAgreesWithNode/internal/oracle/testdata/accessor_spread_throw_last.a
=== CONT  TestNativeAgreesWithNode/internal/oracle/testdata/accessor_spread_throw_first.a
=== CONT  TestNativeAgreesWithNode/internal/oracle/testdata/accessor_spread_throw_middle.a
=== CONT  TestNativeAgreesWithNode/internal/oracle/testdata/accessor_spread_throw_last.a
=== NAME  TestNativeAgreesWithNode/internal/oracle/testdata/accessor_spread_throw_middle.a
    oracle_test.go:754: gate cache node hit
=== NAME  TestNativeAgreesWithNode/internal/oracle/testdata/accessor_spread_throw_first.a
    oracle_test.go:754: gate cache node hit
=== NAME  TestNativeAgreesWithNode/internal/oracle/testdata/accessor_spread_throw_middle.a
    oracle_test.go:754: gate cache node hit
=== NAME  TestNativeAgreesWithNode/internal/oracle/testdata/accessor_spread_throw_first.a
    oracle_test.go:754: gate cache node hit
    oracle_test.go:597: gate cache native miss
=== NAME  TestNativeAgreesWithNode/internal/oracle/testdata/accessor_spread_throw_middle.a
    oracle_test.go:597: gate cache native miss
=== NAME  TestNativeAgreesWithNode/internal/oracle/testdata/accessor_spread_throw_last.a
    oracle_test.go:754: gate cache node hit
    oracle_test.go:754: gate cache node hit
    oracle_test.go:597: gate cache native miss
=== NAME  TestNativeAgreesWithNode/internal/oracle/testdata/accessor_spread_throw_middle.a
    oracle_test.go:590: gate cache native miss
=== NAME  TestNativeAgreesWithNode/internal/oracle/testdata/accessor_spread_throw_first.a
    oracle_test.go:590: gate cache native miss
=== NAME  TestNativeAgreesWithNode/internal/oracle/testdata/accessor_spread_throw_last.a
    oracle_test.go:590: gate cache native miss
=== NAME  TestNativeAgreesWithNode/internal/oracle/testdata/accessor_spread_throw_first.a
    oracle_test.go:759: the release build: exit codes differ
        sanitized: exit 1, stdout "", stderr "/tmp/adamic-gate/adamic-build-222864783/main.c:251:97: runtime error: member access within null pointer of type 'adamic_object' (aka 'struct adamic_object')\nSUMMARY: UndefinedBehaviorSanitizer: undefined-behavior /tmp/adamic-gate/adamic-build-222864783/main.c:251:97 \n"
        release:   exit -1, stdout "", stderr ""
    oracle_test.go:775: exit codes differ
        node:   exit 0, stdout "get first\nfailure0\nafter\nget first\nget middle\nget last\nownedfirst3ownedmiddle3ownedlast3\nafter\n", stderr ""
        native: exit 1, stdout "", stderr "/tmp/adamic-gate/adamic-build-222864783/main.c:251:97: runtime error: member access within null pointer of type 'adamic_object' (aka 'struct adamic_object')\nSUMMARY: UndefinedBehaviorSanitizer: undefined-behavior /tmp/adamic-gate/adamic-build-222864783/main.c:251:97 \n"
=== NAME  TestNativeAgreesWithNode/internal/oracle/testdata/accessor_spread_throw_middle.a
    oracle_test.go:759: the release build: exit codes differ
        sanitized: exit 1, stdout "", stderr "/tmp/adamic-gate/adamic-build-3345314401/main.c:251:97: runtime error: member access within null pointer of type 'adamic_object' (aka 'struct adamic_object')\nSUMMARY: UndefinedBehaviorSanitizer: undefined-behavior /tmp/adamic-gate/adamic-build-3345314401/main.c:251:97 \n"
        release:   exit -1, stdout "", stderr ""
    oracle_test.go:775: exit codes differ
        node:   exit 0, stdout "get first\nget middle\nfailure1\nafter\nget first\nget middle\nget last\nownedfirst3ownedmiddle3ownedlast3\nafter\n", stderr ""
        native: exit 1, stdout "", stderr "/tmp/adamic-gate/adamic-build-3345314401/main.c:251:97: runtime error: member access within null pointer of type 'adamic_object' (aka 'struct adamic_object')\nSUMMARY: UndefinedBehaviorSanitizer: undefined-behavior /tmp/adamic-gate/adamic-build-3345314401/main.c:251:97 \n"
=== NAME  TestNativeAgreesWithNode/internal/oracle/testdata/accessor_spread_throw_first.a
    oracle_test.go:604: gate cache native hit
=== NAME  TestNativeAgreesWithNode/internal/oracle/testdata/accessor_spread_throw_middle.a
    oracle_test.go:604: gate cache native hit
=== NAME  TestNativeAgreesWithNode/internal/oracle/testdata/accessor_spread_throw_last.a
    oracle_test.go:759: the release build: exit codes differ
        sanitized: exit 1, stdout "", stderr "/tmp/adamic-gate/adamic-build-3078297760/main.c:251:97: runtime error: member access within null pointer of type 'adamic_object' (aka 'struct adamic_object')\nSUMMARY: UndefinedBehaviorSanitizer: undefined-behavior /tmp/adamic-gate/adamic-build-3078297760/main.c:251:97 \n"
        release:   exit -1, stdout "", stderr ""
    oracle_test.go:775: exit codes differ
        node:   exit 0, stdout "get first\nget middle\nget last\nfailure2\nafter\nget first\nget middle\nget last\nownedfirst3ownedmiddle3ownedlast3\nafter\n", stderr ""
        native: exit 1, stdout "", stderr "/tmp/adamic-gate/adamic-build-3078297760/main.c:251:97: runtime error: member access within null pointer of type 'adamic_object' (aka 'struct adamic_object')\nSUMMARY: UndefinedBehaviorSanitizer: undefined-behavior /tmp/adamic-gate/adamic-build-3078297760/main.c:251:97 \n"
    oracle_test.go:604: gate cache native hit
--- FAIL: TestNativeAgreesWithNode (0.05s)
    --- FAIL: TestNativeAgreesWithNode/internal/oracle/testdata/accessor_spread_throw_first.a (0.43s)
    --- FAIL: TestNativeAgreesWithNode/internal/oracle/testdata/accessor_spread_throw_middle.a (0.43s)
    --- FAIL: TestNativeAgreesWithNode/internal/oracle/testdata/accessor_spread_throw_last.a (0.47s)
FAIL
gate cache: native hits=3 misses=6
gate cache: node hits=6 misses=0
gate cache: probe hits=0 misses=0
FAIL	github.com/system-inc/adamic/internal/oracle	0.524s
FAIL
