=== RUN   TestFreshWriteProbesStayRefused
=== PAUSE TestFreshWriteProbesStayRefused
=== CONT  TestFreshWriteProbesStayRefused
=== RUN   TestFreshWriteProbesStayRefused/spread_old.a
=== PAUSE TestFreshWriteProbesStayRefused/spread_old.a
=== CONT  TestFreshWriteProbesStayRefused/spread_old.a
    fresh_test.go:61: gate cache node miss
    oracle_test.go:386: gate cache native miss
    oracle_test.go:393: gate cache native hit
    fresh_test.go:67: accepted a program that closes a cycle at line 9; Node exit 0 "1\n", native exit 0 "1\n"; the leak check reports:
        exit 1
        
        =================================================================
        ==196429==ERROR: LeakSanitizer: detected memory leaks
        
        Indirect leak of 117 byte(s) in 2 object(s) allocated from:
            #0 0x55774d6c9244 in malloc /home/runner/work/llvm-project/llvm-project/compiler-rt/lib/asan/asan_malloc_linux.cpp:67:3
            #1 0x55774d71d13f in adamic_allocate /home/agent/.cache/adamic/runtime/.build-3057404494/heap.c:196:10
            #2 0x7f16f06edca7  (/lib/x86_64-linux-gnu/libc.so.6+0x29ca7) (BuildId: c495b62edadd6c356265942ec1282d98058a7b41)
        
        Indirect leak of 56 byte(s) in 1 object(s) allocated from:
            #0 0x55774d6c9244 in malloc /home/runner/work/llvm-project/llvm-project/compiler-rt/lib/asan/asan_malloc_linux.cpp:67:3
            #1 0x55774d71d13f in adamic_allocate /home/agent/.cache/adamic/runtime/.build-3057404494/heap.c:196:10
        
        Indirect leak of 32 byte(s) in 1 object(s) allocated from:
            #0 0x55774d6c963c in realloc /home/runner/work/llvm-project/llvm-project/compiler-rt/lib/asan/asan_malloc_linux.cpp:81:3
            #1 0x55774d70e0a5 in adamic_array_push /home/agent/.cache/adamic/runtime/.build-3057404494/array.c:31:25
        
        SUMMARY: AddressSanitizer: 205 byte(s) leaked in 4 allocation(s).
--- FAIL: TestFreshWriteProbesStayRefused (0.01s)
    --- FAIL: TestFreshWriteProbesStayRefused/spread_old.a (1.27s)
FAIL
gate cache: native hits=1 misses=1
gate cache: node hits=0 misses=1
gate cache: probe hits=0 misses=0
FAIL	github.com/system-inc/adamic/internal/oracle	1.291s
FAIL
mutant exit=1
