--- FAIL: TestCheckedViewRankedArrayUnionContracts (2.24s)
    --- FAIL: TestCheckedViewRankedArrayUnionContracts/ranked3-pattern (0.22s)
        checked_views_ranked_array_unions_test.go:22: /workspace/adamic/stage3/interface-downcasts/lane2/ranked3-pattern.a:23:33: stage 0 can't lower a value of type NodeArray<BindingElement> | NodeArray<ArrayBindingElement> where an array goes yet
    --- FAIL: TestCheckedViewRankedArrayUnionContracts/ranked3-signature-wrong-array (0.95s)
        checked_views_ranked_array_unions_test.go:34: stderr differs; stderr "adamic: panic: field read failed: signature(raw).parameters is not a NodeArray<ParameterDeclaration>; expected NodeArray<ParameterDeclaration>, found number\n"; stdout ""; exit 70
    --- FAIL: TestCheckedViewRankedArrayUnionContracts/ranked3-types-wrong-array (1.22s)
        checked_views_ranked_array_unions_test.go:34: stderr differs; stderr "adamic: panic: field read failed: types(raw).types is not a Type[]; expected Type[], found number\n"; stdout ""; exit 70
    --- FAIL: TestCheckedViewRankedArrayUnionContracts/ranked3-pattern-wrong-array (1.08s)
panic: compiler bug: object union has no checked discriminant [recovered, repanicked]

goroutine 23 [running]:
testing.tRunner.func1.2({0x1d51598, 0x13824c0})
	/workspace/adamic-tools/go/src/testing/testing.go:2123 +0x232
testing.tRunner.func1()
	/workspace/adamic-tools/go/src/testing/testing.go:2126 +0x329
panic({0x1d51598?, 0x13824c0?})
	/workspace/adamic-tools/go/src/runtime/panic.go:859 +0x125
github.com/system-inc/adamic/internal/javascript.(*emitter).viewObjectUnion(0x0?, {0xf1c, {0x1cf80d85f260, 0x56}, {0x1cf80cde6f01, 0x15}, {0x1cf80bd3a1c0, 0x3a}, {0x0, 0x0, ...}, ...}, ...)
	/workspace/adamic/internal/javascript/view_unions.go:37 +0x738
github.com/system-inc/adamic/internal/javascript.(*emitter).valueWithoutViewArrays(0x1cf80f146210, {0x1e0b5c8?, 0x1cf80c1ef6b0?})
	/workspace/adamic/internal/javascript/javascript.go:834 +0x122c
github.com/system-inc/adamic/internal/javascript.(*emitter).value(0x1cf80f146210, {0x1e0b5c8, 0x1cf80c1ef6b0})
	/workspace/adamic/internal/javascript/view_arrays.go:97 +0x28b
github.com/system-inc/adamic/internal/javascript.(*emitter).statement(0x1cf80f146210, 0x1cf80cd66b50)
	/workspace/adamic/internal/javascript/javascript.go:377 +0x4f0
github.com/system-inc/adamic/internal/javascript.(*emitter).statements(...)
	/workspace/adamic/internal/javascript/javascript.go:299
github.com/system-inc/adamic/internal/javascript.JavaScriptWith(0x1cf80dc5f320, {0x0?, 0x0?, 0x0?})
	/workspace/adamic/internal/javascript/javascript.go:191 +0x3f54
github.com/system-inc/adamic/internal/javascript.JavaScript(...)
	/workspace/adamic/internal/javascript/javascript.go:25
github.com/system-inc/adamic/internal/oracle.onJavaScriptBackend(0x1cf80bc29208, 0x1cf80dc5f320)
	/workspace/adamic/internal/oracle/oracle_test.go:602 +0xb5
github.com/system-inc/adamic/internal/oracle.TestCheckedViewRankedArrayUnionContracts.func1(0x1cf80bc29208)
	/workspace/adamic/internal/oracle/checked_views_ranked_array_unions_test.go:32 +0x4bb
testing.tRunner(0x1cf80bc29208, 0x1cf80bc7f140)
	/workspace/adamic-tools/go/src/testing/testing.go:2193 +0xea
created by testing.(*T).Run in goroutine 21
	/workspace/adamic-tools/go/src/testing/testing.go:2258 +0x4d4
FAIL	github.com/system-inc/adamic/internal/oracle	2.260s
FAIL
