--- FAIL: TestCheckedViewCallableLaterRankedFamilies (2.67s)
    --- FAIL: TestCheckedViewCallableLaterRankedFamilies/writer-text/wrong-result (0.42s)
        checked_views_callable_later_ranked_test.go:97: gate cache node hit
        checked_views_callable_later_ranked_test.go:117: gate cache node miss
        checked_views_callable_later_ranked_test.go:137: backend2 exit 0 stdout "3\n" stderr "" want "getText" and "found function with incompatible result representation"; sanitized exit 70 stderr "adamic: panic: field read failed: stringWriter.getText expected () => string, found function with incompatible result representation\n"
    --- FAIL: TestCheckedViewCallableLaterRankedFamilies/redirect-path/wrong-result (0.37s)
        checked_views_callable_later_ranked_test.go:97: gate cache node hit
        checked_views_callable_later_ranked_test.go:117: gate cache node miss
        checked_views_callable_later_ranked_test.go:137: backend2 exit 0 stdout "9\n" stderr "" want "toPath" and "found function with incompatible result representation"; sanitized exit 70 stderr "adamic: panic: field read failed: host.toPath expected (fileName: string) => string, found function with incompatible result representation\n"
    --- FAIL: TestCheckedViewCallableLaterRankedFamilies/iteration-type/wrong-result (0.37s)
        checked_views_callable_later_ranked_test.go:97: gate cache node hit
        checked_views_callable_later_ranked_test.go:117: gate cache node miss
        checked_views_callable_later_ranked_test.go:137: backend2 exit 70 stdout "" stderr "adamic: panic: field read failed: result.value is not initialized; expected number, found missing\n" want "resolveIterationType" and "found function with incompatible result representation"; sanitized exit 70 stderr "adamic: panic: field read failed: resolver.resolveIterationType expected (type: Type, errorNode: Node | undefined) => Type | undefined, found function with incompatible result representation\n"
    --- FAIL: TestCheckedViewCallableLaterRankedFamilies/specifier-directory/wrong-result (0.35s)
        checked_views_callable_later_ranked_test.go:97: gate cache node hit
        checked_views_callable_later_ranked_test.go:117: gate cache node miss
        checked_views_callable_later_ranked_test.go:137: backend2 exit 0 stdout "3\n" stderr "" want "getCurrentDirectory" and "found function with incompatible result representation"; sanitized exit 70 stderr "adamic: panic: field read failed: host.getCurrentDirectory expected () => string, found function with incompatible result representation\n"
    --- FAIL: TestCheckedViewCallableLaterRankedFamilies/expression-type-arguments/wrong-result (0.39s)
        checked_views_callable_later_ranked_test.go:97: gate cache node hit
        checked_views_callable_later_ranked_test.go:117: gate cache node miss
        checked_views_callable_later_ranked_test.go:137: backend2 exit 70 stdout "" stderr "adamic: panic: field read failed: factory.createExpressionWithTypeArguments({value:3},[{value:4}]).value is not initialized; expected number, found missing\n" want "createExpressionWithTypeArguments" and "found function with incompatible result representation"; sanitized exit 70 stderr "adamic: panic: field read failed: factory.createExpressionWithTypeArguments expected (expression: Expression, typeArguments: readonly TypeNode[] | undefined) => ExpressionWithTypeArguments, found function with incompatible result representation\n"
    --- FAIL: TestCheckedViewCallableLaterRankedFamilies/indexed-access-type/wrong-result (0.38s)
        checked_views_callable_later_ranked_test.go:97: gate cache node hit
        checked_views_callable_later_ranked_test.go:117: gate cache node miss
        checked_views_callable_later_ranked_test.go:137: backend2 exit 70 stdout "" stderr "adamic: panic: field read failed: factory.createIndexedAccessTypeNode({value:3},{value:4}).value is not initialized; expected number, found missing\n" want "createIndexedAccessTypeNode" and "found function with incompatible result representation"; sanitized exit 70 stderr "adamic: panic: field read failed: factory.createIndexedAccessTypeNode expected (objectType: TypeNode, indexType: TypeNode) => IndexedAccessTypeNode, found function with incompatible result representation\n"
    --- FAIL: TestCheckedViewCallableLaterRankedFamilies/logical-not/wrong-result (0.36s)
        checked_views_callable_later_ranked_test.go:97: gate cache node hit
        checked_views_callable_later_ranked_test.go:117: gate cache node miss
        checked_views_callable_later_ranked_test.go:137: backend2 exit 70 stdout "" stderr "adamic: panic: field read failed: factory.createLogicalNot({value:3}).value is not initialized; expected number, found missing\n" want "createLogicalNot" and "found function with incompatible result representation"; sanitized exit 70 stderr "adamic: panic: field read failed: factory.createLogicalNot expected (operand: Expression) => PrefixUnaryExpression, found function with incompatible result representation\n"
FAIL
gate cache: native hits=0 misses=0
gate cache: node hits=7 misses=7
gate cache: probe hits=0 misses=0
FAIL	github.com/system-inc/adamic/internal/oracle	2.681s
FAIL
