{"Time":"2026-10-09T10:38:23.904862513Z","Action":"start","Package":"github.com/system-inc/adamic/internal/lower"}
{"Time":"2026-10-09T10:38:23.917569923Z","Action":"run","Package":"github.com/system-inc/adamic/internal/lower","Test":"TestIteratorGapsAreExplicit"}
{"Time":"2026-10-09T10:38:23.917731602Z","Action":"output","Package":"github.com/system-inc/adamic/internal/lower","Test":"TestIteratorGapsAreExplicit","Output":"=== RUN   TestIteratorGapsAreExplicit\n","OutputType":"frame"}
{"Time":"2026-10-09T10:38:23.917775436Z","Action":"output","Package":"github.com/system-inc/adamic/internal/lower","Test":"TestIteratorGapsAreExplicit","Output":"=== PAUSE TestIteratorGapsAreExplicit\n","OutputType":"frame"}
{"Time":"2026-10-09T10:38:23.917780163Z","Action":"pause","Package":"github.com/system-inc/adamic/internal/lower","Test":"TestIteratorGapsAreExplicit"}
{"Time":"2026-10-09T10:38:23.91778468Z","Action":"run","Package":"github.com/system-inc/adamic/internal/lower","Test":"TestIteratorViewsCannotHideReturn"}
{"Time":"2026-10-09T10:38:23.917787524Z","Action":"output","Package":"github.com/system-inc/adamic/internal/lower","Test":"TestIteratorViewsCannotHideReturn","Output":"=== RUN   TestIteratorViewsCannotHideReturn\n","OutputType":"frame"}
{"Time":"2026-10-09T10:38:23.917792962Z","Action":"output","Package":"github.com/system-inc/adamic/internal/lower","Test":"TestIteratorViewsCannotHideReturn","Output":"=== PAUSE TestIteratorViewsCannotHideReturn\n","OutputType":"frame"}
{"Time":"2026-10-09T10:38:23.917795777Z","Action":"pause","Package":"github.com/system-inc/adamic/internal/lower","Test":"TestIteratorViewsCannotHideReturn"}
{"Time":"2026-10-09T10:38:23.917801886Z","Action":"run","Package":"github.com/system-inc/adamic/internal/lower","Test":"TestIteratorViewsCannotEraseReceivers"}
{"Time":"2026-10-09T10:38:23.917804529Z","Action":"output","Package":"github.com/system-inc/adamic/internal/lower","Test":"TestIteratorViewsCannotEraseReceivers","Output":"=== RUN   TestIteratorViewsCannotEraseReceivers\n","OutputType":"frame"}
{"Time":"2026-10-09T10:38:23.917808766Z","Action":"output","Package":"github.com/system-inc/adamic/internal/lower","Test":"TestIteratorViewsCannotEraseReceivers","Output":"=== PAUSE TestIteratorViewsCannotEraseReceivers\n","OutputType":"frame"}
{"Time":"2026-10-09T10:38:23.91781195Z","Action":"pause","Package":"github.com/system-inc/adamic/internal/lower","Test":"TestIteratorViewsCannotEraseReceivers"}
{"Time":"2026-10-09T10:38:23.917816357Z","Action":"run","Package":"github.com/system-inc/adamic/internal/lower","Test":"TestIteratorDestructuringDoesNotLieAboutExhaustion"}
{"Time":"2026-10-09T10:38:23.917820253Z","Action":"output","Package":"github.com/system-inc/adamic/internal/lower","Test":"TestIteratorDestructuringDoesNotLieAboutExhaustion","Output":"=== RUN   TestIteratorDestructuringDoesNotLieAboutExhaustion\n","OutputType":"frame"}
{"Time":"2026-10-09T10:38:23.917828315Z","Action":"output","Package":"github.com/system-inc/adamic/internal/lower","Test":"TestIteratorDestructuringDoesNotLieAboutExhaustion","Output":"=== PAUSE TestIteratorDestructuringDoesNotLieAboutExhaustion\n","OutputType":"frame"}
{"Time":"2026-10-09T10:38:23.917831569Z","Action":"pause","Package":"github.com/system-inc/adamic/internal/lower","Test":"TestIteratorDestructuringDoesNotLieAboutExhaustion"}
{"Time":"2026-10-09T10:38:23.917834253Z","Action":"run","Package":"github.com/system-inc/adamic/internal/lower","Test":"TestLiteralMethodCapturesCannotMakeCycles"}
{"Time":"2026-10-09T10:38:23.917837057Z","Action":"output","Package":"github.com/system-inc/adamic/internal/lower","Test":"TestLiteralMethodCapturesCannotMakeCycles","Output":"=== RUN   TestLiteralMethodCapturesCannotMakeCycles\n","OutputType":"frame"}
{"Time":"2026-10-09T10:38:23.917842165Z","Action":"output","Package":"github.com/system-inc/adamic/internal/lower","Test":"TestLiteralMethodCapturesCannotMakeCycles","Output":"=== PAUSE TestLiteralMethodCapturesCannotMakeCycles\n","OutputType":"frame"}
{"Time":"2026-10-09T10:38:23.917845009Z","Action":"pause","Package":"github.com/system-inc/adamic/internal/lower","Test":"TestLiteralMethodCapturesCannotMakeCycles"}
{"Time":"2026-10-09T10:38:23.917856136Z","Action":"run","Package":"github.com/system-inc/adamic/internal/lower","Test":"TestLiteralMethodViewsDoNotLoseThis"}
{"Time":"2026-10-09T10:38:23.91785924Z","Action":"output","Package":"github.com/system-inc/adamic/internal/lower","Test":"TestLiteralMethodViewsDoNotLoseThis","Output":"=== RUN   TestLiteralMethodViewsDoNotLoseThis\n","OutputType":"frame"}
{"Time":"2026-10-09T10:38:23.917863086Z","Action":"output","Package":"github.com/system-inc/adamic/internal/lower","Test":"TestLiteralMethodViewsDoNotLoseThis","Output":"=== PAUSE TestLiteralMethodViewsDoNotLoseThis\n","OutputType":"frame"}
{"Time":"2026-10-09T10:38:23.917867733Z","Action":"pause","Package":"github.com/system-inc/adamic/internal/lower","Test":"TestLiteralMethodViewsDoNotLoseThis"}
{"Time":"2026-10-09T10:38:23.917874363Z","Action":"run","Package":"github.com/system-inc/adamic/internal/lower","Test":"TestIteratorDescriptorReasons"}
{"Time":"2026-10-09T10:38:23.917877127Z","Action":"output","Package":"github.com/system-inc/adamic/internal/lower","Test":"TestIteratorDescriptorReasons","Output":"=== RUN   TestIteratorDescriptorReasons\n","OutputType":"frame"}
{"Time":"2026-10-09T10:38:23.917880452Z","Action":"output","Package":"github.com/system-inc/adamic/internal/lower","Test":"TestIteratorDescriptorReasons","Output":"=== PAUSE TestIteratorDescriptorReasons\n","OutputType":"frame"}
{"Time":"2026-10-09T10:38:23.917883326Z","Action":"pause","Package":"github.com/system-inc/adamic/internal/lower","Test":"TestIteratorDescriptorReasons"}
{"Time":"2026-10-09T10:38:23.917944857Z","Action":"run","Package":"github.com/system-inc/adamic/internal/lower","Test":"TestDestructuredMethodsCannotLoadOwnSlots"}
{"Time":"2026-10-09T10:38:23.917951456Z","Action":"output","Package":"github.com/system-inc/adamic/internal/lower","Test":"TestDestructuredMethodsCannotLoadOwnSlots","Output":"=== RUN   TestDestructuredMethodsCannotLoadOwnSlots\n","OutputType":"frame"}
{"Time":"2026-10-09T10:38:23.917955913Z","Action":"output","Package":"github.com/system-inc/adamic/internal/lower","Test":"TestDestructuredMethodsCannotLoadOwnSlots","Output":"=== PAUSE TestDestructuredMethodsCannotLoadOwnSlots\n","OutputType":"frame"}
{"Time":"2026-10-09T10:38:23.917958577Z","Action":"pause","Package":"github.com/system-inc/adamic/internal/lower","Test":"TestDestructuredMethodsCannotLoadOwnSlots"}
{"Time":"2026-10-09T10:38:23.918056041Z","Action":"run","Package":"github.com/system-inc/adamic/internal/lower","Test":"TestIteratorMapperIndexHasNumberRepresentation"}
{"Time":"2026-10-09T10:38:23.91806206Z","Action":"output","Package":"github.com/system-inc/adamic/internal/lower","Test":"TestIteratorMapperIndexHasNumberRepresentation","Output":"=== RUN   TestIteratorMapperIndexHasNumberRepresentation\n","OutputType":"frame"}
{"Time":"2026-10-09T10:38:23.918066667Z","Action":"output","Package":"github.com/system-inc/adamic/internal/lower","Test":"TestIteratorMapperIndexHasNumberRepresentation","Output":"=== PAUSE TestIteratorMapperIndexHasNumberRepresentation\n","OutputType":"frame"}
{"Time":"2026-10-09T10:38:23.918069271Z","Action":"pause","Package":"github.com/system-inc/adamic/internal/lower","Test":"TestIteratorMapperIndexHasNumberRepresentation"}
{"Time":"2026-10-09T10:38:23.91807597Z","Action":"run","Package":"github.com/system-inc/adamic/internal/lower","Test":"TestIteratorSymbolKeysAreNotStringKeys"}
{"Time":"2026-10-09T10:38:23.918079195Z","Action":"output","Package":"github.com/system-inc/adamic/internal/lower","Test":"TestIteratorSymbolKeysAreNotStringKeys","Output":"=== RUN   TestIteratorSymbolKeysAreNotStringKeys\n","OutputType":"frame"}
{"Time":"2026-10-09T10:38:23.91808924Z","Action":"output","Package":"github.com/system-inc/adamic/internal/lower","Test":"TestIteratorSymbolKeysAreNotStringKeys","Output":"=== PAUSE TestIteratorSymbolKeysAreNotStringKeys\n","OutputType":"frame"}
{"Time":"2026-10-09T10:38:23.918092655Z","Action":"pause","Package":"github.com/system-inc/adamic/internal/lower","Test":"TestIteratorSymbolKeysAreNotStringKeys"}
{"Time":"2026-10-09T10:38:23.918818287Z","Action":"run","Package":"github.com/system-inc/adamic/internal/lower","Test":"TestReceiverIndependentMethodDestructuring"}
{"Time":"2026-10-09T10:38:23.918830926Z","Action":"output","Package":"github.com/system-inc/adamic/internal/lower","Test":"TestReceiverIndependentMethodDestructuring","Output":"=== RUN   TestReceiverIndependentMethodDestructuring\n","OutputType":"frame"}
{"Time":"2026-10-09T10:38:23.918840159Z","Action":"output","Package":"github.com/system-inc/adamic/internal/lower","Test":"TestReceiverIndependentMethodDestructuring","Output":"=== PAUSE TestReceiverIndependentMethodDestructuring\n","OutputType":"frame"}
{"Time":"2026-10-09T10:38:23.918842733Z","Action":"pause","Package":"github.com/system-inc/adamic/internal/lower","Test":"TestReceiverIndependentMethodDestructuring"}
{"Time":"2026-10-09T10:38:23.918846158Z","Action":"run","Package":"github.com/system-inc/adamic/internal/lower","Test":"TestMethodDestructuringSafetyReceiver"}
{"Time":"2026-10-09T10:38:23.918849283Z","Action":"output","Package":"github.com/system-inc/adamic/internal/lower","Test":"TestMethodDestructuringSafetyReceiver","Output":"=== RUN   TestMethodDestructuringSafetyReceiver\n","OutputType":"frame"}
{"Time":"2026-10-09T10:38:23.918852728Z","Action":"output","Package":"github.com/system-inc/adamic/internal/lower","Test":"TestMethodDestructuringSafetyReceiver","Output":"=== PAUSE TestMethodDestructuringSafetyReceiver\n","OutputType":"frame"}
{"Time":"2026-10-09T10:38:23.918855382Z","Action":"pause","Package":"github.com/system-inc/adamic/internal/lower","Test":"TestMethodDestructuringSafetyReceiver"}
{"Time":"2026-10-09T10:38:23.918858066Z","Action":"run","Package":"github.com/system-inc/adamic/internal/lower","Test":"TestMethodDestructuringSafetyArrowReceiver"}
{"Time":"2026-10-09T10:38:23.918860569Z","Action":"output","Package":"github.com/system-inc/adamic/internal/lower","Test":"TestMethodDestructuringSafetyArrowReceiver","Output":"=== RUN   TestMethodDestructuringSafetyArrowReceiver\n","OutputType":"frame"}
{"Time":"2026-10-09T10:38:23.918863694Z","Action":"output","Package":"github.com/system-inc/adamic/internal/lower","Test":"TestMethodDestructuringSafetyArrowReceiver","Output":"=== PAUSE TestMethodDestructuringSafetyArrowReceiver\n","OutputType":"frame"}
{"Time":"2026-10-09T10:38:23.918866618Z","Action":"pause","Package":"github.com/system-inc/adamic/internal/lower","Test":"TestMethodDestructuringSafetyArrowReceiver"}
{"Time":"2026-10-09T10:38:23.918869753Z","Action":"run","Package":"github.com/system-inc/adamic/internal/lower","Test":"TestMethodDestructuringSafetyDefaultReceiver"}
{"Time":"2026-10-09T10:38:23.918872277Z","Action":"output","Package":"github.com/system-inc/adamic/internal/lower","Test":"TestMethodDestructuringSafetyDefaultReceiver","Output":"=== RUN   TestMethodDestructuringSafetyDefaultReceiver\n","OutputType":"frame"}
{"Time":"2026-10-09T10:38:23.918876883Z","Action":"output","Package":"github.com/system-inc/adamic/internal/lower","Test":"TestMethodDestructuringSafetyDefaultReceiver","Output":"=== PAUSE TestMethodDestructuringSafetyDefaultReceiver\n","OutputType":"frame"}
{"Time":"2026-10-09T10:38:23.918879407Z","Action":"pause","Package":"github.com/system-inc/adamic/internal/lower","Test":"TestMethodDestructuringSafetyDefaultReceiver"}
{"Time":"2026-10-09T10:38:23.918882111Z","Action":"run","Package":"github.com/system-inc/adamic/internal/lower","Test":"TestMethodDestructuringSafetyExplicitReceiver"}
{"Time":"2026-10-09T10:38:23.918884555Z","Action":"output","Package":"github.com/system-inc/adamic/internal/lower","Test":"TestMethodDestructuringSafetyExplicitReceiver","Output":"=== RUN   TestMethodDestructuringSafetyExplicitReceiver\n","OutputType":"frame"}
{"Time":"2026-10-09T10:38:23.91888781Z","Action":"output","Package":"github.com/system-inc/adamic/internal/lower","Test":"TestMethodDestructuringSafetyExplicitReceiver","Output":"=== PAUSE TestMethodDestructuringSafetyExplicitReceiver\n","OutputType":"frame"}
{"Time":"2026-10-09T10:38:23.91889467Z","Action":"pause","Package":"github.com/system-inc/adamic/internal/lower","Test":"TestMethodDestructuringSafetyExplicitReceiver"}
{"Time":"2026-10-09T10:38:23.918898565Z","Action":"run","Package":"github.com/system-inc/adamic/internal/lower","Test":"TestMethodDestructuringSafetyStructuralReceiver"}
{"Time":"2026-10-09T10:38:23.91890149Z","Action":"output","Package":"github.com/system-inc/adamic/internal/lower","Test":"TestMethodDestructuringSafetyStructuralReceiver","Output":"=== RUN   TestMethodDestructuringSafetyStructuralReceiver\n","OutputType":"frame"}
{"Time":"2026-10-09T10:38:23.918905476Z","Action":"output","Package":"github.com/system-inc/adamic/internal/lower","Test":"TestMethodDestructuringSafetyStructuralReceiver","Output":"=== PAUSE TestMethodDestructuringSafetyStructuralReceiver\n","OutputType":"frame"}
{"Time":"2026-10-09T10:38:23.918907208Z","Action":"pause","Package":"github.com/system-inc/adamic/internal/lower","Test":"TestMethodDestructuringSafetyStructuralReceiver"}
{"Time":"2026-10-09T10:38:23.918909021Z","Action":"run","Package":"github.com/system-inc/adamic/internal/lower","Test":"TestMethodDestructuringSafetyClassOrigin"}
{"Time":"2026-10-09T10:38:23.918910433Z","Action":"output","Package":"github.com/system-inc/adamic/internal/lower","Test":"TestMethodDestructuringSafetyClassOrigin","Output":"=== RUN   TestMethodDestructuringSafetyClassOrigin\n","OutputType":"frame"}
{"Time":"2026-10-09T10:38:23.918912466Z","Action":"output","Package":"github.com/system-inc/adamic/internal/lower","Test":"TestMethodDestructuringSafetyClassOrigin","Output":"=== PAUSE TestMethodDestructuringSafetyClassOrigin\n","OutputType":"frame"}
{"Time":"2026-10-09T10:38:23.918914128Z","Action":"pause","Package":"github.com/system-inc/adamic/internal/lower","Test":"TestMethodDestructuringSafetyClassOrigin"}
{"Time":"2026-10-09T10:38:23.918916071Z","Action":"run","Package":"github.com/system-inc/adamic/internal/lower","Test":"TestMethodDestructuringSafetyStructuralClass"}
{"Time":"2026-10-09T10:38:23.918917604Z","Action":"output","Package":"github.com/system-inc/adamic/internal/lower","Test":"TestMethodDestructuringSafetyStructuralClass","Output":"=== RUN   TestMethodDestructuringSafetyStructuralClass\n","OutputType":"frame"}
{"Time":"2026-10-09T10:38:23.918919727Z","Action":"output","Package":"github.com/system-inc/adamic/internal/lower","Test":"TestMethodDestructuringSafetyStructuralClass","Output":"=== PAUSE TestMethodDestructuringSafetyStructuralClass\n","OutputType":"frame"}
{"Time":"2026-10-09T10:38:23.918921399Z","Action":"pause","Package":"github.com/system-inc/adamic/internal/lower","Test":"TestMethodDestructuringSafetyStructuralClass"}
{"Time":"2026-10-09T10:38:23.91968046Z","Action":"run","Package":"github.com/system-inc/adamic/internal/lower","Test":"TestOptionalIndexingMapShapeRefused"}
{"Time":"2026-10-09T10:38:23.919688903Z","Action":"output","Package":"github.com/system-inc/adamic/internal/lower","Test":"TestOptionalIndexingMapShapeRefused","Output":"=== RUN   TestOptionalIndexingMapShapeRefused\n","OutputType":"frame"}
{"Time":"2026-10-09T10:38:23.919694491Z","Action":"output","Package":"github.com/system-inc/adamic/internal/lower","Test":"TestOptionalIndexingMapShapeRefused","Output":"=== PAUSE TestOptionalIndexingMapShapeRefused\n","OutputType":"frame"}
{"Time":"2026-10-09T10:38:23.919696274Z","Action":"pause","Package":"github.com/system-inc/adamic/internal/lower","Test":"TestOptionalIndexingMapShapeRefused"}
{"Time":"2026-10-09T10:38:23.919721411Z","Action":"run","Package":"github.com/system-inc/adamic/internal/lower","Test":"TestOptionalIndexingKeepsIndexSignaturesRefused"}
{"Time":"2026-10-09T10:38:23.919723614Z","Action":"output","Package":"github.com/system-inc/adamic/internal/lower","Test":"TestOptionalIndexingKeepsIndexSignaturesRefused","Output":"=== RUN   TestOptionalIndexingKeepsIndexSignaturesRefused\n","OutputType":"frame"}
{"Time":"2026-10-09T10:38:23.919728952Z","Action":"output","Package":"github.com/system-inc/adamic/internal/lower","Test":"TestOptionalIndexingKeepsIndexSignaturesRefused","Output":"=== PAUSE TestOptionalIndexingKeepsIndexSignaturesRefused\n","OutputType":"frame"}
{"Time":"2026-10-09T10:38:23.91973424Z","Action":"pause","Package":"github.com/system-inc/adamic/internal/lower","Test":"TestOptionalIndexingKeepsIndexSignaturesRefused"}
{"Time":"2026-10-09T10:38:23.919772276Z","Action":"run","Package":"github.com/system-inc/adamic/internal/lower","Test":"TestOptionalIndexingKeepsUnsupportedStorageNotYet"}
{"Time":"2026-10-09T10:38:23.91977475Z","Action":"output","Package":"github.com/system-inc/adamic/internal/lower","Test":"TestOptionalIndexingKeepsUnsupportedStorageNotYet","Output":"=== RUN   TestOptionalIndexingKeepsUnsupportedStorageNotYet\n","OutputType":"frame"}
{"Time":"2026-10-09T10:38:23.919805325Z","Action":"output","Package":"github.com/system-inc/adamic/internal/lower","Test":"TestOptionalIndexingKeepsUnsupportedStorageNotYet","Output":"=== PAUSE TestOptionalIndexingKeepsUnsupportedStorageNotYet\n","OutputType":"frame"}
{"Time":"2026-10-09T10:38:23.919807348Z","Action":"pause","Package":"github.com/system-inc/adamic/internal/lower","Test":"TestOptionalIndexingKeepsUnsupportedStorageNotYet"}
{"Time":"2026-10-09T10:38:23.922342142Z","Action":"cont","Package":"github.com/system-inc/adamic/internal/lower","Test":"TestIteratorGapsAreExplicit"}
{"Time":"2026-10-09T10:38:23.922364605Z","Action":"output","Package":"github.com/system-inc/adamic/internal/lower","Test":"TestIteratorGapsAreExplicit","Output":"=== CONT  TestIteratorGapsAreExplicit\n","OutputType":"frame"}
{"Time":"2026-10-09T10:38:23.922373358Z","Action":"cont","Package":"github.com/system-inc/adamic/internal/lower","Test":"TestMethodDestructuringSafetyReceiver"}
{"Time":"2026-10-09T10:38:23.922376943Z","Action":"output","Package":"github.com/system-inc/adamic/internal/lower","Test":"TestMethodDestructuringSafetyReceiver","Output":"=== CONT  TestMethodDestructuringSafetyReceiver\n","OutputType":"frame"}
{"Time":"2026-10-09T10:38:23.922380829Z","Action":"cont","Package":"github.com/system-inc/adamic/internal/lower","Test":"TestReceiverIndependentMethodDestructuring"}
{"Time":"2026-10-09T10:38:23.922383753Z","Action":"output","Package":"github.com/system-inc/adamic/internal/lower","Test":"TestReceiverIndependentMethodDestructuring","Output":"=== CONT  TestReceiverIndependentMethodDestructuring\n","OutputType":"frame"}
{"Time":"2026-10-09T10:38:23.922413898Z","Action":"cont","Package":"github.com/system-inc/adamic/internal/lower","Test":"TestOptionalIndexingKeepsUnsupportedStorageNotYet"}
{"Time":"2026-10-09T10:38:23.922417684Z","Action":"output","Package":"github.com/system-inc/adamic/internal/lower","Test":"TestOptionalIndexingKeepsUnsupportedStorageNotYet","Output":"=== CONT  TestOptionalIndexingKeepsUnsupportedStorageNotYet\n","OutputType":"frame"}
{"Time":"2026-10-09T10:38:23.922541757Z","Action":"run","Package":"github.com/system-inc/adamic/internal/lower","Test":"TestIteratorGapsAreExplicit/interface_Step_{value:number;done?:boolean}_const_source={_[Symbol.iterator](){return{next():Step{return{value:1};}}}};for(const_value_of_source){console.log(`${value}`);break;}"}
{"Time":"2026-10-09T10:38:23.922551691Z","Action":"output","Package":"github.com/system-inc/adamic/internal/lower","Test":"TestIteratorGapsAreExplicit/interface_Step_{value:number;done?:boolean}_const_source={_[Symbol.iterator](){return{next():Step{return{value:1};}}}};for(const_value_of_source){console.log(`${value}`);break;}","Output":"=== RUN   TestIteratorGapsAreExplicit/interface_Step_{value:number;done?:boolean}_const_source={_[Symbol.iterator](){return{next():Step{return{value:1};}}}};for(const_value_of_source){console.log(`${value}`);break;}\n","OutputType":"frame"}
{"Time":"2026-10-09T10:38:23.92277436Z","Action":"output","Package":"github.com/system-inc/adamic/internal/lower","Test":"TestIteratorGapsAreExplicit/interface_Step_{value:number;done?:boolean}_const_source={_[Symbol.iterator](){return{next():Step{return{value:1};}}}};for(const_value_of_source){console.log(`${value}`);break;}","Output":"=== PAUSE TestIteratorGapsAreExplicit/interface_Step_{value:number;done?:boolean}_const_source={_[Symbol.iterator](){return{next():Step{return{value:1};}}}};for(const_value_of_source){console.log(`${value}`);break;}\n","OutputType":"frame"}
{"Time":"2026-10-09T10:38:23.922789513Z","Action":"pause","Package":"github.com/system-inc/adamic/internal/lower","Test":"TestIteratorGapsAreExplicit/interface_Step_{value:number;done?:boolean}_const_source={_[Symbol.iterator](){return{next():Step{return{value:1};}}}};for(const_value_of_source){console.log(`${value}`);break;}"}
{"Time":"2026-10-09T10:38:23.9228283Z","Action":"run","Package":"github.com/system-inc/adamic/internal/lower","Test":"TestIteratorGapsAreExplicit/interface_Step_{value:number;done:boolean}_function_closing():{return():Step}|undefined{return_undefined;}_const_source={[Symbol.iterator](){return{...closing(),next():Step{return{value:1,done:false};}}}};for(const_value_of_source){break;}"}
{"Time":"2026-10-09T10:38:23.922837083Z","Action":"output","Package":"github.com/system-inc/adamic/internal/lower","Test":"TestIteratorGapsAreExplicit/interface_Step_{value:number;done:boolean}_function_closing():{return():Step}|undefined{return_undefined;}_const_source={[Symbol.iterator](){return{...closing(),next():Step{return{value:1,done:false};}}}};for(const_value_of_source){break;}","Output":"=== RUN   TestIteratorGapsAreExplicit/interface_Step_{value:number;done:boolean}_function_closing():{return():Step}|undefined{return_undefined;}_const_source={[Symbol.iterator](){return{...closing(),next():Step{return{value:1,done:false};}}}};for(const_value_of_source){break;}\n","OutputType":"frame"}
{"Time":"2026-10-09T10:38:23.922850192Z","Action":"output","Package":"github.com/system-inc/adamic/internal/lower","Test":"TestIteratorGapsAreExplicit/interface_Step_{value:number;done:boolean}_function_closing():{return():Step}|undefined{return_undefined;}_const_source={[Symbol.iterator](){return{...closing(),next():Step{return{value:1,done:false};}}}};for(const_value_of_source){break;}","Output":"=== PAUSE TestIteratorGapsAreExplicit/interface_Step_{value:number;done:boolean}_function_closing():{return():Step}|undefined{return_undefined;}_const_source={[Symbol.iterator](){return{...closing(),next():Step{return{value:1,done:false};}}}};for(const_value_of_source){break;}\n","OutputType":"frame"}
{"Time":"2026-10-09T10:38:23.922854118Z","Action":"pause","Package":"github.com/system-inc/adamic/internal/lower","Test":"TestIteratorGapsAreExplicit/interface_Step_{value:number;done:boolean}_function_closing():{return():Step}|undefined{return_undefined;}_const_source={[Symbol.iterator](){return{...closing(),next():Step{return{value:1,done:false};}}}};for(const_value_of_source){break;}"}
{"Time":"2026-10-09T10:38:23.922966244Z","Action":"run","Package":"github.com/system-inc/adamic/internal/lower","Test":"TestOptionalIndexingKeepsUnsupportedStorageNotYet/typed_ordinary_property_continuation"}
{"Time":"2026-10-09T10:38:23.922974125Z","Action":"output","Package":"github.com/system-inc/adamic/internal/lower","Test":"TestOptionalIndexingKeepsUnsupportedStorageNotYet/typed_ordinary_property_continuation","Output":"=== RUN   TestOptionalIndexingKeepsUnsupportedStorageNotYet/typed_ordinary_property_continuation\n","OutputType":"frame"}
{"Time":"2026-10-09T10:38:23.923175192Z","Action":"run","Package":"github.com/system-inc/adamic/internal/lower","Test":"TestIteratorGapsAreExplicit/interface_Source_{[Symbol.iterator]():{next():{value:number;done:boolean}}}_function_consume(source:Source):void_{for(const_value_of_source){break;}}_consume({[Symbol.iterator](){return{next(){return{value:1,done:false};}}}});"}
{"Time":"2026-10-09T10:38:23.923186128Z","Action":"output","Package":"github.com/system-inc/adamic/internal/lower","Test":"TestIteratorGapsAreExplicit/interface_Source_{[Symbol.iterator]():{next():{value:number;done:boolean}}}_function_consume(source:Source):void_{for(const_value_of_source){break;}}_consume({[Symbol.iterator](){return{next(){return{value:1,done:false};}}}});","Output":"=== RUN   TestIteratorGapsAreExplicit/interface_Source_{[Symbol.iterator]():{next():{value:number;done:boolean}}}_function_consume(source:Source):void_{for(const_value_of_source){break;}}_consume({[Symbol.iterator](){return{next(){return{value:1,done:false};}}}});\n","OutputType":"frame"}
{"Time":"2026-10-09T10:38:23.923197305Z","Action":"output","Package":"github.com/system-inc/adamic/internal/lower","Test":"TestIteratorGapsAreExplicit/interface_Source_{[Symbol.iterator]():{next():{value:number;done:boolean}}}_function_consume(source:Source):void_{for(const_value_of_source){break;}}_consume({[Symbol.iterator](){return{next(){return{value:1,done:false};}}}});","Output":"=== PAUSE TestIteratorGapsAreExplicit/interface_Source_{[Symbol.iterator]():{next():{value:number;done:boolean}}}_function_consume(source:Source):void_{for(const_value_of_source){break;}}_consume({[Symbol.iterator](){return{next(){return{value:1,done:false};}}}});\n","OutputType":"frame"}
{"Time":"2026-10-09T10:38:23.923201401Z","Action":"pause","Package":"github.com/system-inc/adamic/internal/lower","Test":"TestIteratorGapsAreExplicit/interface_Source_{[Symbol.iterator]():{next():{value:number;done:boolean}}}_function_consume(source:Source):void_{for(const_value_of_source){break;}}_consume({[Symbol.iterator](){return{next(){return{value:1,done:false};}}}});"}
{"Time":"2026-10-09T10:38:23.923267338Z","Action":"run","Package":"github.com/system-inc/adamic/internal/lower","Test":"TestIteratorGapsAreExplicit/const_source={[Symbol.iterator](){return{next:()=\u003e({value:1,done:false}),return:()=\u003e({value:0,done:true})};}};const_iterator=source[Symbol.iterator]();iterator.next=():{value:number;done:boolean}=\u003e({value:2,done:true});for(const_value_of_source){break;}"}
{"Time":"2026-10-09T10:38:23.923273768Z","Action":"output","Package":"github.com/system-inc/adamic/internal/lower","Test":"TestIteratorGapsAreExplicit/const_source={[Symbol.iterator](){return{next:()=\u003e({value:1,done:false}),return:()=\u003e({value:0,done:true})};}};const_iterator=source[Symbol.iterator]();iterator.next=():{value:number;done:boolean}=\u003e({value:2,done:true});for(const_value_of_source){break;}","Output":"=== RUN   TestIteratorGapsAreExplicit/const_source={[Symbol.iterator](){return{next:()=\u003e({value:1,done:false}),return:()=\u003e({value:0,done:true})};}};const_iterator=source[Symbol.iterator]();iterator.next=():{value:number;done:boolean}=\u003e({value:2,done:true});for(const_value_of_source){break;}\n","OutputType":"frame"}
{"Time":"2026-10-09T10:38:23.923314378Z","Action":"output","Package":"github.com/system-inc/adamic/internal/lower","Test":"TestIteratorGapsAreExplicit/const_source={[Symbol.iterator](){return{next:()=\u003e({value:1,done:false}),return:()=\u003e({value:0,done:true})};}};const_iterator=source[Symbol.iterator]();iterator.next=():{value:number;done:boolean}=\u003e({value:2,done:true});for(const_value_of_source){break;}","Output":"=== PAUSE TestIteratorGapsAreExplicit/const_source={[Symbol.iterator](){return{next:()=\u003e({value:1,done:false}),return:()=\u003e({value:0,done:true})};}};const_iterator=source[Symbol.iterator]();iterator.next=():{value:number;done:boolean}=\u003e({value:2,done:true});for(const_value_of_source){break;}\n","OutputType":"frame"}
{"Time":"2026-10-09T10:38:23.923318804Z","Action":"pause","Package":"github.com/system-inc/adamic/internal/lower","Test":"TestIteratorGapsAreExplicit/const_source={[Symbol.iterator](){return{next:()=\u003e({value:1,done:false}),return:()=\u003e({value:0,done:true})};}};const_iterator=source[Symbol.iterator]();iterator.next=():{value:number;done:boolean}=\u003e({value:2,done:true});for(const_value_of_source){break;}"}
{"Time":"2026-10-09T10:38:23.924021883Z","Action":"run","Package":"github.com/system-inc/adamic/internal/lower","Test":"TestIteratorGapsAreExplicit/class_Result_{declare_value:number;declare_done:boolean;}_const_source={[Symbol.iterator](){return{next(){return_new_Result();}}}};for(const_value_of_source){break;}"}
{"Time":"2026-10-09T10:38:23.924034542Z","Action":"output","Package":"github.com/system-inc/adamic/internal/lower","Test":"TestIteratorGapsAreExplicit/class_Result_{declare_value:number;declare_done:boolean;}_const_source={[Symbol.iterator](){return{next(){return_new_Result();}}}};for(const_value_of_source){break;}","Output":"=== RUN   TestIteratorGapsAreExplicit/class_Result_{declare_value:number;declare_done:boolean;}_const_source={[Symbol.iterator](){return{next(){return_new_Result();}}}};for(const_value_of_source){break;}\n","OutputType":"frame"}
{"Time":"2026-10-09T10:38:23.924045227Z","Action":"output","Package":"github.com/system-inc/adamic/internal/lower","Test":"TestIteratorGapsAreExplicit/class_Result_{declare_value:number;declare_done:boolean;}_const_source={[Symbol.iterator](){return{next(){return_new_Result();}}}};for(const_value_of_source){break;}","Output":"=== PAUSE TestIteratorGapsAreExplicit/class_Result_{declare_value:number;declare_done:boolean;}_const_source={[Symbol.iterator](){return{next(){return_new_Result();}}}};for(const_value_of_source){break;}\n","OutputType":"frame"}
{"Time":"2026-10-09T10:38:23.924048592Z","Action":"pause","Package":"github.com/system-inc/adamic/internal/lower","Test":"TestIteratorGapsAreExplicit/class_Result_{declare_value:number;declare_done:boolean;}_const_source={[Symbol.iterator](){return{next(){return_new_Result();}}}};for(const_value_of_source){break;}"}
{"Time":"2026-10-09T10:38:23.924053209Z","Action":"run","Package":"github.com/system-inc/adamic/internal/lower","Test":"TestIteratorGapsAreExplicit/const_source={[Symbol.iterator](){return{next(){return{value:1,done:false};}}}};const_copy={...source};for(const_value_of_copy){break;}"}
{"Time":"2026-10-09T10:38:23.924056814Z","Action":"output","Package":"github.com/system-inc/adamic/internal/lower","Test":"TestIteratorGapsAreExplicit/const_source={[Symbol.iterator](){return{next(){return{value:1,done:false};}}}};const_copy={...source};for(const_value_of_copy){break;}","Output":"=== RUN   TestIteratorGapsAreExplicit/const_source={[Symbol.iterator](){return{next(){return{value:1,done:false};}}}};const_copy={...source};for(const_value_of_copy){break;}\n","OutputType":"frame"}
{"Time":"2026-10-09T10:38:23.924061892Z","Action":"output","Package":"github.com/system-inc/adamic/internal/lower","Test":"TestIteratorGapsAreExplicit/const_source={[Symbol.iterator](){return{next(){return{value:1,done:false};}}}};const_copy={...source};for(const_value_of_copy){break;}","Output":"=== PAUSE TestIteratorGapsAreExplicit/const_source={[Symbol.iterator](){return{next(){return{value:1,done:false};}}}};const_copy={...source};for(const_value_of_copy){break;}\n","OutputType":"frame"}
{"Time":"2026-10-09T10:38:23.924065337Z","Action":"pause","Package":"github.com/system-inc/adamic/internal/lower","Test":"TestIteratorGapsAreExplicit/const_source={[Symbol.iterator](){return{next(){return{value:1,done:false};}}}};const_copy={...source};for(const_value_of_copy){break;}"}
{"Time":"2026-10-09T10:38:23.924069263Z","Action":"run","Package":"github.com/system-inc/adamic/internal/lower","Test":"TestIteratorGapsAreExplicit/const_source={[Symbol.iterator](){return{next(){return{value:1,done:false};}}}};const_kept:(number|undefined)[]=[...source];"}
{"Time":"2026-10-09T10:38:23.92407442Z","Action":"output","Package":"github.com/system-inc/adamic/internal/lower","Test":"TestIteratorGapsAreExplicit/const_source={[Symbol.iterator](){return{next(){return{value:1,done:false};}}}};const_kept:(number|undefined)[]=[...source];","Output":"=== RUN   TestIteratorGapsAreExplicit/const_source={[Symbol.iterator](){return{next(){return{value:1,done:false};}}}};const_kept:(number|undefined)[]=[...source];\n","OutputType":"frame"}
{"Time":"2026-10-09T10:38:23.924080099Z","Action":"output","Package":"github.com/system-inc/adamic/internal/lower","Test":"TestIteratorGapsAreExplicit/const_source={[Symbol.iterator](){return{next(){return{value:1,done:false};}}}};const_kept:(number|undefined)[]=[...source];","Output":"=== PAUSE TestIteratorGapsAreExplicit/const_source={[Symbol.iterator](){return{next(){return{value:1,done:false};}}}};const_kept:(number|undefined)[]=[...source];\n","OutputType":"frame"}
{"Time":"2026-10-09T10:38:23.924083314Z","Action":"pause","Package":"github.com/system-inc/adamic/internal/lower","Test":"TestIteratorGapsAreExplicit/const_source={[Symbol.iterator](){return{next(){return{value:1,done:false};}}}};const_kept:(number|undefined)[]=[...source];"}
{"Time":"2026-10-09T10:38:23.924085717Z","Action":"cont","Package":"github.com/system-inc/adamic/internal/lower","Test":"TestOptionalIndexingKeepsIndexSignaturesRefused"}
{"Time":"2026-10-09T10:38:23.92408745Z","Action":"output","Package":"github.com/system-inc/adamic/internal/lower","Test":"TestOptionalIndexingKeepsIndexSignaturesRefused","Output":"=== CONT  TestOptionalIndexingKeepsIndexSignaturesRefused\n","OutputType":"frame"}
{"Time":"2026-10-09T10:38:23.989897477Z","Action":"output","Package":"github.com/system-inc/adamic/internal/lower","Test":"TestOptionalIndexingKeepsIndexSignaturesRefused","Output":"--- PASS: TestOptionalIndexingKeepsIndexSignaturesRefused (0.07s)\n","OutputType":"frame"}
{"Time":"2026-10-09T10:38:23.989991346Z","Action":"pass","Package":"github.com/system-inc/adamic/internal/lower","Test":"TestOptionalIndexingKeepsIndexSignaturesRefused","Elapsed":0.07}
{"Time":"2026-10-09T10:38:23.990024485Z","Action":"cont","Package":"github.com/system-inc/adamic/internal/lower","Test":"TestOptionalIndexingMapShapeRefused"}
{"Time":"2026-10-09T10:38:23.990028431Z","Action":"output","Package":"github.com/system-inc/adamic/internal/lower","Test":"TestOptionalIndexingMapShapeRefused","Output":"=== CONT  TestOptionalIndexingMapShapeRefused\n","OutputType":"frame"}
{"Time":"2026-10-09T10:38:23.995059242Z","Action":"output","Package":"github.com/system-inc/adamic/internal/lower","Test":"TestMethodDestructuringSafetyReceiver","Output":"--- PASS: TestMethodDestructuringSafetyReceiver (0.07s)\n","OutputType":"frame"}
{"Time":"2026-10-09T10:38:23.995093152Z","Action":"pass","Package":"github.com/system-inc/adamic/internal/lower","Test":"TestMethodDestructuringSafetyReceiver","Elapsed":0.07}
{"Time":"2026-10-09T10:38:23.995099131Z","Action":"cont","Package":"github.com/system-inc/adamic/internal/lower","Test":"TestMethodDestructuringSafetyStructuralClass"}
{"Time":"2026-10-09T10:38:23.995101925Z","Action":"output","Package":"github.com/system-inc/adamic/internal/lower","Test":"TestMethodDestructuringSafetyStructuralClass","Output":"=== CONT  TestMethodDestructuringSafetyStructuralClass\n","OutputType":"frame"}
{"Time":"2026-10-09T10:38:24.013518979Z","Action":"output","Package":"github.com/system-inc/adamic/internal/lower","Test":"TestOptionalIndexingKeepsUnsupportedStorageNotYet/typed_ordinary_property_continuation","Output":"--- PASS: TestOptionalIndexingKeepsUnsupportedStorageNotYet/typed_ordinary_property_continuation (0.09s)\n","OutputType":"frame"}
{"Time":"2026-10-09T10:38:24.013570164Z","Action":"pass","Package":"github.com/system-inc/adamic/internal/lower","Test":"TestOptionalIndexingKeepsUnsupportedStorageNotYet/typed_ordinary_property_continuation","Elapsed":0.09}
{"Time":"2026-10-09T10:38:24.013917387Z","Action":"run","Package":"github.com/system-inc/adamic/internal/lower","Test":"TestOptionalIndexingKeepsUnsupportedStorageNotYet/string_numeric_key"}
{"Time":"2026-10-09T10:38:24.013928904Z","Action":"output","Package":"github.com/system-inc/adamic/internal/lower","Test":"TestOptionalIndexingKeepsUnsupportedStorageNotYet/string_numeric_key","Output":"=== RUN   TestOptionalIndexingKeepsUnsupportedStorageNotYet/string_numeric_key\n","OutputType":"frame"}
{"Time":"2026-10-09T10:38:24.052077603Z","Action":"output","Package":"github.com/system-inc/adamic/internal/lower","Test":"TestReceiverIndependentMethodDestructuring","Output":"--- PASS: TestReceiverIndependentMethodDestructuring (0.13s)\n","OutputType":"frame"}
{"Time":"2026-10-09T10:38:24.05212946Z","Action":"pass","Package":"github.com/system-inc/adamic/internal/lower","Test":"TestReceiverIndependentMethodDestructuring","Elapsed":0.13}
{"Time":"2026-10-09T10:38:24.05213677Z","Action":"cont","Package":"github.com/system-inc/adamic/internal/lower","Test":"TestMethodDestructuringSafetyClassOrigin"}
{"Time":"2026-10-09T10:38:24.052147606Z","Action":"output","Package":"github.com/system-inc/adamic/internal/lower","Test":"TestMethodDestructuringSafetyClassOrigin","Output":"=== CONT  TestMethodDestructuringSafetyClassOrigin\n","OutputType":"frame"}
{"Time":"2026-10-09T10:38:24.066862642Z","Action":"output","Package":"github.com/system-inc/adamic/internal/lower","Test":"TestMethodDestructuringSafetyStructuralClass","Output":"--- PASS: TestMethodDestructuringSafetyStructuralClass (0.07s)\n","OutputType":"frame"}
{"Time":"2026-10-09T10:38:24.06691524Z","Action":"pass","Package":"github.com/system-inc/adamic/internal/lower","Test":"TestMethodDestructuringSafetyStructuralClass","Elapsed":0.07}
{"Time":"2026-10-09T10:38:24.066923743Z","Action":"cont","Package":"github.com/system-inc/adamic/internal/lower","Test":"TestMethodDestructuringSafetyStructuralReceiver"}
{"Time":"2026-10-09T10:38:24.066928049Z","Action":"output","Package":"github.com/system-inc/adamic/internal/lower","Test":"TestMethodDestructuringSafetyStructuralReceiver","Output":"=== CONT  TestMethodDestructuringSafetyStructuralReceiver\n","OutputType":"frame"}
{"Time":"2026-10-09T10:38:24.085693262Z","Action":"output","Package":"github.com/system-inc/adamic/internal/lower","Test":"TestOptionalIndexingKeepsUnsupportedStorageNotYet/string_numeric_key","Output":"--- PASS: TestOptionalIndexingKeepsUnsupportedStorageNotYet/string_numeric_key (0.07s)\n","OutputType":"frame"}
{"Time":"2026-10-09T10:38:24.085742034Z","Action":"pass","Package":"github.com/system-inc/adamic/internal/lower","Test":"TestOptionalIndexingKeepsUnsupportedStorageNotYet/string_numeric_key","Elapsed":0.07}
{"Time":"2026-10-09T10:38:24.085749505Z","Action":"run","Package":"github.com/system-inc/adamic/internal/lower","Test":"TestOptionalIndexingKeepsUnsupportedStorageNotYet/sparse_literal"}
{"Time":"2026-10-09T10:38:24.085752619Z","Action":"output","Package":"github.com/system-inc/adamic/internal/lower","Test":"TestOptionalIndexingKeepsUnsupportedStorageNotYet/sparse_literal","Output":"=== RUN   TestOptionalIndexingKeepsUnsupportedStorageNotYet/sparse_literal\n","OutputType":"frame"}
{"Time":"2026-10-09T10:38:24.087653017Z","Action":"output","Package":"github.com/system-inc/adamic/internal/lower","Test":"TestOptionalIndexingMapShapeRefused","Output":"--- PASS: TestOptionalIndexingMapShapeRefused (0.10s)\n","OutputType":"frame"}
{"Time":"2026-10-09T10:38:24.087666647Z","Action":"pass","Package":"github.com/system-inc/adamic/internal/lower","Test":"TestOptionalIndexingMapShapeRefused","Elapsed":0.1}
{"Time":"2026-10-09T10:38:24.087670422Z","Action":"cont","Package":"github.com/system-inc/adamic/internal/lower","Test":"TestMethodDestructuringSafetyExplicitReceiver"}
{"Time":"2026-10-09T10:38:24.087672335Z","Action":"output","Package":"github.com/system-inc/adamic/internal/lower","Test":"TestMethodDestructuringSafetyExplicitReceiver","Output":"=== CONT  TestMethodDestructuringSafetyExplicitReceiver\n","OutputType":"frame"}
{"Time":"2026-10-09T10:38:24.112838768Z","Action":"output","Package":"github.com/system-inc/adamic/internal/lower","Test":"TestMethodDestructuringSafetyStructuralReceiver","Output":"--- PASS: TestMethodDestructuringSafetyStructuralReceiver (0.05s)\n","OutputType":"frame"}
{"Time":"2026-10-09T10:38:24.11289445Z","Action":"pass","Package":"github.com/system-inc/adamic/internal/lower","Test":"TestMethodDestructuringSafetyStructuralReceiver","Elapsed":0.05}
{"Time":"2026-10-09T10:38:24.112900069Z","Action":"cont","Package":"github.com/system-inc/adamic/internal/lower","Test":"TestMethodDestructuringSafetyDefaultReceiver"}
{"Time":"2026-10-09T10:38:24.112903053Z","Action":"output","Package":"github.com/system-inc/adamic/internal/lower","Test":"TestMethodDestructuringSafetyDefaultReceiver","Output":"=== CONT  TestMethodDestructuringSafetyDefaultReceiver\n","OutputType":"frame"}
{"Time":"2026-10-09T10:38:24.116435962Z","Action":"output","Package":"github.com/system-inc/adamic/internal/lower","Test":"TestMethodDestructuringSafetyClassOrigin","Output":"--- PASS: TestMethodDestructuringSafetyClassOrigin (0.06s)\n","OutputType":"frame"}
{"Time":"2026-10-09T10:38:24.118529514Z","Action":"pass","Package":"github.com/system-inc/adamic/internal/lower","Test":"TestMethodDestructuringSafetyClassOrigin","Elapsed":0.06}
{"Time":"2026-10-09T10:38:24.11854047Z","Action":"cont","Package":"github.com/system-inc/adamic/internal/lower","Test":"TestMethodDestructuringSafetyArrowReceiver"}
{"Time":"2026-10-09T10:38:24.118543585Z","Action":"output","Package":"github.com/system-inc/adamic/internal/lower","Test":"TestMethodDestructuringSafetyArrowReceiver","Output":"=== CONT  TestMethodDestructuringSafetyArrowReceiver\n","OutputType":"frame"}
{"Time":"2026-10-09T10:38:24.12872262Z","Action":"output","Package":"github.com/system-inc/adamic/internal/lower","Test":"TestOptionalIndexingKeepsUnsupportedStorageNotYet/sparse_literal","Output":"--- PASS: TestOptionalIndexingKeepsUnsupportedStorageNotYet/sparse_literal (0.04s)\n","OutputType":"frame"}
{"Time":"2026-10-09T10:38:24.128756891Z","Action":"pass","Package":"github.com/system-inc/adamic/internal/lower","Test":"TestOptionalIndexingKeepsUnsupportedStorageNotYet/sparse_literal","Elapsed":0.04}
{"Time":"2026-10-09T10:38:24.128763871Z","Action":"run","Package":"github.com/system-inc/adamic/internal/lower","Test":"TestOptionalIndexingKeepsUnsupportedStorageNotYet/open_record"}
{"Time":"2026-10-09T10:38:24.128766505Z","Action":"output","Package":"github.com/system-inc/adamic/internal/lower","Test":"TestOptionalIndexingKeepsUnsupportedStorageNotYet/open_record","Output":"=== RUN   TestOptionalIndexingKeepsUnsupportedStorageNotYet/open_record\n","OutputType":"frame"}
{"Time":"2026-10-09T10:38:24.129488601Z","Action":"output","Package":"github.com/system-inc/adamic/internal/lower","Test":"TestMethodDestructuringSafetyExplicitReceiver","Output":"--- PASS: TestMethodDestructuringSafetyExplicitReceiver (0.04s)\n","OutputType":"frame"}
{"Time":"2026-10-09T10:38:24.12950133Z","Action":"pass","Package":"github.com/system-inc/adamic/internal/lower","Test":"TestMethodDestructuringSafetyExplicitReceiver","Elapsed":0.04}
{"Time":"2026-10-09T10:38:24.129504114Z","Action":"cont","Package":"github.com/system-inc/adamic/internal/lower","Test":"TestIteratorSymbolKeysAreNotStringKeys"}
{"Time":"2026-10-09T10:38:24.129506638Z","Action":"output","Package":"github.com/system-inc/adamic/internal/lower","Test":"TestIteratorSymbolKeysAreNotStringKeys","Output":"=== CONT  TestIteratorSymbolKeysAreNotStringKeys\n","OutputType":"frame"}
{"Time":"2026-10-09T10:38:24.154986209Z","Action":"output","Package":"github.com/system-inc/adamic/internal/lower","Test":"TestMethodDestructuringSafetyDefaultReceiver","Output":"--- PASS: TestMethodDestructuringSafetyDefaultReceiver (0.04s)\n","OutputType":"frame"}
{"Time":"2026-10-09T10:38:24.155045556Z","Action":"pass","Package":"github.com/system-inc/adamic/internal/lower","Test":"TestMethodDestructuringSafetyDefaultReceiver","Elapsed":0.04}
{"Time":"2026-10-09T10:38:24.155052196Z","Action":"cont","Package":"github.com/system-inc/adamic/internal/lower","Test":"TestIteratorMapperIndexHasNumberRepresentation"}
{"Time":"2026-10-09T10:38:24.155055161Z","Action":"output","Package":"github.com/system-inc/adamic/internal/lower","Test":"TestIteratorMapperIndexHasNumberRepresentation","Output":"=== CONT  TestIteratorMapperIndexHasNumberRepresentation\n","OutputType":"frame"}
{"Time":"2026-10-09T10:38:24.156819817Z","Action":"output","Package":"github.com/system-inc/adamic/internal/lower","Test":"TestMethodDestructuringSafetyArrowReceiver","Output":"--- PASS: TestMethodDestructuringSafetyArrowReceiver (0.04s)\n","OutputType":"frame"}
{"Time":"2026-10-09T10:38:24.156831785Z","Action":"pass","Package":"github.com/system-inc/adamic/internal/lower","Test":"TestMethodDestructuringSafetyArrowReceiver","Elapsed":0.04}
{"Time":"2026-10-09T10:38:24.156834579Z","Action":"cont","Package":"github.com/system-inc/adamic/internal/lower","Test":"TestDestructuredMethodsCannotLoadOwnSlots"}
{"Time":"2026-10-09T10:38:24.156836692Z","Action":"output","Package":"github.com/system-inc/adamic/internal/lower","Test":"TestDestructuredMethodsCannotLoadOwnSlots","Output":"=== CONT  TestDestructuredMethodsCannotLoadOwnSlots\n","OutputType":"frame"}
{"Time":"2026-10-09T10:38:24.175056635Z","Action":"output","Package":"github.com/system-inc/adamic/internal/lower","Test":"TestIteratorSymbolKeysAreNotStringKeys","Output":"--- PASS: TestIteratorSymbolKeysAreNotStringKeys (0.05s)\n","OutputType":"frame"}
{"Time":"2026-10-09T10:38:24.175104565Z","Action":"pass","Package":"github.com/system-inc/adamic/internal/lower","Test":"TestIteratorSymbolKeysAreNotStringKeys","Elapsed":0.05}
{"Time":"2026-10-09T10:38:24.175111916Z","Action":"cont","Package":"github.com/system-inc/adamic/internal/lower","Test":"TestIteratorDescriptorReasons"}
{"Time":"2026-10-09T10:38:24.17511426Z","Action":"output","Package":"github.com/system-inc/adamic/internal/lower","Test":"TestIteratorDescriptorReasons","Output":"=== CONT  TestIteratorDescriptorReasons\n","OutputType":"frame"}
{"Time":"2026-10-09T10:38:24.175128401Z","Action":"run","Package":"github.com/system-inc/adamic/internal/lower","Test":"TestIteratorDescriptorReasons/required_boolean_done"}
{"Time":"2026-10-09T10:38:24.175131916Z","Action":"output","Package":"github.com/system-inc/adamic/internal/lower","Test":"TestIteratorDescriptorReasons/required_boolean_done","Output":"=== RUN   TestIteratorDescriptorReasons/required_boolean_done\n","OutputType":"frame"}
{"Time":"2026-10-09T10:38:24.175135Z","Action":"output","Package":"github.com/system-inc/adamic/internal/lower","Test":"TestIteratorDescriptorReasons/required_boolean_done","Output":"=== PAUSE TestIteratorDescriptorReasons/required_boolean_done\n","OutputType":"frame"}
{"Time":"2026-10-09T10:38:24.175137143Z","Action":"pause","Package":"github.com/system-inc/adamic/internal/lower","Test":"TestIteratorDescriptorReasons/required_boolean_done"}
{"Time":"2026-10-09T10:38:24.175139988Z","Action":"run","Package":"github.com/system-inc/adamic/internal/lower","Test":"TestIteratorDescriptorReasons/represented_value_field"}
{"Time":"2026-10-09T10:38:24.17514156Z","Action":"output","Package":"github.com/system-inc/adamic/internal/lower","Test":"TestIteratorDescriptorReasons/represented_value_field","Output":"=== RUN   TestIteratorDescriptorReasons/represented_value_field\n","OutputType":"frame"}
{"Time":"2026-10-09T10:38:24.175143964Z","Action":"output","Package":"github.com/system-inc/adamic/internal/lower","Test":"TestIteratorDescriptorReasons/represented_value_field","Output":"=== PAUSE TestIteratorDescriptorReasons/represented_value_field\n","OutputType":"frame"}
{"Time":"2026-10-09T10:38:24.175145626Z","Action":"pause","Package":"github.com/system-inc/adamic/internal/lower","Test":"TestIteratorDescriptorReasons/represented_value_field"}
{"Time":"2026-10-09T10:38:24.175188209Z","Action":"run","Package":"github.com/system-inc/adamic/internal/lower","Test":"TestIteratorDescriptorReasons/optional_iterator_method"}
{"Time":"2026-10-09T10:38:24.175191143Z","Action":"output","Package":"github.com/system-inc/adamic/internal/lower","Test":"TestIteratorDescriptorReasons/optional_iterator_method","Output":"=== RUN   TestIteratorDescriptorReasons/optional_iterator_method\n","OutputType":"frame"}
{"Time":"2026-10-09T10:38:24.175194388Z","Action":"output","Package":"github.com/system-inc/adamic/internal/lower","Test":"TestIteratorDescriptorReasons/optional_iterator_method","Output":"=== PAUSE TestIteratorDescriptorReasons/optional_iterator_method\n","OutputType":"frame"}
{"Time":"2026-10-09T10:38:24.175196121Z","Action":"pause","Package":"github.com/system-inc/adamic/internal/lower","Test":"TestIteratorDescriptorReasons/optional_iterator_method"}
{"Time":"2026-10-09T10:38:24.175249059Z","Action":"run","Package":"github.com/system-inc/adamic/internal/lower","Test":"TestIteratorDescriptorReasons/arguments_or_overloads"}
{"Time":"2026-10-09T10:38:24.175251342Z","Action":"output","Package":"github.com/system-inc/adamic/internal/lower","Test":"TestIteratorDescriptorReasons/arguments_or_overloads","Output":"=== RUN   TestIteratorDescriptorReasons/arguments_or_overloads\n","OutputType":"frame"}
{"Time":"2026-10-09T10:38:24.175261567Z","Action":"output","Package":"github.com/system-inc/adamic/internal/lower","Test":"TestIteratorDescriptorReasons/arguments_or_overloads","Output":"=== PAUSE TestIteratorDescriptorReasons/arguments_or_overloads\n","OutputType":"frame"}
{"Time":"2026-10-09T10:38:24.17526327Z","Action":"pause","Package":"github.com/system-inc/adamic/internal/lower","Test":"TestIteratorDescriptorReasons/arguments_or_overloads"}
{"Time":"2026-10-09T10:38:24.175297871Z","Action":"run","Package":"github.com/system-inc/adamic/internal/lower","Test":"TestIteratorDescriptorReasons/declare_or_abstract_class_field"}
{"Time":"2026-10-09T10:38:24.175304531Z","Action":"output","Package":"github.com/system-inc/adamic/internal/lower","Test":"TestIteratorDescriptorReasons/declare_or_abstract_class_field","Output":"=== RUN   TestIteratorDescriptorReasons/declare_or_abstract_class_field\n","OutputType":"frame"}
{"Time":"2026-10-09T10:38:24.175309178Z","Action":"output","Package":"github.com/system-inc/adamic/internal/lower","Test":"TestIteratorDescriptorReasons/declare_or_abstract_class_field","Output":"=== PAUSE TestIteratorDescriptorReasons/declare_or_abstract_class_field\n","OutputType":"frame"}
{"Time":"2026-10-09T10:38:24.175311591Z","Action":"pause","Package":"github.com/system-inc/adamic/internal/lower","Test":"TestIteratorDescriptorReasons/declare_or_abstract_class_field"}
{"Time":"2026-10-09T10:38:24.175339893Z","Action":"run","Package":"github.com/system-inc/adamic/internal/lower","Test":"TestIteratorDescriptorReasons/replacing_an_iterator_protocol"}
{"Time":"2026-10-09T10:38:24.175341836Z","Action":"output","Package":"github.com/system-inc/adamic/internal/lower","Test":"TestIteratorDescriptorReasons/replacing_an_iterator_protocol","Output":"=== RUN   TestIteratorDescriptorReasons/replacing_an_iterator_protocol\n","OutputType":"frame"}
{"Time":"2026-10-09T10:38:24.17534483Z","Action":"output","Package":"github.com/system-inc/adamic/internal/lower","Test":"TestIteratorDescriptorReasons/replacing_an_iterator_protocol","Output":"=== PAUSE TestIteratorDescriptorReasons/replacing_an_iterator_protocol\n","OutputType":"frame"}
{"Time":"2026-10-09T10:38:24.175346623Z","Action":"pause","Package":"github.com/system-inc/adamic/internal/lower","Test":"TestIteratorDescriptorReasons/replacing_an_iterator_protocol"}
{"Time":"2026-10-09T10:38:24.175393392Z","Action":"run","Package":"github.com/system-inc/adamic/internal/lower","Test":"TestIteratorDescriptorReasons/object_spread"}
{"Time":"2026-10-09T10:38:24.175395525Z","Action":"output","Package":"github.com/system-inc/adamic/internal/lower","Test":"TestIteratorDescriptorReasons/object_spread","Output":"=== RUN   TestIteratorDescriptorReasons/object_spread\n","OutputType":"frame"}
{"Time":"2026-10-09T10:38:24.175400813Z","Action":"output","Package":"github.com/system-inc/adamic/internal/lower","Test":"TestIteratorDescriptorReasons/object_spread","Output":"=== PAUSE TestIteratorDescriptorReasons/object_spread\n","OutputType":"frame"}
{"Time":"2026-10-09T10:38:24.175402505Z","Action":"pause","Package":"github.com/system-inc/adamic/internal/lower","Test":"TestIteratorDescriptorReasons/object_spread"}
{"Time":"2026-10-09T10:38:24.175404949Z","Action":"cont","Package":"github.com/system-inc/adamic/internal/lower","Test":"TestLiteralMethodViewsDoNotLoseThis"}
{"Time":"2026-10-09T10:38:24.175406642Z","Action":"output","Package":"github.com/system-inc/adamic/internal/lower","Test":"TestLiteralMethodViewsDoNotLoseThis","Output":"=== CONT  TestLiteralMethodViewsDoNotLoseThis\n","OutputType":"frame"}
{"Time":"2026-10-09T10:38:24.177409971Z","Action":"output","Package":"github.com/system-inc/adamic/internal/lower","Test":"TestOptionalIndexingKeepsUnsupportedStorageNotYet/open_record","Output":"--- PASS: TestOptionalIndexingKeepsUnsupportedStorageNotYet/open_record (0.05s)\n","OutputType":"frame"}
{"Time":"2026-10-09T10:38:24.177420827Z","Action":"pass","Package":"github.com/system-inc/adamic/internal/lower","Test":"TestOptionalIndexingKeepsUnsupportedStorageNotYet/open_record","Elapsed":0.05}
{"Time":"2026-10-09T10:38:24.177516869Z","Action":"run","Package":"github.com/system-inc/adamic/internal/lower","Test":"TestOptionalIndexingKeepsUnsupportedStorageNotYet/index_after_ordinary_continuation"}
{"Time":"2026-10-09T10:38:24.177520434Z","Action":"output","Package":"github.com/system-inc/adamic/internal/lower","Test":"TestOptionalIndexingKeepsUnsupportedStorageNotYet/index_after_ordinary_continuation","Output":"=== RUN   TestOptionalIndexingKeepsUnsupportedStorageNotYet/index_after_ordinary_continuation\n","OutputType":"frame"}
{"Time":"2026-10-09T10:38:24.199667783Z","Action":"output","Package":"github.com/system-inc/adamic/internal/lower","Test":"TestIteratorMapperIndexHasNumberRepresentation","Output":"--- PASS: TestIteratorMapperIndexHasNumberRepresentation (0.04s)\n","OutputType":"frame"}
{"Time":"2026-10-09T10:38:24.199714632Z","Action":"pass","Package":"github.com/system-inc/adamic/internal/lower","Test":"TestIteratorMapperIndexHasNumberRepresentation","Elapsed":0.04}
{"Time":"2026-10-09T10:38:24.19972045Z","Action":"cont","Package":"github.com/system-inc/adamic/internal/lower","Test":"TestLiteralMethodCapturesCannotMakeCycles"}
{"Time":"2026-10-09T10:38:24.199722924Z","Action":"output","Package":"github.com/system-inc/adamic/internal/lower","Test":"TestLiteralMethodCapturesCannotMakeCycles","Output":"=== CONT  TestLiteralMethodCapturesCannotMakeCycles\n","OutputType":"frame"}
{"Time":"2026-10-09T10:38:24.233712154Z","Action":"output","Package":"github.com/system-inc/adamic/internal/lower","Test":"TestLiteralMethodCapturesCannotMakeCycles","Output":"--- PASS: TestLiteralMethodCapturesCannotMakeCycles (0.03s)\n","OutputType":"frame"}
{"Time":"2026-10-09T10:38:24.233792282Z","Action":"pass","Package":"github.com/system-inc/adamic/internal/lower","Test":"TestLiteralMethodCapturesCannotMakeCycles","Elapsed":0.03}
{"Time":"2026-10-09T10:38:24.233802958Z","Action":"cont","Package":"github.com/system-inc/adamic/internal/lower","Test":"TestIteratorDestructuringDoesNotLieAboutExhaustion"}
{"Time":"2026-10-09T10:38:24.233806594Z","Action":"output","Package":"github.com/system-inc/adamic/internal/lower","Test":"TestIteratorDestructuringDoesNotLieAboutExhaustion","Output":"=== CONT  TestIteratorDestructuringDoesNotLieAboutExhaustion\n","OutputType":"frame"}
{"Time":"2026-10-09T10:38:24.24379661Z","Action":"output","Package":"github.com/system-inc/adamic/internal/lower","Test":"TestOptionalIndexingKeepsUnsupportedStorageNotYet/index_after_ordinary_continuation","Output":"--- PASS: TestOptionalIndexingKeepsUnsupportedStorageNotYet/index_after_ordinary_continuation (0.07s)\n","OutputType":"frame"}
{"Time":"2026-10-09T10:38:24.243843509Z","Action":"pass","Package":"github.com/system-inc/adamic/internal/lower","Test":"TestOptionalIndexingKeepsUnsupportedStorageNotYet/index_after_ordinary_continuation","Elapsed":0.07}
{"Time":"2026-10-09T10:38:24.243852973Z","Action":"output","Package":"github.com/system-inc/adamic/internal/lower","Test":"TestOptionalIndexingKeepsUnsupportedStorageNotYet","Output":"--- PASS: TestOptionalIndexingKeepsUnsupportedStorageNotYet (0.32s)\n","OutputType":"frame"}
{"Time":"2026-10-09T10:38:24.243858161Z","Action":"pass","Package":"github.com/system-inc/adamic/internal/lower","Test":"TestOptionalIndexingKeepsUnsupportedStorageNotYet","Elapsed":0.32}
{"Time":"2026-10-09T10:38:24.243861425Z","Action":"cont","Package":"github.com/system-inc/adamic/internal/lower","Test":"TestIteratorViewsCannotEraseReceivers"}
{"Time":"2026-10-09T10:38:24.243864881Z","Action":"output","Package":"github.com/system-inc/adamic/internal/lower","Test":"TestIteratorViewsCannotEraseReceivers","Output":"=== CONT  TestIteratorViewsCannotEraseReceivers\n","OutputType":"frame"}
{"Time":"2026-10-09T10:38:24.25896158Z","Action":"output","Package":"github.com/system-inc/adamic/internal/lower","Test":"TestLiteralMethodViewsDoNotLoseThis","Output":"--- PASS: TestLiteralMethodViewsDoNotLoseThis (0.08s)\n","OutputType":"frame"}
{"Time":"2026-10-09T10:38:24.259011604Z","Action":"pass","Package":"github.com/system-inc/adamic/internal/lower","Test":"TestLiteralMethodViewsDoNotLoseThis","Elapsed":0.08}
{"Time":"2026-10-09T10:38:24.259026646Z","Action":"cont","Package":"github.com/system-inc/adamic/internal/lower","Test":"TestIteratorViewsCannotHideReturn"}
{"Time":"2026-10-09T10:38:24.259030962Z","Action":"output","Package":"github.com/system-inc/adamic/internal/lower","Test":"TestIteratorViewsCannotHideReturn","Output":"=== CONT  TestIteratorViewsCannotHideReturn\n","OutputType":"frame"}
{"Time":"2026-10-09T10:38:24.265682908Z","Action":"output","Package":"github.com/system-inc/adamic/internal/lower","Test":"TestIteratorDestructuringDoesNotLieAboutExhaustion","Output":"--- PASS: TestIteratorDestructuringDoesNotLieAboutExhaustion (0.03s)\n","OutputType":"frame"}
{"Time":"2026-10-09T10:38:24.265723768Z","Action":"pass","Package":"github.com/system-inc/adamic/internal/lower","Test":"TestIteratorDestructuringDoesNotLieAboutExhaustion","Elapsed":0.03}
{"Time":"2026-10-09T10:38:24.265730438Z","Action":"cont","Package":"github.com/system-inc/adamic/internal/lower","Test":"TestIteratorGapsAreExplicit/interface_Step_{value:number;done?:boolean}_const_source={_[Symbol.iterator](){return{next():Step{return{value:1};}}}};for(const_value_of_source){console.log(`${value}`);break;}"}
{"Time":"2026-10-09T10:38:24.265734835Z","Action":"output","Package":"github.com/system-inc/adamic/internal/lower","Test":"TestIteratorGapsAreExplicit/interface_Step_{value:number;done?:boolean}_const_source={_[Symbol.iterator](){return{next():Step{return{value:1};}}}};for(const_value_of_source){console.log(`${value}`);break;}","Output":"=== CONT  TestIteratorGapsAreExplicit/interface_Step_{value:number;done?:boolean}_const_source={_[Symbol.iterator](){return{next():Step{return{value:1};}}}};for(const_value_of_source){console.log(`${value}`);break;}\n","OutputType":"frame"}
{"Time":"2026-10-09T10:38:24.282491686Z","Action":"output","Package":"github.com/system-inc/adamic/internal/lower","Test":"TestIteratorViewsCannotEraseReceivers","Output":"--- PASS: TestIteratorViewsCannotEraseReceivers (0.04s)\n","OutputType":"frame"}
{"Time":"2026-10-09T10:38:24.282546647Z","Action":"pass","Package":"github.com/system-inc/adamic/internal/lower","Test":"TestIteratorViewsCannotEraseReceivers","Elapsed":0.04}
{"Time":"2026-10-09T10:38:24.282554689Z","Action":"cont","Package":"github.com/system-inc/adamic/internal/lower","Test":"TestIteratorGapsAreExplicit/const_source={[Symbol.iterator](){return{next:()=\u003e({value:1,done:false}),return:()=\u003e({value:0,done:true})};}};const_iterator=source[Symbol.iterator]();iterator.next=():{value:number;done:boolean}=\u003e({value:2,done:true});for(const_value_of_source){break;}"}
{"Time":"2026-10-09T10:38:24.282561018Z","Action":"output","Package":"github.com/system-inc/adamic/internal/lower","Test":"TestIteratorGapsAreExplicit/const_source={[Symbol.iterator](){return{next:()=\u003e({value:1,done:false}),return:()=\u003e({value:0,done:true})};}};const_iterator=source[Symbol.iterator]();iterator.next=():{value:number;done:boolean}=\u003e({value:2,done:true});for(const_value_of_source){break;}","Output":"=== CONT  TestIteratorGapsAreExplicit/const_source={[Symbol.iterator](){return{next:()=\u003e({value:1,done:false}),return:()=\u003e({value:0,done:true})};}};const_iterator=source[Symbol.iterator]();iterator.next=():{value:number;done:boolean}=\u003e({value:2,done:true});for(const_value_of_source){break;}\n","OutputType":"frame"}
{"Time":"2026-10-09T10:38:24.298318413Z","Action":"output","Package":"github.com/system-inc/adamic/internal/lower","Test":"TestIteratorViewsCannotHideReturn","Output":"--- PASS: TestIteratorViewsCannotHideReturn (0.04s)\n","OutputType":"frame"}
{"Time":"2026-10-09T10:38:24.298375588Z","Action":"pass","Package":"github.com/system-inc/adamic/internal/lower","Test":"TestIteratorViewsCannotHideReturn","Elapsed":0.04}
{"Time":"2026-10-09T10:38:24.298385192Z","Action":"cont","Package":"github.com/system-inc/adamic/internal/lower","Test":"TestIteratorGapsAreExplicit/const_source={[Symbol.iterator](){return{next(){return{value:1,done:false};}}}};const_kept:(number|undefined)[]=[...source];"}
{"Time":"2026-10-09T10:38:24.298398792Z","Action":"output","Package":"github.com/system-inc/adamic/internal/lower","Test":"TestIteratorGapsAreExplicit/const_source={[Symbol.iterator](){return{next(){return{value:1,done:false};}}}};const_kept:(number|undefined)[]=[...source];","Output":"=== CONT  TestIteratorGapsAreExplicit/const_source={[Symbol.iterator](){return{next(){return{value:1,done:false};}}}};const_kept:(number|undefined)[]=[...source];\n","OutputType":"frame"}
{"Time":"2026-10-09T10:38:24.300612903Z","Action":"output","Package":"github.com/system-inc/adamic/internal/lower","Test":"TestDestructuredMethodsCannotLoadOwnSlots","Output":"--- PASS: TestDestructuredMethodsCannotLoadOwnSlots (0.14s)\n","OutputType":"frame"}
{"Time":"2026-10-09T10:38:24.300680392Z","Action":"pass","Package":"github.com/system-inc/adamic/internal/lower","Test":"TestDestructuredMethodsCannotLoadOwnSlots","Elapsed":0.14}
{"Time":"2026-10-09T10:38:24.300687983Z","Action":"cont","Package":"github.com/system-inc/adamic/internal/lower","Test":"TestIteratorGapsAreExplicit/const_source={[Symbol.iterator](){return{next(){return{value:1,done:false};}}}};const_copy={...source};for(const_value_of_copy){break;}"}
{"Time":"2026-10-09T10:38:24.30069207Z","Action":"output","Package":"github.com/system-inc/adamic/internal/lower","Test":"TestIteratorGapsAreExplicit/const_source={[Symbol.iterator](){return{next(){return{value:1,done:false};}}}};const_copy={...source};for(const_value_of_copy){break;}","Output":"=== CONT  TestIteratorGapsAreExplicit/const_source={[Symbol.iterator](){return{next(){return{value:1,done:false};}}}};const_copy={...source};for(const_value_of_copy){break;}\n","OutputType":"frame"}
{"Time":"2026-10-09T10:38:24.305508985Z","Action":"output","Package":"github.com/system-inc/adamic/internal/lower","Test":"TestIteratorGapsAreExplicit/interface_Step_{value:number;done?:boolean}_const_source={_[Symbol.iterator](){return{next():Step{return{value:1};}}}};for(const_value_of_source){console.log(`${value}`);break;}","Output":"--- PASS: TestIteratorGapsAreExplicit/interface_Step_{value:number;done?:boolean}_const_source={_[Symbol.iterator](){return{next():Step{return{value:1};}}}};for(const_value_of_source){console.log(`${value}`);break;} (0.04s)\n","OutputType":"frame"}
{"Time":"2026-10-09T10:38:24.305543386Z","Action":"pass","Package":"github.com/system-inc/adamic/internal/lower","Test":"TestIteratorGapsAreExplicit/interface_Step_{value:number;done?:boolean}_const_source={_[Symbol.iterator](){return{next():Step{return{value:1};}}}};for(const_value_of_source){console.log(`${value}`);break;}","Elapsed":0.04}
{"Time":"2026-10-09T10:38:24.305548683Z","Action":"cont","Package":"github.com/system-inc/adamic/internal/lower","Test":"TestIteratorGapsAreExplicit/class_Result_{declare_value:number;declare_done:boolean;}_const_source={[Symbol.iterator](){return{next(){return_new_Result();}}}};for(const_value_of_source){break;}"}
{"Time":"2026-10-09T10:38:24.305552499Z","Action":"output","Package":"github.com/system-inc/adamic/internal/lower","Test":"TestIteratorGapsAreExplicit/class_Result_{declare_value:number;declare_done:boolean;}_const_source={[Symbol.iterator](){return{next(){return_new_Result();}}}};for(const_value_of_source){break;}","Output":"=== CONT  TestIteratorGapsAreExplicit/class_Result_{declare_value:number;declare_done:boolean;}_const_source={[Symbol.iterator](){return{next(){return_new_Result();}}}};for(const_value_of_source){break;}\n","OutputType":"frame"}
{"Time":"2026-10-09T10:38:24.324943441Z","Action":"output","Package":"github.com/system-inc/adamic/internal/lower","Test":"TestIteratorGapsAreExplicit/const_source={[Symbol.iterator](){return{next:()=\u003e({value:1,done:false}),return:()=\u003e({value:0,done:true})};}};const_iterator=source[Symbol.iterator]();iterator.next=():{value:number;done:boolean}=\u003e({value:2,done:true});for(const_value_of_source){break;}","Output":"--- PASS: TestIteratorGapsAreExplicit/const_source={[Symbol.iterator](){return{next:()=\u003e({value:1,done:false}),return:()=\u003e({value:0,done:true})};}};const_iterator=source[Symbol.iterator]();iterator.next=():{value:number;done:boolean}=\u003e({value:2,done:true});for(const_value_of_source){break;} (0.04s)\n","OutputType":"frame"}
{"Time":"2026-10-09T10:38:24.325007365Z","Action":"pass","Package":"github.com/system-inc/adamic/internal/lower","Test":"TestIteratorGapsAreExplicit/const_source={[Symbol.iterator](){return{next:()=\u003e({value:1,done:false}),return:()=\u003e({value:0,done:true})};}};const_iterator=source[Symbol.iterator]();iterator.next=():{value:number;done:boolean}=\u003e({value:2,done:true});for(const_value_of_source){break;}","Elapsed":0.04}
{"Time":"2026-10-09T10:38:24.32501713Z","Action":"cont","Package":"github.com/system-inc/adamic/internal/lower","Test":"TestIteratorGapsAreExplicit/interface_Step_{value:number;done:boolean}_function_closing():{return():Step}|undefined{return_undefined;}_const_source={[Symbol.iterator](){return{...closing(),next():Step{return{value:1,done:false};}}}};for(const_value_of_source){break;}"}
{"Time":"2026-10-09T10:38:24.325022157Z","Action":"output","Package":"github.com/system-inc/adamic/internal/lower","Test":"TestIteratorGapsAreExplicit/interface_Step_{value:number;done:boolean}_function_closing():{return():Step}|undefined{return_undefined;}_const_source={[Symbol.iterator](){return{...closing(),next():Step{return{value:1,done:false};}}}};for(const_value_of_source){break;}","Output":"=== CONT  TestIteratorGapsAreExplicit/interface_Step_{value:number;done:boolean}_function_closing():{return():Step}|undefined{return_undefined;}_const_source={[Symbol.iterator](){return{...closing(),next():Step{return{value:1,done:false};}}}};for(const_value_of_source){break;}\n","OutputType":"frame"}
{"Time":"2026-10-09T10:38:24.340816588Z","Action":"output","Package":"github.com/system-inc/adamic/internal/lower","Test":"TestIteratorGapsAreExplicit/class_Result_{declare_value:number;declare_done:boolean;}_const_source={[Symbol.iterator](){return{next(){return_new_Result();}}}};for(const_value_of_source){break;}","Output":"--- PASS: TestIteratorGapsAreExplicit/class_Result_{declare_value:number;declare_done:boolean;}_const_source={[Symbol.iterator](){return{next(){return_new_Result();}}}};for(const_value_of_source){break;} (0.04s)\n","OutputType":"frame"}
{"Time":"2026-10-09T10:38:24.340869005Z","Action":"pass","Package":"github.com/system-inc/adamic/internal/lower","Test":"TestIteratorGapsAreExplicit/class_Result_{declare_value:number;declare_done:boolean;}_const_source={[Symbol.iterator](){return{next(){return_new_Result();}}}};for(const_value_of_source){break;}","Elapsed":0.04}
{"Time":"2026-10-09T10:38:24.340876236Z","Action":"cont","Package":"github.com/system-inc/adamic/internal/lower","Test":"TestIteratorGapsAreExplicit/interface_Source_{[Symbol.iterator]():{next():{value:number;done:boolean}}}_function_consume(source:Source):void_{for(const_value_of_source){break;}}_consume({[Symbol.iterator](){return{next(){return{value:1,done:false};}}}});"}
{"Time":"2026-10-09T10:38:24.340881113Z","Action":"output","Package":"github.com/system-inc/adamic/internal/lower","Test":"TestIteratorGapsAreExplicit/interface_Source_{[Symbol.iterator]():{next():{value:number;done:boolean}}}_function_consume(source:Source):void_{for(const_value_of_source){break;}}_consume({[Symbol.iterator](){return{next(){return{value:1,done:false};}}}});","Output":"=== CONT  TestIteratorGapsAreExplicit/interface_Source_{[Symbol.iterator]():{next():{value:number;done:boolean}}}_function_consume(source:Source):void_{for(const_value_of_source){break;}}_consume({[Symbol.iterator](){return{next(){return{value:1,done:false};}}}});\n","OutputType":"frame"}
{"Time":"2026-10-09T10:38:24.341430174Z","Action":"output","Package":"github.com/system-inc/adamic/internal/lower","Test":"TestIteratorGapsAreExplicit/const_source={[Symbol.iterator](){return{next(){return{value:1,done:false};}}}};const_copy={...source};for(const_value_of_copy){break;}","Output":"--- PASS: TestIteratorGapsAreExplicit/const_source={[Symbol.iterator](){return{next(){return{value:1,done:false};}}}};const_copy={...source};for(const_value_of_copy){break;} (0.04s)\n","OutputType":"frame"}
{"Time":"2026-10-09T10:38:24.341482772Z","Action":"pass","Package":"github.com/system-inc/adamic/internal/lower","Test":"TestIteratorGapsAreExplicit/const_source={[Symbol.iterator](){return{next(){return{value:1,done:false};}}}};const_copy={...source};for(const_value_of_copy){break;}","Elapsed":0.04}
{"Time":"2026-10-09T10:38:24.34148856Z","Action":"cont","Package":"github.com/system-inc/adamic/internal/lower","Test":"TestIteratorDescriptorReasons/required_boolean_done"}
{"Time":"2026-10-09T10:38:24.341491535Z","Action":"output","Package":"github.com/system-inc/adamic/internal/lower","Test":"TestIteratorDescriptorReasons/required_boolean_done","Output":"=== CONT  TestIteratorDescriptorReasons/required_boolean_done\n","OutputType":"frame"}
{"Time":"2026-10-09T10:38:24.349684626Z","Action":"output","Package":"github.com/system-inc/adamic/internal/lower","Test":"TestIteratorGapsAreExplicit/const_source={[Symbol.iterator](){return{next(){return{value:1,done:false};}}}};const_kept:(number|undefined)[]=[...source];","Output":"--- PASS: TestIteratorGapsAreExplicit/const_source={[Symbol.iterator](){return{next(){return{value:1,done:false};}}}};const_kept:(number|undefined)[]=[...source]; (0.05s)\n","OutputType":"frame"}
{"Time":"2026-10-09T10:38:24.349750343Z","Action":"pass","Package":"github.com/system-inc/adamic/internal/lower","Test":"TestIteratorGapsAreExplicit/const_source={[Symbol.iterator](){return{next(){return{value:1,done:false};}}}};const_kept:(number|undefined)[]=[...source];","Elapsed":0.05}
{"Time":"2026-10-09T10:38:24.349758846Z","Action":"cont","Package":"github.com/system-inc/adamic/internal/lower","Test":"TestIteratorDescriptorReasons/arguments_or_overloads"}
{"Time":"2026-10-09T10:38:24.349762311Z","Action":"output","Package":"github.com/system-inc/adamic/internal/lower","Test":"TestIteratorDescriptorReasons/arguments_or_overloads","Output":"=== CONT  TestIteratorDescriptorReasons/arguments_or_overloads\n","OutputType":"frame"}
{"Time":"2026-10-09T10:38:24.376445645Z","Action":"output","Package":"github.com/system-inc/adamic/internal/lower","Test":"TestIteratorDescriptorReasons/required_boolean_done","Output":"--- PASS: TestIteratorDescriptorReasons/required_boolean_done (0.03s)\n","OutputType":"frame"}
{"Time":"2026-10-09T10:38:24.376500315Z","Action":"pass","Package":"github.com/system-inc/adamic/internal/lower","Test":"TestIteratorDescriptorReasons/required_boolean_done","Elapsed":0.03}
{"Time":"2026-10-09T10:38:24.376508397Z","Action":"cont","Package":"github.com/system-inc/adamic/internal/lower","Test":"TestIteratorDescriptorReasons/object_spread"}
{"Time":"2026-10-09T10:38:24.376512373Z","Action":"output","Package":"github.com/system-inc/adamic/internal/lower","Test":"TestIteratorDescriptorReasons/object_spread","Output":"=== CONT  TestIteratorDescriptorReasons/object_spread\n","OutputType":"frame"}
{"Time":"2026-10-09T10:38:24.381401125Z","Action":"output","Package":"github.com/system-inc/adamic/internal/lower","Test":"TestIteratorGapsAreExplicit/interface_Source_{[Symbol.iterator]():{next():{value:number;done:boolean}}}_function_consume(source:Source):void_{for(const_value_of_source){break;}}_consume({[Symbol.iterator](){return{next(){return{value:1,done:false};}}}});","Output":"--- PASS: TestIteratorGapsAreExplicit/interface_Source_{[Symbol.iterator]():{next():{value:number;done:boolean}}}_function_consume(source:Source):void_{for(const_value_of_source){break;}}_consume({[Symbol.iterator](){return{next(){return{value:1,done:false};}}}}); (0.04s)\n","OutputType":"frame"}
{"Time":"2026-10-09T10:38:24.385297079Z","Action":"pass","Package":"github.com/system-inc/adamic/internal/lower","Test":"TestIteratorGapsAreExplicit/interface_Source_{[Symbol.iterator]():{next():{value:number;done:boolean}}}_function_consume(source:Source):void_{for(const_value_of_source){break;}}_consume({[Symbol.iterator](){return{next(){return{value:1,done:false};}}}});","Elapsed":0.04}
{"Time":"2026-10-09T10:38:24.38533799Z","Action":"cont","Package":"github.com/system-inc/adamic/internal/lower","Test":"TestIteratorDescriptorReasons/replacing_an_iterator_protocol"}
{"Time":"2026-10-09T10:38:24.385342316Z","Action":"output","Package":"github.com/system-inc/adamic/internal/lower","Test":"TestIteratorDescriptorReasons/replacing_an_iterator_protocol","Output":"=== CONT  TestIteratorDescriptorReasons/replacing_an_iterator_protocol\n","OutputType":"frame"}
{"Time":"2026-10-09T10:38:24.385352421Z","Action":"output","Package":"github.com/system-inc/adamic/internal/lower","Test":"TestIteratorGapsAreExplicit/interface_Step_{value:number;done:boolean}_function_closing():{return():Step}|undefined{return_undefined;}_const_source={[Symbol.iterator](){return{...closing(),next():Step{return{value:1,done:false};}}}};for(const_value_of_source){break;}","Output":"--- PASS: TestIteratorGapsAreExplicit/interface_Step_{value:number;done:boolean}_function_closing():{return():Step}|undefined{return_undefined;}_const_source={[Symbol.iterator](){return{...closing(),next():Step{return{value:1,done:false};}}}};for(const_value_of_source){break;} (0.06s)\n","OutputType":"frame"}
{"Time":"2026-10-09T10:38:24.385364649Z","Action":"pass","Package":"github.com/system-inc/adamic/internal/lower","Test":"TestIteratorGapsAreExplicit/interface_Step_{value:number;done:boolean}_function_closing():{return():Step}|undefined{return_undefined;}_const_source={[Symbol.iterator](){return{...closing(),next():Step{return{value:1,done:false};}}}};for(const_value_of_source){break;}","Elapsed":0.06}
{"Time":"2026-10-09T10:38:24.385367894Z","Action":"output","Package":"github.com/system-inc/adamic/internal/lower","Test":"TestIteratorGapsAreExplicit","Output":"--- PASS: TestIteratorGapsAreExplicit (0.00s)\n","OutputType":"frame"}
{"Time":"2026-10-09T10:38:24.385371449Z","Action":"pass","Package":"github.com/system-inc/adamic/internal/lower","Test":"TestIteratorGapsAreExplicit","Elapsed":0}
{"Time":"2026-10-09T10:38:24.385374163Z","Action":"cont","Package":"github.com/system-inc/adamic/internal/lower","Test":"TestIteratorDescriptorReasons/declare_or_abstract_class_field"}
{"Time":"2026-10-09T10:38:24.385377047Z","Action":"output","Package":"github.com/system-inc/adamic/internal/lower","Test":"TestIteratorDescriptorReasons/declare_or_abstract_class_field","Output":"=== CONT  TestIteratorDescriptorReasons/declare_or_abstract_class_field\n","OutputType":"frame"}
{"Time":"2026-10-09T10:38:24.401423224Z","Action":"output","Package":"github.com/system-inc/adamic/internal/lower","Test":"TestIteratorDescriptorReasons/arguments_or_overloads","Output":"--- PASS: TestIteratorDescriptorReasons/arguments_or_overloads (0.05s)\n","OutputType":"frame"}
{"Time":"2026-10-09T10:38:24.401484355Z","Action":"pass","Package":"github.com/system-inc/adamic/internal/lower","Test":"TestIteratorDescriptorReasons/arguments_or_overloads","Elapsed":0.05}
{"Time":"2026-10-09T10:38:24.401490644Z","Action":"cont","Package":"github.com/system-inc/adamic/internal/lower","Test":"TestIteratorDescriptorReasons/represented_value_field"}
{"Time":"2026-10-09T10:38:24.401493939Z","Action":"output","Package":"github.com/system-inc/adamic/internal/lower","Test":"TestIteratorDescriptorReasons/represented_value_field","Output":"=== CONT  TestIteratorDescriptorReasons/represented_value_field\n","OutputType":"frame"}
{"Time":"2026-10-09T10:38:24.417744433Z","Action":"output","Package":"github.com/system-inc/adamic/internal/lower","Test":"TestIteratorDescriptorReasons/declare_or_abstract_class_field","Output":"--- PASS: TestIteratorDescriptorReasons/declare_or_abstract_class_field (0.03s)\n","OutputType":"frame"}
{"Time":"2026-10-09T10:38:24.417811402Z","Action":"pass","Package":"github.com/system-inc/adamic/internal/lower","Test":"TestIteratorDescriptorReasons/declare_or_abstract_class_field","Elapsed":0.03}
{"Time":"2026-10-09T10:38:24.417817711Z","Action":"cont","Package":"github.com/system-inc/adamic/internal/lower","Test":"TestIteratorDescriptorReasons/optional_iterator_method"}
{"Time":"2026-10-09T10:38:24.417827165Z","Action":"output","Package":"github.com/system-inc/adamic/internal/lower","Test":"TestIteratorDescriptorReasons/optional_iterator_method","Output":"=== CONT  TestIteratorDescriptorReasons/optional_iterator_method\n","OutputType":"frame"}
{"Time":"2026-10-09T10:38:24.427297894Z","Action":"output","Package":"github.com/system-inc/adamic/internal/lower","Test":"TestIteratorDescriptorReasons/replacing_an_iterator_protocol","Output":"--- PASS: TestIteratorDescriptorReasons/replacing_an_iterator_protocol (0.05s)\n","OutputType":"frame"}
{"Time":"2026-10-09T10:38:24.428560629Z","Action":"pass","Package":"github.com/system-inc/adamic/internal/lower","Test":"TestIteratorDescriptorReasons/replacing_an_iterator_protocol","Elapsed":0.05}
{"Time":"2026-10-09T10:38:24.428571966Z","Action":"output","Package":"github.com/system-inc/adamic/internal/lower","Test":"TestIteratorDescriptorReasons/object_spread","Output":"--- PASS: TestIteratorDescriptorReasons/object_spread (0.05s)\n","OutputType":"frame"}
{"Time":"2026-10-09T10:38:24.437672879Z","Action":"pass","Package":"github.com/system-inc/adamic/internal/lower","Test":"TestIteratorDescriptorReasons/object_spread","Elapsed":0.05}
{"Time":"2026-10-09T10:38:24.437712427Z","Action":"output","Package":"github.com/system-inc/adamic/internal/lower","Test":"TestIteratorDescriptorReasons/represented_value_field","Output":"--- PASS: TestIteratorDescriptorReasons/represented_value_field (0.03s)\n","OutputType":"frame"}
{"Time":"2026-10-09T10:38:24.44540515Z","Action":"pass","Package":"github.com/system-inc/adamic/internal/lower","Test":"TestIteratorDescriptorReasons/represented_value_field","Elapsed":0.03}
{"Time":"2026-10-09T10:38:24.445442765Z","Action":"output","Package":"github.com/system-inc/adamic/internal/lower","Test":"TestIteratorDescriptorReasons/optional_iterator_method","Output":"--- PASS: TestIteratorDescriptorReasons/optional_iterator_method (0.03s)\n","OutputType":"frame"}
{"Time":"2026-10-09T10:38:24.445451688Z","Action":"pass","Package":"github.com/system-inc/adamic/internal/lower","Test":"TestIteratorDescriptorReasons/optional_iterator_method","Elapsed":0.03}
{"Time":"2026-10-09T10:38:24.445455093Z","Action":"output","Package":"github.com/system-inc/adamic/internal/lower","Test":"TestIteratorDescriptorReasons","Output":"--- PASS: TestIteratorDescriptorReasons (0.00s)\n","OutputType":"frame"}
{"Time":"2026-10-09T10:38:24.44545961Z","Action":"pass","Package":"github.com/system-inc/adamic/internal/lower","Test":"TestIteratorDescriptorReasons","Elapsed":0}
{"Time":"2026-10-09T10:38:24.445461913Z","Action":"output","Package":"github.com/system-inc/adamic/internal/lower","Output":"PASS\n","OutputType":"frame"}
{"Time":"2026-10-09T10:38:24.449101605Z","Action":"output","Package":"github.com/system-inc/adamic/internal/lower","Output":"ok  \tgithub.com/system-inc/adamic/internal/lower\t0.544s\n"}
{"Time":"2026-10-09T10:38:24.449160201Z","Action":"pass","Package":"github.com/system-inc/adamic/internal/lower","Elapsed":0.544}
