--- FAIL: TestNativeAgreesWithNode (0.05s)
    --- FAIL: TestNativeAgreesWithNode/internal/oracle/testdata/non_null.a (0.46s)
        oracle_test.go:583: native: clang failed: exit status 1
            /tmp/adamic-gate/adamic-build-2708192846/main.c:136:30: error: invalid operands to binary expression ('double' and 'void *')
              136 |                         if (!(adamic_temporary_11 != NULL)) {
                  |                               ~~~~~~~~~~~~~~~~~~~ ^  ~~~~
            1 error generated.
            
--- FAIL: TestCountsAreRecorded (99.76s)
    --- FAIL: TestCountsAreRecorded/fixtures (0.05s)
        --- FAIL: TestCountsAreRecorded/fixtures/internal/oracle/testdata/non_null.a (0.12s)
            counts_test.go:111: native: clang failed: exit status 1
                /tmp/adamic-gate/adamic-build-3763809735/main.c:136:30: error: invalid operands to binary expression ('double' and 'void *')
                  136 |                         if (!(adamic_temporary_11 != NULL)) {
                      |                               ~~~~~~~~~~~~~~~~~~~ ^  ~~~~
                1 error generated.
                
FAIL
gate cache: native hits=0 misses=2070
gate cache: node hits=0 misses=1167
gate cache: probe hits=0 misses=0
FAIL	github.com/system-inc/adamic/internal/oracle	112.859s
FAIL
