--- FAIL: TestNativeAgreesWithNode (0.04s)
    --- FAIL: TestNativeAgreesWithNode/internal/oracle/testdata/regions_constructor_capture.a (0.63s)
        oracle_test.go:758: the release build: exit codes differ
            sanitized: exit 1, stdout "", stderr "=================================================================\n==726745==ERROR: AddressSanitizer: heap-use-after-free on address 0x7c81c6de0148 at pc 0x5bb95791f605 bp 0x7ffc820764e0 sp 0x7ffc820764d8\nREAD of size 8 at 0x7c81c6de0148 thread T0\n    #0 0x5bb95791f604 in adamic_function_4_closure /home/cloud/full-gate/out/c9df51ed6949-20261009T065222Z/catalog-units/05-7hq_gp4j/adamic-build-418546376/main.c:157:106\n    #1 0x5bb95791eaf7 in main /home/cloud/full-gate/out/c9df51ed6949-20261009T065222Z/catalog-units/05-7hq_gp4j/adamic-build-418546376/main.c:180:37\n    #2 0x7e71c7c2a1c9  (/lib/x86_64-linux-gnu/libc.so.6+0x2a1c9) (BuildId: a4a7992a8e66555c8141ab2a08a8465ff6e0ea65)\n    #3 0x7e71c7c2a28a in __libc_start_main (/lib/x86_64-linux-gnu/libc.so.6+0x2a28a) (BuildId: a4a7992a8e66555c8141ab2a08a8465ff6e0ea65)\n    #4 0x5bb957838464 in _start (/home/cloud/full-gate/out/c9df51ed6949-20261009T065222Z/catalog-units/05-7hq_gp4j/TestNativeAgreesWithNodeinternaloracletestdataregions_constr1137693284/002/program+0x59464)\n\n0x7c81c6de0148 is located 72 bytes inside of 4128-byte region [0x7c81c6de0100,0x7c81c6de1120)\nfreed by thread T0 here:\n    #0 0x5bb9578dafd6 in free /home/runner/work/llvm-project/llvm-project/compiler-rt/lib/asan/asan_malloc_linux.cpp:51:3\n    #1 0x5bb957968c04 in adamic_region_end /home/cloud/.cache/adamic/runtime/.build-1443192388/region.c:88:3\n\npreviously allocated by thread T0 here:\n    #0 0x5bb9578db274 in malloc /home/runner/work/llvm-project/llvm-project/compiler-rt/lib/asan/asan_malloc_linux.cpp:67:3\n    #1 0x5bb9579686b2 in adamic_object_new_in /home/cloud/.cache/adamic/runtime/.build-1443192388/region.c:48:32\n\nSUMMARY: AddressSanitizer: heap-use-after-free /home/cloud/full-gate/out/c9df51ed6949-20261009T065222Z/catalog-units/05-7hq_gp4j/adamic-build-418546376/main.c:157:106 in adamic_function_4_closure\nShadow bytes around the buggy address:\n  0x7c81c6ddfe80: 00 00 00 00 00 00 00 00 00 00 00 00 00 00 00 00\n  0x7c81c6ddff00: 00 00 00 00 00 00 00 00 00 00 00 00 00 00 00 00\n  0x7c81c6ddff80: 00 00 00 00 00 00 00 00 00 00 00 00 00 00 00 00\n  0x7c81c6de0000: fa fa fa fa fa fa fa fa fa fa fa fa fa fa fa fa\n  0x7c81c6de0080: fa fa fa fa fa fa fa fa fa fa fa fa fa fa fa fa\n=>0x7c81c6de0100: fd fd fd fd fd fd fd fd fd[fd]fd fd fd fd fd fd\n  0x7c81c6de0180: fd fd fd fd fd fd fd fd fd fd fd fd fd fd fd fd\n  0x7c81c6de0200: fd fd fd fd fd fd fd fd fd fd fd fd fd fd fd fd\n  0x7c81c6de0280: fd fd fd fd fd fd fd fd fd fd fd fd fd fd fd fd\n  0x7c81c6de0300: fd fd fd fd fd fd fd fd fd fd fd fd fd fd fd fd\n  0x7c81c6de0380: fd fd fd fd fd fd fd fd fd fd fd fd fd fd fd fd\nShadow byte legend (one shadow byte represents 8 application bytes):\n  Addressable:           00\n  Partially addressable: 01 02 03 04 05 06 07 \n  Heap left redzone:       fa\n  Freed heap region:       fd\n  Stack left redzone:      f1\n  Stack mid redzone:       f2\n  Stack right redzone:     f3\n  Stack after return:      f5\n  Stack use after scope:   f8\n  Global redzone:          f9\n  Global init order:       f6\n  Poisoned by user:        f7\n  Container overflow:      fc\n  Array cookie:            ac\n  Intra object redzone:    bb\n  ASan internal:           fe\n  Left alloca redzone:     ca\n  Right alloca redzone:    cb\n==726745==ABORTING\n"
            release:   exit 0, stdout "8\ncounter5\n9\ncounter12\n", stderr ""
        oracle_test.go:774: exit codes differ
            node:   exit 0, stdout "8\ncounter5\n9\ncounter12\n", stderr ""
            native: exit 1, stdout "", stderr "=================================================================\n==726745==ERROR: AddressSanitizer: heap-use-after-free on address 0x7c81c6de0148 at pc 0x5bb95791f605 bp 0x7ffc820764e0 sp 0x7ffc820764d8\nREAD of size 8 at 0x7c81c6de0148 thread T0\n    #0 0x5bb95791f604 in adamic_function_4_closure /home/cloud/full-gate/out/c9df51ed6949-20261009T065222Z/catalog-units/05-7hq_gp4j/adamic-build-418546376/main.c:157:106\n    #1 0x5bb95791eaf7 in main /home/cloud/full-gate/out/c9df51ed6949-20261009T065222Z/catalog-units/05-7hq_gp4j/adamic-build-418546376/main.c:180:37\n    #2 0x7e71c7c2a1c9  (/lib/x86_64-linux-gnu/libc.so.6+0x2a1c9) (BuildId: a4a7992a8e66555c8141ab2a08a8465ff6e0ea65)\n    #3 0x7e71c7c2a28a in __libc_start_main (/lib/x86_64-linux-gnu/libc.so.6+0x2a28a) (BuildId: a4a7992a8e66555c8141ab2a08a8465ff6e0ea65)\n    #4 0x5bb957838464 in _start (/home/cloud/full-gate/out/c9df51ed6949-20261009T065222Z/catalog-units/05-7hq_gp4j/TestNativeAgreesWithNodeinternaloracletestdataregions_constr1137693284/002/program+0x59464)\n\n0x7c81c6de0148 is located 72 bytes inside of 4128-byte region [0x7c81c6de0100,0x7c81c6de1120)\nfreed by thread T0 here:\n    #0 0x5bb9578dafd6 in free /home/runner/work/llvm-project/llvm-project/compiler-rt/lib/asan/asan_malloc_linux.cpp:51:3\n    #1 0x5bb957968c04 in adamic_region_end /home/cloud/.cache/adamic/runtime/.build-1443192388/region.c:88:3\n\npreviously allocated by thread T0 here:\n    #0 0x5bb9578db274 in malloc /home/runner/work/llvm-project/llvm-project/compiler-rt/lib/asan/asan_malloc_linux.cpp:67:3\n    #1 0x5bb9579686b2 in adamic_object_new_in /home/cloud/.cache/adamic/runtime/.build-1443192388/region.c:48:32\n\nSUMMARY: AddressSanitizer: heap-use-after-free /home/cloud/full-gate/out/c9df51ed6949-20261009T065222Z/catalog-units/05-7hq_gp4j/adamic-build-418546376/main.c:157:106 in adamic_function_4_closure\nShadow bytes around the buggy address:\n  0x7c81c6ddfe80: 00 00 00 00 00 00 00 00 00 00 00 00 00 00 00 00\n  0x7c81c6ddff00: 00 00 00 00 00 00 00 00 00 00 00 00 00 00 00 00\n  0x7c81c6ddff80: 00 00 00 00 00 00 00 00 00 00 00 00 00 00 00 00\n  0x7c81c6de0000: fa fa fa fa fa fa fa fa fa fa fa fa fa fa fa fa\n  0x7c81c6de0080: fa fa fa fa fa fa fa fa fa fa fa fa fa fa fa fa\n=>0x7c81c6de0100: fd fd fd fd fd fd fd fd fd[fd]fd fd fd fd fd fd\n  0x7c81c6de0180: fd fd fd fd fd fd fd fd fd fd fd fd fd fd fd fd\n  0x7c81c6de0200: fd fd fd fd fd fd fd fd fd fd fd fd fd fd fd fd\n  0x7c81c6de0280: fd fd fd fd fd fd fd fd fd fd fd fd fd fd fd fd\n  0x7c81c6de0300: fd fd fd fd fd fd fd fd fd fd fd fd fd fd fd fd\n  0x7c81c6de0380: fd fd fd fd fd fd fd fd fd fd fd fd fd fd fd fd\nShadow byte legend (one shadow byte represents 8 application bytes):\n  Addressable:           00\n  Partially addressable: 01 02 03 04 05 06 07 \n  Heap left redzone:       fa\n  Freed heap region:       fd\n  Stack left redzone:      f1\n  Stack mid redzone:       f2\n  Stack right redzone:     f3\n  Stack after return:      f5\n  Stack use after scope:   f8\n  Global redzone:          f9\n  Global init order:       f6\n  Poisoned by user:        f7\n  Container overflow:      fc\n  Array cookie:            ac\n  Intra object redzone:    bb\n  ASan internal:           fe\n  Left alloca redzone:     ca\n  Right alloca redzone:    cb\n==726745==ABORTING\n"
        oracle_test.go:787: leaks:
            exit 1
            =================================================================
            ==726805==ERROR: AddressSanitizer: heap-use-after-free on address 0x737c2fbe0148 at pc 0x5c1c69a8a605 bp 0x7fffcc4d9300 sp 0x7fffcc4d92f8
            READ of size 8 at 0x737c2fbe0148 thread T0
                #0 0x5c1c69a8a604 in adamic_function_4_closure /home/cloud/full-gate/out/c9df51ed6949-20261009T065222Z/catalog-units/05-7hq_gp4j/adamic-build-418546376/main.c:157:106
                #1 0x5c1c69a89af7 in main /home/cloud/full-gate/out/c9df51ed6949-20261009T065222Z/catalog-units/05-7hq_gp4j/adamic-build-418546376/main.c:180:37
                #2 0x756c30a2a1c9  (/lib/x86_64-linux-gnu/libc.so.6+0x2a1c9) (BuildId: a4a7992a8e66555c8141ab2a08a8465ff6e0ea65)
                #3 0x756c30a2a28a in __libc_start_main (/lib/x86_64-linux-gnu/libc.so.6+0x2a28a) (BuildId: a4a7992a8e66555c8141ab2a08a8465ff6e0ea65)
                #4 0x5c1c699a3464 in _start (/home/cloud/full-gate/out/c9df51ed6949-20261009T065222Z/catalog-units/05-7hq_gp4j/TestNativeAgreesWithNodeinternaloracletestdataregions_constr1137693284/002/program+0x59464)
            
            0x737c2fbe0148 is located 72 bytes inside of 4128-byte region [0x737c2fbe0100,0x737c2fbe1120)
            freed by thread T0 here:
                #0 0x5c1c69a45fd6 in free /home/runner/work/llvm-project/llvm-project/compiler-rt/lib/asan/asan_malloc_linux.cpp:51:3
                #1 0x5c1c69ad3c04 in adamic_region_end /home/cloud/.cache/adamic/runtime/.build-1443192388/region.c:88:3
            
            previously allocated by thread T0 here:
                #0 0x5c1c69a46274 in malloc /home/runner/work/llvm-project/llvm-project/compiler-rt/lib/asan/asan_malloc_linux.cpp:67:3
                #1 0x5c1c69ad36b2 in adamic_object_new_in /home/cloud/.cache/adamic/runtime/.build-1443192388/region.c:48:32
            
            SUMMARY: AddressSanitizer: heap-use-after-free /home/cloud/full-gate/out/c9df51ed6949-20261009T065222Z/catalog-units/05-7hq_gp4j/adamic-build-418546376/main.c:157:106 in adamic_function_4_closure
            Shadow bytes around the buggy address:
              0x737c2fbdfe80: 00 00 00 00 00 00 00 00 00 00 00 00 00 00 00 00
              0x737c2fbdff00: 00 00 00 00 00 00 00 00 00 00 00 00 00 00 00 00
              0x737c2fbdff80: 00 00 00 00 00 00 00 00 00 00 00 00 00 00 00 00
              0x737c2fbe0000: fa fa fa fa fa fa fa fa fa fa fa fa fa fa fa fa
              0x737c2fbe0080: fa fa fa fa fa fa fa fa fa fa fa fa fa fa fa fa
            =>0x737c2fbe0100: fd fd fd fd fd fd fd fd fd[fd]fd fd fd fd fd fd
              0x737c2fbe0180: fd fd fd fd fd fd fd fd fd fd fd fd fd fd fd fd
              0x737c2fbe0200: fd fd fd fd fd fd fd fd fd fd fd fd fd fd fd fd
              0x737c2fbe0280: fd fd fd fd fd fd fd fd fd fd fd fd fd fd fd fd
              0x737c2fbe0300: fd fd fd fd fd fd fd fd fd fd fd fd fd fd fd fd
              0x737c2fbe0380: fd fd fd fd fd fd fd fd fd fd fd fd fd fd fd fd
            Shadow byte legend (one shadow byte represents 8 application bytes):
              Addressable:           00
              Partially addressable: 01 02 03 04 05 06 07 
              Heap left redzone:       fa
              Freed heap region:       fd
              Stack left redzone:      f1
              Stack mid redzone:       f2
              Stack right redzone:     f3
              Stack after return:      f5
              Stack use after scope:   f8
              Global redzone:          f9
              Global init order:       f6
              Poisoned by user:        f7
              Container overflow:      fc
              Array cookie:            ac
              Intra object redzone:    bb
              ASan internal:           fe
              Left alloca redzone:     ca
              Right alloca redzone:    cb
            ==726805==ABORTING
FAIL
gate cache: native hits=0 misses=3
gate cache: node hits=0 misses=2
gate cache: probe hits=0 misses=0
FAIL	github.com/system-inc/adamic/internal/oracle	0.691s
FAIL
