=== RUN   TestSlot02Batch12
    slot02_batch12_test.go:75: tailwind/collapse.*Theme.Resolve: 4 consumers captured
    slot02_batch12_test.go:75: control_flow_graph.*Builder[E].variableDeclaration: 4 consumers captured
    slot02_batch12_test.go:75: tailwind.declineListeners: 4 consumers captured
    slot02_batch12_test.go:139: 2276 captured inputs, 5620 theme replays, 1448 CFG replays, 361 actual CFG helper entries
    slot02_batch12_test.go:168: Actual Go, Node source, emitted JavaScript and sanitized native agree
=== RUN   TestSlot02Batch12/theme_miss_guard
    slot02_batch12_test.go:230: compiled semantic mutant caught at line 2: got "theme:key:0:encoding/json:true:true;--color,--spacing,reference:0:;:false:"; Go "theme:key:0:encoding/json:true:true;--color,--spacing,:false:"
=== RUN   TestSlot02Batch12/theme_caller_inline
    slot02_batch12_test.go:230: compiled semantic mutant caught at line 189: got "theme:key:0:red:true:true;--color,--spacing,reference:0:--color-red;:true:var(--color-red)"; Go "theme:key:0:red:true:true;--color,--spacing,:true:red"
=== RUN   TestSlot02Batch12/theme_entry_inline
    slot02_batch12_test.go:230: compiled semantic mutant caught at line 1: got "theme:key:0:encoding/json:false:true;--color,--spacing,reference:0:--spacing;:true:var(--spacing)"; Go "theme:key:0:encoding/json:false:true;--color,--spacing,:true:8px"
=== RUN   TestSlot02Batch12/theme_literal_empty_presence
    slot02_batch12_test.go:230: compiled semantic mutant caught at line 205: got "theme:key:0:blue:true:true;--color,--spacing,:false:"; Go "theme:key:0:blue:true:true;--color,--spacing,:true:"
=== RUN   TestSlot02Batch12/theme_key_identity
    slot02_batch12_test.go:230: compiled semantic mutant caught at line 187: got "theme:key:0:red:true:true;--color,--spacing,reference:0:red;:true:var(--color-red)"; Go "theme:key:0:red:true:true;--color,--spacing,reference:0:--color-red;:true:var(--color-red)"
=== RUN   TestSlot02Batch12/theme_identity
    slot02_batch12_test.go:230: compiled semantic mutant caught at line 180: got "theme:key:0:red:false:true;--color,--spacing,:true:8px"; Go "theme:key:1:red:false:true;--color,--spacing,:true:8px"
=== RUN   TestSlot02Batch12/theme_candidate_presence
    slot02_batch12_test.go:230: compiled semantic mutant caught at line 1: got "theme:key:0:encoding/json:true:true;--color,--spacing,:true:8px"; Go "theme:key:0:encoding/json:false:true;--color,--spacing,:true:8px"
=== RUN   TestSlot02Batch12/theme_key_slice_identity
    slot02_batch12_test.go:230: compiled semantic mutant caught at line 1: got "theme:key:0:encoding/json:false:false;--color,--spacing,:true:8px"; Go "theme:key:0:encoding/json:false:true;--color,--spacing,:true:8px"
=== RUN   TestSlot02Batch12/declaration_nil_guard
    slot02_batch12_test.go:230: compiled semantic mutant caught at line 15221: got "calls:1:read:0:-1;"; Go "calls:0:"
=== RUN   TestSlot02Batch12/declaration_annotation
    slot02_batch12_test.go:230: compiled semantic mutant caught at line 8001: got "calls:3:read:0:1;expr:0:2;write:0:1;"; Go "calls:4:expr:0:-1;read:0:1;expr:0:2;write:0:1;"
=== RUN   TestSlot02Batch12/declaration_destructuring_order
    slot02_batch12_test.go:230: compiled semantic mutant caught at line 13821: got "calls:3:expr:0:-1;bind:0:874;expr:0:875;"; Go "calls:3:expr:0:-1;expr:0:875;bind:0:874;"
=== RUN   TestSlot02Batch12/declaration_destructuring_route
    slot02_batch12_test.go:230: compiled semantic mutant caught at line 13821: got "calls:4:expr:0:-1;read:0:874;expr:0:875;write:0:874;"; Go "calls:3:expr:0:-1;expr:0:875;bind:0:874;"
=== RUN   TestSlot02Batch12/declaration_uninitialized_write
    slot02_batch12_test.go:225: compiled semantic mutant survived
=== RUN   TestSlot02Batch12/declaration_initialized_order
    slot02_batch12_test.go:230: compiled semantic mutant caught at line 8001: got "calls:4:expr:0:-1;expr:0:2;read:0:1;write:0:1;"; Go "calls:4:expr:0:-1;read:0:1;expr:0:2;write:0:1;"
=== RUN   TestSlot02Batch12/declaration_write_identity
    slot02_batch12_test.go:230: compiled semantic mutant caught at line 8001: got "calls:4:expr:0:-1;read:0:1;expr:0:2;write:0:-1;"; Go "calls:4:expr:0:-1;read:0:1;expr:0:2;write:0:1;"
=== RUN   TestSlot02Batch12/decline_repeated_guard
    slot02_batch12_test.go:230: compiled semantic mutant caught at line 15241: got "decline:describe:better-tailwindcss/enforce-consistent-class-order:entry:0:0;report:0:0:designSystemUnavailable:better-tailwindcss/enforce-consistent-class-order could not build this project's Tailwind design system from entry:0:0, so it is reporting nothing rather than reporting a clean tree: fixture é😀 failure;describe:better-tailwindcss/enforce-consistent-class-order:entry:0:0;report:0:0:designSystemUnavailable:better-tailwindcss/enforce-consistent-class-order could not build this project's Tailwind design system from entry:0:0, so it is reporting nothing rather than reporting a clean tree: fixture é😀 failure;describe:better-tailwindcss/enforce-consistent-class-order:entry:0:1;report:0:0:designSystemUnavailable:better-tailwindcss/enforce-consistent-class-order could not build this project's Tailwind design system from entry:0:1, so it is reporting nothing rather than reporting a clean tree: fixture é😀 failure;describe:better-tailwindcss/enforce-consistent-class-order:entry:0:1;report:0:0:designSystemUnavailable:better-tailwindcss/enforce-consistent-class-order could not build this project's Tailwind design system from entry:0:1, so it is reporting nothing rather than reporting a clean tree: fixture é😀 failure;"; Go "decline:describe:better-tailwindcss/enforce-consistent-class-order:entry:0:0;report:0:0:designSystemUnavailable:better-tailwindcss/enforce-consistent-class-order could not build this project's Tailwind design system from entry:0:0, so it is reporting nothing rather than reporting a clean tree: fixture é😀 failure;describe:better-tailwindcss/enforce-consistent-class-order:entry:0:1;report:0:0:designSystemUnavailable:better-tailwindcss/enforce-consistent-class-order could not build this project's Tailwind design system from entry:0:1, so it is reporting nothing rather than reporting a clean tree: fixture é😀 failure;"
=== RUN   TestSlot02Batch12/decline_guard_before_description
    slot02_batch12_test.go:230: compiled semantic mutant caught at line 15242: got "decline:describe:better-tailwindcss/enforce-consistent-class-order:entry:0:0;describe:better-tailwindcss/enforce-consistent-class-order:entry:0:0;report:0:0:designSystemUnavailable:better-tailwindcss/enforce-consistent-class-order could not build this project's Tailwind design system from entry:0:0, so it is reporting nothing rather than reporting a clean tree: fixture é😀 failure;report:0:0:designSystemUnavailable:better-tailwindcss/enforce-consistent-class-order could not build this project's Tailwind design system from entry:0:0, so it is reporting nothing rather than reporting a clean tree: fixture é😀 failure;describe:better-tailwindcss/enforce-consistent-class-order:entry:0:1;report:0:0:designSystemUnavailable:better-tailwindcss/enforce-consistent-class-order could not build this project's Tailwind design system from entry:0:1, so it is reporting nothing rather than reporting a clean tree: fixture é😀 failure;"; Go "decline:describe:better-tailwindcss/enforce-consistent-class-order:entry:0:0;report:0:0:designSystemUnavailable:better-tailwindcss/enforce-consistent-class-order could not build this project's Tailwind design system from entry:0:0, so it is reporting nothing rather than reporting a clean tree: fixture é😀 failure;describe:better-tailwindcss/enforce-consistent-class-order:entry:0:1;report:0:0:designSystemUnavailable:better-tailwindcss/enforce-consistent-class-order could not build this project's Tailwind design system from entry:0:1, so it is reporting nothing rather than reporting a clean tree: fixture é😀 failure;"
=== RUN   TestSlot02Batch12/decline_message_id
    slot02_batch12_test.go:230: compiled semantic mutant caught at line 15241: got "decline:describe:better-tailwindcss/enforce-consistent-class-order:entry:0:0;report:0:0:unavailable:better-tailwindcss/enforce-consistent-class-order could not build this project's Tailwind design system from entry:0:0, so it is reporting nothing rather than reporting a clean tree: fixture é😀 failure;describe:better-tailwindcss/enforce-consistent-class-order:entry:0:1;report:0:0:unavailable:better-tailwindcss/enforce-consistent-class-order could not build this project's Tailwind design system from entry:0:1, so it is reporting nothing rather than reporting a clean tree: fixture é😀 failure;"; Go "decline:describe:better-tailwindcss/enforce-consistent-class-order:entry:0:0;report:0:0:designSystemUnavailable:better-tailwindcss/enforce-consistent-class-order could not build this project's Tailwind design system from entry:0:0, so it is reporting nothing rather than reporting a clean tree: fixture é😀 failure;describe:better-tailwindcss/enforce-consistent-class-order:entry:0:1;report:0:0:designSystemUnavailable:better-tailwindcss/enforce-consistent-class-order could not build this project's Tailwind design system from entry:0:1, so it is reporting nothing rather than reporting a clean tree: fixture é😀 failure;"
=== RUN   TestSlot02Batch12/decline_context_identity
    slot02_batch12_test.go:230: compiled semantic mutant caught at line 15243: got "decline:describe:better-tailwindcss/enforce-canonical-classes:entry:1:0;report:0:1:designSystemUnavailable:better-tailwindcss/enforce-canonical-classes could not build this project's Tailwind design system from entry:1:0, so it is reporting nothing rather than reporting a clean tree: fixture é😀 failure;describe:better-tailwindcss/enforce-canonical-classes:entry:1:1;report:0:1:designSystemUnavailable:better-tailwindcss/enforce-canonical-classes could not build this project's Tailwind design system from entry:1:1, so it is reporting nothing rather than reporting a clean tree: fixture é😀 failure;"; Go "decline:describe:better-tailwindcss/enforce-canonical-classes:entry:1:0;report:1:1:designSystemUnavailable:better-tailwindcss/enforce-canonical-classes could not build this project's Tailwind design system from entry:1:0, so it is reporting nothing rather than reporting a clean tree: fixture é😀 failure;describe:better-tailwindcss/enforce-canonical-classes:entry:1:1;report:1:1:designSystemUnavailable:better-tailwindcss/enforce-canonical-classes could not build this project's Tailwind design system from entry:1:1, so it is reporting nothing rather than reporting a clean tree: fixture é😀 failure;"
=== RUN   TestSlot02Batch12/decline_node_identity
    slot02_batch12_test.go:230: compiled semantic mutant caught at line 15243: got "decline:describe:better-tailwindcss/enforce-canonical-classes:entry:1:0;report:1:0:designSystemUnavailable:better-tailwindcss/enforce-canonical-classes could not build this project's Tailwind design system from entry:1:0, so it is reporting nothing rather than reporting a clean tree: fixture é😀 failure;describe:better-tailwindcss/enforce-canonical-classes:entry:1:1;report:1:0:designSystemUnavailable:better-tailwindcss/enforce-canonical-classes could not build this project's Tailwind design system from entry:1:1, so it is reporting nothing rather than reporting a clean tree: fixture é😀 failure;"; Go "decline:describe:better-tailwindcss/enforce-canonical-classes:entry:1:0;report:1:1:designSystemUnavailable:better-tailwindcss/enforce-canonical-classes could not build this project's Tailwind design system from entry:1:0, so it is reporting nothing rather than reporting a clean tree: fixture é😀 failure;describe:better-tailwindcss/enforce-canonical-classes:entry:1:1;report:1:1:designSystemUnavailable:better-tailwindcss/enforce-canonical-classes could not build this project's Tailwind design system from entry:1:1, so it is reporting nothing rather than reporting a clean tree: fixture é😀 failure;"
=== RUN   TestSlot02Batch12/decline_system_identity
    slot02_batch12_test.go:230: compiled semantic mutant caught at line 15241: got "decline:describe:better-tailwindcss/enforce-consistent-class-order:entry:0:0;report:0:0:designSystemUnavailable:better-tailwindcss/enforce-consistent-class-order could not build this project's Tailwind design system from entry:0:0, so it is reporting nothing rather than reporting a clean tree: fixture é😀 failure;describe:better-tailwindcss/enforce-consistent-class-order:entry:0:0;report:0:0:designSystemUnavailable:better-tailwindcss/enforce-consistent-class-order could not build this project's Tailwind design system from entry:0:0, so it is reporting nothing rather than reporting a clean tree: fixture é😀 failure;"; Go "decline:describe:better-tailwindcss/enforce-consistent-class-order:entry:0:0;report:0:0:designSystemUnavailable:better-tailwindcss/enforce-consistent-class-order could not build this project's Tailwind design system from entry:0:0, so it is reporting nothing rather than reporting a clean tree: fixture é😀 failure;describe:better-tailwindcss/enforce-consistent-class-order:entry:0:1;report:0:0:designSystemUnavailable:better-tailwindcss/enforce-consistent-class-order could not build this project's Tailwind design system from entry:0:1, so it is reporting nothing rather than reporting a clean tree: fixture é😀 failure;"
--- FAIL: TestSlot02Batch12 (381.35s)
    --- PASS: TestSlot02Batch12/theme_miss_guard (11.01s)
    --- PASS: TestSlot02Batch12/theme_caller_inline (11.57s)
    --- PASS: TestSlot02Batch12/theme_entry_inline (12.78s)
    --- PASS: TestSlot02Batch12/theme_literal_empty_presence (13.43s)
    --- PASS: TestSlot02Batch12/theme_key_identity (11.65s)
    --- PASS: TestSlot02Batch12/theme_identity (11.72s)
    --- PASS: TestSlot02Batch12/theme_candidate_presence (12.17s)
    --- PASS: TestSlot02Batch12/theme_key_slice_identity (12.25s)
    --- PASS: TestSlot02Batch12/declaration_nil_guard (13.94s)
    --- PASS: TestSlot02Batch12/declaration_annotation (17.86s)
    --- PASS: TestSlot02Batch12/declaration_destructuring_order (15.46s)
    --- PASS: TestSlot02Batch12/declaration_destructuring_route (19.43s)
    --- FAIL: TestSlot02Batch12/declaration_uninitialized_write (15.84s)
    --- PASS: TestSlot02Batch12/declaration_initialized_order (37.80s)
    --- PASS: TestSlot02Batch12/declaration_write_identity (20.74s)
    --- PASS: TestSlot02Batch12/decline_repeated_guard (22.39s)
    --- PASS: TestSlot02Batch12/decline_guard_before_description (34.70s)
    --- PASS: TestSlot02Batch12/decline_message_id (15.87s)
    --- PASS: TestSlot02Batch12/decline_context_identity (13.18s)
    --- PASS: TestSlot02Batch12/decline_node_identity (17.35s)
    --- PASS: TestSlot02Batch12/decline_system_identity (15.62s)
FAIL
FAIL	github.com/system-inc/adamic/stage1/cohere/lint/helpers	381.374s
FAIL
