# ./stage1/cohere/lint/helpers/slot05
no Go files in /workspace/adamic/stage1/cohere/lint/helpers/slot05
FAIL	./stage1/cohere/lint/helpers/slot05 [setup failed]
=== RUN   TestHelpersMatchCohere
    helpers_test.go:101: 22412 oracle output lines matched Go, Node and sanitized native
--- PASS: TestHelpersMatchCohere (13.58s)
=== RUN   TestHelperMutants
=== RUN   TestHelperMutants/options_json.ts
    helpers_test.go:145: compiled semantic mutant caught at output line 15157: got "valid", Go "invalid"
=== RUN   TestHelperMutants/option_schema.ts
    helpers_test.go:145: compiled semantic mutant caught at output line 15166: got "valid", Go "invalid"
=== RUN   TestHelperMutants/policy_message.ts
    helpers_test.go:145: compiled semantic mutant caught at output line 22166: got "This throws a bare `{{constructor}}`, which names no declared failure. Raise it through the tier that declares it, `AccountModule.error(identifier, data, cause)`, `ApiWorker.error(...)` or `Base.error(...)`. A bare throw carries no identifier, so the board groups it by its message and one interpolated value mints one identity per value, and it normalizes to 500, so a refusal reads as our fault.", Go "This throws a bare `sentinel é😀`, which names no declared failure. Raise it through the tier that declares it, `AccountModule.error(identifier, data, cause)`, `ApiWorker.error(...)` or `Base.error(...)`. A bare throw carries no identifier, so the board groups it by its message and one interpolated value mints one identity per value, and it normalizes to 500, so a refusal reads as our fault."
=== RUN   TestHelperMutants/strict_options.ts
    helpers_test.go:145: compiled semantic mutant caught at output line 15178: got "valid", Go "invalid"
--- PASS: TestHelperMutants (28.21s)
    --- PASS: TestHelperMutants/options_json.ts (5.41s)
    --- PASS: TestHelperMutants/option_schema.ts (4.91s)
    --- PASS: TestHelperMutants/policy_message.ts (5.43s)
    --- PASS: TestHelperMutants/strict_options.ts (5.16s)
=== RUN   TestMessageRefusalsMatchGo
    helpers_test.go:237: 10 message refusal cases match Go on Node and sanitized native
--- PASS: TestMessageRefusalsMatchGo (6.22s)
=== RUN   TestKnownGapsAreExplicit
--- PASS: TestKnownGapsAreExplicit (1.33s)
=== RUN   TestSlot05Identifier
    slot05_test.go:63: 25 consumers, 3362 distinct test-file strings and controls, 285473 Go verdicts
    slot05_test.go:69: consumer test-file literal counts: {
          "react/no-arrow-function-lifecycle": 268,
          "react/no-children-prop": 148,
          "react/no-did-mount-set-state": 159,
          "react/no-did-update-set-state": 160,
          "react/no-direct-mutation-state": 160,
          "react/no-string-refs": 196,
          "react/no-this-in-sfc": 215,
          "react/no-typos": 711,
          "react/no-unused-class-component-methods": 380,
          "react/no-will-update-set-state": 164,
          "react/prefer-es6-class": 163,
          "react/prefer-stateless-function": 218,
          "react/require-optimization": 242,
          "react/require-render-return": 223,
          "react/state-in-constructor": 251,
          "react/void-dom-elements-no-children": 164,
          "structure/consistency-require-matching-file-name": 221,
          "structure/next-no-page-state": 67,
          "structure/react-component-no-destructuring": 93,
          "structure/react-component-no-display-name": 85,
          "structure/react-component-no-forward-ref": 75,
          "structure/react-component-no-separate-named-export": 105,
          "structure/react-component-require-properties-parameter": 73,
          "structure/react-hook-no-properties-in-dependencies": 59,
          "structure/react-hook-require-effect-comment": 89
        }
    slot05_test.go:118: react_identifier_named.a mutant caught at verdict 83935: mutant false, Go true
--- PASS: TestSlot05Identifier (65.40s)
=== RUN   TestSlot05Imports
    slot05_test.go:63: 15 consumers, 2319 distinct test-file strings and controls, 32689 Go verdicts
    slot05_test.go:69: consumer test-file literal counts: {
          "@next/next/inline-script-id": 109,
          "@next/next/no-location-assign-relative-destination": 226,
          "@next/next/no-unwanted-polyfillio": 133,
          "@typescript-eslint/no-import-type-side-effects": 80,
          "base/security-require-context-access": 192,
          "no-restricted-imports": 1266,
          "react-hooks/config": 90,
          "react-hooks/incompatible-library": 144,
          "react/no-deprecated": 323,
          "react/no-typos": 711,
          "structure/consistency-require-organized-imports": 371,
          "structure/import-require-react-namespace": 90,
          "structure/network-no-forbidden-import": 51,
          "structure/next-require-page-default-export": 103,
          "structure/react-component-no-forward-ref": 75
        }
    slot05_test.go:118: import_bindings.a mutant caught at verdict 1916: mutant -1:8:, Go -1:7:
--- PASS: TestSlot05Imports (18.18s)
=== RUN   TestSlot05ComponentBase
    slot05_test.go:63: 14 consumers, 2515 distinct test-file strings and controls, 44734 Go verdicts
    slot05_test.go:69: consumer test-file literal counts: {
          "react/no-arrow-function-lifecycle": 268,
          "react/no-did-mount-set-state": 159,
          "react/no-did-update-set-state": 160,
          "react/no-direct-mutation-state": 160,
          "react/no-string-refs": 196,
          "react/no-this-in-sfc": 215,
          "react/no-typos": 711,
          "react/no-unused-class-component-methods": 380,
          "react/no-will-update-set-state": 164,
          "react/prefer-stateless-function": 218,
          "react/require-optimization": 242,
          "react/state-in-constructor": 251,
          "structure/consistency-require-matching-file-name": 221,
          "structure/react-component-no-display-name": 85
        }
    slot05_test.go:118: react_component_base.a mutant caught at verdict 13826: mutant true, Go false
--- PASS: TestSlot05ComponentBase (25.10s)
PASS
ok  	github.com/system-inc/adamic/stage1/cohere/lint/helpers	158.029s
=== RUN   TestSlot05CalleeValues
    helper_test.go:45: 11 consumers, 1039 distinct strings and controls, 3117 parser/settings cases, 162 Go verdicts
    helper_test.go:55: consumer coverage: {
          "better-tailwindcss/enforce-canonical-classes": 259,
          "better-tailwindcss/enforce-consistent-class-order": 370,
          "better-tailwindcss/enforce-consistent-important-position": 103,
          "better-tailwindcss/enforce-consistent-variable-syntax": 104,
          "better-tailwindcss/enforce-consistent-variant-order": 110,
          "better-tailwindcss/enforce-shorthand-classes": 131,
          "better-tailwindcss/no-conflicting-classes": 247,
          "better-tailwindcss/no-deprecated-classes": 231,
          "better-tailwindcss/no-duplicate-classes": 337,
          "better-tailwindcss/no-unknown-classes": 239,
          "better-tailwindcss/no-unnecessary-whitespace": 323
        }
    helper_test.go:93: Go, Node and native agree on nil/wrong-kind refusal for callee
    helper_test.go:129: tailwind_callee_values.a mutant caught at verdict 22: mutant :, Go 0:
--- PASS: TestSlot05CalleeValues (39.68s)
=== RUN   TestSlot05CalleeArguments
    helper_test.go:45: 11 consumers, 1039 distinct strings and controls, 3117 parser/settings cases, 162 Go verdicts
    helper_test.go:55: consumer coverage: {
          "better-tailwindcss/enforce-canonical-classes": 259,
          "better-tailwindcss/enforce-consistent-class-order": 370,
          "better-tailwindcss/enforce-consistent-important-position": 103,
          "better-tailwindcss/enforce-consistent-variable-syntax": 104,
          "better-tailwindcss/enforce-consistent-variant-order": 110,
          "better-tailwindcss/enforce-shorthand-classes": 131,
          "better-tailwindcss/no-conflicting-classes": 247,
          "better-tailwindcss/no-deprecated-classes": 231,
          "better-tailwindcss/no-duplicate-classes": 337,
          "better-tailwindcss/no-unknown-classes": 239,
          "better-tailwindcss/no-unnecessary-whitespace": 323
        }
    helper_test.go:93: Go, Node and native agree on nil/wrong-kind refusal for callee
    helper_test.go:129: tailwind_callee_values.a mutant caught at verdict 37: mutant 0:, Go 0,1:
--- PASS: TestSlot05CalleeArguments (40.44s)
=== RUN   TestSlot05VariableValues
    helper_test.go:45: 11 consumers, 1039 distinct strings and controls, 3117 parser/settings cases, 1023 Go verdicts
    helper_test.go:55: consumer coverage: {
          "better-tailwindcss/enforce-canonical-classes": 259,
          "better-tailwindcss/enforce-consistent-class-order": 370,
          "better-tailwindcss/enforce-consistent-important-position": 103,
          "better-tailwindcss/enforce-consistent-variable-syntax": 104,
          "better-tailwindcss/enforce-consistent-variant-order": 110,
          "better-tailwindcss/enforce-shorthand-classes": 131,
          "better-tailwindcss/no-conflicting-classes": 247,
          "better-tailwindcss/no-deprecated-classes": 231,
          "better-tailwindcss/no-duplicate-classes": 337,
          "better-tailwindcss/no-unknown-classes": 239,
          "better-tailwindcss/no-unnecessary-whitespace": 323
        }
    helper_test.go:93: Go, Node and native agree on nil/wrong-kind refusal for variable
    helper_test.go:129: tailwind_variable_values.a mutant caught at verdict 22: mutant :, Go 0:
--- PASS: TestSlot05VariableValues (38.98s)
PASS
ok  	github.com/system-inc/adamic/stage1/cohere/lint/helpers/slot05/batch2	119.111s
=== RUN   TestSlot05MatchExactly
    helper_test.go:61: 7 consumers, 1188 distinct test-file literals, 2085 source/parsed/control texts, 12510 Go verdicts
    helper_test.go:71: consumer coverage: {
          "@next/next/no-css-tags": 37,
          "@next/next/no-html-link-for-pages": 383,
          "@next/next/no-page-custom-font": 135,
          "@next/next/no-styled-jsx-in-document": 67,
          "@next/next/no-sync-scripts": 26,
          "react/jsx-key": 487,
          "react/no-unknown-property": 491
        }
    helper_test.go:120: jsx_match_exactly.a mutant caught at verdict 15: mutant true, Go false
--- PASS: TestSlot05MatchExactly (6.86s)
=== RUN   TestSlot05NormalizedFileName
    helper_test.go:61: 7 consumers, 527 distinct test-file literals, 545 actual Go filenames/nil, 545 Go verdicts
    helper_test.go:71: consumer coverage: {
          "base/consistency-no-bare-throw": 207,
          "nexus/boundary-no-internal-import": 48,
          "nexus/boundary-no-nexus-outside-import": 53,
          "nexus/boundary-no-project-import": 33,
          "nexus/import-require-path-alias": 165,
          "nexus/localization-no-untranslated-value": 112,
          "structure/next-no-near-miss-route-export": 133
        }
    helper_test.go:120: imports_normalized_file_name.a mutant caught at verdict 125: mutant C:/src\pages\index.tsx, Go C:/src/pages/index.tsx
--- PASS: TestSlot05NormalizedFileName (4.33s)
=== RUN   TestSlot05IsHookName
    helper_test.go:61: 7 consumers, 498 distinct test-file literals, 910 source/parsed/control names, 1112064 Unicode scalars, 1112974 Go verdicts
    helper_test.go:71: consumer coverage: {
          "structure/consistency-require-matching-file-name": 221,
          "structure/import-require-react-namespace": 90,
          "structure/react-component-no-destructuring": 93,
          "structure/react-component-no-separate-named-export": 105,
          "structure/react-component-require-properties-parameter": 73,
          "structure/react-hook-no-destructuring": 76,
          "structure/react-hook-no-properties-in-dependencies": 59
        }
    helper_test.go:120: react_is_hook_name.a mutant caught at verdict 887: mutant false, Go true
--- PASS: TestSlot05IsHookName (8.87s)
PASS
ok  	github.com/system-inc/adamic/stage1/cohere/lint/helpers/slot05/batch3	20.071s
=== RUN   TestSlot05LiveKeys
    helper_test.go:49: 6 consumers, 639 distinct test-file literals, 13461 ordered state/stop/mutation cases, 26238 Go visits
    helper_test.go:59: consumer coverage: {
          "better-tailwindcss/enforce-canonical-classes": 259,
          "better-tailwindcss/enforce-consistent-class-order": 370,
          "better-tailwindcss/enforce-consistent-variant-order": 110,
          "better-tailwindcss/enforce-shorthand-classes": 131,
          "better-tailwindcss/no-conflicting-classes": 247,
          "better-tailwindcss/no-unknown-classes": 239
        }
    helper_test.go:133: theme_live_keys.a mutant caught at verdict 22: mutant 1, Go 3
--- PASS: TestSlot05LiveKeys (16.41s)
=== RUN   TestSlot05ThemeEntries
    helper_test.go:49: 6 consumers, 639 distinct test-file literals, 1923 state/prefix cases with fresh reads, 11520 Go entries
    helper_test.go:59: consumer coverage: {
          "better-tailwindcss/enforce-canonical-classes": 259,
          "better-tailwindcss/enforce-consistent-class-order": 370,
          "better-tailwindcss/enforce-consistent-variant-order": 110,
          "better-tailwindcss/enforce-shorthand-classes": 131,
          "better-tailwindcss/no-conflicting-classes": 247,
          "better-tailwindcss/no-unknown-classes": 239
        }
    helper_test.go:133: theme_entries.a mutant caught at verdict 10: mutant 0, Go 17
--- PASS: TestSlot05ThemeEntries (4.36s)
=== RUN   TestSlot05KeysInNamespaces
    helper_test.go:49: 6 consumers, 639 distinct test-file literals, 2556 theme/namespace cases, 12640 Go returned keys and a refusal
    helper_test.go:59: consumer coverage: {
          "better-tailwindcss/enforce-canonical-classes": 259,
          "better-tailwindcss/enforce-consistent-class-order": 370,
          "better-tailwindcss/enforce-consistent-variant-order": 110,
          "better-tailwindcss/enforce-shorthand-classes": 131,
          "better-tailwindcss/no-conflicting-classes": 247,
          "better-tailwindcss/no-unknown-classes": 239
        }
    helper_test.go:97: Go, Node source, emitted JavaScript and native agree on matched too-short-key refusal
    helper_test.go:133: theme_keys_in_namespaces.a mutant caught at verdict 1: mutant 9, Go 6
--- PASS: TestSlot05KeysInNamespaces (29.87s)
PASS
ok  	github.com/system-inc/adamic/stage1/cohere/lint/helpers/slot05/batch4	50.654s
=== RUN   TestSlot05ClearAll
    helper_test.go:64: 6 consumers, 639 distinct test-file literals, 1927 mutation cases, 7708 Go store/alias snapshots
    helper_test.go:74: consumer coverage: {
          "better-tailwindcss/enforce-canonical-classes": 259,
          "better-tailwindcss/enforce-consistent-class-order": 370,
          "better-tailwindcss/enforce-consistent-variant-order": 110,
          "better-tailwindcss/enforce-shorthand-classes": 131,
          "better-tailwindcss/no-conflicting-classes": 247,
          "better-tailwindcss/no-unknown-classes": 239
        }
    helper_test.go:131: theme_clear_all.a mutant "theme.deadKeys = 0" -> "theme.deadKeys = theme.deadKeys" caught at verdict 2: mutant -1, Go 0
    helper_test.go:131: theme_clear_all.a mutant "theme.values = new Map<string, ThemeValue>()" -> "theme.values = theme.values" caught at verdict 4: mutant 2, Go 0
    helper_test.go:131: theme_clear_all.a mutant "theme.keyOrder = []" -> "theme.keyOrder = theme.keyOrder" caught at verdict 3: mutant 6, Go 0
--- PASS: TestSlot05ClearAll (7.43s)
=== RUN   TestSlot05CompactKeyOrder
    helper_test.go:64: 6 consumers, 639 distinct test-file literals, 1927 mutation cases, 7708 Go store/alias snapshots
    helper_test.go:74: consumer coverage: {
          "better-tailwindcss/enforce-canonical-classes": 259,
          "better-tailwindcss/enforce-consistent-class-order": 370,
          "better-tailwindcss/enforce-consistent-variant-order": 110,
          "better-tailwindcss/enforce-shorthand-classes": 131,
          "better-tailwindcss/no-conflicting-classes": 247,
          "better-tailwindcss/no-unknown-classes": 239
        }
    helper_test.go:131: theme_compact_key_order.a mutant "theme.deadKeys <= theme.values.size" -> "theme.deadKeys < theme.values.size" caught at verdict 206: mutant 0, Go 2
    helper_test.go:131: theme_compact_key_order.a mutant "if(key === '')" -> "if(false)" caught at verdict 469: mutant 2, Go 0
    helper_test.go:131: theme_compact_key_order.a mutant "if(theme.values.has(key))" -> "if(true)" caught at verdict 275: mutant 4, Go 3
    helper_test.go:131: theme_compact_key_order.a mutant "theme.deadKeys = 0" -> "theme.deadKeys = theme.deadKeys" caught at verdict 274: mutant 3, Go 0
--- PASS: TestSlot05CompactKeyOrder (10.47s)
=== RUN   TestSlot05DeleteThemeKey
    helper_test.go:64: 6 consumers, 639 distinct test-file literals, 11562 mutation cases, 46248 Go store/alias snapshots
    helper_test.go:74: consumer coverage: {
          "better-tailwindcss/enforce-canonical-classes": 259,
          "better-tailwindcss/enforce-consistent-class-order": 370,
          "better-tailwindcss/enforce-consistent-variant-order": 110,
          "better-tailwindcss/enforce-shorthand-classes": 131,
          "better-tailwindcss/no-conflicting-classes": 247,
          "better-tailwindcss/no-unknown-classes": 239
        }
    helper_test.go:131: theme_delete.a mutant "theme.keyOrder[index] = ''" -> "theme.keyOrder[index] = key" caught at verdict 75: mutant --a, Go 
    helper_test.go:131: theme_delete.a mutant "if(!theme.values.has(key))" -> "if(false)" caught at verdict 2: mutant 0, Go -1
    helper_test.go:131: theme_delete.a mutant "theme.values.delete(key)" -> "theme.values.delete('--never-present')" caught at verdict 78: mutant 2, Go 1
    helper_test.go:131: theme_delete.a mutant "for(let index = theme.keyOrder.length - 1; index >= 0; index--)" -> "for(let index = 0; index < theme.keyOrder.length; index++)" caught at verdict 74: mutant , Go --a
    helper_test.go:131: theme_delete.a mutant "theme.deadKeys++" -> "theme.deadKeys = theme.deadKeys" caught at verdict 70: mutant -1, Go 0
    helper_test.go:131: theme_delete.a mutant "break;" -> "continue;" caught at verdict 74: mutant , Go --a
--- PASS: TestSlot05DeleteThemeKey (55.62s)
PASS
ok  	github.com/system-inc/adamic/stage1/cohere/lint/helpers/slot05/batch5	73.532s
=== RUN   TestSlot05NewTheme
    helper_test.go:61: 6 consumers, 639 distinct test-file literals, 640 cases, 2560 constructor snapshots
    helper_test.go:71: consumer coverage: {
          "better-tailwindcss/enforce-canonical-classes": 259,
          "better-tailwindcss/enforce-consistent-class-order": 370,
          "better-tailwindcss/enforce-consistent-variant-order": 110,
          "better-tailwindcss/enforce-shorthand-classes": 131,
          "better-tailwindcss/no-conflicting-classes": 247,
          "better-tailwindcss/no-unknown-classes": 239
        }
    helper_test.go:126: new_theme.a mutant "deadKeys: 0" -> "deadKeys: 1" caught at verdict 2: mutant "1", Go "0"
    helper_test.go:126: new_theme.a mutant "prefix: ''" -> "prefix: 'wrong'" caught at verdict 1: mutant "wrong", Go ""
    helper_test.go:126: new_theme.a mutant "export function newTheme(): MutableThemeState {\n    return {prefix: '', values: new Map<string, ThemeValue>(), keyOrder: [], deadKeys: 0};\n}\n" -> "const sharedValues = new Map<string, ThemeValue>();\nexport function newTheme(): MutableThemeState {\n    return {prefix: '', values: sharedValues, keyOrder: [], deadKeys: 0};\n}\n" caught at verdict 21: mutant "1", Go "0"
    helper_test.go:126: new_theme.a mutant "export function newTheme(): MutableThemeState {\n    return {prefix: '', values: new Map<string, ThemeValue>(), keyOrder: [], deadKeys: 0};\n}\n" -> "const sharedOrder: string[] = [];\nexport function newTheme(): MutableThemeState {\n    return {prefix: '', values: new Map<string, ThemeValue>(), keyOrder: sharedOrder, deadKeys: 0};\n}\n" caught at verdict 20: mutant "1", Go "0"
--- PASS: TestSlot05NewTheme (4.41s)
=== RUN   TestSlot05ResolveThemeKey
    helper_test.go:61: 6 consumers, 639 distinct test-file literals, 10330 cases, 0 constructor snapshots
    helper_test.go:71: consumer coverage: {
          "better-tailwindcss/enforce-canonical-classes": 259,
          "better-tailwindcss/enforce-consistent-class-order": 370,
          "better-tailwindcss/enforce-consistent-variant-order": 110,
          "better-tailwindcss/enforce-shorthand-classes": 131,
          "better-tailwindcss/no-conflicting-classes": 247,
          "better-tailwindcss/no-unknown-classes": 239
        }
    helper_test.go:126: theme_resolve_key.a mutant "if(candidateValuePresent)" -> "if(true)" caught at verdict 5: mutant "--first-seed.", Go "--first"
    helper_test.go:126: theme_resolve_key.a mutant "candidateValuePresent && candidateValue.includes('.')" -> "false" caught at verdict 21: mutant "--second-seed.", Go "--first-seed_"
    helper_test.go:126: theme_resolve_key.a mutant "if(isIgnoredThemeKey(key, namespace))" -> "if(false)" caught at verdict 20769: mutant "true", Go "false"
    helper_test.go:126: theme_resolve_key.a mutant "candidateValue.replaceAll('.', '_')" -> "candidateValue.replace('.', '_')" caught at verdict 21: mutant "--second-seed.", Go "--first-seed_"
    helper_test.go:126: theme_resolve_key.a mutant "for(const namespace of namespaces)" -> "for(const namespace of namespaces.slice().reverse())" caught at verdict 2: mutant "--second-seed.", Go "--first-seed."
    helper_test.go:126: theme_resolve_key.a mutant "if(!theme.values.has(key)) { continue; }" -> "if(false) { continue; }" caught at verdict 2: mutant "--missing-seed_", Go "--first-seed."
--- PASS: TestSlot05ResolveThemeKey (112.03s)
=== RUN   TestSlot05ResolveThemeValue
    helper_test.go:61: 6 consumers, 639 distinct test-file literals, 10330 cases, 0 constructor snapshots
    helper_test.go:71: consumer coverage: {
          "better-tailwindcss/enforce-canonical-classes": 259,
          "better-tailwindcss/enforce-consistent-class-order": 370,
          "better-tailwindcss/enforce-consistent-variant-order": 110,
          "better-tailwindcss/enforce-shorthand-classes": 131,
          "better-tailwindcss/no-conflicting-classes": 247,
          "better-tailwindcss/no-unknown-classes": 239
        }
    helper_test.go:126: theme_resolve_value.a mutant "value: stored.value" -> "value: result.key" caught at verdict 2: mutant "--first-seed.", Go ""
    helper_test.go:126: theme_resolve_value.a mutant "found: true" -> "found: stored.value !== ''" caught at verdict 9: mutant "false", Go "true"
--- PASS: TestSlot05ResolveThemeValue (47.54s)
PASS
ok  	github.com/system-inc/adamic/stage1/cohere/lint/helpers/slot05/batch6	163.993s
=== RUN   TestSlot05FunctionalRoots
    helper_test.go:53: 6 consumers, 639 distinct test-file literals, 1292 cases
    helper_test.go:63: consumer coverage: {
          "better-tailwindcss/enforce-canonical-classes": 259,
          "better-tailwindcss/enforce-consistent-class-order": 370,
          "better-tailwindcss/enforce-consistent-variant-order": 110,
          "better-tailwindcss/enforce-shorthand-classes": 131,
          "better-tailwindcss/no-conflicting-classes": 247,
          "better-tailwindcss/no-unknown-classes": 239
        }
    helper_test.go:118: table_add_repository_functional_roots.a mutant "if(!root.functional)" -> "if(false)" caught at verdict 24: mutant "true", Go "false"
    helper_test.go:118: table_add_repository_functional_roots.a mutant "perDeclaration: true" -> "perDeclaration: false" caught at verdict 6: mutant "false", Go "true"
    helper_test.go:118: table_add_repository_functional_roots.a mutant "if(!root.functional) { continue; }" -> "if(!root.functional || descriptors.has(root.name)) { continue; }" caught at verdict 2: mutant "true", Go "false"
    helper_test.go:118: table_add_repository_functional_roots.a mutant "if(!root.functional) { continue; }" -> "if(!root.functional || descriptors.get(root.name)?.perDeclaration === true) { continue; }" caught at verdict 26: mutant "true", Go "false"
--- PASS: TestSlot05FunctionalRoots (5.54s)
=== RUN   TestSlot05ThemeNamespaces
    helper_test.go:53: 6 consumers, 639 distinct test-file literals, 1292 cases
    helper_test.go:63: consumer coverage: {
          "better-tailwindcss/enforce-canonical-classes": 259,
          "better-tailwindcss/enforce-consistent-class-order": 370,
          "better-tailwindcss/enforce-consistent-variant-order": 110,
          "better-tailwindcss/enforce-shorthand-classes": 131,
          "better-tailwindcss/no-conflicting-classes": 247,
          "better-tailwindcss/no-unknown-classes": 239
        }
    helper_test.go:118: table_add_theme_namespaces.a mutant "return rightLength - leftLength" -> "return leftLength - rightLength" caught at verdict 2: mutant "--a", Go "--font-weight"
    helper_test.go:118: table_add_theme_namespaces.a mutant "if(keys.length === 0)" -> "if(false)" caught at verdict 1: mutant "12", Go "8"
    helper_test.go:118: table_add_theme_namespaces.a mutant "return difference;" -> "return -difference;" caught at verdict 12: mutant "--😀", Go "--aaaa"
    helper_test.go:118: table_add_theme_namespaces.a mutant "const leftLength = utf8Length(left); const rightLength = utf8Length(right);" -> "const leftLength = left.length; const rightLength = right.length;" caught at verdict 18: mutant "--a", Go "--é"
    helper_test.go:118: table_add_theme_namespaces.a mutant "const keysByNamespace = new Map<string, Map<string, boolean>>();" -> "const keysByNamespace = table.keysByNamespace;" caught at verdict 30: mutant "10", Go "1"
--- PASS: TestSlot05ThemeNamespaces (15.65s)
=== RUN   TestSlot05UtilityEvaluator
    helper_test.go:53: 6 consumers, 639 distinct test-file literals, 1292 cases
    helper_test.go:63: consumer coverage: {
          "better-tailwindcss/enforce-canonical-classes": 259,
          "better-tailwindcss/enforce-consistent-class-order": 370,
          "better-tailwindcss/enforce-consistent-variant-order": 110,
          "better-tailwindcss/enforce-shorthand-classes": 131,
          "better-tailwindcss/no-conflicting-classes": 247,
          "better-tailwindcss/no-unknown-classes": 239
        }
    helper_test.go:118: new_utility_evaluator.a mutant "normalize(definition);" -> "if(false) { normalize(definition); }" caught at verdict 1: mutant "--value(--spacing)", Go "--value(--spacing-*)"
    helper_test.go:118: new_utility_evaluator.a mutant "byName.set(definition.name, definition);" -> "if(!byName.has(definition.name)) { byName.set(definition.name, definition); }" caught at verdict 7: mutant "false", Go "true"
--- PASS: TestSlot05UtilityEvaluator (4.11s)
PASS
ok  	github.com/system-inc/adamic/stage1/cohere/lint/helpers/slot05/batch7	25.309s
=== RUN   TestSlot05Candidate
    helper_test.go:56: 6 consumers, 639 distinct literals, 13288 parser cases
    helper_test.go:66: consumer coverage: {
          "better-tailwindcss/enforce-canonical-classes": 259,
          "better-tailwindcss/enforce-consistent-class-order": 370,
          "better-tailwindcss/enforce-consistent-variant-order": 110,
          "better-tailwindcss/enforce-shorthand-classes": 131,
          "better-tailwindcss/no-conflicting-classes": 247,
          "better-tailwindcss/no-unknown-classes": 239
        }
    helper_test.go:121: parse_candidate.a mutant "important = true; base = base.slice(0, -1);" -> "important = false; base = base.slice(0, -1);" caught at verdict 18083: mutant "false", Go "true"
    helper_test.go:121: parse_candidate.a mutant "let important = false;" -> "variants.reverse(); let important = false;" caught at verdict 17524: mutant "&:hover", Go "&:focus"
    helper_test.go:121: parse_candidate.a mutant "fraction};" -> "fraction: ''};" caught at verdict 39: mutant "", Go "red-500/50"
--- PASS: TestSlot05Candidate (57.16s)
=== RUN   TestSlot05Variant
    helper_test.go:56: 6 consumers, 639 distinct literals, 15014 parser cases
    helper_test.go:66: consumer coverage: {
          "better-tailwindcss/enforce-canonical-classes": 259,
          "better-tailwindcss/enforce-consistent-class-order": 370,
          "better-tailwindcss/enforce-consistent-variant-order": 110,
          "better-tailwindcss/enforce-shorthand-classes": 131,
          "better-tailwindcss/no-conflicting-classes": 247,
          "better-tailwindcss/no-unknown-classes": 239
        }
    helper_test.go:121: parse_variant.a mutant "selector = '&:is(' + selector + ')';" -> "selector = selector;" caught at verdict 2522: mutant "--my-var:red", Go "&:is(--my-var:red)"
    helper_test.go:121: parse_variant.a mutant "relative, value: absentValue" -> "relative: false, value: absentValue" caught at verdict 2505: mutant "false", Go "true"
    helper_test.go:121: parse_variant.a mutant "if(subVariant === undefined || !dependencies.compounds(root, subVariant))" -> "if(subVariant === undefined || dependencies.compounds(root, subVariant))" caught at verdict 8721: mutant "false", Go "true"
--- PASS: TestSlot05Variant (35.05s)
=== RUN   TestSlot05Loader
    helper_test.go:56: 6 consumers, 639 distinct literals, 5755 loader cases
    helper_test.go:66: consumer coverage: {
          "better-tailwindcss/enforce-canonical-classes": 259,
          "better-tailwindcss/enforce-consistent-class-order": 370,
          "better-tailwindcss/enforce-consistent-variant-order": 110,
          "better-tailwindcss/enforce-shorthand-classes": 131,
          "better-tailwindcss/no-conflicting-classes": 247,
          "better-tailwindcss/no-unknown-classes": 239
        }
    helper_test.go:121: load_design_system.a mutant "if(!options.frameworkPresent)" -> "if(!options.frameworkPresent || options.framework.length === 0)" caught at verdict 128: mutant "framework", Go "register a static"
    helper_test.go:121: load_design_system.a mutant "if(utilityPresent) { utility = dependencies.newEvaluator" -> "if(false) { utility = dependencies.newEvaluator" caught at verdict 205: mutant "count", Go "evaluator"
    helper_test.go:121: load_design_system.a mutant "if(delta !== 0) { return delta; }" -> "if(delta !== 0) { return -delta; }" caught at verdict 8: mutant "register 😀 static", Go "register a static"
--- PASS: TestSlot05Loader (127.30s)
PASS
ok  	github.com/system-inc/adamic/stage1/cohere/lint/helpers/slot05/batch8	219.516s
=== RUN   TestSlot05ImportedNameOf
    helper_test.go:58: 4 consumers, 287 distinct test strings and controls, 4093 Go verdicts
    helper_test.go:68: consumer coverage: {
          "react-hooks/config": 90,
          "react-hooks/incompatible-library": 144,
          "structure/network-no-forbidden-import": 51,
          "structure/react-component-no-forward-ref": 75
        }
    helper_test.go:123: imported_name_of.a mutant "if(specifier.propertyName >= 0)" -> "if(false)" caught at verdict 1654: mutant "wrap", Go "forwardRef"
    helper_test.go:123: imported_name_of.a mutant "if(specifier.propertyName >= 0)" -> "if(specifier.propertyName >= 0 && (nodes[specifier.propertyName]?.text ?? '') !== '')" caught at verdict 1720: mutant "Empty", Go ""
--- PASS: TestSlot05ImportedNameOf (4.98s)
=== RUN   TestSlot05DecimalDigit
    helper_test.go:58: 4 consumers, 1165 strings and controls plus scalar sweep, 2253117 Go verdicts
    helper_test.go:68: consumer coverage: {
          "@next/next/no-html-link-for-pages": 383,
          "@typescript-eslint/no-empty-object-type": 65,
          "no-restricted-exports": 480,
          "no-restricted-imports": 1266
        }
    helper_test.go:123: regexp_is_decimal_digit.a mutant "byte <= 57" -> "byte < 57" caught at verdict 2504: mutant "false", Go "true"
    helper_test.go:123: regexp_is_decimal_digit.a mutant "index >= utf8Length(source)" -> "index >= source.length" caught at verdict 28909: mutant "false", Go "true"
--- PASS: TestSlot05DecimalDigit (12.14s)
=== RUN   TestSlot05CountGroups
    helper_test.go:58: 4 consumers, 1165 strings and controls plus scalar sweep, 1113229 Go verdicts
    helper_test.go:68: consumer coverage: {
          "@next/next/no-html-link-for-pages": 383,
          "@typescript-eslint/no-empty-object-type": 65,
          "no-restricted-exports": 480,
          "no-restricted-imports": 1266
        }
    helper_test.go:123: regexp_count_groups.a mutant "if(!inClass)" -> "if(true)" caught at verdict 727: mutant "2", Go "1"
    helper_test.go:123: regexp_count_groups.a mutant " && at(index + 3) !== 61 && at(index + 3) !== 33" -> "" caught at verdict 147: mutant "1", Go "0"
    helper_test.go:123: regexp_count_groups.a mutant "index += 1 + width(index + 1)" -> "index += 1" caught at verdict 5: mutant "1", Go "0"
    helper_test.go:123: regexp_count_groups.a mutant "index += 1 + width(index + 1)" -> "index += 2" caught at verdict 1027: mutant "0", Go "1"
--- PASS: TestSlot05CountGroups (35.50s)
PASS
ok  	github.com/system-inc/adamic/stage1/cohere/lint/helpers/slot05/batch9	52.640s
=== RUN   TestSlot05ControlEscape
    helper_test.go:56: 4 consumers, 1072 strings and controls, 123160 Go verdicts
    helper_test.go:66: consumer coverage: {
          "@next/next/no-html-link-for-pages": 383,
          "@typescript-eslint/no-empty-object-type": 65,
          "no-restricted-exports": 480,
          "no-restricted-imports": 1266
        }
    helper_test.go:119: decode_control_escape.a mutant "byte % 32" -> "byte % 31" caught at verdict 225: mutant "0:0:4:2:false", Go "0:0:2:2:false"
    helper_test.go:119: decode_control_escape.a mutant "!context.unicode && context.inClass" -> "!context.unicode" caught at verdict 4057: mutant "0:0:31:2:false", Go "0:0:92:0:false"
    helper_test.go:119: decode_control_escape.a mutant "if(context.unicode)" -> "if(false)" caught at verdict 5: mutant "0:0:92:0:false", Go "0:0:0:0:false"
    helper_test.go:119: decode_control_escape.a mutant "rune: 92, width: 0" -> "rune: 92, width: 1" caught at verdict 1: mutant "0:0:92:1:false", Go "0:0:92:0:false"
--- PASS: TestSlot05ControlEscape (68.01s)
=== RUN   TestSlot05NamedBackreference
    helper_test.go:56: 4 consumers, 16911 source suffixes and controls plus scalar sweep, 1128975 Go verdicts
    helper_test.go:66: consumer coverage: {
          "@next/next/no-html-link-for-pages": 383,
          "@typescript-eslint/no-empty-object-type": 65,
          "no-restricted-exports": 480,
          "no-restricted-imports": 1266
        }
    helper_test.go:119: named_backreference.a mutant "if(end < 0)" -> "if(end <= 0)" caught at verdict 8907: mutant "false:0", Go "true:4"
    helper_test.go:119: named_backreference.a mutant "utf8Length(text)" -> "text.length" caught at verdict 8920: mutant "true:5", Go "true:6"
    helper_test.go:119: named_backreference.a mutant "body.indexOf('>')" -> "body.lastIndexOf('>')" caught at verdict 8909: mutant "true:7", Go "true:5"
    helper_test.go:119: named_backreference.a mutant "if(!source.startsWith('\\\\k<'))" -> "if(false)" caught at verdict 133: mutant "true:41", Go "false:0"
--- PASS: TestSlot05NamedBackreference (31.64s)
=== RUN   TestSlot05NamedGroupOpener
    helper_test.go:56: 4 consumers, 16911 source suffixes and controls plus scalar sweep, 1128975 Go verdicts
    helper_test.go:66: consumer coverage: {
          "@next/next/no-html-link-for-pages": 383,
          "@typescript-eslint/no-empty-object-type": 65,
          "no-restricted-exports": 480,
          "no-restricted-imports": 1266
        }
    helper_test.go:119: named_group_opener.a mutant "if(end < 0)" -> "if(end <= 0)" caught at verdict 5277: mutant "false:0", Go "true:4"
    helper_test.go:119: named_group_opener.a mutant "utf8Length(text)" -> "text.length" caught at verdict 5292: mutant "true:5", Go "true:6"
    helper_test.go:119: named_group_opener.a mutant "body.indexOf('>')" -> "body.lastIndexOf('>')" caught at verdict 5281: mutant "true:7", Go "true:5"
    helper_test.go:119: named_group_opener.a mutant "body.startsWith('=') || body.startsWith('!')" -> "body.startsWith('=')" caught at verdict 5273: mutant "true:6", Go "false:0"
--- PASS: TestSlot05NamedGroupOpener (35.33s)
PASS
ok  	github.com/system-inc/adamic/stage1/cohere/lint/helpers/slot05/batch10	135.012s
=== RUN   TestSlot05ClassAtomWrite
    helper_test.go:81: 4 consumers, 911 captured strings, 34191 Go queries
    helper_test.go:91: consumer coverage: {
          "@next/next/no-html-link-for-pages": 383,
          "@typescript-eslint/no-empty-object-type": 65,
          "no-restricted-exports": 480,
          "no-restricted-imports": 1266
        }
    helper_test.go:144: class_atom_write.a mutant "atom.kind === 2" -> "atom.kind === 3" caught at verdict 5: mutant "\\u-80000000", Go ""
    helper_test.go:144: class_atom_write.a mutant "literalRune(atom.hi)" -> "literalRune(atom.lo)" caught at verdict 3: mutant "\\u-80000000-\\u-80000000", Go "\\u-80000000-\\u-001"
    helper_test.go:144: class_atom_write.a mutant " + '-' + " -> " + ':' + " caught at verdict 3: mutant "\\u-80000000:\\u-001", Go "\\u-80000000-\\u-001"
--- PASS: TestSlot05ClassAtomWrite (33.41s)
=== RUN   TestSlot05WordCharacters
    helper_test.go:81: 4 consumers, 911 captured strings, 16 Go queries
    helper_test.go:91: consumer coverage: {
          "@next/next/no-html-link-for-pages": 383,
          "@typescript-eslint/no-empty-object-type": 65,
          "no-restricted-exports": 480,
          "no-restricted-imports": 1266
        }
    helper_test.go:144: word_characters.a mutant "wordClassAtoms(options)" -> "wordClassAtoms({unicode: false, ignoreCase: false, multiline: false, dotAll: false})" caught at verdict 4: mutant "atoms:false:false:false:false;write:false:false:false:false:false:true;", Go "atoms:false:false:false:true;write:false:false:false:false:false:true;"
    helper_test.go:144: word_characters.a mutant "), false," -> "), true," caught at verdict 2: mutant "atoms:false:false:false:false;write:false:false:false:false:true:true;", Go "atoms:false:false:false:false;write:false:false:false:false:false:true;"
    helper_test.go:144: word_characters.a mutant "unicode: false, ignoreCase: false" -> "unicode: true, ignoreCase: false" caught at verdict 2: mutant "atoms:false:false:false:false;write:true:false:false:false:false:true;", Go "atoms:false:false:false:false;write:false:false:false:false:false:true;"
--- PASS: TestSlot05WordCharacters (2.81s)
=== RUN   TestSlot05ExpandsOnUppercase
    helper_test.go:81: 4 consumers, 911 captured strings, 1114242 Go queries
    helper_test.go:91: consumer coverage: {
          "@next/next/no-html-link-for-pages": 383,
          "@typescript-eslint/no-empty-object-type": 65,
          "no-restricted-exports": 480,
          "no-restricted-imports": 1266
        }
    helper_test.go:144: expands_on_uppercase.a mutant "rune <= 0x1f87" -> "rune < 0x1f87" caught at verdict 101: mutant "false", Go "true"
    helper_test.go:144: expands_on_uppercase.a mutant "rune === 0x1ff3" -> "rune === 0x1ff4" caught at verdict 122: mutant "false", Go "true"
--- PASS: TestSlot05ExpandsOnUppercase (5.53s)
PASS
ok  	github.com/system-inc/adamic/stage1/cohere/lint/helpers/slot05/batch11	41.771s
=== RUN   TestSlot05CaseTables
    helper_test.go:74: 4 consumers, 904 captured strings, 112 signed-rune controls, 1144 upper groups, 1482 fold groups, 8 Go queries
    helper_test.go:84: consumer coverage: {
          "@next/next/no-html-link-for-pages": 383,
          "@typescript-eslint/no-empty-object-type": 65,
          "no-restricted-exports": 480,
          "no-restricted-imports": 1266
        }
    helper_test.go:142: case_tables.a mutant "if(unicodeMode)" -> "if(!unicodeMode)" caught at output line 1 byte 0: mutant "fold:true:fold;", Go "upper:true:upper;"
    helper_test.go:142: case_tables.a mutant "return uppercaseTables();" -> "return foldTables();" caught at output line 1 byte 0: mutant "fold:true:fold;", Go "upper:true:upper;"
    helper_test.go:142: case_tables.a mutant "    if(unicodeMode)" -> "    uppercaseTables(); if(unicodeMode)" caught at output line 1 byte 17: mutant "upper:true:upper;upper;", Go "upper:true:upper;"
--- PASS: TestSlot05CaseTables (3.40s)
=== RUN   TestSlot05CaseEquivalents
    helper_test.go:74: 4 consumers, 904 captured strings, 112 signed-rune controls, 1144 upper groups, 1482 fold groups, 2228448 Go queries
    helper_test.go:84: consumer coverage: {
          "@next/next/no-html-link-for-pages": 383,
          "@typescript-eslint/no-empty-object-type": 65,
          "no-restricted-exports": 480,
          "no-restricted-imports": 1266
        }
    helper_test.go:142: case_equivalents.a mutant "tables(unicodeMode)" -> "tables(!unicodeMode)" caught at output line 1 byte 15: mutant "nil:true:false:fold;", Go "nil:true:false:upper;"
    helper_test.go:142: case_equivalents.a mutant ".get(rune)" -> ".get(rune + 1)" caught at output line 37 byte 0: mutant "65,97:false:true:upper;", Go "nil:true:false:upper;"
    helper_test.go:142: case_equivalents.a mutant "return group;" -> "if(group === undefined) { return undefined; } return group.slice();" caught at output line 38 byte 6: mutant "65,97:false:false:upper;", Go "65,97:true:true:upper;"
--- PASS: TestSlot05CaseEquivalents (23.36s)
=== RUN   TestSlot05CaseEquivalenceGroups
    helper_test.go:74: 4 consumers, 904 captured strings, 112 signed-rune controls, 1144 upper groups, 1482 fold groups, 8 Go queries
    helper_test.go:84: consumer coverage: {
          "@next/next/no-html-link-for-pages": 383,
          "@typescript-eslint/no-empty-object-type": 65,
          "no-restricted-exports": 480,
          "no-restricted-imports": 1266
        }
    helper_test.go:142: case_equivalence_groups.a mutant "tables(unicodeMode)" -> "tables(!unicodeMode)" caught at output line 1 byte 1: mutant "7920,7921;68778,68842;362,363;500,501;1184,1185;1348,1396;5101,43965;66933,66972;125188,125222;1033,1113;1258,1259;4282,", Go "7549,11363;317,318;1150,1151;1270,1271;7720,7721;42584,42585;7932,7933;356,357;42953,42954;524,525;4269,11533;4307,7315;"
    helper_test.go:142: case_equivalence_groups.a mutant ".groups;" -> ".groups.slice();" caught at output line 1 byte 11615: mutant "78,110;11499,11500;:false:upper;", Go "78,110;11499,11500;:true:upper;"
    helper_test.go:142: case_equivalence_groups.a mutant ".groups;" -> ".groups.slice(1);" caught at output line 1 byte 0: mutant "317,318;1150,1151;1270,1271;7720,7721;42584,42585;7932,7933;356,357;42953,42954;524,525;4269,11533;4307,7315;7690,7691;1", Go "7549,11363;317,318;1150,1151;1270,1271;7720,7721;42584,42585;7932,7933;356,357;42953,42954;524,525;4269,11533;4307,7315;"
--- PASS: TestSlot05CaseEquivalenceGroups (3.71s)
PASS
ok  	github.com/system-inc/adamic/stage1/cohere/lint/helpers/slot05/batch12	30.482s
=== RUN   TestSlot05Canonicalize
    helper_test.go:90: 4 consumers, 904 captured strings, 112 signed-rune controls, 2228448 Go queries
    helper_test.go:100: consumer coverage: {
          "@next/next/no-html-link-for-pages": 383,
          "@typescript-eslint/no-empty-object-type": 65,
          "no-restricted-exports": 480,
          "no-restricted-imports": 1266
        }
    helper_test.go:158: canonicalize.a mutant "if(unicodeMode)" -> "if(!unicodeMode)" caught at output line 1 byte 12: mutant "-2147483648:fold:-2147483648;", Go "-2147483648:expand:-2147483648;upper:-2147483648;"
    helper_test.go:158: canonicalize.a mutant "rune > 0xffff || " -> "" caught at output line 107 byte 6: mutant "66560:expand:66560;upper:66560;", Go "66560:"
    helper_test.go:158: canonicalize.a mutant " || expandsOnUppercase(rune)" -> "" caught at output line 1 byte 12: mutant "-2147483648:upper:-2147483648;", Go "-2147483648:expand:-2147483648;upper:-2147483648;"
    helper_test.go:158: canonicalize.a mutant "upper < 0x80" -> "upper < 0" caught at output line 96 byte 0: mutant "83:expand:383;upper:383;", Go "383:expand:383;upper:383;"
--- PASS: TestSlot05Canonicalize (26.73s)
=== RUN   TestSlot05CaseClass
    helper_test.go:90: 4 consumers, 904 captured strings, 112 signed-rune controls, 2228448 Go queries
    helper_test.go:100: consumer coverage: {
          "@next/next/no-html-link-for-pages": 383,
          "@typescript-eslint/no-empty-object-type": 65,
          "no-restricted-exports": 480,
          "no-restricted-imports": 1266
        }
    helper_test.go:158: case_class.a mutant "widened: false" -> "widened: true" caught at output line 1 byte 0: mutant "true::equivalents:-2147483648:false;", Go "false::equivalents:-2147483648:false;"
    helper_test.go:158: case_class.a mutant "let text = '['" -> "let text = ''" caught at output line 38 byte 5: mutant "true:Aa]:equivalents:65:false;escape:65;escape:97;", Go "true:[Aa]:equivalents:65:false;escape:65;escape:97;"
    helper_test.go:158: case_class.a mutant "for(const member of members)" -> "for(const member of members.slice(1))" caught at output line 38 byte 6: mutant "true:[a]:equivalents:65:false;escape:97;", Go "true:[Aa]:equivalents:65:false;escape:65;escape:97;"
--- PASS: TestSlot05CaseClass (27.26s)
=== RUN   TestSlot05WriteClass
    helper_test.go:90: 4 consumers, 904 captured strings, 112 signed-rune controls, 19968 Go queries
    helper_test.go:100: consumer coverage: {
          "@next/next/no-html-link-for-pages": 383,
          "@typescript-eslint/no-empty-object-type": 65,
          "no-restricted-exports": 480,
          "no-restricted-imports": 1266
        }
    helper_test.go:158: write_class.a mutant "'[\\\\s\\\\S]'" -> "'[]'" caught at output line 3 byte 1: mutant "[]", Go "[\\s\\S]"
    helper_test.go:158: write_class.a mutant "'(?!)'" -> "'[]'" caught at output line 1 byte 0: mutant "[]", Go "(?!)"
    helper_test.go:158: write_class.a mutant "if(options.ignoreCase)" -> "if(false)" caught at output line 73 byte 2: mutant "[A]", Go "[Aa]"
    helper_test.go:158: write_class.a mutant "negated ? '[^' : '['" -> "negated ? '[' : '['" caught at output line 67 byte 1: mutant "[A]", Go "[^A]"
    helper_test.go:158: write_class.a mutant "for(const atom of atoms)" -> "for(const atom of atoms.slice(1))" caught at output line 65 byte 1: mutant "[]", Go "[A]"
--- PASS: TestSlot05WriteClass (30.63s)
PASS
ok  	github.com/system-inc/adamic/stage1/cohere/lint/helpers/slot05/batch13	84.661s
FAIL
